loadtest summarization concurrency=2 requests=128
loadtest summarization concurrency=16 requests=128
loadtest summarization concurrency=64 requests=256
loadtest summarization concurrency=128 requests=512
loadtest summarization concurrency=256 requests=1024
loadtest summarization concurrency=512 requests=2048
{
  "workload": "summarization",
  "variant": "pd-dspark-e10-k7",
  "levels": [
    {
      "concurrency": 2,
      "requests": 128,
      "success_rate": 1.0,
      "warmup_failed": 0,
      "output_tokens_per_second": 427.0801343557262,
      "ttft_p50_ms": 168.3259895653464,
      "ttft_p95_ms": 238.53964458685365,
      "tpot_p50_ms": 3.7260927269790827,
      "tpot_p95_ms": 5.054723249871812,
      "e2e_p95_ms": 1555.2838963980316,
      "kv_cache_usage_mean": 0.012967245877677966,
      "kv_cache_usage_max": 0.017939260953803826,
      "kv_cache_tokens_peak": 6148,
      "kv_cache_size_tokens": 342693,
      "running_max": 2.0,
      "waiting_max": 1.0,
      "preemptions": 0.0,
      "mean_acceptance_length": 2.0993150684931505,
      "acceptance_rate": 0.15704500978473582
    },
    {
      "concurrency": 16,
      "requests": 128,
      "success_rate": 1.0,
      "warmup_failed": 0,
      "output_tokens_per_second": 1711.380653256852,
      "ttft_p50_ms": 382.8170869965106,
      "ttft_p95_ms": 1168.7116056506056,
      "tpot_p50_ms": 6.163780107908286,
      "tpot_p95_ms": 8.402498844604315,
      "e2e_p95_ms": 2710.926454619038,
      "kv_cache_usage_mean": 0.08844366664240803,
      "kv_cache_usage_max": 0.13665118233385465,
      "kv_cache_tokens_peak": 46829,
      "kv_cache_size_tokens": 342693,
      "running_max": 16.0,
      "waiting_max": 1.0,
      "preemptions": 0.0,
      "mean_acceptance_length": 2.1181335356600908,
      "acceptance_rate": 0.15973336223715587
    },
    {
      "concurrency": 64,
      "requests": 256,
      "success_rate": 1.0,
      "warmup_failed": 0,
      "output_tokens_per_second": 2364.571933373627,
      "ttft_p50_ms": 2492.0730059966445,
      "ttft_p95_ms": 5030.470679746941,
      "tpot_p50_ms": 13.442654724100468,
      "tpot_p95_ms": 19.605932174068872,
      "e2e_p95_ms": 8825.361459952546,
      "kv_cache_usage_mean": 0.25612054241851273,
      "kv_cache_usage_max": 0.4714804267139756,
      "kv_cache_tokens_peak": 161573,
      "kv_cache_size_tokens": 342693,
      "running_max": 62.0,
      "waiting_max": 6.0,
      "preemptions": 0.0,
      "mean_acceptance_length": 2.1153656594760584,
      "acceptance_rate": 0.15933795135372267
    },
    {
      "concurrency": 128,
      "requests": 512,
      "success_rate": 1.0,
      "warmup_failed": 0,
      "output_tokens_per_second": 2498.150014579048,
      "ttft_p50_ms": 6109.437883540522,
      "ttft_p95_ms": 9314.833289850503,
      "tpot_p50_ms": 16.07477173052539,
      "tpot_p95_ms": 24.05292382070482,
      "e2e_p95_ms": 13882.333632127848,
      "kv_cache_usage_mean": 0.33453135312130616,
      "kv_cache_usage_max": 0.5226020682088751,
      "kv_cache_tokens_peak": 179092,
      "kv_cache_size_tokens": 342693,
      "running_max": 63.0,
      "waiting_max": 5.0,
      "preemptions": 0.0,
      "mean_acceptance_length": 2.1141348030772766,
      "acceptance_rate": 0.1591621147253252
    },
    {
      "concurrency": 256,
      "requests": 1024,
      "success_rate": 1.0,
      "warmup_failed": 0,
      "output_tokens_per_second": 2564.3059469589552,
      "ttft_p50_ms": 14071.751329058316,
      "ttft_p95_ms": 18756.38133175089,
      "tpot_p50_ms": 26.12410490552174,
      "tpot_p95_ms": 44.97516101865039,
      "e2e_p95_ms": 26413.56414813199,
      "kv_cache_usage_mean": 0.5673523012338789,
      "kv_cache_usage_max": 0.8947279348257429,
      "kv_cache_tokens_peak": 306617,
      "kv_cache_size_tokens": 342693,
      "running_max": 109.0,
      "waiting_max": 6.0,
      "preemptions": 0.0,
      "mean_acceptance_length": 2.1095538247672003,
      "acceptance_rate": 0.1585076892524572
    },
    {
      "concurrency": 512,
      "requests": 2048,
      "success_rate": 0.99951171875,
      "warmup_failed": 0,
      "output_tokens_per_second": 2639.8258415719606,
      "ttft_p50_ms": 35330.25809098035,
      "ttft_p95_ms": 38416.56173148658,
      "tpot_p50_ms": 24.45527960267854,
      "tpot_p95_ms": 44.93681340584025,
      "e2e_p95_ms": 46204.776395321824,
      "kv_cache_usage_mean": 0.5645020214245987,
      "kv_cache_usage_max": 0.9106246644412801,
      "kv_cache_tokens_peak": 312065,
      "kv_cache_size_tokens": 342693,
      "running_max": 110.0,
      "waiting_max": 6.0,
      "preemptions": 0.0,
      "mean_acceptance_length": 2.1099108367626886,
      "acceptance_rate": 0.15855869096609837
    }
  ]
}
