{
  "requests": {
    "attempted": 128,
    "successful": 128,
    "failed": 0,
    "success_rate": 1.0,
    "requests_per_second": 0.8880218481356158
  },
  "tokens": {
    "prompt": 80604,
    "completion": 24316,
    "output_tokens_per_second": 168.69640046301276,
    "total_tokens_per_second": 727.9004086436626
  },
  "latency_ms": {
    "e2e": {
      "count": 128,
      "mean": 1125.9994465767704,
      "p50": 1492.5764830040862,
      "p95": 1534.9022873007925,
      "p99": 1551.6462749229686
    },
    "ttft": {
      "count": 128,
      "mean": 31.83354700718155,
      "p50": 33.21219149802346,
      "p95": 49.54280559686593,
      "p99": 61.20058065469496
    },
    "tpot": {
      "count": 128,
      "mean": 5.777464600313927,
      "p50": 5.771670753759639,
      "p95": 5.827172791338293,
      "p99": 5.845502198941997
    },
    "stream_event_gap": {
      "count": 24112,
      "mean": 5.791158873342424,
      "p50": 5.791461007902399,
      "p95": 5.978939794295002,
      "p99": 6.108051954943221
    }
  },
  "wall_seconds": 144.14059774400084,
  "speculative_decoding": {
    "enabled": false
  }
}
{
  "requests": {
    "attempted": 128,
    "successful": 128,
    "failed": 0,
    "success_rate": 1.0,
    "requests_per_second": 5.953814298566596
  },
  "tokens": {
    "prompt": 80604,
    "completion": 24339,
    "output_tokens_per_second": 1132.1084860375968,
    "total_tokens_per_second": 4881.33698386308
  },
  "latency_ms": {
    "e2e": {
      "count": 128,
      "mean": 1307.9105391955181,
      "p50": 1711.2942004969227,
      "p95": 1796.1506881467358,
      "p99": 1829.8027066962095
    },
    "ttft": {
      "count": 128,
      "mean": 46.00371007870763,
      "p50": 40.87487200013129,
      "p95": 127.0110157012819,
      "p99": 143.93483691193978
    },
    "tpot": {
      "count": 128,
      "mean": 6.666195614107318,
      "p50": 6.693799107839975,
      "p95": 7.086941151121648,
      "p99": 7.998470087567794
    },
    "stream_event_gap": {
      "count": 24127,
      "mean": 6.676052558916811,
      "p50": 6.178424999234267,
      "p95": 7.2813234000932425,
      "p99": 25.731772141589325
    }
  },
  "wall_seconds": 21.49882303699269,
  "speculative_decoding": {
    "enabled": false
  }
}
{
  "requests": {
    "attempted": 128,
    "successful": 128,
    "failed": 0,
    "success_rate": 1.0,
    "requests_per_second": 0.8377188155261456
  },
  "tokens": {
    "prompt": 64445,
    "completion": 25837,
    "output_tokens_per_second": 169.09485184960175,
    "total_tokens_per_second": 590.8666414322771
  },
  "latency_ms": {
    "e2e": {
      "count": 128,
      "mean": 1193.621328477093,
      "p50": 897.7208209980745,
      "p95": 2934.4084461008597,
      "p99": 3003.0114692756615
    },
    "ttft": {
      "count": 128,
      "mean": 30.526852797038373,
      "p50": 26.601589008350857,
      "p95": 41.85773034696466,
      "p99": 47.22197508192039
    },
    "tpot": {
      "count": 128,
      "mean": 5.7850024467847945,
      "p50": 5.78444308512773,
      "p95": 5.804361615769064,
      "p99": 5.815639461845294
    },
    "stream_event_gap": {
      "count": 25587,
      "mean": 5.785966540788214,
      "p50": 5.792965996079147,
      "p95": 5.999070999678224,
      "p99": 6.100831478543114
    }
  },
  "wall_seconds": 152.79589956399286,
  "speculative_decoding": {
    "enabled": false
  }
}
{
  "requests": {
    "attempted": 128,
    "successful": 128,
    "failed": 0,
    "success_rate": 1.0,
    "requests_per_second": 5.484132898152227
  },
  "tokens": {
    "prompt": 64445,
    "completion": 25881,
    "output_tokens_per_second": 1108.8659651334203,
    "total_tokens_per_second": 3869.9983449882666
  },
  "latency_ms": {
    "e2e": {
      "count": 128,
      "mean": 1348.5110853437163,
      "p50": 1039.7195359983016,
      "p95": 3186.8843553987963,
      "p99": 3405.3381974133663
    },
    "ttft": {
      "count": 128,
      "mean": 41.224478735330194,
      "p50": 35.76767849881435,
      "p95": 113.42552785208618,
      "p99": 140.61965761720785
    },
    "tpot": {
      "count": 128,
      "mean": 6.503722194881956,
      "p50": 6.505231267226746,
      "p95": 6.903477737334596,
      "p99": 7.017833932030076
    },
    "stream_event_gap": {
      "count": 25631,
      "mean": 6.495133002726095,
      "p50": 6.125241998233832,
      "p95": 6.787061000068206,
      "p99": 26.29006179777207
    }
  },
  "wall_seconds": 23.340061661001528,
  "speculative_decoding": {
    "enabled": false
  }
}
{
  "requests": {
    "attempted": 128,
    "successful": 128,
    "failed": 0,
    "success_rate": 1.0,
    "requests_per_second": 0.7326675564107128
  },
  "tokens": {
    "prompt": 350987,
    "completion": 27881,
    "output_tokens_per_second": 159.58987609599285,
    "total_tokens_per_second": 2168.6272793922963
  },
  "latency_ms": {
    "e2e": {
      "count": 128,
      "mean": 1364.775309991387,
      "p50": 1305.7914574965253,
      "p95": 1997.7932529043753,
      "p99": 3063.221010782727
    },
    "ttft": {
      "count": 128,
      "mean": 93.48600869520851,
      "p50": 87.97804450296098,
      "p95": 130.73610658830148,
      "p99": 138.9138468557212
    },
    "tpot": {
      "count": 128,
      "mean": 5.865615658586253,
      "p50": 5.861646572253866,
      "p95": 5.904751257965044,
      "p99": 5.914977127165891
    },
    "stream_event_gap": {
      "count": 27626,
      "mean": 5.857618999162539,
      "p50": 5.8654110034694895,
      "p95": 6.11164300062228,
      "p99": 6.436105006287107
    }
  },
  "wall_seconds": 174.70406445600383,
  "speculative_decoding": {
    "enabled": false
  }
}
{
  "requests": {
    "attempted": 128,
    "successful": 128,
    "failed": 0,
    "success_rate": 1.0,
    "requests_per_second": 3.7014306607034384
  },
  "tokens": {
    "prompt": 350987,
    "completion": 27283,
    "output_tokens_per_second": 788.9541618435305,
    "total_tokens_per_second": 10938.595125189762
  },
  "latency_ms": {
    "e2e": {
      "count": 128,
      "mean": 2080.483410054512,
      "p50": 2057.4300044972915,
      "p95": 2863.5621012515912,
      "p99": 3559.702739785427
    },
    "ttft": {
      "count": 128,
      "mean": 133.65326089103746,
      "p50": 106.12258049513912,
      "p95": 294.97853469583697,
      "p99": 581.2886623783561
    },
    "tpot": {
      "count": 128,
      "mean": 9.339395378273444,
      "p50": 9.185996447842005,
      "p95": 10.980956146160999,
      "p99": 11.573265019775187
    },
    "stream_event_gap": {
      "count": 27027,
      "mean": 9.16373987919039,
      "p50": 6.973694995394908,
      "p95": 26.297651899221812,
      "p99": 69.47674061841083
    }
  },
  "wall_seconds": 34.58122324400756,
  "speculative_decoding": {
    "enabled": false
  }
}
