{
  "requests": {
    "attempted": 128,
    "successful": 128,
    "failed": 0,
    "success_rate": 1.0,
    "requests_per_second": 0.9862668110217071
  },
  "tokens": {
    "prompt": 80604,
    "completion": 24271,
    "output_tokens_per_second": 187.0131388305301,
    "total_tokens_per_second": 808.0838422336058
  },
  "latency_ms": {
    "e2e": {
      "count": 128,
      "mean": 1013.8390673442927,
      "p50": 1247.4550189945148,
      "p95": 1534.7430368463392,
      "p99": 1633.4197223806407
    },
    "ttft": {
      "count": 128,
      "mean": 38.101272493008764,
      "p50": 39.53830099635525,
      "p95": 57.64275789624662,
      "p99": 64.13770137602117
    },
    "tpot": {
      "count": 128,
      "mean": 5.118164981150184,
      "p50": 5.058859035728182,
      "p95": 6.209771831202613,
      "p99": 6.58157847949485
    },
    "stream_event_gap": {
      "count": 16449,
      "mean": 7.57698039934832,
      "p50": 7.597964009619318,
      "p95": 7.829589198809117,
      "p99": 8.04166667861864
    }
  },
  "wall_seconds": 129.7823251979862,
  "speculative_decoding": {
    "enabled": true,
    "drafts": 16491.0,
    "draft_tokens": 49473.0,
    "accepted_tokens": 7752.0,
    "acceptance_rate": 0.15669152871263115,
    "mean_acceptance_length": 1.4700745861378934,
    "acceptance_rate_per_position": {
      "0": 0.3400642774846886,
      "1": 0.10248014068279668,
      "2": 0.027530167970408102
    }
  }
}
{
  "requests": {
    "attempted": 128,
    "successful": 128,
    "failed": 0,
    "success_rate": 1.0,
    "requests_per_second": 6.5918051003239375
  },
  "tokens": {
    "prompt": 80604,
    "completion": 24384,
    "output_tokens_per_second": 1255.73887161171,
    "total_tokens_per_second": 5406.722139631324
  },
  "latency_ms": {
    "e2e": {
      "count": 128,
      "mean": 1178.2424958583988,
      "p50": 1451.780855000834,
      "p95": 1763.6179685418028,
      "p99": 1948.9870218887518
    },
    "ttft": {
      "count": 128,
      "mean": 50.731514242102094,
      "p50": 44.53777000162518,
      "p95": 127.87150085787243,
      "p99": 147.402077629813
    },
    "tpot": {
      "count": 128,
      "mean": 5.907530000275812,
      "p50": 5.893099807178899,
      "p95": 7.510277268270189,
      "p99": 8.211673252197217
    },
    "stream_event_gap": {
      "count": 16434,
      "mean": 8.764164510653302,
      "p50": 7.99044749874156,
      "p95": 17.148149797867518,
      "p99": 31.190518935763976
    }
  },
  "wall_seconds": 19.418049843996414,
  "speculative_decoding": {
    "enabled": true,
    "drafts": 16479.0,
    "draft_tokens": 49437.0,
    "accepted_tokens": 7864.0,
    "acceptance_rate": 0.15907114104820277,
    "mean_acceptance_length": 1.4772134231446084,
    "acceptance_rate_per_position": {
      "0": 0.3458947751683961,
      "1": 0.1034043327871837,
      "2": 0.02791431518902846
    }
  }
}
{
  "requests": {
    "attempted": 128,
    "successful": 128,
    "failed": 0,
    "success_rate": 1.0,
    "requests_per_second": 1.6492693235235916
  },
  "tokens": {
    "prompt": 64445,
    "completion": 25704,
    "output_tokens_per_second": 331.1938960300812,
    "total_tokens_per_second": 1161.5623456744395
  },
  "latency_ms": {
    "e2e": {
      "count": 128,
      "mean": 606.2796973977811,
      "p50": 484.1087535023689,
      "p95": 1410.188934254984,
      "p99": 1508.0233823460005
    },
    "ttft": {
      "count": 128,
      "mean": 34.50595786705435,
      "p50": 31.589956000971142,
      "p95": 45.75308495404896,
      "p99": 50.65223527373746
    },
    "tpot": {
      "count": 128,
      "mean": 2.8027598348635623,
      "p50": 2.747243212566108,
      "p95": 3.6005662712880304,
      "p99": 3.9765317170519077
    },
    "stream_event_gap": {
      "count": 9663,
      "mean": 7.547117378860022,
      "p50": 7.603723992360756,
      "p95": 7.779292402847204,
      "p99": 7.992829462164082
    }
  },
  "wall_seconds": 77.6101259959978,
  "speculative_decoding": {
    "enabled": true,
    "drafts": 9689.0,
    "draft_tokens": 29067.0,
    "accepted_tokens": 16048.0,
    "acceptance_rate": 0.5521037602779785,
    "mean_acceptance_length": 2.6563112808339353,
    "acceptance_rate_per_position": {
      "0": 0.7378470430384972,
      "1": 0.5279182578181443,
      "2": 0.39054597997729384
    }
  }
}
{
  "requests": {
    "attempted": 128,
    "successful": 128,
    "failed": 0,
    "success_rate": 1.0,
    "requests_per_second": 10.360162275009792
  },
  "tokens": {
    "prompt": 64445,
    "completion": 25616,
    "output_tokens_per_second": 2073.3274752863344,
    "total_tokens_per_second": 7289.4263644504435
  },
  "latency_ms": {
    "e2e": {
      "count": 128,
      "mean": 721.3409321175277,
      "p50": 581.2454330007313,
      "p95": 1656.452427450131,
      "p99": 1837.8786506068718
    },
    "ttft": {
      "count": 128,
      "mean": 44.883232554411734,
      "p50": 40.4300755035365,
      "p95": 110.67609224992292,
      "p99": 131.0722799829091
    },
    "tpot": {
      "count": 128,
      "mean": 3.370001597134374,
      "p50": 3.3068851592214523,
      "p95": 4.326522437462638,
      "p99": 4.759188683441816
    },
    "stream_event_gap": {
      "count": 9606,
      "mean": 8.985242272741177,
      "p50": 7.981778493558522,
      "p95": 18.10348900835379,
      "p99": 30.407037848635813
    }
  },
  "wall_seconds": 12.35501883100369,
  "speculative_decoding": {
    "enabled": true,
    "drafts": 9630.0,
    "draft_tokens": 28890.0,
    "accepted_tokens": 16021.0,
    "acceptance_rate": 0.554551748009692,
    "mean_acceptance_length": 2.6636552440290755,
    "acceptance_rate_per_position": {
      "0": 0.7399792315680166,
      "1": 0.5307372793354102,
      "2": 0.39293873312564903
    }
  }
}
{
  "requests": {
    "attempted": 128,
    "successful": 128,
    "failed": 0,
    "success_rate": 1.0,
    "requests_per_second": 0.8686114742859701
  },
  "tokens": {
    "prompt": 350987,
    "completion": 27465,
    "output_tokens_per_second": 186.3782354786263,
    "total_tokens_per_second": 2568.1855442693277
  },
  "latency_ms": {
    "e2e": {
      "count": 128,
      "mean": 1151.17824413187,
      "p50": 1079.4937494938495,
      "p95": 1779.5789333984421,
      "p99": 2599.846672700661
    },
    "ttft": {
      "count": 128,
      "mean": 88.480522187524,
      "p50": 85.31962499546353,
      "p95": 125.37379990171758,
      "p99": 130.83040294179227
    },
    "tpot": {
      "count": 128,
      "mean": 4.956598634396493,
      "p50": 4.937883962881499,
      "p95": 5.6917928474080615,
      "p99": 6.044204379512733
    },
    "stream_event_gap": {
      "count": 17632,
      "mean": 7.699864542814175,
      "p50": 7.670655497349799,
      "p95": 7.928178497240879,
      "p99": 8.418094869703054
    }
  },
  "wall_seconds": 147.3616269060003,
  "speculative_decoding": {
    "enabled": true,
    "drafts": 17658.0,
    "draft_tokens": 52974.0,
    "accepted_tokens": 9821.0,
    "acceptance_rate": 0.18539283422056102,
    "mean_acceptance_length": 1.556178502661683,
    "acceptance_rate_per_position": {
      "0": 0.38475478536640617,
      "1": 0.13551931136028994,
      "2": 0.03590440593498698
    }
  }
}
{
  "requests": {
    "attempted": 128,
    "successful": 128,
    "failed": 0,
    "success_rate": 1.0,
    "requests_per_second": 4.0988456959600565
  },
  "tokens": {
    "prompt": 350987,
    "completion": 27535,
    "output_tokens_per_second": 881.7321581114074,
    "total_tokens_per_second": 12121.119300985878
  },
  "latency_ms": {
    "e2e": {
      "count": 128,
      "mean": 1864.3393514294075,
      "p50": 1792.0845599946915,
      "p95": 2769.513016156997,
      "p99": 3268.9672933213305
    },
    "ttft": {
      "count": 128,
      "mean": 142.37218825746822,
      "p50": 108.23564500606153,
      "p95": 325.15393699359265,
      "p99": 580.3234532765055
    },
    "tpot": {
      "count": 128,
      "mean": 8.18187145449827,
      "p50": 8.228751042472435,
      "p95": 9.952931572772158,
      "p99": 11.437847301189972
    },
    "stream_event_gap": {
      "count": 17632,
      "mean": 12.476765587398603,
      "p50": 8.942428001319058,
      "p95": 30.5753477907274,
      "p99": 74.4264541240409
    }
  },
  "wall_seconds": 31.228304136006045,
  "speculative_decoding": {
    "enabled": true,
    "drafts": 17660.0,
    "draft_tokens": 52980.0,
    "accepted_tokens": 9907.0,
    "acceptance_rate": 0.18699509248773122,
    "mean_acceptance_length": 1.5609852774631938,
    "acceptance_rate_per_position": {
      "0": 0.38935447338618345,
      "1": 0.13482446206115514,
      "2": 0.03680634201585504
    }
  }
}
