{
  "requests": {
    "attempted": 64,
    "successful": 64,
    "failed": 0,
    "success_rate": 1.0,
    "requests_per_second": 14.773992249589705
  },
  "tokens": {
    "prompt": 8953,
    "completion": 18641,
    "output_tokens_per_second": 4303.156086321902,
    "total_tokens_per_second": 6369.899095862162
  },
  "latency_ms": {
    "e2e": {
      "count": 64,
      "mean": 512.1221378703922,
      "p50": 554.9204030248802,
      "p95": 713.8171707221773,
      "p99": 748.3115596260175
    },
    "ttft": {
      "count": 64,
      "mean": 37.737882358669594,
      "p50": 34.64721096679568,
      "p95": 61.48861491819844,
      "p99": 62.098045470775105
    },
    "tpot": {
      "count": 64,
      "mean": 1.6318529010194835,
      "p50": 1.589727303008313,
      "p95": 1.9664562931361935,
      "p99": 2.012377785262532
    },
    "stream_event_gap": {
      "count": 3503,
      "mean": 8.633042546706989,
      "p50": 8.009603014215827,
      "p95": 18.21366918738931,
      "p99": 27.96371261589229
    }
  },
  "wall_seconds": 4.33193675201619,
  "speculative_decoding": {
    "enabled": true,
    "drafts": 3515.0,
    "draft_tokens": 17575.0,
    "accepted_tokens": 15167.0,
    "acceptance_rate": 0.8629871977240399,
    "mean_acceptance_length": 5.314935988620199,
    "acceptance_rate_per_position": {
      "0": 0.9598862019914651,
      "1": 0.9132290184921764,
      "2": 0.8611664295874822,
      "3": 0.8133712660028449,
      "4": 0.7672830725462304
    }
  },
  "warmup": {
    "requests": 8,
    "failed": 0
  }
}
