loadtest summarization concurrency=1 requests=128
loadtest summarization concurrency=8 requests=128
loadtest summarization concurrency=32 requests=128
loadtest summarization concurrency=64 requests=256
loadtest summarization concurrency=128 requests=512
loadtest summarization concurrency=256 requests=1024
{
  "workload": "summarization",
  "variant": "dspark-e10-k5",
  "levels": [
    {
      "concurrency": 1,
      "requests": 128,
      "success_rate": 1.0,
      "warmup_failed": 0,
      "output_tokens_per_second": 243.78591794171493,
      "ttft_p50_ms": 83.1241634732578,
      "ttft_p95_ms": 124.15784909680951,
      "tpot_p50_ms": 3.671811379632751,
      "tpot_p95_ms": 4.8775240105344535,
      "e2e_p95_ms": 1401.241031108657,
      "kv_cache_usage_mean": 0.006757546310546609,
      "kv_cache_usage_max": 0.011290633150699336,
      "kv_cache_tokens_peak": 3870,
      "kv_cache_size_tokens": 342743,
      "running_max": 1.0,
      "waiting_max": 0.0,
      "preemptions": 0.0,
      "mean_acceptance_length": 2.1015535317976584,
      "acceptance_rate": 0.22031070635953165
    },
    {
      "concurrency": 8,
      "requests": 128,
      "success_rate": 1.0,
      "warmup_failed": 0,
      "output_tokens_per_second": 1054.149260265438,
      "ttft_p50_ms": 111.63148350897245,
      "ttft_p95_ms": 447.27610925037675,
      "tpot_p50_ms": 6.870969254208129,
      "tpot_p95_ms": 8.39529065902909,
      "e2e_p95_ms": 2227.629908756353,
      "kv_cache_usage_mean": 0.05752881681076756,
      "kv_cache_usage_max": 0.07656041218104692,
      "kv_cache_tokens_peak": 26241,
      "kv_cache_size_tokens": 342743,
      "running_max": 8.0,
      "waiting_max": 0.0,
      "preemptions": 0.0,
      "mean_acceptance_length": 2.0995558278449993,
      "acceptance_rate": 0.21991116556899984
    },
    {
      "concurrency": 32,
      "requests": 128,
      "success_rate": 1.0,
      "warmup_failed": 0,
      "output_tokens_per_second": 1586.3338969809647,
      "ttft_p50_ms": 251.72104948433116,
      "ttft_p95_ms": 2505.783378690827,
      "tpot_p50_ms": 17.186956252898067,
      "tpot_p95_ms": 23.75502794171097,
      "e2e_p95_ms": 6253.874553157944,
      "kv_cache_usage_mean": 0.2118648573127191,
      "kv_cache_usage_max": 0.2760340994626008,
      "kv_cache_tokens_peak": 94609,
      "kv_cache_size_tokens": 342743,
      "running_max": 32.0,
      "waiting_max": 15.0,
      "preemptions": 0.0,
      "mean_acceptance_length": 2.103210661820385,
      "acceptance_rate": 0.22064213236407693
    },
    {
      "concurrency": 64,
      "requests": 256,
      "success_rate": 1.0,
      "warmup_failed": 0,
      "output_tokens_per_second": 1718.4404785008692,
      "ttft_p50_ms": 370.31802648562007,
      "ttft_p95_ms": 4873.463671989157,
      "tpot_p50_ms": 32.157004887765964,
      "tpot_p95_ms": 45.360949624382286,
      "e2e_p95_ms": 12791.249170491938,
      "kv_cache_usage_mean": 0.43550116407303024,
      "kv_cache_usage_max": 0.54267976030015,
      "kv_cache_tokens_peak": 186000,
      "kv_cache_size_tokens": 342743,
      "running_max": 64.0,
      "waiting_max": 48.0,
      "preemptions": 0.0,
      "mean_acceptance_length": 2.089686440355088,
      "acceptance_rate": 0.21793728807101764
    },
    {
      "concurrency": 128,
      "requests": 512,
      "success_rate": 1.0,
      "warmup_failed": 0,
      "output_tokens_per_second": 1774.3218315881995,
      "ttft_p50_ms": 892.6235625112895,
      "ttft_p95_ms": 8906.095671007643,
      "tpot_p50_ms": 60.33987492565956,
      "tpot_p95_ms": 92.98318575226384,
      "e2e_p95_ms": 28590.04148994281,
      "kv_cache_usage_mean": 0.8690157620890335,
      "kv_cache_usage_max": 0.9999533203797387,
      "kv_cache_tokens_peak": 342727,
      "kv_cache_size_tokens": 342743,
      "running_max": 128.0,
      "waiting_max": 103.0,
      "preemptions": 8.0,
      "mean_acceptance_length": 2.09634532483882,
      "acceptance_rate": 0.21926906496776408
    },
    {
      "concurrency": 256,
      "requests": 1024,
      "success_rate": 1.0,
      "warmup_failed": 0,
      "output_tokens_per_second": 1777.2190441596213,
      "ttft_p50_ms": 16008.433471462922,
      "ttft_p95_ms": 22229.544136149343,
      "tpot_p50_ms": 64.70208708387636,
      "tpot_p95_ms": 92.13551262259317,
      "e2e_p95_ms": 42509.41979080379,
      "kv_cache_usage_mean": 0.9270004617141472,
      "kv_cache_usage_max": 0.999947485427206,
      "kv_cache_tokens_peak": 342725,
      "kv_cache_size_tokens": 342743,
      "running_max": 129.0,
      "waiting_max": 229.0,
      "preemptions": 21.0,
      "mean_acceptance_length": 2.0941526263627352,
      "acceptance_rate": 0.21883052527254707
    }
  ]
}
