{
  "requests": {
    "attempted": 64,
    "successful": 64,
    "failed": 0,
    "success_rate": 1.0,
    "requests_per_second": 4.210685533718685
  },
  "tokens": {
    "prompt": 8953,
    "completion": 18637,
    "output_tokens_per_second": 1226.1647858111742,
    "total_tokens_per_second": 1815.2002168015395
  },
  "latency_ms": {
    "e2e": {
      "count": 64,
      "mean": 1778.9000707957712,
      "p50": 1975.9981715033064,
      "p95": 2364.6846949552128,
      "p99": 2367.841597836814
    },
    "ttft": {
      "count": 64,
      "mean": 27.301944187001936,
      "p50": 23.74144100031117,
      "p95": 51.09375444444595,
      "p99": 51.34119483191171
    },
    "tpot": {
      "count": 64,
      "mean": 6.046550061034194,
      "p50": 6.046571860111472,
      "p95": 6.127443157512278,
      "p99": 6.2282250025532395
    },
    "stream_event_gap": {
      "count": 18528,
      "mean": 6.034622982838889,
      "p50": 5.917688999033999,
      "p95": 6.138393002038356,
      "p99": 15.936001979280261
    }
  },
  "wall_seconds": 15.19942524500948,
  "speculative_decoding": {
    "enabled": false
  },
  "warmup": {
    "requests": 8,
    "failed": 0
  }
}
