loadtest summarization concurrency=1 requests=128
loadtest summarization concurrency=8 requests=128
loadtest summarization concurrency=32 requests=128
loadtest summarization concurrency=64 requests=256
loadtest summarization concurrency=128 requests=512
loadtest summarization concurrency=256 requests=1024
{
  "workload": "summarization",
  "variant": "plain-b",
  "levels": [
    {
      "concurrency": 1,
      "requests": 128,
      "success_rate": 1.0,
      "warmup_failed": 0,
      "output_tokens_per_second": 159.78887711632197,
      "ttft_p50_ms": 83.41102849954041,
      "ttft_p95_ms": 128.5346616015886,
      "tpot_p50_ms": 5.87183240487972,
      "tpot_p95_ms": 5.911629446961893,
      "e2e_p95_ms": 1997.6242219054254,
      "kv_cache_usage_mean": 0.005516761546332638,
      "kv_cache_usage_max": 0.00888843481814472,
      "kv_cache_tokens_peak": 4176,
      "kv_cache_size_tokens": 469840,
      "running_max": 1.0,
      "waiting_max": 0.0,
      "preemptions": 0.0,
      "mean_acceptance_length": null,
      "acceptance_rate": null
    },
    {
      "concurrency": 8,
      "requests": 128,
      "success_rate": 1.0,
      "warmup_failed": 0,
      "output_tokens_per_second": 794.3767471613803,
      "ttft_p50_ms": 100.88666750380071,
      "ttft_p95_ms": 433.14619590673664,
      "tpot_p50_ms": 9.094047786197823,
      "tpot_p95_ms": 11.205507424757366,
      "e2e_p95_ms": 2794.6209107562026,
      "kv_cache_usage_mean": 0.045542646972969815,
      "kv_cache_usage_max": 0.06116332924669665,
      "kv_cache_tokens_peak": 28737,
      "kv_cache_size_tokens": 469840,
      "running_max": 8.0,
      "waiting_max": 0.0,
      "preemptions": 0.0,
      "mean_acceptance_length": null,
      "acceptance_rate": null
    },
    {
      "concurrency": 32,
      "requests": 128,
      "success_rate": 1.0,
      "warmup_failed": 0,
      "output_tokens_per_second": 1393.268454930201,
      "ttft_p50_ms": 179.4822390002082,
      "ttft_p95_ms": 2404.300437598431,
      "tpot_p50_ms": 19.02622679651252,
      "tpot_p95_ms": 28.5359295342614,
      "e2e_p95_ms": 6783.722914905957,
      "kv_cache_usage_mean": 0.15655548420158144,
      "kv_cache_usage_max": 0.218907505789402,
      "kv_cache_tokens_peak": 102852,
      "kv_cache_size_tokens": 469840,
      "running_max": 32.0,
      "waiting_max": 15.0,
      "preemptions": 0.0,
      "mean_acceptance_length": null,
      "acceptance_rate": null
    },
    {
      "concurrency": 64,
      "requests": 256,
      "success_rate": 1.0,
      "warmup_failed": 0,
      "output_tokens_per_second": 1626.9927986860928,
      "ttft_p50_ms": 227.6261830047588,
      "ttft_p95_ms": 4753.351583494805,
      "tpot_p50_ms": 34.74538227118781,
      "tpot_p95_ms": 47.26543914041305,
      "e2e_p95_ms": 12746.316414501052,
      "kv_cache_usage_mean": 0.3261616865790043,
      "kv_cache_usage_max": 0.4184715978749489,
      "kv_cache_tokens_peak": 196615,
      "kv_cache_size_tokens": 469840,
      "running_max": 64.0,
      "waiting_max": 48.0,
      "preemptions": 0.0,
      "mean_acceptance_length": null,
      "acceptance_rate": null
    },
    {
      "concurrency": 128,
      "requests": 512,
      "success_rate": 1.0,
      "warmup_failed": 0,
      "output_tokens_per_second": 1818.2246471915157,
      "ttft_p50_ms": 389.4679620061652,
      "ttft_p95_ms": 8718.690869856067,
      "tpot_p50_ms": 65.70059983288039,
      "tpot_p95_ms": 79.51176541495238,
      "e2e_p95_ms": 24318.113494148565,
      "kv_cache_usage_mean": 0.6617342301602721,
      "kv_cache_usage_max": 0.7886527721018934,
      "kv_cache_tokens_peak": 370541,
      "kv_cache_size_tokens": 469840,
      "running_max": 128.0,
      "waiting_max": 101.0,
      "preemptions": 0.0,
      "mean_acceptance_length": null,
      "acceptance_rate": null
    },
    {
      "concurrency": 256,
      "requests": 1024,
      "success_rate": 1.0,
      "warmup_failed": 0,
      "output_tokens_per_second": 1834.751274579777,
      "ttft_p50_ms": 10711.610455000482,
      "ttft_p95_ms": 21380.467800105533,
      "tpot_p50_ms": 86.97723671647532,
      "tpot_p95_ms": 104.19887740827843,
      "e2e_p95_ms": 44227.19863149468,
      "kv_cache_usage_mean": 0.9041990750355627,
      "kv_cache_usage_max": 1.0,
      "kv_cache_tokens_peak": 469840,
      "kv_cache_size_tokens": 469840,
      "running_max": 171.0,
      "waiting_max": 220.0,
      "preemptions": 31.0,
      "mean_acceptance_length": null,
      "acceptance_rate": null
    }
  ]
}
