{
  "requests": {
    "attempted": 64,
    "successful": 64,
    "failed": 0,
    "success_rate": 1.0,
    "requests_per_second": 0.628527905262927
  },
  "tokens": {
    "prompt": 36013,
    "completion": 11676,
    "output_tokens_per_second": 114.66705971640523,
    "total_tokens_per_second": 468.3416761575582
  },
  "latency_ms": {
    "e2e": {
      "count": 64,
      "mean": 1590.8673575850116,
      "p50": 1926.1999459704384,
      "p95": 2395.7945596135687,
      "p99": 2570.3415881097317
    },
    "ttft": {
      "count": 64,
      "mean": 45.71027369274816,
      "p50": 47.10436792811379,
      "p95": 57.71558245760389,
      "p99": 65.67580474191344
    },
    "tpot": {
      "count": 64,
      "mean": 8.510749483200065,
      "p50": 8.437030718088277,
      "p95": 9.832819002670165,
      "p99": 9.914884399036751
    },
    "stream_event_gap": {
      "count": 9812,
      "mean": 10.01253193282542,
      "p50": 10.055736522190273,
      "p95": 10.291041008895263,
      "p99": 10.500668529421091
    }
  },
  "wall_seconds": 101.82523236295674,
  "speculative_decoding": {
    "enabled": true,
    "drafts": 9845.0,
    "draft_tokens": 78760.0,
    "accepted_tokens": 1787.0,
    "acceptance_rate": 0.022689182326053835,
    "mean_acceptance_length": 1.1815134586084306,
    "acceptance_rate_per_position": {
      "0": 0.1478923311325546,
      "1": 0.025596749619095988,
      "2": 0.005891315388522092,
      "3": 0.0015236160487557136,
      "4": 0.00040629761300152364,
      "5": 0.00020314880650076182,
      "6": 0.0,
      "7": 0.0
    }
  }
}
{
  "requests": {
    "attempted": 64,
    "successful": 64,
    "failed": 0,
    "success_rate": 1.0,
    "requests_per_second": 4.033070254777072
  },
  "tokens": {
    "prompt": 36013,
    "completion": 11538,
    "output_tokens_per_second": 727.086946869029,
    "total_tokens_per_second": 2996.5081825766333
  },
  "latency_ms": {
    "e2e": {
      "count": 64,
      "mean": 1816.532875311168,
      "p50": 2164.7131555364467,
      "p95": 2751.487374835415,
      "p99": 2982.4461664306
    },
    "ttft": {
      "count": 64,
      "mean": 63.101097714024945,
      "p50": 49.6743664261885,
      "p95": 160.05136343301274,
      "p99": 160.66165606607683
    },
    "tpot": {
      "count": 64,
      "mean": 9.784693089530693,
      "p50": 9.689133384254253,
      "p95": 11.32822472082437,
      "p99": 11.605151298265437
    },
    "stream_event_gap": {
      "count": 9668,
      "mean": 11.548982644148277,
      "p50": 10.982473962940276,
      "p95": 15.900437143864107,
      "p99": 32.05260184011422
    }
  },
  "wall_seconds": 15.868803655030206,
  "speculative_decoding": {
    "enabled": true,
    "drafts": 9701.0,
    "draft_tokens": 77608.0,
    "accepted_tokens": 1796.0,
    "acceptance_rate": 0.02314194412947119,
    "mean_acceptance_length": 1.1851355530357695,
    "acceptance_rate_per_position": {
      "0": 0.14905679826821977,
      "1": 0.028656839501082363,
      "2": 0.005875682919286671,
      "3": 0.0014431501907019894,
      "4": 0.00010308215647871353,
      "5": 0.0,
      "6": 0.0,
      "7": 0.0
    }
  }
}
{
  "requests": {
    "attempted": 64,
    "successful": 64,
    "failed": 0,
    "success_rate": 1.0,
    "requests_per_second": 0.5900190055412159
  },
  "tokens": {
    "prompt": 32336,
    "completion": 12562,
    "output_tokens_per_second": 115.80966793138677,
    "total_tokens_per_second": 413.9167704810861
  },
  "latency_ms": {
    "e2e": {
      "count": 64,
      "mean": 1694.6759036218282,
      "p50": 1217.3816559952684,
      "p95": 4217.506851674989,
      "p99": 4720.483707014937
    },
    "ttft": {
      "count": 64,
      "mean": 39.78837770227983,
      "p50": 42.61433897772804,
      "p95": 49.147862795507535,
      "p99": 58.201718090567724
    },
    "tpot": {
      "count": 64,
      "mean": 8.514543529331466,
      "p50": 8.46582177238542,
      "p95": 9.228630137691313,
      "p99": 9.58745803279453
    },
    "stream_event_gap": {
      "count": 10485,
      "mean": 10.01376330656651,
      "p50": 10.05743199493736,
      "p95": 10.275850654579699,
      "p99": 10.425421316176653
    }
  },
  "wall_seconds": 108.47108211589511,
  "speculative_decoding": {
    "enabled": true,
    "drafts": 10542.0,
    "draft_tokens": 84336.0,
    "accepted_tokens": 1958.0,
    "acceptance_rate": 0.02321665718080061,
    "mean_acceptance_length": 1.1857332574464048,
    "acceptance_rate_per_position": {
      "0": 0.13507873268829443,
      "1": 0.037089736292923545,
      "2": 0.00948586605957124,
      "3": 0.0028457598178713715,
      "4": 0.0009485866059571238,
      "5": 0.00018971732119142478,
      "6": 9.485866059571239e-05,
      "7": 0.0
    }
  }
}
{
  "requests": {
    "attempted": 64,
    "successful": 64,
    "failed": 0,
    "success_rate": 1.0,
    "requests_per_second": 3.5218799697123275
  },
  "tokens": {
    "prompt": 32336,
    "completion": 12420,
    "output_tokens_per_second": 683.4648316222986,
    "total_tokens_per_second": 2462.894686319452
  },
  "latency_ms": {
    "e2e": {
      "count": 64,
      "mean": 1918.0495977288956,
      "p50": 1408.879604015965,
      "p95": 4912.636520515661,
      "p99": 5207.091472041793
    },
    "ttft": {
      "count": 64,
      "mean": 59.066307856483036,
      "p50": 44.66499196132645,
      "p95": 145.3027862648014,
      "p99": 146.27017548424192
    },
    "tpot": {
      "count": 64,
      "mean": 9.706290919410877,
      "p50": 9.628436112760694,
      "p95": 10.799386830262495,
      "p99": 11.290513596730307
    },
    "stream_event_gap": {
      "count": 10351,
      "mean": 11.410480267647626,
      "p50": 10.998456971719861,
      "p95": 14.267438498791307,
      "p99": 31.529419997241348
    }
  },
  "wall_seconds": 18.172112777945586,
  "speculative_decoding": {
    "enabled": true,
    "drafts": 10408.0,
    "draft_tokens": 83264.0,
    "accepted_tokens": 1949.0,
    "acceptance_rate": 0.023407475019215987,
    "mean_acceptance_length": 1.1872598001537278,
    "acceptance_rate_per_position": {
      "0": 0.13662567255956956,
      "1": 0.03766333589546503,
      "2": 0.009511913912375096,
      "3": 0.0027863182167563415,
      "4": 0.0006725595695618755,
      "5": 0.0,
      "6": 0.0,
      "7": 0.0
    }
  }
}
{
  "requests": {
    "attempted": 64,
    "successful": 64,
    "failed": 0,
    "success_rate": 1.0,
    "requests_per_second": 0.4756448178320034
  },
  "tokens": {
    "prompt": 175660,
    "completion": 14259,
    "output_tokens_per_second": 105.97217902291463,
    "total_tokens_per_second": 1411.4685649661915
  },
  "latency_ms": {
    "e2e": {
      "count": 64,
      "mean": 2102.21043328238,
      "p50": 2010.9326780075207,
      "p95": 2959.1120667464565,
      "p99": 4351.530671849613
    },
    "ttft": {
      "count": 64,
      "mean": 90.19949467074184,
      "p50": 88.78350898157805,
      "p95": 112.57961324299684,
      "p99": 118.87086095521225
    },
    "tpot": {
      "count": 64,
      "mean": 9.019305293632916,
      "p50": 9.066613065905091,
      "p95": 9.824202859039982,
      "p99": 9.905060076299922
    },
    "stream_event_gap": {
      "count": 12572,
      "mean": 10.175061016184264,
      "p50": 10.163011495023966,
      "p95": 10.449871944729239,
      "p99": 10.870268912985921
    }
  },
  "wall_seconds": 134.5541832910385,
  "speculative_decoding": {
    "enabled": true,
    "drafts": 12628.0,
    "draft_tokens": 101024.0,
    "accepted_tokens": 1586.0,
    "acceptance_rate": 0.015699239784605638,
    "mean_acceptance_length": 1.125593918276845,
    "acceptance_rate_per_position": {
      "0": 0.1067469116249604,
      "1": 0.016312955337345583,
      "2": 0.0021381057966423822,
      "3": 0.0003167564143173899,
      "4": 7.918910357934748e-05,
      "5": 0.0,
      "6": 0.0,
      "7": 0.0
    }
  }
}
{
  "requests": {
    "attempted": 64,
    "successful": 64,
    "failed": 0,
    "success_rate": 1.0,
    "requests_per_second": 2.4447419376511093
  },
  "tokens": {
    "prompt": 175660,
    "completion": 14072,
    "output_tokens_per_second": 537.5376335410376,
    "total_tokens_per_second": 7247.590270537816
  },
  "latency_ms": {
    "e2e": {
      "count": 64,
      "mean": 2993.1777769052132,
      "p50": 2927.245956961997,
      "p95": 4078.7402180489153,
      "p99": 5297.672684553541
    },
    "ttft": {
      "count": 64,
      "mean": 180.01333267056907,
      "p50": 123.35737253306434,
      "p95": 637.3835744627286,
      "p99": 785.4362763883546
    },
    "tpot": {
      "count": 64,
      "mean": 12.928659259056984,
      "p50": 13.009353111353548,
      "p95": 14.620773130239671,
      "p99": 15.141766025484149
    },
    "stream_event_gap": {
      "count": 12377,
      "mean": 14.457465732996727,
      "p50": 12.102036969736218,
      "p95": 31.280682655051347,
      "p99": 79.22978618182242
    }
  },
  "wall_seconds": 26.17863219603896,
  "speculative_decoding": {
    "enabled": true,
    "drafts": 12429.0,
    "draft_tokens": 99432.0,
    "accepted_tokens": 1591.0,
    "acceptance_rate": 0.016000885026953092,
    "mean_acceptance_length": 1.1280070802156248,
    "acceptance_rate_per_position": {
      "0": 0.11014562716228177,
      "1": 0.01576957116421273,
      "2": 0.0019309678976587015,
      "3": 0.00016091399147155844,
      "4": 0.0,
      "5": 0.0,
      "6": 0.0,
      "7": 0.0
    }
  }
}
