{
  "requests": {
    "attempted": 64,
    "successful": 64,
    "failed": 0,
    "success_rate": 1.0,
    "requests_per_second": 15.831159116730873
  },
  "tokens": {
    "prompt": 8953,
    "completion": 18494,
    "output_tokens_per_second": 4574.710261012825,
    "total_tokens_per_second": 6789.341004326755
  },
  "latency_ms": {
    "e2e": {
      "count": 64,
      "mean": 470.83777949910655,
      "p50": 513.1028100004187,
      "p95": 695.8967692480654,
      "p99": 744.2920967331155
    },
    "ttft": {
      "count": 64,
      "mean": 39.1946360628026,
      "p50": 34.64177349815145,
      "p95": 66.46089081041282,
      "p99": 66.99935973272659
    },
    "tpot": {
      "count": 64,
      "mean": 1.4849714759868473,
      "p50": 1.4480190181339703,
      "p95": 1.8204278360282107,
      "p99": 2.024354728077014
    },
    "stream_event_gap": {
      "count": 3135,
      "mean": 8.789971784030888,
      "p50": 8.439534984063357,
      "p95": 18.1793019088218,
      "p99": 21.29879637970589
    }
  },
  "wall_seconds": 4.042660397011787,
  "speculative_decoding": {
    "enabled": true,
    "drafts": 3142.0,
    "draft_tokens": 21994.0,
    "accepted_tokens": 15397.0,
    "acceptance_rate": 0.7000545603346368,
    "mean_acceptance_length": 5.900381922342457,
    "acceptance_rate_per_position": {
      "0": 0.9156588160407384,
      "1": 0.8405474220241884,
      "2": 0.75493316359007,
      "3": 0.6839592616168045,
      "4": 0.6273074474856779,
      "5": 0.5671546785486951,
      "6": 0.5108211330362826
    }
  },
  "warmup": {
    "requests": 8,
    "failed": 0
  }
}
