loadtest summarization concurrency=1 requests=128
loadtest summarization concurrency=8 requests=128
loadtest summarization concurrency=32 requests=128
loadtest summarization concurrency=64 requests=256
loadtest summarization concurrency=128 requests=512
loadtest summarization concurrency=256 requests=1024
{
  "workload": "summarization",
  "variant": "dspark-e10-k4",
  "levels": [
    {
      "concurrency": 1,
      "requests": 128,
      "success_rate": 1.0,
      "warmup_failed": 0,
      "output_tokens_per_second": 240.59562999472166,
      "ttft_p50_ms": 82.9558779951185,
      "ttft_p95_ms": 123.56135855079629,
      "tpot_p50_ms": 3.694530624566356,
      "tpot_p95_ms": 4.834240542487235,
      "e2e_p95_ms": 1387.8171142016072,
      "kv_cache_usage_mean": 0.007251983047351888,
      "kv_cache_usage_max": 0.011622411650417441,
      "kv_cache_tokens_peak": 3984,
      "kv_cache_size_tokens": 342767,
      "running_max": 1.0,
      "waiting_max": 0.0,
      "preemptions": 0.0,
      "mean_acceptance_length": 2.0586258401792383,
      "acceptance_rate": 0.2646564600448096
    },
    {
      "concurrency": 8,
      "requests": 128,
      "success_rate": 1.0,
      "warmup_failed": 0,
      "output_tokens_per_second": 1028.158236723921,
      "ttft_p50_ms": 113.69102000026032,
      "ttft_p95_ms": 455.04660481237585,
      "tpot_p50_ms": 6.837057989453684,
      "tpot_p95_ms": 8.289108029037543,
      "e2e_p95_ms": 2336.9373099238146,
      "kv_cache_usage_mean": 0.0574763090501773,
      "kv_cache_usage_max": 0.07636251188788346,
      "kv_cache_tokens_peak": 26175,
      "kv_cache_size_tokens": 342767,
      "running_max": 8.0,
      "waiting_max": 0.0,
      "preemptions": 0.0,
      "mean_acceptance_length": 2.0548871063576946,
      "acceptance_rate": 0.26372177658942364
    },
    {
      "concurrency": 32,
      "requests": 128,
      "success_rate": 1.0,
      "warmup_failed": 0,
      "output_tokens_per_second": 1600.5271270369014,
      "ttft_p50_ms": 260.20214398158714,
      "ttft_p95_ms": 2501.1064972321,
      "tpot_p50_ms": 16.858400883605636,
      "tpot_p95_ms": 23.868083349344218,
      "e2e_p95_ms": 5870.886471227276,
      "kv_cache_usage_mean": 0.2083875459713446,
      "kv_cache_usage_max": 0.27130629605643175,
      "kv_cache_tokens_peak": 92995,
      "kv_cache_size_tokens": 342767,
      "running_max": 32.0,
      "waiting_max": 15.0,
      "preemptions": 0.0,
      "mean_acceptance_length": 2.0733288115155624,
      "acceptance_rate": 0.26833220287889065
    },
    {
      "concurrency": 64,
      "requests": 256,
      "success_rate": 1.0,
      "warmup_failed": 0,
      "output_tokens_per_second": 1755.3490714746922,
      "ttft_p50_ms": 380.0554000190459,
      "ttft_p95_ms": 4881.397794990335,
      "tpot_p50_ms": 31.357544249524025,
      "tpot_p95_ms": 43.959905767702864,
      "e2e_p95_ms": 13077.704936265945,
      "kv_cache_usage_mean": 0.4312767295047056,
      "kv_cache_usage_max": 0.5487096905941315,
      "kv_cache_tokens_peak": 188080,
      "kv_cache_size_tokens": 342767,
      "running_max": 64.0,
      "waiting_max": 40.0,
      "preemptions": 0.0,
      "mean_acceptance_length": 2.0730520088366347,
      "acceptance_rate": 0.26826300220915866
    },
    {
      "concurrency": 128,
      "requests": 512,
      "success_rate": 1.0,
      "warmup_failed": 0,
      "output_tokens_per_second": 1802.6589278332663,
      "ttft_p50_ms": 876.2799400137737,
      "ttft_p95_ms": 8766.093600780005,
      "tpot_p50_ms": 60.501784428186085,
      "tpot_p95_ms": 89.47432499450183,
      "e2e_p95_ms": 28622.478055243846,
      "kv_cache_usage_mean": 0.8563727242219964,
      "kv_cache_usage_max": 0.9992065020158349,
      "kv_cache_tokens_peak": 342495,
      "kv_cache_size_tokens": 342767,
      "running_max": 128.0,
      "waiting_max": 102.0,
      "preemptions": 8.0,
      "mean_acceptance_length": 2.0703326240340463,
      "acceptance_rate": 0.26758315600851157
    },
    {
      "concurrency": 256,
      "requests": 1024,
      "success_rate": 1.0,
      "warmup_failed": 0,
      "output_tokens_per_second": 1823.0639181212393,
      "ttft_p50_ms": 15702.311786473729,
      "ttft_p95_ms": 21856.879292801023,
      "tpot_p50_ms": 63.15250460470088,
      "tpot_p95_ms": 90.64384071363122,
      "e2e_p95_ms": 41535.65734594012,
      "kv_cache_usage_mean": 0.9232711552674502,
      "kv_cache_usage_max": 0.9999941654559988,
      "kv_cache_tokens_peak": 342765,
      "kv_cache_size_tokens": 342767,
      "running_max": 129.0,
      "waiting_max": 232.0,
      "preemptions": 18.0,
      "mean_acceptance_length": 2.072058177467448,
      "acceptance_rate": 0.268014544366862
    }
  ]
}
