{
  "requests": {
    "attempted": 64,
    "successful": 64,
    "failed": 0,
    "success_rate": 1.0,
    "requests_per_second": 17.940885841660165
  },
  "tokens": {
    "prompt": 8953,
    "completion": 18258,
    "output_tokens_per_second": 5118.198339016114,
    "total_tokens_per_second": 7627.960072459606
  },
  "latency_ms": {
    "e2e": {
      "count": 64,
      "mean": 420.5838014204346,
      "p50": 458.22895149467513,
      "p95": 612.422434648033,
      "p99": 648.9835421601308
    },
    "ttft": {
      "count": 64,
      "mean": 39.3324479337025,
      "p50": 40.2664024149999,
      "p95": 56.96120596840046,
      "p99": 57.596842902712524
    },
    "tpot": {
      "count": 64,
      "mean": 1.3437155788155382,
      "p50": 1.3223729707670207,
      "p95": 1.5634476935005057,
      "p99": 1.7492232585992467
    },
    "stream_event_gap": {
      "count": 2724,
      "mean": 8.907795682552553,
      "p50": 8.309431956149638,
      "p95": 19.335727248108014,
      "p99": 22.92172159184701
    }
  },
  "wall_seconds": 3.5672709009377286,
  "speculative_decoding": {
    "enabled": true,
    "drafts": 2735.0,
    "draft_tokens": 19145.0,
    "accepted_tokens": 15595.0,
    "acceptance_rate": 0.8145729955601985,
    "mean_acceptance_length": 6.70201096892139,
    "acceptance_rate_per_position": {
      "0": 0.9572212065813528,
      "1": 0.9118829981718465,
      "2": 0.8621572212065813,
      "3": 0.8149908592321755,
      "4": 0.7689213893967093,
      "5": 0.7159049360146252,
      "6": 0.6709323583180987
    }
  },
  "warmup": {
    "requests": 8,
    "failed": 0
  }
}
