{
  "requests": {
    "attempted": 64,
    "successful": 64,
    "failed": 0,
    "success_rate": 1.0,
    "requests_per_second": 0.9175380865456904
  },
  "tokens": {
    "prompt": 36013,
    "completion": 11632,
    "output_tokens_per_second": 166.76254722967923,
    "total_tokens_per_second": 683.0640958354596
  },
  "latency_ms": {
    "e2e": {
      "count": 64,
      "mean": 1089.7106348256784,
      "p50": 1297.8675244376063,
      "p95": 1542.924158013193,
      "p99": 1556.4235390233807
    },
    "ttft": {
      "count": 64,
      "mean": 33.115058817202225,
      "p50": 27.844349446240813,
      "p95": 51.343826751690344,
      "p99": 58.887491590576246
    },
    "tpot": {
      "count": 64,
      "mean": 5.849086088180382,
      "p50": 5.847256058642872,
      "p95": 5.8806412740836995,
      "p99": 5.99070816922573
    },
    "stream_event_gap": {
      "count": 11534,
      "mean": 5.822714825626463,
      "p50": 5.8291234890930355,
      "p95": 6.079997000051662,
      "p99": 6.2182741914875805
    }
  },
  "wall_seconds": 69.75187290692702,
  "speculative_decoding": {
    "enabled": false
  }
}
{
  "requests": {
    "attempted": 64,
    "successful": 64,
    "failed": 0,
    "success_rate": 1.0,
    "requests_per_second": 5.880174942186615
  },
  "tokens": {
    "prompt": 36013,
    "completion": 11558,
    "output_tokens_per_second": 1061.922843465514,
    "total_tokens_per_second": 4370.715658980617
  },
  "latency_ms": {
    "e2e": {
      "count": 64,
      "mean": 1241.5058050173684,
      "p50": 1394.4934470928274,
      "p95": 1803.9539953228086,
      "p99": 1822.0624102721922
    },
    "ttft": {
      "count": 64,
      "mean": 53.185068660241086,
      "p50": 42.51027596183121,
      "p95": 148.9094454154838,
      "p99": 149.84551285160705
    },
    "tpot": {
      "count": 64,
      "mean": 6.620485153506328,
      "p50": 6.570163694000346,
      "p95": 7.0868334817298875,
      "p99": 7.30648050819619
    },
    "stream_event_gap": {
      "count": 11459,
      "mean": 6.60082553781147,
      "p50": 6.125753978267312,
      "p95": 8.602557890117199,
      "p99": 27.54751863423735
    }
  },
  "wall_seconds": 10.884029919048771,
  "speculative_decoding": {
    "enabled": false
  }
}
{
  "requests": {
    "attempted": 64,
    "successful": 64,
    "failed": 0,
    "success_rate": 1.0,
    "requests_per_second": 0.8613043140952457
  },
  "tokens": {
    "prompt": 32336,
    "completion": 12407,
    "output_tokens_per_second": 166.971916015308,
    "total_tokens_per_second": 602.1459207119309
  },
  "latency_ms": {
    "e2e": {
      "count": 64,
      "mean": 1160.8785298794828,
      "p50": 847.4372935015708,
      "p95": 3015.668868436478,
      "p99": 3029.7021531080827
    },
    "ttft": {
      "count": 64,
      "mean": 32.44027569235186,
      "p50": 27.60461298748851,
      "p95": 44.681484682951115,
      "p99": 50.39845838560723
    },
    "tpot": {
      "count": 64,
      "mean": 5.855039366685296,
      "p50": 5.850771014480266,
      "p95": 5.885849601755206,
      "p99": 5.897616691744997
    },
    "stream_event_gap": {
      "count": 12286,
      "mean": 5.830208990685296,
      "p50": 5.838020006194711,
      "p95": 6.090090959332883,
      "p99": 6.218489562161267
    }
  },
  "wall_seconds": 74.30590901803225,
  "speculative_decoding": {
    "enabled": false
  }
}
{
  "requests": {
    "attempted": 64,
    "successful": 64,
    "failed": 0,
    "success_rate": 1.0,
    "requests_per_second": 5.220383491291438
  },
  "tokens": {
    "prompt": 32336,
    "completion": 12567,
    "output_tokens_per_second": 1025.0712396103047,
    "total_tokens_per_second": 3662.6699985853033
  },
  "latency_ms": {
    "e2e": {
      "count": 64,
      "mean": 1320.6265821427223,
      "p50": 962.5079155666754,
      "p95": 3414.158516260795,
      "p99": 3485.776955750771
    },
    "ttft": {
      "count": 64,
      "mean": 49.886169133969815,
      "p50": 38.22916653007269,
      "p95": 145.56777465622872,
      "p99": 146.54974010307342
    },
    "tpot": {
      "count": 64,
      "mean": 6.495878133651193,
      "p50": 6.521341885205192,
      "p95": 6.808314439002295,
      "p99": 6.856237327373197
    },
    "stream_event_gap": {
      "count": 12446,
      "mean": 6.490572313689804,
      "p50": 6.102123006712645,
      "p95": 6.99563801754266,
      "p99": 27.35357991768978
    }
  },
  "wall_seconds": 12.259635734953918,
  "speculative_decoding": {
    "enabled": false
  }
}
{
  "requests": {
    "attempted": 64,
    "successful": 64,
    "failed": 0,
    "success_rate": 1.0,
    "requests_per_second": 0.722307154230721
  },
  "tokens": {
    "prompt": 175660,
    "completion": 14016,
    "output_tokens_per_second": 158.1852667765279,
    "total_tokens_per_second": 2140.69268415416
  },
  "latency_ms": {
    "e2e": {
      "count": 64,
      "mean": 1384.2845803737873,
      "p50": 1363.4529135306366,
      "p95": 1887.1881856932298,
      "p99": 2615.9214540000535
    },
    "ttft": {
      "count": 64,
      "mean": 93.79702315891336,
      "p50": 92.4910795292817,
      "p95": 116.08680849312803,
      "p99": 130.7416022301186
    },
    "tpot": {
      "count": 64,
      "mean": 5.92026358629602,
      "p50": 5.9158431017267095,
      "p95": 5.954342593857813,
      "p99": 6.0218993379467864
    },
    "stream_event_gap": {
      "count": 13888,
      "mean": 5.9005470677790735,
      "p50": 5.904225981794298,
      "p95": 6.184606754686683,
      "p99": 6.497107401955873
    }
  },
  "wall_seconds": 88.60496483405586,
  "speculative_decoding": {
    "enabled": false
  }
}
{
  "requests": {
    "attempted": 64,
    "successful": 64,
    "failed": 0,
    "success_rate": 1.0,
    "requests_per_second": 3.5072841400873456
  },
  "tokens": {
    "prompt": 175660,
    "completion": 13944,
    "output_tokens_per_second": 764.1495320215304,
    "total_tokens_per_second": 10390.548470267517
  },
  "latency_ms": {
    "e2e": {
      "count": 64,
      "mean": 2121.6331819359766,
      "p50": 2051.8046869547106,
      "p95": 2937.5947294698553,
      "p99": 3973.3013356931033
    },
    "ttft": {
      "count": 64,
      "mean": 164.59264576587884,
      "p50": 108.5754240048118,
      "p95": 615.001284389291,
      "p99": 751.2654990237206
    },
    "tpot": {
      "count": 64,
      "mean": 9.124467270752943,
      "p50": 9.210122631208906,
      "p95": 10.846783532050864,
      "p99": 11.749546131670085
    },
    "stream_event_gap": {
      "count": 13816,
      "mean": 9.008961903409869,
      "p50": 7.010877539869398,
      "p95": 26.40270796837285,
      "p99": 64.72100249957296
    }
  },
  "wall_seconds": 18.247737406985834,
  "speculative_decoding": {
    "enabled": false
  }
}
