{
  "requests": {
    "attempted": 64,
    "successful": 64,
    "failed": 0,
    "success_rate": 1.0,
    "requests_per_second": 11.01773683015541
  },
  "tokens": {
    "prompt": 8953,
    "completion": 18572,
    "output_tokens_per_second": 3197.209506400723,
    "total_tokens_per_second": 4738.487597656683
  },
  "latency_ms": {
    "e2e": {
      "count": 64,
      "mean": 687.012644513743,
      "p50": 752.4935854889918,
      "p95": 918.4635071753291,
      "p99": 1000.5238437076331
    },
    "ttft": {
      "count": 64,
      "mean": 35.836873988046136,
      "p50": 30.64687451114878,
      "p95": 62.81972235883586,
      "p99": 63.21103324298747
    },
    "tpot": {
      "count": 64,
      "mean": 2.265070752783436,
      "p50": 2.2581472162915635,
      "p95": 2.4846731028420574,
      "p99": 2.6262229448211687
    },
    "stream_event_gap": {
      "count": 5144,
      "mean": 8.051705045699707,
      "p50": 7.7134090242907405,
      "p95": 18.50437697721645,
      "p99": 22.99871303956024
    }
  },
  "wall_seconds": 5.80881545698503,
  "speculative_decoding": {
    "enabled": true,
    "drafts": 5165.0,
    "draft_tokens": 15495.0,
    "accepted_tokens": 13416.0,
    "acceptance_rate": 0.8658276863504356,
    "mean_acceptance_length": 3.597483059051307,
    "acceptance_rate_per_position": {
      "0": 0.9320425943852856,
      "1": 0.8642787996127783,
      "2": 0.8011616650532429
    }
  },
  "warmup": {
    "requests": 16,
    "failed": 0
  }
}
