{
  "requests": {
    "attempted": 64,
    "successful": 64,
    "failed": 0,
    "success_rate": 1.0,
    "requests_per_second": 11.457837538476081
  },
  "tokens": {
    "prompt": 8953,
    "completion": 18502,
    "output_tokens_per_second": 3312.3892208888196,
    "total_tokens_per_second": 4915.2332752946995
  },
  "latency_ms": {
    "e2e": {
      "count": 64,
      "mean": 663.6766977342177,
      "p50": 707.9000875019119,
      "p95": 949.598395993962,
      "p99": 984.2754129230161
    },
    "ttft": {
      "count": 64,
      "mean": 39.11059078154722,
      "p50": 33.5742220049724,
      "p95": 61.36775764534832,
      "p99": 69.95626042029465
    },
    "tpot": {
      "count": 64,
      "mean": 2.1856209153346238,
      "p50": 2.1290959496293844,
      "p95": 2.572433074087007,
      "p99": 2.7385523043219875
    },
    "stream_event_gap": {
      "count": 4896,
      "mean": 8.125866505300413,
      "p50": 7.700820504396688,
      "p95": 17.20595400183811,
      "p99": 23.92158415314043
    }
  },
  "wall_seconds": 5.585696235008072,
  "speculative_decoding": {
    "enabled": true,
    "drafts": 4916.0,
    "draft_tokens": 14748.0,
    "accepted_tokens": 13601.0,
    "acceptance_rate": 0.9222267426091674,
    "mean_acceptance_length": 3.7666802278275022,
    "acceptance_rate_per_position": {
      "0": 0.9646053702196908,
      "1": 0.9227013832384052,
      "2": 0.879373474369406
    }
  },
  "warmup": {
    "requests": 8,
    "failed": 0
  }
}
