{
  "requests": {
    "attempted": 128,
    "successful": 128,
    "failed": 0,
    "success_rate": 1.0,
    "requests_per_second": 0.8840700430824507
  },
  "tokens": {
    "prompt": 80604,
    "completion": 24271,
    "output_tokens_per_second": 167.63487512229813,
    "total_tokens_per_second": 724.3503575646251
  },
  "latency_ms": {
    "e2e": {
      "count": 128,
      "mean": 1131.025692507933,
      "p50": 1499.4683855038602,
      "p95": 1540.1347616978455,
      "p99": 1559.4606218414265
    },
    "ttft": {
      "count": 128,
      "mean": 35.01151836724148,
      "p50": 35.80118099489482,
      "p95": 51.81738150276942,
      "p99": 64.71564713821864
    },
    "tpot": {
      "count": 128,
      "mean": 5.793697829671529,
      "p50": 5.801821956878948,
      "p95": 5.837657744491212,
      "p99": 5.863126777299091
    },
    "stream_event_gap": {
      "count": 24061,
      "mean": 5.8122149601440265,
      "p50": 5.816003991640173,
      "p95": 6.059195991838351,
      "p99": 6.179544591577724
    }
  },
  "wall_seconds": 144.78490816599515,
  "speculative_decoding": {
    "enabled": false
  }
}
{
  "requests": {
    "attempted": 128,
    "successful": 128,
    "failed": 0,
    "success_rate": 1.0,
    "requests_per_second": 5.915549158248705
  },
  "tokens": {
    "prompt": 80604,
    "completion": 24334,
    "output_tokens_per_second": 1124.6013532564375,
    "total_tokens_per_second": 4849.733574752365
  },
  "latency_ms": {
    "e2e": {
      "count": 128,
      "mean": 1314.0157812421194,
      "p50": 1728.0648514934,
      "p95": 1804.8256332032906,
      "p99": 1819.544360502623
    },
    "ttft": {
      "count": 128,
      "mean": 47.1862179845175,
      "p50": 43.81281050154939,
      "p95": 122.7044777479018,
      "p99": 143.78441701890551
    },
    "tpot": {
      "count": 128,
      "mean": 6.679302657320773,
      "p50": 6.722704180655079,
      "p95": 7.030075826989762,
      "p99": 7.991835749091919
    },
    "stream_event_gap": {
      "count": 24120,
      "mean": 6.704873965049601,
      "p50": 6.175144502776675,
      "p95": 7.000856549711898,
      "p99": 28.0212262448913
    }
  },
  "wall_seconds": 21.637889666002593,
  "speculative_decoding": {
    "enabled": false
  }
}
{
  "requests": {
    "attempted": 128,
    "successful": 128,
    "failed": 0,
    "success_rate": 1.0,
    "requests_per_second": 0.8364055644745084
  },
  "tokens": {
    "prompt": 64445,
    "completion": 25704,
    "output_tokens_per_second": 167.9606924160372,
    "total_tokens_per_second": 589.0712908735348
  },
  "latency_ms": {
    "e2e": {
      "count": 128,
      "mean": 1195.5075773515773,
      "p50": 912.6216599979671,
      "p95": 2843.0654327981747,
      "p99": 3019.845195567468
    },
    "ttft": {
      "count": 128,
      "mean": 32.866219828520116,
      "p50": 27.657105500111356,
      "p95": 48.070141958305605,
      "p99": 51.39412407093915
    },
    "tpot": {
      "count": 128,
      "mean": 5.8082045182472015,
      "p50": 5.809234324690376,
      "p95": 5.83524915063621,
      "p99": 5.840155911208079
    },
    "stream_event_gap": {
      "count": 25453,
      "mean": 5.813274916668666,
      "p50": 5.823175000841729,
      "p95": 6.073226593434811,
      "p99": 6.156584523851052
    }
  },
  "wall_seconds": 153.03580635599792,
  "speculative_decoding": {
    "enabled": false
  }
}
{
  "requests": {
    "attempted": 128,
    "successful": 128,
    "failed": 0,
    "success_rate": 1.0,
    "requests_per_second": 5.508682154477387
  },
  "tokens": {
    "prompt": 64445,
    "completion": 25721,
    "output_tokens_per_second": 1106.9438569946317,
    "total_tokens_per_second": 3880.4362120360006
  },
  "latency_ms": {
    "e2e": {
      "count": 128,
      "mean": 1340.8007775710757,
      "p50": 1043.408197001554,
      "p95": 3095.9293962965603,
      "p99": 3391.6880004652194
    },
    "ttft": {
      "count": 128,
      "mean": 40.417021203211334,
      "p50": 35.846588005369995,
      "p95": 119.7892162555939,
      "p99": 146.2022230211005
    },
    "tpot": {
      "count": 128,
      "mean": 6.517120147822883,
      "p50": 6.507424478700893,
      "p95": 6.915944264293295,
      "p99": 7.128823342901182
    },
    "stream_event_gap": {
      "count": 25470,
      "mean": 6.5011143881772195,
      "p50": 6.090574504924007,
      "p95": 6.690484598220792,
      "p99": 27.781184839986967
    }
  },
  "wall_seconds": 23.236047462996794,
  "speculative_decoding": {
    "enabled": false
  }
}
{
  "requests": {
    "attempted": 128,
    "successful": 128,
    "failed": 0,
    "success_rate": 1.0,
    "requests_per_second": 0.743418701717485
  },
  "tokens": {
    "prompt": 350987,
    "completion": 27465,
    "output_tokens_per_second": 159.51558314586507,
    "total_tokens_per_second": 2198.033550799888
  },
  "latency_ms": {
    "e2e": {
      "count": 128,
      "mean": 1345.045264804753,
      "p50": 1261.0535225030617,
      "p95": 2004.9064115002689,
      "p99": 2899.3886087795568
    },
    "ttft": {
      "count": 128,
      "mean": 87.42962966391588,
      "p50": 83.56225649185944,
      "p95": 124.06734665200928,
      "p99": 127.1426465609693
    },
    "tpot": {
      "count": 128,
      "mean": 5.890591831553017,
      "p50": 5.888399807263991,
      "p95": 5.945658168657555,
      "p99": 5.951593212660928
    },
    "stream_event_gap": {
      "count": 27208,
      "mean": 5.883962667266491,
      "p50": 5.887653001991566,
      "p95": 6.162150256568566,
      "p99": 6.383085986453808
    }
  },
  "wall_seconds": 172.1775356260041,
  "speculative_decoding": {
    "enabled": false
  }
}
{
  "requests": {
    "attempted": 128,
    "successful": 128,
    "failed": 0,
    "success_rate": 1.0,
    "requests_per_second": 3.6689679591160256
  },
  "tokens": {
    "prompt": 350987,
    "completion": 28014,
    "output_tokens_per_second": 802.9880344271589,
    "total_tokens_per_second": 10863.613480257287
  },
  "latency_ms": {
    "e2e": {
      "count": 128,
      "mean": 2091.7592260619813,
      "p50": 2065.597736502241,
      "p95": 2832.815119653969,
      "p99": 3582.9463881748975
    },
    "ttft": {
      "count": 128,
      "mean": 123.26430931216237,
      "p50": 95.31477299606195,
      "p95": 278.0391864944241,
      "p99": 550.0549095524184
    },
    "tpot": {
      "count": 128,
      "mean": 9.196559560959695,
      "p50": 9.055147500630266,
      "p95": 11.192900758618556,
      "p99": 11.576005712410346
    },
    "stream_event_gap": {
      "count": 27760,
      "mean": 9.023240902193873,
      "p50": 6.965888998820446,
      "p95": 27.380594352871412,
      "p99": 61.26803932871553
    }
  },
  "wall_seconds": 34.88719482599117,
  "speculative_decoding": {
    "enabled": false
  }
}
