{
  "requests": {
    "attempted": 64,
    "successful": 64,
    "failed": 0,
    "success_rate": 1.0,
    "requests_per_second": 0.8908845937537007
  },
  "tokens": {
    "prompt": 36013,
    "completion": 11500,
    "output_tokens_per_second": 160.0808254401181,
    "total_tokens_per_second": 661.3843703596809
  },
  "latency_ms": {
    "e2e": {
      "count": 64,
      "mean": 1122.3270371356193,
      "p50": 1350.7026414736174,
      "p95": 1714.9821028171573,
      "p99": 1787.5757637352217
    },
    "ttft": {
      "count": 64,
      "mean": 40.450274658724084,
      "p50": 34.64595245895907,
      "p95": 58.63560868892819,
      "p99": 62.93353370274416
    },
    "tpot": {
      "count": 64,
      "mean": 5.995207935067528,
      "p50": 6.015764661463237,
      "p95": 6.81429491035704,
      "p99": 7.10241893765151
    },
    "stream_event_gap": {
      "count": 9133,
      "mean": 7.545642709925173,
      "p50": 7.5789239490404725,
      "p95": 7.817693520337343,
      "p99": 8.028446254320443
    }
  },
  "wall_seconds": 71.83871002902742,
  "speculative_decoding": {
    "enabled": true,
    "drafts": 9147.0,
    "draft_tokens": 27441.0,
    "accepted_tokens": 2332.0,
    "acceptance_rate": 0.08498232571699282,
    "mean_acceptance_length": 1.2549469771509785,
    "acceptance_rate_per_position": {
      "0": 0.20826500491964578,
      "1": 0.040231769979228164,
      "2": 0.006450202252104515
    }
  }
}
{
  "requests": {
    "attempted": 64,
    "successful": 64,
    "failed": 0,
    "success_rate": 1.0,
    "requests_per_second": 5.639838889714474
  },
  "tokens": {
    "prompt": 36013,
    "completion": 11737,
    "output_tokens_per_second": 1034.2935788840434,
    "total_tokens_per_second": 4207.848546622908
  },
  "latency_ms": {
    "e2e": {
      "count": 64,
      "mean": 1301.8135371494282,
      "p50": 1600.5282195401378,
      "p95": 1959.736256551696,
      "p99": 2040.2395485353186
    },
    "ttft": {
      "count": 64,
      "mean": 59.6084455428354,
      "p50": 49.51507248915732,
      "p95": 157.1924440213479,
      "p99": 157.66337268869393
    },
    "tpot": {
      "count": 64,
      "mean": 6.715843906265757,
      "p50": 6.723729987091712,
      "p95": 7.838789866144026,
      "p99": 7.99996747777035
    },
    "stream_event_gap": {
      "count": 9315,
      "mean": 8.498823269714276,
      "p50": 7.89449701551348,
      "p95": 12.192469986621278,
      "p99": 32.79738046461717
    }
  },
  "wall_seconds": 11.347841889015399,
  "speculative_decoding": {
    "enabled": true,
    "drafts": 9329.0,
    "draft_tokens": 27987.0,
    "accepted_tokens": 2388.0,
    "acceptance_rate": 0.08532532961732232,
    "mean_acceptance_length": 1.255975988851967,
    "acceptance_rate_per_position": {
      "0": 0.20891842641226283,
      "1": 0.04094758280630292,
      "2": 0.006109979633401222
    }
  }
}
{
  "requests": {
    "attempted": 64,
    "successful": 64,
    "failed": 0,
    "success_rate": 1.0,
    "requests_per_second": 1.3107018608854064
  },
  "tokens": {
    "prompt": 32336,
    "completion": 12622,
    "output_tokens_per_second": 258.49498262649377,
    "total_tokens_per_second": 920.7270978388455
  },
  "latency_ms": {
    "e2e": {
      "count": 64,
      "mean": 762.8085906690103,
      "p50": 532.2438314906321,
      "p95": 1834.3133843853136,
      "p99": 2369.867114027729
    },
    "ttft": {
      "count": 64,
      "mean": 36.18035281760967,
      "p50": 31.69587202137336,
      "p95": 47.731635853415355,
      "p99": 52.2669336455874
    },
    "tpot": {
      "count": 64,
      "mean": 3.5898968020861024,
      "p50": 3.5656293170177378,
      "p95": 4.395879402114875,
      "p99": 4.582356300787431
    },
    "stream_event_gap": {
      "count": 6118,
      "mean": 7.547962521840692,
      "p50": 7.589659013319761,
      "p95": 7.838206092128529,
      "p99": 8.112451797351241
    }
  },
  "wall_seconds": 48.82880074402783,
  "speculative_decoding": {
    "enabled": true,
    "drafts": 6134.0,
    "draft_tokens": 18402.0,
    "accepted_tokens": 6504.0,
    "acceptance_rate": 0.35343984349527224,
    "mean_acceptance_length": 2.060319530485817,
    "acceptance_rate_per_position": {
      "0": 0.5476035213563744,
      "1": 0.31806325399413105,
      "2": 0.19465275513531138
    }
  }
}
{
  "requests": {
    "attempted": 64,
    "successful": 64,
    "failed": 0,
    "success_rate": 1.0,
    "requests_per_second": 7.52425887247293
  },
  "tokens": {
    "prompt": 32336,
    "completion": 12570,
    "output_tokens_per_second": 1477.8114691716364,
    "total_tokens_per_second": 5279.443264488585
  },
  "latency_ms": {
    "e2e": {
      "count": 64,
      "mean": 886.4602090252447,
      "p50": 615.7294389558956,
      "p95": 2228.484519460471,
      "p99": 2504.070478962967
    },
    "ttft": {
      "count": 64,
      "mean": 58.762463808307075,
      "p50": 49.00947248097509,
      "p95": 148.7512398569379,
      "p99": 149.44406899739988
    },
    "tpot": {
      "count": 64,
      "mean": 4.135378016483093,
      "p50": 4.188379395366756,
      "p95": 5.1456482034615,
      "p99": 5.40339697148538
    },
    "stream_event_gap": {
      "count": 6088,
      "mean": 8.660718490867252,
      "p50": 7.896448951214552,
      "p95": 18.708509620046243,
      "p99": 33.143494555260986
    }
  },
  "wall_seconds": 8.505821116035804,
  "speculative_decoding": {
    "enabled": true,
    "drafts": 6102.0,
    "draft_tokens": 18306.0,
    "accepted_tokens": 6480.0,
    "acceptance_rate": 0.35398230088495575,
    "mean_acceptance_length": 2.061946902654867,
    "acceptance_rate_per_position": {
      "0": 0.5473615208128483,
      "1": 0.3189118321861685,
      "2": 0.19567354965585054
    }
  }
}
{
  "requests": {
    "attempted": 64,
    "successful": 64,
    "failed": 0,
    "success_rate": 1.0,
    "requests_per_second": 0.7267807685444412
  },
  "tokens": {
    "prompt": 175660,
    "completion": 14001,
    "output_tokens_per_second": 158.994649068605,
    "total_tokens_per_second": 2153.780739732926
  },
  "latency_ms": {
    "e2e": {
      "count": 64,
      "mean": 1375.7682292780373,
      "p50": 1311.3000264856964,
      "p95": 1940.9027370449621,
      "p99": 2776.524979067035
    },
    "ttft": {
      "count": 64,
      "mean": 93.01608687019325,
      "p50": 91.38261649059132,
      "p95": 113.72249250416642,
      "p99": 124.8622915847227
    },
    "tpot": {
      "count": 64,
      "mean": 5.867198552274788,
      "p50": 5.9067619324592435,
      "p95": 6.359412933066757,
      "p99": 6.6600659826785
    },
    "stream_event_gap": {
      "count": 10654,
      "mean": 7.670217494786964,
      "p50": 7.659881026484072,
      "p95": 7.933526107808575,
      "p99": 8.26967136235907
    }
  },
  "wall_seconds": 88.05956730002072,
  "speculative_decoding": {
    "enabled": true,
    "drafts": 10673.0,
    "draft_tokens": 32019.0,
    "accepted_tokens": 3336.0,
    "acceptance_rate": 0.1041881382928886,
    "mean_acceptance_length": 1.3125644148786657,
    "acceptance_rate_per_position": {
      "0": 0.2555982385458634,
      "1": 0.0498454042912021,
      "2": 0.0071207720416003
    }
  }
}
{
  "requests": {
    "attempted": 64,
    "successful": 64,
    "failed": 0,
    "success_rate": 1.0,
    "requests_per_second": 3.515615411749178
  },
  "tokens": {
    "prompt": 175660,
    "completion": 13830,
    "output_tokens_per_second": 759.7025178826739,
    "total_tokens_per_second": 10408.968193317996
  },
  "latency_ms": {
    "e2e": {
      "count": 64,
      "mean": 2101.868173289404,
      "p50": 2024.3336530402303,
      "p95": 2917.9342250339682,
      "p99": 3034.8479767784006
    },
    "ttft": {
      "count": 64,
      "mean": 178.56088203006948,
      "p50": 117.42715298896655,
      "p95": 628.902109072078,
      "p99": 773.987168421736
    },
    "tpot": {
      "count": 64,
      "mean": 9.02145200225121,
      "p50": 9.115376165171408,
      "p95": 10.719029260983412,
      "p99": 11.384128793557949
    },
    "stream_event_gap": {
      "count": 10540,
      "mean": 11.63189498662588,
      "p50": 8.888432988896966,
      "p95": 32.58856942993589,
      "p99": 71.81293830159139
    }
  },
  "wall_seconds": 18.204494094010442,
  "speculative_decoding": {
    "enabled": true,
    "drafts": 10561.0,
    "draft_tokens": 31683.0,
    "accepted_tokens": 3278.0,
    "acceptance_rate": 0.10346242464413093,
    "mean_acceptance_length": 1.3103872739323927,
    "acceptance_rate_per_position": {
      "0": 0.2508285200265126,
      "1": 0.051699649654388787,
      "2": 0.007859104251491337
    }
  }
}
