{
  "requests": {
    "attempted": 64,
    "successful": 64,
    "failed": 0,
    "success_rate": 1.0,
    "requests_per_second": 15.603386506118222
  },
  "tokens": {
    "prompt": 8953,
    "completion": 18487,
    "output_tokens_per_second": 4507.184474040743,
    "total_tokens_per_second": 6689.951964498187
  },
  "latency_ms": {
    "e2e": {
      "count": 64,
      "mean": 477.9028994253167,
      "p50": 480.1114554866217,
      "p95": 855.217862164136,
      "p99": 972.7527210640255
    },
    "ttft": {
      "count": 64,
      "mean": 39.894378793178475,
      "p50": 38.94609649432823,
      "p95": 53.79253962310031,
      "p99": 80.52611610386506
    },
    "tpot": {
      "count": 64,
      "mean": 1.5093848491322177,
      "p50": 1.4068383946044174,
      "p95": 2.3119111298419295,
      "p99": 2.5511851959236003
    },
    "stream_event_gap": {
      "count": 2764,
      "mean": 10.092511659010627,
      "p50": 8.352296019438654,
      "p95": 26.963429583702236,
      "p99": 58.14034688519314
    }
  },
  "wall_seconds": 4.101673695957288,
  "speculative_decoding": {
    "enabled": true,
    "drafts": 2775.0,
    "draft_tokens": 19418.0,
    "accepted_tokens": 15782.0,
    "acceptance_rate": 0.8127510557214955,
    "mean_acceptance_length": 6.687207207207207,
    "acceptance_rate_per_position": {
      "0": 0.9585585585585585,
      "1": 0.9117117117117117,
      "2": 0.8641441441441442,
      "3": 0.8144144144144144,
      "4": 0.7636036036036036,
      "5": 0.7095495495495495,
      "6": 0.6652252252252252
    }
  },
  "warmup": {
    "requests": 8,
    "failed": 0
  }
}
