loadtest summarization concurrency=1 requests=128
loadtest summarization concurrency=8 requests=128
loadtest summarization concurrency=32 requests=128
loadtest summarization concurrency=64 requests=256
loadtest summarization concurrency=128 requests=512
loadtest summarization concurrency=256 requests=1024
{
  "workload": "summarization",
  "variant": "dspark-e10-k7-greedy-uniform-graphs",
  "levels": [
    {
      "concurrency": 1,
      "requests": 128,
      "success_rate": 1.0,
      "warmup_failed": 0,
      "output_tokens_per_second": 235.30154711684918,
      "ttft_p50_ms": 84.53055896097794,
      "ttft_p95_ms": 125.12662510271184,
      "tpot_p50_ms": 3.7328514773536305,
      "tpot_p95_ms": 5.119809525169358,
      "e2e_p95_ms": 1419.436163874343,
      "kv_cache_usage_mean": 0.007073941517689489,
      "kv_cache_usage_max": 0.011379684636842136,
      "kv_cache_tokens_peak": 3900,
      "kv_cache_size_tokens": 342697,
      "running_max": 1.0,
      "waiting_max": 0.0,
      "preemptions": 0.0,
      "mean_acceptance_length": 2.102851011649295,
      "acceptance_rate": 0.2468479286388198
    },
    {
      "concurrency": 8,
      "requests": 128,
      "success_rate": 1.0,
      "warmup_failed": 0,
      "output_tokens_per_second": 964.6895534113174,
      "ttft_p50_ms": 110.55807350203395,
      "ttft_p95_ms": 455.04863206296983,
      "tpot_p50_ms": 7.55135718797804,
      "tpot_p95_ms": 9.058656286750532,
      "e2e_p95_ms": 2619.7588956973045,
      "kv_cache_usage_mean": 0.059126064367762424,
      "kv_cache_usage_max": 0.07853733120134454,
      "kv_cache_tokens_peak": 26915,
      "kv_cache_size_tokens": 342697,
      "running_max": 8.0,
      "waiting_max": 0.0,
      "preemptions": 0.0,
      "mean_acceptance_length": 1.9995325282430854,
      "acceptance_rate": 0.26245908346972174
    },
    {
      "concurrency": 32,
      "requests": 128,
      "success_rate": 1.0,
      "warmup_failed": 0,
      "output_tokens_per_second": 1510.3585466772656,
      "ttft_p50_ms": 198.40336096240208,
      "ttft_p95_ms": 2442.387531982964,
      "tpot_p50_ms": 18.9306045673391,
      "tpot_p95_ms": 25.580006913285022,
      "e2e_p95_ms": 6393.555454513989,
      "kv_cache_usage_mean": 0.21044400120154724,
      "kv_cache_usage_max": 0.2743787859335426,
      "kv_cache_tokens_peak": 94029,
      "kv_cache_size_tokens": 342697,
      "running_max": 32.0,
      "waiting_max": 15.0,
      "preemptions": 0.0,
      "mean_acceptance_length": 1.888224842513326,
      "acceptance_rate": 0.347005742411813
    },
    {
      "concurrency": 64,
      "requests": 256,
      "success_rate": 1.0,
      "warmup_failed": 0,
      "output_tokens_per_second": 1669.1340646399124,
      "ttft_p50_ms": 277.55299350246787,
      "ttft_p95_ms": 4716.254411439877,
      "tpot_p50_ms": 35.3438337757195,
      "tpot_p95_ms": 44.00839878139879,
      "e2e_p95_ms": 13032.263793022139,
      "kv_cache_usage_mean": 0.43584054847677,
      "kv_cache_usage_max": 0.545588767375903,
      "kv_cache_tokens_peak": 186972,
      "kv_cache_size_tokens": 342697,
      "running_max": 64.0,
      "waiting_max": 35.0,
      "preemptions": 0.0,
      "mean_acceptance_length": 1.797361905575002,
      "acceptance_rate": 0.4162173002361959
    },
    {
      "concurrency": 128,
      "requests": 512,
      "success_rate": 1.0,
      "warmup_failed": 0,
      "output_tokens_per_second": 1728.632762919452,
      "ttft_p50_ms": 874.7595305321738,
      "ttft_p95_ms": 8666.589827701682,
      "tpot_p50_ms": 69.5534255343184,
      "tpot_p95_ms": 82.21936326189703,
      "e2e_p95_ms": 26102.754094981356,
      "kv_cache_usage_mean": 0.8748011290689667,
      "kv_cache_usage_max": 0.9997665705715519,
      "kv_cache_tokens_peak": 342617,
      "kv_cache_size_tokens": 342697,
      "running_max": 127.0,
      "waiting_max": 104.0,
      "preemptions": 13.0,
      "mean_acceptance_length": 1.7166138732038747,
      "acceptance_rate": 0.45404965168196165
    },
    {
      "concurrency": 256,
      "requests": 1024,
      "success_rate": 1.0,
      "warmup_failed": 0,
      "output_tokens_per_second": 1732.7599859876564,
      "ttft_p50_ms": 16496.488065517042,
      "ttft_p95_ms": 22710.727621318074,
      "tpot_p50_ms": 70.68774456158333,
      "tpot_p95_ms": 81.76404428188155,
      "e2e_p95_ms": 42802.930379024445,
      "kv_cache_usage_mean": 0.9305448060493237,
      "kv_cache_usage_max": 0.9999649855857328,
      "kv_cache_tokens_peak": 342685,
      "kv_cache_size_tokens": 342697,
      "running_max": 129.0,
      "waiting_max": 219.0,
      "preemptions": 29.0,
      "mean_acceptance_length": 1.6897575692786468,
      "acceptance_rate": 0.4821207668102983
    }
  ]
}
