{
  "requests": {
    "attempted": 64,
    "successful": 64,
    "failed": 0,
    "success_rate": 1.0,
    "requests_per_second": 1.0045382321620973
  },
  "tokens": {
    "prompt": 36013,
    "completion": 11655,
    "output_tokens_per_second": 182.9358296226444,
    "total_tokens_per_second": 748.192632042232
  },
  "latency_ms": {
    "e2e": {
      "count": 64,
      "mean": 995.2555408017361,
      "p50": 1205.6868360377848,
      "p95": 1512.4424340610858,
      "p99": 1617.6252225111239
    },
    "ttft": {
      "count": 64,
      "mean": 39.091087210181286,
      "p50": 34.224776027258486,
      "p95": 57.2971632296685,
      "p99": 62.03375696204602
    },
    "tpot": {
      "count": 64,
      "mean": 5.183963696038376,
      "p50": 5.208400021775162,
      "p95": 6.230402740031541,
      "p99": 6.486399201294583
    },
    "stream_event_gap": {
      "count": 8065,
      "mean": 7.5342158152261645,
      "p50": 7.566250045783818,
      "p95": 7.874227175489068,
      "p99": 8.06888099759817
    }
  },
  "wall_seconds": 63.71086530201137,
  "speculative_decoding": {
    "enabled": true,
    "drafts": 8079.0,
    "draft_tokens": 24237.0,
    "accepted_tokens": 3566.0,
    "acceptance_rate": 0.14713042043157157,
    "mean_acceptance_length": 1.4413912612947146,
    "acceptance_rate_per_position": {
      "0": 0.32330734001732886,
      "1": 0.09481371456863473,
      "2": 0.023270206708751084
    }
  }
}
{
  "requests": {
    "attempted": 64,
    "successful": 64,
    "failed": 0,
    "success_rate": 1.0,
    "requests_per_second": 6.415083346715304
  },
  "tokens": {
    "prompt": 36013,
    "completion": 11454,
    "output_tokens_per_second": 1148.0994477074546,
    "total_tokens_per_second": 4757.886894039614
  },
  "latency_ms": {
    "e2e": {
      "count": 64,
      "mean": 1137.1178231893282,
      "p50": 1365.9110245062038,
      "p95": 1747.0060004852712,
      "p99": 1900.3664131253024
    },
    "ttft": {
      "count": 64,
      "mean": 59.477982020325726,
      "p50": 49.5842614909634,
      "p95": 153.5442113992758,
      "p99": 154.55769437132403
    },
    "tpot": {
      "count": 64,
      "mean": 5.91338567287614,
      "p50": 5.979828202812387,
      "p95": 7.159595202338861,
      "p99": 7.401913588985731
    },
    "stream_event_gap": {
      "count": 7935,
      "mean": 8.643960189273805,
      "p50": 7.965246099047363,
      "p95": 15.680780541151762,
      "p99": 35.0950594060123
    }
  },
  "wall_seconds": 9.976487683947198,
  "speculative_decoding": {
    "enabled": true,
    "drafts": 7950.0,
    "draft_tokens": 23850.0,
    "accepted_tokens": 3500.0,
    "acceptance_rate": 0.14675052410901468,
    "mean_acceptance_length": 1.440251572327044,
    "acceptance_rate_per_position": {
      "0": 0.31987421383647796,
      "1": 0.09547169811320755,
      "2": 0.02490566037735849
    }
  }
}
{
  "requests": {
    "attempted": 64,
    "successful": 64,
    "failed": 0,
    "success_rate": 1.0,
    "requests_per_second": 1.6066993652506105
  },
  "tokens": {
    "prompt": 32336,
    "completion": 12562,
    "output_tokens_per_second": 315.3649597855964,
    "total_tokens_per_second": 1127.1498140784674
  },
  "latency_ms": {
    "e2e": {
      "count": 64,
      "mean": 622.1609361600713,
      "p50": 426.9340039463714,
      "p95": 1552.8618618322064,
      "p99": 1898.546184127917
    },
    "ttft": {
      "count": 64,
      "mean": 35.32706043915823,
      "p50": 37.077275512274355,
      "p95": 46.806351176928715,
      "p99": 53.311647018417716
    },
    "tpot": {
      "count": 64,
      "mean": 2.875575075498195,
      "p50": 2.844694829613566,
      "p95": 3.6489969726977542,
      "p99": 4.017504520124291
    },
    "stream_event_gap": {
      "count": 4962,
      "mean": 7.500011376810967,
      "p50": 7.5654504471458495,
      "p95": 7.79343179310672,
      "p99": 8.018641025992117
    }
  },
  "wall_seconds": 39.83321421802975,
  "speculative_decoding": {
    "enabled": true,
    "drafts": 4980.0,
    "draft_tokens": 14940.0,
    "accepted_tokens": 7585.0,
    "acceptance_rate": 0.5076974564926372,
    "mean_acceptance_length": 2.5230923694779115,
    "acceptance_rate_per_position": {
      "0": 0.7012048192771084,
      "1": 0.4748995983935743,
      "2": 0.3469879518072289
    }
  }
}
{
  "requests": {
    "attempted": 64,
    "successful": 64,
    "failed": 0,
    "success_rate": 1.0,
    "requests_per_second": 8.68940261631832
  },
  "tokens": {
    "prompt": 32336,
    "completion": 12521,
    "output_tokens_per_second": 1700.0001587331512,
    "total_tokens_per_second": 6090.320830627982
  },
  "latency_ms": {
    "e2e": {
      "count": 64,
      "mean": 754.5211178603495,
      "p50": 543.1075579836033,
      "p95": 1951.306336425476,
      "p99": 2130.165817835368
    },
    "ttft": {
      "count": 64,
      "mean": 57.98190159839578,
      "p50": 49.47090445784852,
      "p95": 145.34080987796187,
      "p99": 146.41918041626923
    },
    "tpot": {
      "count": 64,
      "mean": 3.4520143887185397,
      "p50": 3.381455394388368,
      "p95": 4.284855691908568,
      "p99": 4.769226901454729
    },
    "stream_event_gap": {
      "count": 4980,
      "mean": 8.894164834604467,
      "p50": 7.941117975860834,
      "p95": 18.907650030450895,
      "p99": 36.513398953247815
    }
  },
  "wall_seconds": 7.365293429931626,
  "speculative_decoding": {
    "enabled": true,
    "drafts": 4996.0,
    "draft_tokens": 14988.0,
    "accepted_tokens": 7525.0,
    "acceptance_rate": 0.5020683213237257,
    "mean_acceptance_length": 2.506204963971177,
    "acceptance_rate_per_position": {
      "0": 0.694755804643715,
      "1": 0.4709767814251401,
      "2": 0.3404723779023219
    }
  }
}
{
  "requests": {
    "attempted": 64,
    "successful": 64,
    "failed": 0,
    "success_rate": 1.0,
    "requests_per_second": 0.838179320168461
  },
  "tokens": {
    "prompt": 175660,
    "completion": 14259,
    "output_tokens_per_second": 186.74373322315756,
    "total_tokens_per_second": 2487.28403604803
  },
  "latency_ms": {
    "e2e": {
      "count": 64,
      "mean": 1192.7874198190693,
      "p50": 1194.1683944896795,
      "p95": 1754.3186463823072,
      "p99": 2565.7986399671045
    },
    "ttft": {
      "count": 64,
      "mean": 91.80250228018849,
      "p50": 88.40075792977586,
      "p95": 114.3504042585846,
      "p99": 123.86829066439532
    },
    "tpot": {
      "count": 64,
      "mean": 4.930479300752946,
      "p50": 4.914700876283235,
      "p95": 5.571574188348928,
      "p99": 6.027474872663811
    },
    "stream_event_gap": {
      "count": 9126,
      "mean": 7.674739117363789,
      "p50": 7.672406965866685,
      "p95": 8.010219200514257,
      "p99": 8.366248046513647
    }
  },
  "wall_seconds": 76.35597593500279,
  "speculative_decoding": {
    "enabled": true,
    "drafts": 9139.0,
    "draft_tokens": 27417.0,
    "accepted_tokens": 5127.0,
    "acceptance_rate": 0.18700076594813436,
    "mean_acceptance_length": 1.5610022978444031,
    "acceptance_rate_per_position": {
      "0": 0.3912900755006018,
      "1": 0.13196192143560564,
      "2": 0.037750300908195644
    }
  }
}
{
  "requests": {
    "attempted": 64,
    "successful": 64,
    "failed": 0,
    "success_rate": 1.0,
    "requests_per_second": 4.053649801018123
  },
  "tokens": {
    "prompt": 175660,
    "completion": 13640,
    "output_tokens_per_second": 863.9341138419875,
    "total_tokens_per_second": 11989.936052073917
  },
  "latency_ms": {
    "e2e": {
      "count": 64,
      "mean": 1839.431537038763,
      "p50": 1793.9055564929731,
      "p95": 2582.8576046274975,
      "p99": 2758.9044146600636
    },
    "ttft": {
      "count": 64,
      "mean": 166.36476793246402,
      "p50": 111.10910755814984,
      "p95": 605.7882501394488,
      "p99": 749.4297652621754
    },
    "tpot": {
      "count": 64,
      "mean": 8.002388168007343,
      "p50": 7.835501327915614,
      "p95": 10.137836577462783,
      "p99": 10.527594582212748
    },
    "stream_event_gap": {
      "count": 8659,
      "mean": 12.293846148092252,
      "p50": 8.987387991510332,
      "p95": 34.80161770712586,
      "p99": 70.1407337305136
    }
  },
  "wall_seconds": 15.788241002941504,
  "speculative_decoding": {
    "enabled": true,
    "drafts": 8674.0,
    "draft_tokens": 26022.0,
    "accepted_tokens": 4976.0,
    "acceptance_rate": 0.19122281146722003,
    "mean_acceptance_length": 1.57366843440166,
    "acceptance_rate_per_position": {
      "0": 0.396356928752594,
      "1": 0.13995849665667512,
      "2": 0.03735300899239105
    }
  }
}
