{
  "requests": {
    "attempted": 64,
    "successful": 64,
    "failed": 0,
    "success_rate": 1.0,
    "requests_per_second": 0.889338970606552
  },
  "tokens": {
    "prompt": 36013,
    "completion": 11655,
    "output_tokens_per_second": 161.95696410030254,
    "total_tokens_per_second": 662.3907820448925
  },
  "latency_ms": {
    "e2e": {
      "count": 64,
      "mean": 1124.228536238661,
      "p50": 1362.1406694874167,
      "p95": 1697.437371459091,
      "p99": 1804.2981979029719
    },
    "ttft": {
      "count": 64,
      "mean": 40.079106320263236,
      "p50": 38.88052701950073,
      "p95": 57.608598313527175,
      "p99": 61.649481501663104
    },
    "tpot": {
      "count": 64,
      "mean": 5.98559873340574,
      "p50": 5.9295811221276775,
      "p95": 6.891510591535951,
      "p99": 6.937083978820524
    },
    "stream_event_gap": {
      "count": 9836,
      "mean": 7.002635398842625,
      "p50": 7.027771032880992,
      "p95": 7.294578797882423,
      "p99": 7.452241179998963
    }
  },
  "wall_seconds": 71.96356183104217,
  "speculative_decoding": {
    "enabled": true,
    "drafts": 9870.0,
    "draft_tokens": 19740.0,
    "accepted_tokens": 1742.0,
    "acceptance_rate": 0.08824721377912867,
    "mean_acceptance_length": 1.1764944275582574,
    "acceptance_rate_per_position": {
      "0": 0.14994934143870314,
      "1": 0.026545086119554206
    }
  }
}
{
  "requests": {
    "attempted": 64,
    "successful": 64,
    "failed": 0,
    "success_rate": 1.0,
    "requests_per_second": 5.642665397292781
  },
  "tokens": {
    "prompt": 36013,
    "completion": 11563,
    "output_tokens_per_second": 1019.4709373265067,
    "total_tokens_per_second": 4194.616389712521
  },
  "latency_ms": {
    "e2e": {
      "count": 64,
      "mean": 1294.2827539427526,
      "p50": 1500.2202640171163,
      "p95": 1944.621356989955,
      "p99": 2035.6545990309673
    },
    "ttft": {
      "count": 64,
      "mean": 60.45092530439433,
      "p50": 48.61864203121513,
      "p95": 145.01632181345485,
      "p99": 146.2617662374396
    },
    "tpot": {
      "count": 64,
      "mean": 6.8557589267142856,
      "p50": 6.7058760543372795,
      "p95": 8.027850456194193,
      "p99": 8.836375718805598
    },
    "stream_event_gap": {
      "count": 9757,
      "mean": 8.042252526866333,
      "p50": 7.293458911590278,
      "p95": 17.260181158781048,
      "p99": 32.9619078943506
    }
  },
  "wall_seconds": 11.342157560982741,
  "speculative_decoding": {
    "enabled": true,
    "drafts": 9790.0,
    "draft_tokens": 19580.0,
    "accepted_tokens": 1730.0,
    "acceptance_rate": 0.08835546475995915,
    "mean_acceptance_length": 1.1767109295199183,
    "acceptance_rate_per_position": {
      "0": 0.1497446373850868,
      "1": 0.02696629213483146
    }
  }
}
{
  "requests": {
    "attempted": 64,
    "successful": 64,
    "failed": 0,
    "success_rate": 1.0,
    "requests_per_second": 0.8270408426183976
  },
  "tokens": {
    "prompt": 32336,
    "completion": 12562,
    "output_tokens_per_second": 162.33261039019234,
    "total_tokens_per_second": 580.1949961231377
  },
  "latency_ms": {
    "e2e": {
      "count": 64,
      "mean": 1208.9499790436093,
      "p50": 859.2134300270118,
      "p95": 3018.3701602451033,
      "p99": 3310.624369976576
    },
    "ttft": {
      "count": 64,
      "mean": 40.10862578979868,
      "p50": 39.94598001008853,
      "p95": 54.65676047024315,
      "p99": 57.860996533418074
    },
    "tpot": {
      "count": 64,
      "mean": 6.017195809850872,
      "p50": 6.008431156418549,
      "p95": 6.542126295341298,
      "p99": 6.6966104722814634
    },
    "stream_event_gap": {
      "count": 10574,
      "mean": 7.009786905602191,
      "p50": 7.037098985165358,
      "p95": 7.312296441523358,
      "p99": 7.442599948262796
    }
  },
  "wall_seconds": 77.38432820001617,
  "speculative_decoding": {
    "enabled": true,
    "drafts": 10631.0,
    "draft_tokens": 21262.0,
    "accepted_tokens": 1869.0,
    "acceptance_rate": 0.08790330166494215,
    "mean_acceptance_length": 1.1758066033298844,
    "acceptance_rate_per_position": {
      "0": 0.13752234032546326,
      "1": 0.03828426300442103
    }
  }
}
{
  "requests": {
    "attempted": 64,
    "successful": 64,
    "failed": 0,
    "success_rate": 1.0,
    "requests_per_second": 4.6722996266737615
  },
  "tokens": {
    "prompt": 32336,
    "completion": 12733,
    "output_tokens_per_second": 929.5686116630783,
    "total_tokens_per_second": 3290.247998039996
  },
  "latency_ms": {
    "e2e": {
      "count": 64,
      "mean": 1418.9841791667277,
      "p50": 1014.6482275449671,
      "p95": 3430.6838299904475,
      "p99": 4423.605845044367
    },
    "ttft": {
      "count": 64,
      "mean": 55.89194964704802,
      "p50": 45.734751503914595,
      "p95": 145.20790685201064,
      "p99": 145.86504129809327
    },
    "tpot": {
      "count": 64,
      "mean": 6.866559050442592,
      "p50": 6.648124744648378,
      "p95": 8.47199328422887,
      "p99": 10.554117842838956
    },
    "stream_event_gap": {
      "count": 10682,
      "mean": 8.110541808816935,
      "p50": 7.3143380577676,
      "p95": 18.08144720853306,
      "p99": 30.729371827328578
    }
  },
  "wall_seconds": 13.697751667001285,
  "speculative_decoding": {
    "enabled": true,
    "drafts": 10740.0,
    "draft_tokens": 21480.0,
    "accepted_tokens": 1931.0,
    "acceptance_rate": 0.0898975791433892,
    "mean_acceptance_length": 1.1797951582867783,
    "acceptance_rate_per_position": {
      "0": 0.14031657355679703,
      "1": 0.03947858472998138
    }
  }
}
{
  "requests": {
    "attempted": 64,
    "successful": 64,
    "failed": 0,
    "success_rate": 1.0,
    "requests_per_second": 0.6654320688395747
  },
  "tokens": {
    "prompt": 175660,
    "completion": 14259,
    "output_tokens_per_second": 148.25618546224212,
    "total_tokens_per_second": 1974.6592669053623
  },
  "latency_ms": {
    "e2e": {
      "count": 64,
      "mean": 1502.6082801778102,
      "p50": 1434.3041105312295,
      "p95": 2109.871365624713,
      "p99": 3059.1023530752855
    },
    "ttft": {
      "count": 64,
      "mean": 93.29520807841618,
      "p50": 91.66242502396926,
      "p95": 115.75426585623062,
      "p99": 124.69281767262144
    },
    "tpot": {
      "count": 64,
      "mean": 6.318015830590188,
      "p50": 6.36066476378875,
      "p95": 6.882901306324339,
      "p99": 6.949913890435755
    },
    "stream_event_gap": {
      "count": 12594,
      "mean": 7.107188791806496,
      "p50": 7.100537011865526,
      "p95": 7.422116736415774,
      "p99": 7.781926218885928
    }
  },
  "wall_seconds": 96.1781119320076,
  "speculative_decoding": {
    "enabled": true,
    "drafts": 12650.0,
    "draft_tokens": 25300.0,
    "accepted_tokens": 1564.0,
    "acceptance_rate": 0.06181818181818182,
    "mean_acceptance_length": 1.1236363636363635,
    "acceptance_rate_per_position": {
      "0": 0.10703557312252965,
      "1": 0.016600790513833993
    }
  }
}
{
  "requests": {
    "attempted": 64,
    "successful": 64,
    "failed": 0,
    "success_rate": 1.0,
    "requests_per_second": 3.1913896915719415
  },
  "tokens": {
    "prompt": 175660,
    "completion": 13995,
    "output_tokens_per_second": 697.8671677117081,
    "total_tokens_per_second": 9457.234561798072
  },
  "latency_ms": {
    "e2e": {
      "count": 64,
      "mean": 2269.765826715229,
      "p50": 2212.1249430347234,
      "p95": 2946.684727759566,
      "p99": 3489.5498695690158
    },
    "ttft": {
      "count": 64,
      "mean": 167.06599001008726,
      "p50": 109.27969199838117,
      "p95": 620.3015165403485,
      "p99": 759.9975767929573
    },
    "tpot": {
      "count": 64,
      "mean": 9.663347339532502,
      "p50": 9.64080570184273,
      "p95": 10.677317436746591,
      "p99": 11.980720477004574
    },
    "stream_event_gap": {
      "count": 12319,
      "mean": 10.852024480330806,
      "p50": 8.259666967205703,
      "p95": 30.73992386925965,
      "p99": 64.96640710392967
    }
  },
  "wall_seconds": 20.053959617973305,
  "speculative_decoding": {
    "enabled": true,
    "drafts": 12373.0,
    "draft_tokens": 24746.0,
    "accepted_tokens": 1574.0,
    "acceptance_rate": 0.06360623939222501,
    "mean_acceptance_length": 1.12721247878445,
    "acceptance_rate_per_position": {
      "0": 0.1103208599369595,
      "1": 0.016891618847490502
    }
  }
}
