{
  "requests": {
    "attempted": 64,
    "successful": 64,
    "failed": 0,
    "success_rate": 1.0,
    "requests_per_second": 11.02178901157673
  },
  "tokens": {
    "prompt": 8953,
    "completion": 18670,
    "output_tokens_per_second": 3215.2625132208996,
    "total_tokens_per_second": 4757.107466668501
  },
  "latency_ms": {
    "e2e": {
      "count": 64,
      "mean": 671.5767895129829,
      "p50": 701.9932999974117,
      "p95": 1179.213307710597,
      "p99": 1221.3641729741357
    },
    "ttft": {
      "count": 64,
      "mean": 38.84089098391996,
      "p50": 38.6284600244835,
      "p95": 60.19960044068284,
      "p99": 60.62725562835112
    },
    "tpot": {
      "count": 64,
      "mean": 2.1601215063417016,
      "p50": 2.0735754875929833,
      "p95": 2.9787153047393984,
      "p99": 3.218395838016224
    },
    "stream_event_gap": {
      "count": 4336,
      "mean": 9.309815312021565,
      "p50": 8.323704008944333,
      "p95": 17.648063803790137,
      "p99": 28.252767148660496
    }
  },
  "wall_seconds": 5.806679835077375,
  "speculative_decoding": {
    "enabled": true,
    "drafts": 4349.0,
    "draft_tokens": 17396.0,
    "accepted_tokens": 14346.0,
    "acceptance_rate": 0.8246723384686134,
    "mean_acceptance_length": 4.298689353874454,
    "acceptance_rate_per_position": {
      "0": 0.9215911703839963,
      "1": 0.8519199816049666,
      "2": 0.7886870544952863,
      "3": 0.7364911473902046
    }
  },
  "warmup": {
    "requests": 8,
    "failed": 0
  }
}
