{
  "requests": {
    "attempted": 64,
    "successful": 64,
    "failed": 0,
    "success_rate": 1.0,
    "requests_per_second": 4.2082397211164615
  },
  "tokens": {
    "prompt": 8953,
    "completion": 18695,
    "output_tokens_per_second": 1229.2662747855038,
    "total_tokens_per_second": 1817.9595595223113
  },
  "latency_ms": {
    "e2e": {
      "count": 64,
      "mean": 1778.9163296729384,
      "p50": 1970.0541314959992,
      "p95": 2348.327375446388,
      "p99": 2364.1463188316266
    },
    "ttft": {
      "count": 64,
      "mean": 26.972352719894843,
      "p50": 22.862174504552968,
      "p95": 51.38769940167549,
      "p99": 51.57299162558047
    },
    "tpot": {
      "count": 64,
      "mean": 6.027617958644965,
      "p50": 6.0200166567052555,
      "p95": 6.139161293475937,
      "p99": 6.1873803354231125
    },
    "stream_event_gap": {
      "count": 18586,
      "mean": 6.017310237705631,
      "p50": 5.905976999201812,
      "p95": 6.140769000921864,
      "p99": 15.30719219808816
    }
  },
  "wall_seconds": 15.208259092003573,
  "speculative_decoding": {
    "enabled": false
  },
  "warmup": {
    "requests": 8,
    "failed": 0
  }
}
