loadtest opb concurrency=1 requests=128
loadtest opb concurrency=8 requests=128
loadtest opb concurrency=32 requests=128
loadtest opb concurrency=64 requests=256
loadtest opb concurrency=128 requests=512
loadtest opb concurrency=256 requests=1024
{
  "workload": "opb",
  "variant": "dspark-e10-k2",
  "levels": [
    {
      "concurrency": 1,
      "requests": 128,
      "success_rate": 1.0,
      "warmup_failed": 0,
      "output_tokens_per_second": 342.1116528324144,
      "ttft_p50_ms": 27.690059003361966,
      "ttft_p95_ms": 91.77474910611608,
      "tpot_p50_ms": 2.726849798010054,
      "tpot_p95_ms": 3.3426676214285695,
      "e2e_p95_ms": 2990.9605228014693,
      "kv_cache_usage_mean": 0.0030046287383657636,
      "kv_cache_usage_max": 0.01243167247122512,
      "kv_cache_tokens_peak": 4262,
      "kv_cache_size_tokens": 342815,
      "running_max": 1.0,
      "waiting_max": 0.0,
      "preemptions": 0.0,
      "mean_acceptance_length": 2.641045481901814,
      "acceptance_rate": 0.820522740950907
    },
    {
      "concurrency": 8,
      "requests": 128,
      "success_rate": 1.0,
      "warmup_failed": 0,
      "output_tokens_per_second": 2243.9357864490426,
      "ttft_p50_ms": 34.42834250017768,
      "ttft_p95_ms": 135.74579210035154,
      "tpot_p50_ms": 3.150583978988434,
      "tpot_p95_ms": 3.896931221303698,
      "e2e_p95_ms": 3704.302235251089,
      "kv_cache_usage_mean": 0.021856475312083557,
      "kv_cache_usage_max": 0.04454634021129755,
      "kv_cache_tokens_peak": 15271,
      "kv_cache_size_tokens": 342815,
      "running_max": 8.0,
      "waiting_max": 0.0,
      "preemptions": 0.0,
      "mean_acceptance_length": 2.6389447989379473,
      "acceptance_rate": 0.8194723994689735
    },
    {
      "concurrency": 32,
      "requests": 128,
      "success_rate": 1.0,
      "warmup_failed": 0,
      "output_tokens_per_second": 4866.444248046937,
      "ttft_p50_ms": 62.59665350080468,
      "ttft_p95_ms": 565.8668491509161,
      "tpot_p50_ms": 4.907780234864386,
      "tpot_p95_ms": 6.159025674302282,
      "e2e_p95_ms": 5292.099784348101,
      "kv_cache_usage_mean": 0.07057418683453441,
      "kv_cache_usage_max": 0.1069205504704901,
      "kv_cache_tokens_peak": 36654,
      "kv_cache_size_tokens": 342815,
      "running_max": 32.0,
      "waiting_max": 0.0,
      "preemptions": 0.0,
      "mean_acceptance_length": 2.6433385173665114,
      "acceptance_rate": 0.8216692586832556
    },
    {
      "concurrency": 64,
      "requests": 256,
      "success_rate": 1.0,
      "warmup_failed": 0,
      "output_tokens_per_second": 6785.251419676245,
      "ttft_p50_ms": 81.3105454944889,
      "ttft_p95_ms": 1082.582883995201,
      "tpot_p50_ms": 7.0446961155247365,
      "tpot_p95_ms": 9.577555063044539,
      "e2e_p95_ms": 7773.453277754015,
      "kv_cache_usage_mean": 0.1519708598848941,
      "kv_cache_usage_max": 0.21621542787471493,
      "kv_cache_tokens_peak": 74122,
      "kv_cache_size_tokens": 342815,
      "running_max": 64.0,
      "waiting_max": 0.0,
      "preemptions": 0.0,
      "mean_acceptance_length": 2.637700621629232,
      "acceptance_rate": 0.8188503108146159
    },
    {
      "concurrency": 128,
      "requests": 512,
      "success_rate": 1.0,
      "warmup_failed": 0,
      "output_tokens_per_second": 8367.714616102752,
      "ttft_p50_ms": 133.5492915022769,
      "ttft_p95_ms": 1880.777207751812,
      "tpot_p50_ms": 12.586037202162276,
      "tpot_p95_ms": 17.834155723622715,
      "e2e_p95_ms": 13631.10824224641,
      "kv_cache_usage_mean": 0.31283536638723114,
      "kv_cache_usage_max": 0.4449033643104243,
      "kv_cache_tokens_peak": 152520,
      "kv_cache_size_tokens": 342815,
      "running_max": 128.0,
      "waiting_max": 49.0,
      "preemptions": 0.0,
      "mean_acceptance_length": 2.6473779773735724,
      "acceptance_rate": 0.8236889886867862
    },
    {
      "concurrency": 256,
      "requests": 1024,
      "success_rate": 1.0,
      "warmup_failed": 0,
      "output_tokens_per_second": 9164.466817821189,
      "ttft_p50_ms": 235.6303380074678,
      "ttft_p95_ms": 3673.2454051001273,
      "tpot_p50_ms": 24.19124612272769,
      "tpot_p95_ms": 33.05711511040498,
      "e2e_p95_ms": 26567.009456449883,
      "kv_cache_usage_mean": 0.6516812261370852,
      "kv_cache_usage_max": 0.8579954146904916,
      "kv_cache_tokens_peak": 294134,
      "kv_cache_size_tokens": 342815,
      "running_max": 256.0,
      "waiting_max": 166.0,
      "preemptions": 0.0,
      "mean_acceptance_length": 2.647877923406088,
      "acceptance_rate": 0.8239389617030438
    }
  ]
}
