{
  "requests": {
    "attempted": 64,
    "successful": 64,
    "failed": 0,
    "success_rate": 1.0,
    "requests_per_second": 17.6822819762696
  },
  "tokens": {
    "prompt": 8953,
    "completion": 18736,
    "output_tokens_per_second": 5176.488048552925,
    "total_tokens_per_second": 7650.073525639515
  },
  "latency_ms": {
    "e2e": {
      "count": 64,
      "mean": 427.31113685977107,
      "p50": 447.63072350178845,
      "p95": 599.8629433452152,
      "p99": 633.344003659149
    },
    "ttft": {
      "count": 64,
      "mean": 38.160919189976994,
      "p50": 36.514832492684945,
      "p95": 61.65357590507483,
      "p99": 61.89509158662986
    },
    "tpot": {
      "count": 64,
      "mean": 1.339988990403193,
      "p50": 1.3228320941855225,
      "p95": 1.5658896179345025,
      "p99": 1.750455578657546
    },
    "stream_event_gap": {
      "count": 2821,
      "mean": 8.79253555503436,
      "p50": 8.399440004723147,
      "p95": 17.61923701269552,
      "p99": 20.16595739405603
    }
  },
  "wall_seconds": 3.619442337017972,
  "speculative_decoding": {
    "enabled": true,
    "drafts": 2831.0,
    "draft_tokens": 19817.0,
    "accepted_tokens": 15979.0,
    "acceptance_rate": 0.8063279002876318,
    "mean_acceptance_length": 6.644295302013423,
    "acceptance_rate_per_position": {
      "0": 0.9558459908159661,
      "1": 0.9025079477216531,
      "2": 0.8519957612151183,
      "3": 0.8053691275167785,
      "4": 0.7612151183327446,
      "5": 0.708230307311904,
      "6": 0.6591310490992582
    }
  },
  "warmup": {
    "requests": 8,
    "failed": 0
  }
}
