loadtest summarization concurrency=1 requests=128
loadtest summarization concurrency=8 requests=128
loadtest summarization concurrency=32 requests=128
loadtest summarization concurrency=64 requests=256
loadtest summarization concurrency=128 requests=512
loadtest summarization concurrency=256 requests=1024
{
  "workload": "summarization",
  "variant": "dspark-e10-k7-w1024",
  "levels": [
    {
      "concurrency": 1,
      "requests": 128,
      "success_rate": 1.0,
      "warmup_failed": 0,
      "output_tokens_per_second": 223.3396816853502,
      "ttft_p50_ms": 84.1280890017515,
      "ttft_p95_ms": 124.05260259256465,
      "tpot_p50_ms": 4.089895907878553,
      "tpot_p95_ms": 5.211687370308995,
      "e2e_p95_ms": 1546.6269688986354,
      "kv_cache_usage_mean": 0.006310380334929648,
      "kv_cache_usage_max": 0.01121031746031742,
      "kv_cache_tokens_peak": 3842,
      "kv_cache_size_tokens": 342701,
      "running_max": 1.0,
      "waiting_max": 0.0,
      "preemptions": 0.0,
      "mean_acceptance_length": 1.9339714924538849,
      "acceptance_rate": 0.13342449892198355
    },
    {
      "concurrency": 8,
      "requests": 128,
      "success_rate": 1.0,
      "warmup_failed": 0,
      "output_tokens_per_second": 980.4336213157895,
      "ttft_p50_ms": 112.97122448740993,
      "ttft_p95_ms": 439.8354758362962,
      "tpot_p50_ms": 7.287716085948974,
      "tpot_p95_ms": 9.060391496928009,
      "e2e_p95_ms": 2504.547993239248,
      "kv_cache_usage_mean": 0.05526276602595061,
      "kv_cache_usage_max": 0.07379785247432302,
      "kv_cache_tokens_peak": 25291,
      "kv_cache_size_tokens": 342701,
      "running_max": 8.0,
      "waiting_max": 0.0,
      "preemptions": 0.0,
      "mean_acceptance_length": 1.9483122362869199,
      "acceptance_rate": 0.13547317661241712
    },
    {
      "concurrency": 32,
      "requests": 128,
      "success_rate": 1.0,
      "warmup_failed": 0,
      "output_tokens_per_second": 1441.805306825857,
      "ttft_p50_ms": 271.25394200265873,
      "ttft_p95_ms": 2585.3854953995324,
      "tpot_p50_ms": 19.12951116748014,
      "tpot_p95_ms": 24.935551213340673,
      "e2e_p95_ms": 6766.36056054558,
      "kv_cache_usage_mean": 0.19549632352941176,
      "kv_cache_usage_max": 0.26153127917833796,
      "kv_cache_tokens_peak": 89627,
      "kv_cache_size_tokens": 342701,
      "running_max": 32.0,
      "waiting_max": 18.0,
      "preemptions": 0.0,
      "mean_acceptance_length": 1.9318469545646364,
      "acceptance_rate": 0.13312099350923376
    },
    {
      "concurrency": 64,
      "requests": 256,
      "success_rate": 1.0,
      "warmup_failed": 0,
      "output_tokens_per_second": 1561.5428882998401,
      "ttft_p50_ms": 381.612387514906,
      "ttft_p95_ms": 4857.214837502397,
      "tpot_p50_ms": 35.722039795696375,
      "tpot_p95_ms": 48.88772545890478,
      "e2e_p95_ms": 14802.931236503355,
      "kv_cache_usage_mean": 0.4206929531071688,
      "kv_cache_usage_max": 0.527561858076564,
      "kv_cache_tokens_peak": 180796,
      "kv_cache_size_tokens": 342701,
      "running_max": 64.0,
      "waiting_max": 40.0,
      "preemptions": 0.0,
      "mean_acceptance_length": 1.9482077237745268,
      "acceptance_rate": 0.13545824625350383
    },
    {
      "concurrency": 128,
      "requests": 512,
      "success_rate": 1.0,
      "warmup_failed": 0,
      "output_tokens_per_second": 1631.6261732927821,
      "ttft_p50_ms": 605.9783164964756,
      "ttft_p95_ms": 9213.015781290596,
      "tpot_p50_ms": 67.67640270027991,
      "tpot_p95_ms": 99.44697706070774,
      "e2e_p95_ms": 31910.354446165722,
      "kv_cache_usage_mean": 0.8417769523268244,
      "kv_cache_usage_max": 0.9989028944911298,
      "kv_cache_tokens_peak": 342325,
      "kv_cache_size_tokens": 342701,
      "running_max": 128.0,
      "waiting_max": 105.0,
      "preemptions": 1.0,
      "mean_acceptance_length": 1.951758128842369,
      "acceptance_rate": 0.1359654469774813
    },
    {
      "concurrency": 256,
      "requests": 1024,
      "success_rate": 1.0,
      "warmup_failed": 0,
      "output_tokens_per_second": 1614.3898961078246,
      "ttft_p50_ms": 17119.649737505824,
      "ttft_p95_ms": 24306.169695012795,
      "tpot_p50_ms": 75.89274984709142,
      "tpot_p95_ms": 105.94084089622154,
      "e2e_p95_ms": 48229.84846429026,
      "kv_cache_usage_mean": 0.9252938405578058,
      "kv_cache_usage_max": 0.9999416433239963,
      "kv_cache_tokens_peak": 342681,
      "kv_cache_size_tokens": 342701,
      "running_max": 136.0,
      "waiting_max": 224.0,
      "preemptions": 24.0,
      "mean_acceptance_length": 1.9504308098530383,
      "acceptance_rate": 0.13577582997900547
    }
  ]
}
