loadtest summarization concurrency=1 requests=128
loadtest summarization concurrency=8 requests=128
loadtest summarization concurrency=32 requests=128
loadtest summarization concurrency=64 requests=256
loadtest summarization concurrency=128 requests=512
loadtest summarization concurrency=256 requests=1024
{
  "workload": "summarization",
  "variant": "dspark-e10-k7-gs2",
  "levels": [
    {
      "concurrency": 1,
      "requests": 128,
      "success_rate": 1.0,
      "warmup_failed": 0,
      "output_tokens_per_second": 242.9588196889756,
      "ttft_p50_ms": 80.7286929921247,
      "ttft_p95_ms": 117.89435990503989,
      "tpot_p50_ms": 3.6518257810622465,
      "tpot_p95_ms": 5.005436938444383,
      "e2e_p95_ms": 1524.2004705476563,
      "kv_cache_usage_mean": 0.006758167027399,
      "kv_cache_usage_max": 0.010658487223120905,
      "kv_cache_tokens_peak": 3845,
      "kv_cache_size_tokens": 360723,
      "running_max": 1.0,
      "waiting_max": 0.0,
      "preemptions": 0.0,
      "mean_acceptance_length": 2.117896329928112,
      "acceptance_rate": 0.159699475704016
    },
    {
      "concurrency": 8,
      "requests": 128,
      "success_rate": 1.0,
      "warmup_failed": 0,
      "output_tokens_per_second": 1036.5348769696764,
      "ttft_p50_ms": 111.36568000074476,
      "ttft_p95_ms": 408.7478453118799,
      "tpot_p50_ms": 6.853820733144677,
      "tpot_p95_ms": 8.47320223246636,
      "e2e_p95_ms": 2348.5423248552247,
      "kv_cache_usage_mean": 0.05446711584095423,
      "kv_cache_usage_max": 0.07175454199551345,
      "kv_cache_tokens_peak": 25884,
      "kv_cache_size_tokens": 360723,
      "running_max": 8.0,
      "waiting_max": 0.0,
      "preemptions": 0.0,
      "mean_acceptance_length": 2.1077675093561448,
      "acceptance_rate": 0.15825250133659208
    },
    {
      "concurrency": 32,
      "requests": 128,
      "success_rate": 1.0,
      "warmup_failed": 0,
      "output_tokens_per_second": 1543.9922032710556,
      "ttft_p50_ms": 288.7394590070471,
      "ttft_p95_ms": 2525.3247596148867,
      "tpot_p50_ms": 17.896254677834996,
      "tpot_p95_ms": 23.683583314587594,
      "e2e_p95_ms": 6229.453440511132,
      "kv_cache_usage_mean": 0.204513970752057,
      "kv_cache_usage_max": 0.25600677885389744,
      "kv_cache_tokens_peak": 92348,
      "kv_cache_size_tokens": 360723,
      "running_max": 32.0,
      "waiting_max": 18.0,
      "preemptions": 0.0,
      "mean_acceptance_length": 2.12336664104535,
      "acceptance_rate": 0.16048094872076424
    },
    {
      "concurrency": 64,
      "requests": 256,
      "success_rate": 1.0,
      "warmup_failed": 0,
      "output_tokens_per_second": 1634.22496922889,
      "ttft_p50_ms": 380.0031675491482,
      "ttft_p95_ms": 5001.082511997083,
      "tpot_p50_ms": 33.82864241907373,
      "tpot_p95_ms": 47.720156742937604,
      "e2e_p95_ms": 13867.740390938707,
      "kv_cache_usage_mean": 0.41650714362511326,
      "kv_cache_usage_max": 0.5101367675791508,
      "kv_cache_tokens_peak": 184018,
      "kv_cache_size_tokens": 360723,
      "running_max": 64.0,
      "waiting_max": 38.0,
      "preemptions": 0.0,
      "mean_acceptance_length": 2.1203814064362336,
      "acceptance_rate": 0.16005448663374766
    },
    {
      "concurrency": 128,
      "requests": 512,
      "success_rate": 1.0,
      "warmup_failed": 0,
      "output_tokens_per_second": 1702.9856879958659,
      "ttft_p50_ms": 587.5704159843735,
      "ttft_p95_ms": 8920.90694265207,
      "tpot_p50_ms": 62.68530316132647,
      "tpot_p95_ms": 98.13113441504305,
      "e2e_p95_ms": 30422.367038420634,
      "kv_cache_usage_mean": 0.8345983351298588,
      "kv_cache_usage_max": 0.9779290414597879,
      "kv_cache_tokens_peak": 352761,
      "kv_cache_size_tokens": 360723,
      "running_max": 128.0,
      "waiting_max": 104.0,
      "preemptions": 0.0,
      "mean_acceptance_length": 2.117687701520037,
      "acceptance_rate": 0.15966967164571955
    },
    {
      "concurrency": 256,
      "requests": 1024,
      "success_rate": 1.0,
      "warmup_failed": 0,
      "output_tokens_per_second": 1696.7235357753636,
      "ttft_p50_ms": 15965.56852402864,
      "ttft_p95_ms": 22662.254551291673,
      "tpot_p50_ms": 71.09789740541592,
      "tpot_p95_ms": 104.79853506816245,
      "e2e_p95_ms": 45794.37752451049,
      "kv_cache_usage_mean": 0.9261542519657185,
      "kv_cache_usage_max": 0.9995938290020099,
      "kv_cache_tokens_peak": 360576,
      "kv_cache_size_tokens": 360723,
      "running_max": 136.0,
      "waiting_max": 230.0,
      "preemptions": 13.0,
      "mean_acceptance_length": 2.1166637912856787,
      "acceptance_rate": 0.15952339875509697
    }
  ]
}
