{
  "requests": {
    "attempted": 64,
    "successful": 64,
    "failed": 0,
    "success_rate": 1.0,
    "requests_per_second": 16.8047402814326
  },
  "tokens": {
    "prompt": 8953,
    "completion": 18650,
    "output_tokens_per_second": 4897.006347636218,
    "total_tokens_per_second": 7247.831968568501
  },
  "latency_ms": {
    "e2e": {
      "count": 64,
      "mean": 450.9327190971817,
      "p50": 477.5285114883445,
      "p95": 628.830962057691,
      "p99": 674.2448155046438
    },
    "ttft": {
      "count": 64,
      "mean": 45.00813343838672,
      "p50": 37.735590944066644,
      "p95": 77.95322289457545,
      "p99": 78.2943126023747
    },
    "tpot": {
      "count": 64,
      "mean": 1.404559658438762,
      "p50": 1.3798249680036094,
      "p95": 1.6730039053514856,
      "p99": 1.952289167866409
    },
    "stream_event_gap": {
      "count": 2806,
      "mean": 9.226719127957665,
      "p50": 8.183647994883358,
      "p95": 21.743069228250533,
      "p99": 24.33950421982445
    }
  },
  "wall_seconds": 3.808449218980968,
  "speculative_decoding": {
    "enabled": true,
    "drafts": 2816.0,
    "draft_tokens": 19712.0,
    "accepted_tokens": 15910.0,
    "acceptance_rate": 0.807122564935065,
    "mean_acceptance_length": 6.649857954545454,
    "acceptance_rate_per_position": {
      "0": 0.9563210227272727,
      "1": 0.9051846590909091,
      "2": 0.8551136363636364,
      "3": 0.8082386363636364,
      "4": 0.7592329545454546,
      "5": 0.7059659090909091,
      "6": 0.6598011363636364
    }
  },
  "warmup": {
    "requests": 8,
    "failed": 0
  }
}
