loadtest summarization concurrency=1 requests=128
loadtest summarization concurrency=8 requests=128
loadtest summarization concurrency=32 requests=128
loadtest summarization concurrency=64 requests=256
loadtest summarization concurrency=128 requests=512
loadtest summarization concurrency=256 requests=1024
{
  "workload": "summarization",
  "variant": "dspark-e10-k7-w1024-gs1",
  "levels": [
    {
      "concurrency": 1,
      "requests": 128,
      "success_rate": 1.0,
      "warmup_failed": 0,
      "output_tokens_per_second": 222.0704139363458,
      "ttft_p50_ms": 83.6794669739902,
      "ttft_p95_ms": 123.76851770677604,
      "tpot_p50_ms": 4.1085826148761395,
      "tpot_p95_ms": 5.233307839355532,
      "e2e_p95_ms": 1553.9193829754363,
      "kv_cache_usage_mean": 0.006303398418032146,
      "kv_cache_usage_max": 0.010207976133924546,
      "kv_cache_tokens_peak": 3782,
      "kv_cache_size_tokens": 370475,
      "running_max": 1.0,
      "waiting_max": 0.0,
      "preemptions": 0.0,
      "mean_acceptance_length": 1.9339714924538849,
      "acceptance_rate": 0.13342449892198355
    },
    {
      "concurrency": 8,
      "requests": 128,
      "success_rate": 1.0,
      "warmup_failed": 0,
      "output_tokens_per_second": 985.0532171819322,
      "ttft_p50_ms": 120.5624490394257,
      "ttft_p95_ms": 443.88256620731937,
      "tpot_p50_ms": 7.1775189277711124,
      "tpot_p95_ms": 8.896110186842188,
      "e2e_p95_ms": 2513.29806348076,
      "kv_cache_usage_mean": 0.049421634281548395,
      "kv_cache_usage_max": 0.06796252484590581,
      "kv_cache_tokens_peak": 25178,
      "kv_cache_size_tokens": 370475,
      "running_max": 8.0,
      "waiting_max": 0.0,
      "preemptions": 0.0,
      "mean_acceptance_length": 1.9454762909807233,
      "acceptance_rate": 0.13506804156867475
    },
    {
      "concurrency": 32,
      "requests": 128,
      "success_rate": 1.0,
      "warmup_failed": 0,
      "output_tokens_per_second": 1497.4239073652466,
      "ttft_p50_ms": 266.5614050347358,
      "ttft_p95_ms": 2447.4280048801993,
      "tpot_p50_ms": 18.3062308281052,
      "tpot_p95_ms": 24.23774169838738,
      "e2e_p95_ms": 6595.917938492494,
      "kv_cache_usage_mean": 0.1901697043628234,
      "kv_cache_usage_max": 0.2461795954858943,
      "kv_cache_tokens_peak": 91203,
      "kv_cache_size_tokens": 370475,
      "running_max": 32.0,
      "waiting_max": 17.0,
      "preemptions": 0.0,
      "mean_acceptance_length": 1.934550031466331,
      "acceptance_rate": 0.13350714735233302
    },
    {
      "concurrency": 64,
      "requests": 256,
      "success_rate": 1.0,
      "warmup_failed": 0,
      "output_tokens_per_second": 1597.2329846524785,
      "ttft_p50_ms": 375.3336434601806,
      "ttft_p95_ms": 4788.18731624051,
      "tpot_p50_ms": 35.20845786085431,
      "tpot_p95_ms": 47.646039345103375,
      "e2e_p95_ms": 14486.44309147494,
      "kv_cache_usage_mean": 0.37810203411243815,
      "kv_cache_usage_max": 0.47891118033663216,
      "kv_cache_tokens_peak": 177425,
      "kv_cache_size_tokens": 370475,
      "running_max": 64.0,
      "waiting_max": 48.0,
      "preemptions": 0.0,
      "mean_acceptance_length": 1.9514029102555175,
      "acceptance_rate": 0.13591470146507395
    },
    {
      "concurrency": 128,
      "requests": 512,
      "success_rate": 1.0,
      "warmup_failed": 0,
      "output_tokens_per_second": 1663.7872705769441,
      "ttft_p50_ms": 573.3672360074706,
      "ttft_p95_ms": 8790.81263585831,
      "tpot_p50_ms": 65.92403798717402,
      "tpot_p95_ms": 97.620913734641,
      "e2e_p95_ms": 30881.42748561222,
      "kv_cache_usage_mean": 0.7669363068069355,
      "kv_cache_usage_max": 0.913200689557775,
      "kv_cache_tokens_peak": 338318,
      "kv_cache_size_tokens": 370475,
      "running_max": 128.0,
      "waiting_max": 102.0,
      "preemptions": 0.0,
      "mean_acceptance_length": 1.9505965179995837,
      "acceptance_rate": 0.1357995025713691
    },
    {
      "concurrency": 256,
      "requests": 1024,
      "success_rate": 1.0,
      "warmup_failed": 0,
      "output_tokens_per_second": 1667.2310758285187,
      "ttft_p50_ms": 15129.694601986557,
      "ttft_p95_ms": 22715.335762681207,
      "tpot_p50_ms": 79.1566427059436,
      "tpot_p95_ms": 110.82059578699541,
      "e2e_p95_ms": 47926.653349073604,
      "kv_cache_usage_mean": 0.9192319900928052,
      "kv_cache_usage_max": 0.9996136702377854,
      "kv_cache_tokens_peak": 370332,
      "kv_cache_size_tokens": 370475,
      "running_max": 147.0,
      "waiting_max": 219.0,
      "preemptions": 14.0,
      "mean_acceptance_length": 1.9501882068623786,
      "acceptance_rate": 0.13574117240891123
    }
  ]
}
