loadtest summarization concurrency=2 requests=128
loadtest summarization concurrency=16 requests=128
loadtest summarization concurrency=64 requests=256
loadtest summarization concurrency=128 requests=512
loadtest summarization concurrency=256 requests=1024
loadtest summarization concurrency=512 requests=2048
{
  "workload": "summarization",
  "variant": "pd-plain",
  "levels": [
    {
      "concurrency": 2,
      "requests": 128,
      "success_rate": 1.0,
      "warmup_failed": 0,
      "output_tokens_per_second": 285.00441463423596,
      "ttft_p50_ms": 191.458823508583,
      "ttft_p95_ms": 274.4376734364778,
      "tpot_p50_ms": 6.077211210232936,
      "tpot_p95_ms": 6.274757005504297,
      "e2e_p95_ms": 2305.04003347596,
      "kv_cache_usage_mean": 0.01087267763664518,
      "kv_cache_usage_max": 0.016959542296689833,
      "kv_cache_tokens_peak": 7968,
      "kv_cache_size_tokens": 469840,
      "running_max": 2.0,
      "waiting_max": 1.0,
      "preemptions": 0.0,
      "mean_acceptance_length": null,
      "acceptance_rate": null
    },
    {
      "concurrency": 16,
      "requests": 128,
      "success_rate": 1.0,
      "warmup_failed": 0,
      "output_tokens_per_second": 1388.2262207745148,
      "ttft_p50_ms": 237.941341008991,
      "ttft_p95_ms": 1211.8371955642942,
      "tpot_p50_ms": 8.755508620729803,
      "tpot_p95_ms": 9.526722594107245,
      "e2e_p95_ms": 2992.3828052938916,
      "kv_cache_usage_mean": 0.07330574853562184,
      "kv_cache_usage_max": 0.10778504290968538,
      "kv_cache_tokens_peak": 50642,
      "kv_cache_size_tokens": 469840,
      "running_max": 16.0,
      "waiting_max": 4.0,
      "preemptions": 0.0,
      "mean_acceptance_length": null,
      "acceptance_rate": null
    },
    {
      "concurrency": 64,
      "requests": 256,
      "success_rate": 1.0,
      "warmup_failed": 0,
      "output_tokens_per_second": 2278.0978572892423,
      "ttft_p50_ms": 1916.673317027744,
      "ttft_p95_ms": 4922.503305278951,
      "tpot_p50_ms": 15.187422985418191,
      "tpot_p95_ms": 17.55289903608706,
      "e2e_p95_ms": 7935.785653244238,
      "kv_cache_usage_mean": 0.1968178722244926,
      "kv_cache_usage_max": 0.3350360986241656,
      "kv_cache_tokens_peak": 157413,
      "kv_cache_size_tokens": 469840,
      "running_max": 55.0,
      "waiting_max": 5.0,
      "preemptions": 0.0,
      "mean_acceptance_length": null,
      "acceptance_rate": null
    },
    {
      "concurrency": 128,
      "requests": 512,
      "success_rate": 1.0,
      "warmup_failed": 0,
      "output_tokens_per_second": 2472.6426516743363,
      "ttft_p50_ms": 6683.932118990924,
      "ttft_p95_ms": 9021.833478304325,
      "tpot_p50_ms": 15.919626265976696,
      "tpot_p95_ms": 17.085355624906665,
      "e2e_p95_ms": 13428.442780859768,
      "kv_cache_usage_mean": 0.2308798377453874,
      "kv_cache_usage_max": 0.30857512600463155,
      "kv_cache_tokens_peak": 144981,
      "kv_cache_size_tokens": 469840,
      "running_max": 51.0,
      "waiting_max": 6.0,
      "preemptions": 0.0,
      "mean_acceptance_length": null,
      "acceptance_rate": null
    },
    {
      "concurrency": 256,
      "requests": 1024,
      "success_rate": 1.0,
      "warmup_failed": 0,
      "output_tokens_per_second": 2594.8654024541916,
      "ttft_p50_ms": 16843.198026530445,
      "ttft_p95_ms": 18315.52786808461,
      "tpot_p50_ms": 16.059544502858188,
      "tpot_p95_ms": 16.940536286563805,
      "e2e_p95_ms": 22481.342285446583,
      "kv_cache_usage_mean": 0.24721300881002842,
      "kv_cache_usage_max": 0.3332652227217,
      "kv_cache_tokens_peak": 156581,
      "kv_cache_size_tokens": 469840,
      "running_max": 54.0,
      "waiting_max": 6.0,
      "preemptions": 0.0,
      "mean_acceptance_length": null,
      "acceptance_rate": null
    },
    {
      "concurrency": 512,
      "requests": 2048,
      "success_rate": 1.0,
      "warmup_failed": 0,
      "output_tokens_per_second": 2648.8922687530753,
      "ttft_p50_ms": 37154.51829653466,
      "ttft_p95_ms": 38012.65375687508,
      "tpot_p50_ms": 15.962146531613637,
      "tpot_p95_ms": 16.959733163082664,
      "e2e_p95_ms": 42515.90176311438,
      "kv_cache_usage_mean": 0.25842980977154806,
      "kv_cache_usage_max": 0.3384756845116469,
      "kv_cache_tokens_peak": 159029,
      "kv_cache_size_tokens": 469840,
      "running_max": 55.0,
      "waiting_max": 7.0,
      "preemptions": 0.0,
      "mean_acceptance_length": null,
      "acceptance_rate": null
    }
  ]
}
