{
  "requests": {
    "attempted": 64,
    "successful": 64,
    "failed": 0,
    "success_rate": 1.0,
    "requests_per_second": 0.8974018716954578
  },
  "tokens": {
    "prompt": 36013,
    "completion": 11655,
    "output_tokens_per_second": 163.42529397829,
    "total_tokens_per_second": 668.3961315621732
  },
  "latency_ms": {
    "e2e": {
      "count": 64,
      "mean": 1114.0797158332134,
      "p50": 1335.0067859282717,
      "p95": 1700.9299327211918,
      "p99": 1816.3677412376271
    },
    "ttft": {
      "count": 64,
      "mean": 40.26924807112664,
      "p50": 40.56332248728722,
      "p95": 56.40961301978677,
      "p99": 64.50340272858739
    },
    "tpot": {
      "count": 64,
      "mean": 5.807327382616454,
      "p50": 5.814124359092631,
      "p95": 7.033933032783703,
      "p99": 7.328739684104777
    },
    "stream_event_gap": {
      "count": 8025,
      "mean": 8.514252224591825,
      "p50": 8.552842075005174,
      "p95": 8.80366275086999,
      "p99": 9.078122903592885
    }
  },
  "wall_seconds": 71.31698965490796,
  "speculative_decoding": {
    "enabled": true,
    "drafts": 8039.0,
    "draft_tokens": 40195.0,
    "accepted_tokens": 3609.0,
    "acceptance_rate": 0.08978728697599205,
    "mean_acceptance_length": 1.4489364348799603,
    "acceptance_rate_per_position": {
      "0": 0.323423311357134,
      "1": 0.0946635153626073,
      "2": 0.023261599701455405,
      "3": 0.006219679064560269,
      "4": 0.0013683293942032592
    }
  }
}
{
  "requests": {
    "attempted": 64,
    "successful": 64,
    "failed": 0,
    "success_rate": 1.0,
    "requests_per_second": 5.642311827448792
  },
  "tokens": {
    "prompt": 36013,
    "completion": 11649,
    "output_tokens_per_second": 1026.988913717984,
    "total_tokens_per_second": 4201.9354112478795
  },
  "latency_ms": {
    "e2e": {
      "count": 64,
      "mean": 1296.7713449233997,
      "p50": 1549.8043350526132,
      "p95": 1951.8312133324798,
      "p99": 2176.3782665366307
    },
    "ttft": {
      "count": 64,
      "mean": 62.6032560976455,
      "p50": 50.72734405985102,
      "p95": 152.54804855212566,
      "p99": 153.88300888007507
    },
    "tpot": {
      "count": 64,
      "mean": 6.647332055959385,
      "p50": 6.814285898028269,
      "p95": 8.145872659168624,
      "p99": 8.373113065439789
    },
    "stream_event_gap": {
      "count": 7994,
      "mean": 9.837277996547666,
      "p50": 9.110584040172398,
      "p95": 18.061384157044813,
      "p99": 35.68594271433539
    }
  },
  "wall_seconds": 11.342868305975571,
  "speculative_decoding": {
    "enabled": true,
    "drafts": 8008.0,
    "draft_tokens": 40040.0,
    "accepted_tokens": 3626.0,
    "acceptance_rate": 0.09055944055944055,
    "mean_acceptance_length": 1.452797202797203,
    "acceptance_rate_per_position": {
      "0": 0.3256743256743257,
      "1": 0.09502997002997003,
      "2": 0.0236013986013986,
      "3": 0.006993006993006993,
      "4": 0.0014985014985014985
    }
  }
}
{
  "requests": {
    "attempted": 64,
    "successful": 64,
    "failed": 0,
    "success_rate": 1.0,
    "requests_per_second": 1.6036335578981127
  },
  "tokens": {
    "prompt": 32336,
    "completion": 12562,
    "output_tokens_per_second": 314.7631992861889,
    "total_tokens_per_second": 1124.9990544142104
  },
  "latency_ms": {
    "e2e": {
      "count": 64,
      "mean": 623.3376855489041,
      "p50": 415.80874647479504,
      "p95": 1550.9723417868368,
      "p99": 2029.1648118197913
    },
    "ttft": {
      "count": 64,
      "mean": 37.657107117411215,
      "p50": 41.00807604845613,
      "p95": 52.03341094311325,
      "p99": 58.99287420557812
    },
    "tpot": {
      "count": 64,
      "mean": 2.8106678299006536,
      "p50": 2.8178823517269587,
      "p95": 3.760111091433305,
      "p99": 4.303185037948891
    },
    "stream_event_gap": {
      "count": 4386,
      "mean": 8.471298936129761,
      "p50": 8.556890010368079,
      "p95": 8.818936970783398,
      "p99": 9.050992369884625
    }
  },
  "wall_seconds": 39.90936687798239,
  "speculative_decoding": {
    "enabled": true,
    "drafts": 4394.0,
    "draft_tokens": 21970.0,
    "accepted_tokens": 8195.0,
    "acceptance_rate": 0.37300864815657714,
    "mean_acceptance_length": 2.865043240782886,
    "acceptance_rate_per_position": {
      "0": 0.6850250341374602,
      "1": 0.45448338643604913,
      "2": 0.31679563040509784,
      "3": 0.23099681383705054,
      "4": 0.17774237596722803
    }
  }
}
{
  "requests": {
    "attempted": 64,
    "successful": 64,
    "failed": 0,
    "success_rate": 1.0,
    "requests_per_second": 8.278839556809082
  },
  "tokens": {
    "prompt": 32336,
    "completion": 12831,
    "output_tokens_per_second": 1659.7779742721457,
    "total_tokens_per_second": 5842.661660349934
  },
  "latency_ms": {
    "e2e": {
      "count": 64,
      "mean": 787.9952817620506,
      "p50": 532.973627501633,
      "p95": 2019.9684947205233,
      "p99": 2360.0324432656635
    },
    "ttft": {
      "count": 64,
      "mean": 64.03055621376552,
      "p50": 54.66163199162111,
      "p95": 145.7649566582404,
      "p99": 146.8758708878886
    },
    "tpot": {
      "count": 64,
      "mean": 3.405345697211473,
      "p50": 3.3431326714556127,
      "p95": 4.526603096379263,
      "p99": 4.887049390203365
    },
    "stream_event_gap": {
      "count": 4506,
      "mean": 10.225737683807367,
      "p50": 9.155110456049442,
      "p95": 28.07854348793626,
      "p99": 31.66529911686666
    }
  },
  "wall_seconds": 7.730552037013695,
  "speculative_decoding": {
    "enabled": true,
    "drafts": 4514.0,
    "draft_tokens": 22570.0,
    "accepted_tokens": 8339.0,
    "acceptance_rate": 0.36947275143996455,
    "mean_acceptance_length": 2.8473637571998225,
    "acceptance_rate_per_position": {
      "0": 0.681214000886132,
      "1": 0.45081967213114754,
      "2": 0.3103677447939743,
      "3": 0.22906513070447496,
      "4": 0.17589720868409392
    }
  }
}
{
  "requests": {
    "attempted": 64,
    "successful": 64,
    "failed": 0,
    "success_rate": 1.0,
    "requests_per_second": 0.7550753609211419
  },
  "tokens": {
    "prompt": 175660,
    "completion": 14272,
    "output_tokens_per_second": 168.38180548541465,
    "total_tokens_per_second": 2240.8277101636613
  },
  "latency_ms": {
    "e2e": {
      "count": 64,
      "mean": 1324.1955148314446,
      "p50": 1319.1215585102327,
      "p95": 1961.670435970881,
      "p99": 2869.5226495258958
    },
    "ttft": {
      "count": 64,
      "mean": 90.97936459511402,
      "p50": 90.0533944950439,
      "p95": 111.59210400655866,
      "p99": 115.97102145431563
    },
    "tpot": {
      "count": 64,
      "mean": 5.517853690274329,
      "p50": 5.437245096973424,
      "p95": 6.277902206601295,
      "p99": 6.765613947629555
    },
    "stream_event_gap": {
      "count": 9067,
      "mean": 8.664857592679489,
      "p50": 8.659686078317463,
      "p95": 8.989317901432514,
      "p99": 9.400410105008632
    }
  },
  "wall_seconds": 84.75975155900232,
  "speculative_decoding": {
    "enabled": true,
    "drafts": 9079.0,
    "draft_tokens": 45395.0,
    "accepted_tokens": 5211.0,
    "acceptance_rate": 0.11479237801519991,
    "mean_acceptance_length": 1.5739618900759995,
    "acceptance_rate_per_position": {
      "0": 0.38991078312589494,
      "1": 0.1318427139552814,
      "2": 0.03799977971142196,
      "3": 0.010683996034805595,
      "4": 0.0035246172485956604
    }
  }
}
{
  "requests": {
    "attempted": 64,
    "successful": 64,
    "failed": 0,
    "success_rate": 1.0,
    "requests_per_second": 3.585329609176329
  },
  "tokens": {
    "prompt": 175660,
    "completion": 14039,
    "output_tokens_per_second": 786.4756622379139,
    "total_tokens_per_second": 10627.08502392407
  },
  "latency_ms": {
    "e2e": {
      "count": 64,
      "mean": 2081.349960179068,
      "p50": 2012.0627569849603,
      "p95": 3048.6160427273717,
      "p99": 3638.7556307204036
    },
    "ttft": {
      "count": 64,
      "mean": 172.66911102888116,
      "p50": 120.36706547951326,
      "p95": 629.9434930435381,
      "p99": 773.3886885666288
    },
    "tpot": {
      "count": 64,
      "mean": 8.812899555542012,
      "p50": 8.735701406274156,
      "p95": 10.687525260877441,
      "p99": 10.95859115313102
    },
    "stream_event_gap": {
      "count": 8933,
      "mean": 13.630913242584702,
      "p50": 10.170581983402371,
      "p95": 38.19105357397346,
      "p99": 77.03334300778812
    }
  },
  "wall_seconds": 17.8505205870606,
  "speculative_decoding": {
    "enabled": true,
    "drafts": 8947.0,
    "draft_tokens": 44735.0,
    "accepted_tokens": 5112.0,
    "acceptance_rate": 0.11427294065049737,
    "mean_acceptance_length": 1.571364703252487,
    "acceptance_rate_per_position": {
      "0": 0.3862747289594277,
      "1": 0.13144070638202748,
      "2": 0.037666256845870126,
      "3": 0.011959315971834134,
      "4": 0.004023695093327373
    }
  }
}
