loadtest summarization concurrency=4 requests=128
loadtest summarization concurrency=32 requests=128
loadtest summarization concurrency=128 requests=512
loadtest summarization concurrency=256 requests=1024
loadtest summarization concurrency=512 requests=2048
loadtest summarization concurrency=1024 requests=4096
{
  "workload": "summarization",
  "variant": "dspark-e10-k7-tp4",
  "levels": [
    {
      "concurrency": 4,
      "requests": 128,
      "success_rate": 1.0,
      "warmup_failed": 0,
      "output_tokens_per_second": 1403.7301424429309,
      "ttft_p50_ms": 45.72456600180885,
      "ttft_p95_ms": 89.66482990017535,
      "tpot_p50_ms": 2.475371545262468,
      "tpot_p95_ms": 3.216629981369433,
      "e2e_p95_ms": 970.6701956019966,
      "kv_cache_usage_mean": 0.0054770811833505404,
      "kv_cache_usage_max": 0.007395940832473302,
      "kv_cache_tokens_peak": 13071,
      "kv_cache_size_tokens": 1767350,
      "running_max": 4.0,
      "waiting_max": 0.0,
      "preemptions": 0.0,
      "mean_acceptance_length": 2.106909146248668,
      "acceptance_rate": 0.15812987803552406
    },
    {
      "concurrency": 32,
      "requests": 128,
      "success_rate": 1.0,
      "warmup_failed": 0,
      "output_tokens_per_second": 3435.503173617675,
      "ttft_p50_ms": 138.3136624990584,
      "ttft_p95_ms": 942.0285452504686,
      "tpot_p50_ms": 7.898188926947864,
      "tpot_p95_ms": 10.583836126087496,
      "e2e_p95_ms": 2736.5813159001846,
      "kv_cache_usage_mean": 0.038108005077479835,
      "kv_cache_usage_max": 0.05298576032444369,
      "kv_cache_tokens_peak": 93644,
      "kv_cache_size_tokens": 1767350,
      "running_max": 32.0,
      "waiting_max": 0.0,
      "preemptions": 0.0,
      "mean_acceptance_length": 2.115019584212112,
      "acceptance_rate": 0.15928851203030173
    },
    {
      "concurrency": 128,
      "requests": 512,
      "success_rate": 1.0,
      "warmup_failed": 0,
      "output_tokens_per_second": 3822.323740429346,
      "ttft_p50_ms": 277.82588099944405,
      "ttft_p95_ms": 3469.3126398993627,
      "tpot_p50_ms": 27.231341558004353,
      "tpot_p95_ms": 41.32425999271299,
      "e2e_p95_ms": 12770.33131904991,
      "kv_cache_usage_mean": 0.16297295849703378,
      "kv_cache_usage_max": 0.2005956583926276,
      "kv_cache_tokens_peak": 354523,
      "kv_cache_size_tokens": 1767350,
      "running_max": 128.0,
      "waiting_max": 86.0,
      "preemptions": 0.0,
      "mean_acceptance_length": 2.119167346628968,
      "acceptance_rate": 0.15988104951842405
    },
    {
      "concurrency": 256,
      "requests": 1024,
      "success_rate": 1.0,
      "warmup_failed": 0,
      "output_tokens_per_second": 4181.512397568901,
      "ttft_p50_ms": 452.5577679996786,
      "ttft_p95_ms": 7224.5765592999305,
      "tpot_p50_ms": 49.92830086287873,
      "tpot_p95_ms": 75.81637456808016,
      "e2e_p95_ms": 22893.426465301847,
      "kv_cache_usage_mean": 0.3348502561532636,
      "kv_cache_usage_max": 0.3964749334636902,
      "kv_cache_tokens_peak": 700710,
      "kv_cache_size_tokens": 1767350,
      "running_max": 254.0,
      "waiting_max": 198.0,
      "preemptions": 0.0,
      "mean_acceptance_length": 2.113678878752123,
      "acceptance_rate": 0.15909698267887465
    },
    {
      "concurrency": 512,
      "requests": 2048,
      "success_rate": 1.0,
      "warmup_failed": 0,
      "output_tokens_per_second": 4271.793105319228,
      "ttft_p50_ms": 12946.984135000093,
      "ttft_p95_ms": 17606.413330349824,
      "tpot_p50_ms": 52.823324921105545,
      "tpot_p95_ms": 75.91955818229256,
      "e2e_p95_ms": 34773.25696794942,
      "kv_cache_usage_mean": 0.36216776890278807,
      "kv_cache_usage_max": 0.3993185686093459,
      "kv_cache_tokens_peak": 705736,
      "kv_cache_size_tokens": 1767350,
      "running_max": 256.0,
      "waiting_max": 399.0,
      "preemptions": 0.0,
      "mean_acceptance_length": 2.1202885051706435,
      "acceptance_rate": 0.1600412150243776
    },
    {
      "concurrency": 1024,
      "requests": 4096,
      "success_rate": 1.0,
      "warmup_failed": 0,
      "output_tokens_per_second": 4318.2712493456875,
      "ttft_p50_ms": 38267.872286001875,
      "ttft_p95_ms": 38770.962377501746,
      "tpot_p50_ms": 54.367234498981546,
      "tpot_p95_ms": 75.98764756320917,
      "e2e_p95_ms": 59753.90456449804,
      "kv_cache_usage_mean": 0.3759805687921634,
      "kv_cache_usage_max": 0.39899607118932523,
      "kv_cache_tokens_peak": 705166,
      "kv_cache_size_tokens": 1767350,
      "running_max": 256.0,
      "waiting_max": 838.0,
      "preemptions": 0.0,
      "mean_acceptance_length": 2.1160771266106884,
      "acceptance_rate": 0.15943958951581264
    }
  ]
}
