{
  "requests": {
    "attempted": 64,
    "successful": 64,
    "failed": 0,
    "success_rate": 1.0,
    "requests_per_second": 4.299676524809282
  },
  "tokens": {
    "prompt": 8953,
    "completion": 18322,
    "output_tokens_per_second": 1230.9167701180572,
    "total_tokens_per_second": 1832.4012064714557
  },
  "latency_ms": {
    "e2e": {
      "count": 64,
      "mean": 1749.4688459537429,
      "p50": 1987.197691516485,
      "p95": 2349.8970406129956,
      "p99": 2357.7676820091438
    },
    "ttft": {
      "count": 64,
      "mean": 27.486023818710237,
      "p50": 22.5845665554516,
      "p95": 50.914781290339306,
      "p99": 51.17762511014007
    },
    "tpot": {
      "count": 64,
      "mean": 6.043535704003792,
      "p50": 6.0381021448800105,
      "p95": 6.147317944886232,
      "p99": 6.227798397453448
    },
    "stream_event_gap": {
      "count": 18212,
      "mean": 6.0334541853070345,
      "p50": 5.947815487161279,
      "p95": 6.14701816230081,
      "p99": 15.005677031585941
    }
  },
  "wall_seconds": 14.884840668994002,
  "speculative_decoding": {
    "enabled": false
  },
  "warmup": {
    "requests": 8,
    "failed": 0
  }
}
