{
  "requests": {
    "attempted": 64,
    "successful": 64,
    "failed": 0,
    "success_rate": 1.0,
    "requests_per_second": 0.8906803267620071
  },
  "tokens": {
    "prompt": 36013,
    "completion": 11655,
    "output_tokens_per_second": 162.2012376314249,
    "total_tokens_per_second": 663.3898408764275
  },
  "latency_ms": {
    "e2e": {
      "count": 64,
      "mean": 1122.5617896034237,
      "p50": 1346.9513254822232,
      "p95": 1723.9366481080651,
      "p99": 1831.3112209492826
    },
    "ttft": {
      "count": 64,
      "mean": 36.02897994824161,
      "p50": 38.2493935758248,
      "p95": 50.21428971085695,
      "p99": 60.10703190579078
    },
    "tpot": {
      "count": 64,
      "mean": 5.876534440603913,
      "p50": 5.926147245258786,
      "p95": 7.109689577768906,
      "p99": 7.411127012199742
    },
    "stream_event_gap": {
      "count": 8025,
      "mean": 8.62075586987491,
      "p50": 8.653557044453919,
      "p95": 8.868162194266915,
      "p99": 9.16139173321426
    }
  },
  "wall_seconds": 71.8551853869576,
  "speculative_decoding": {
    "enabled": true,
    "drafts": 8039.0,
    "draft_tokens": 40195.0,
    "accepted_tokens": 3609.0,
    "acceptance_rate": 0.08978728697599205,
    "mean_acceptance_length": 1.4489364348799603,
    "acceptance_rate_per_position": {
      "0": 0.323423311357134,
      "1": 0.0946635153626073,
      "2": 0.023261599701455405,
      "3": 0.006219679064560269,
      "4": 0.0013683293942032592
    }
  }
}
{
  "requests": {
    "attempted": 64,
    "successful": 64,
    "failed": 0,
    "success_rate": 1.0,
    "requests_per_second": 5.627314656349787
  },
  "tokens": {
    "prompt": 36013,
    "completion": 11683,
    "output_tokens_per_second": 1027.2487051583525,
    "total_tokens_per_second": 4193.756247644678
  },
  "latency_ms": {
    "e2e": {
      "count": 64,
      "mean": 1305.7524742271198,
      "p50": 1569.927375530824,
      "p95": 2003.3587027923204,
      "p99": 2159.196316995658
    },
    "ttft": {
      "count": 64,
      "mean": 60.1699155249662,
      "p50": 52.99188196659088,
      "p95": 146.02857688441873,
      "p99": 146.42075233743526
    },
    "tpot": {
      "count": 64,
      "mean": 6.7118520202250425,
      "p50": 6.831003172670071,
      "p95": 8.079284504182183,
      "p99": 8.443094414872824
    },
    "stream_event_gap": {
      "count": 8047,
      "mean": 9.85709320944429,
      "p50": 9.191974997520447,
      "p95": 17.126388067845255,
      "p99": 31.96332221152261
    }
  },
  "wall_seconds": 11.373097811010666,
  "speculative_decoding": {
    "enabled": true,
    "drafts": 8061.0,
    "draft_tokens": 40305.0,
    "accepted_tokens": 3608.0,
    "acceptance_rate": 0.0895174295993053,
    "mean_acceptance_length": 1.4475871479965265,
    "acceptance_rate_per_position": {
      "0": 0.3232849522391763,
      "1": 0.09440516065004342,
      "2": 0.02232973576479345,
      "3": 0.006078650291527106,
      "4": 0.00148864905098623
    }
  }
}
{
  "requests": {
    "attempted": 64,
    "successful": 64,
    "failed": 0,
    "success_rate": 1.0,
    "requests_per_second": 1.5924683627920992
  },
  "tokens": {
    "prompt": 32336,
    "completion": 12562,
    "output_tokens_per_second": 312.5716808342867,
    "total_tokens_per_second": 1117.1663211349949
  },
  "latency_ms": {
    "e2e": {
      "count": 64,
      "mean": 627.725881360675,
      "p50": 416.8513450422324,
      "p95": 1567.052008584141,
      "p99": 2051.6211743105664
    },
    "ttft": {
      "count": 64,
      "mean": 33.60508609148383,
      "p50": 36.51721851201728,
      "p95": 44.514660176355385,
      "p99": 47.83339208574033
    },
    "tpot": {
      "count": 64,
      "mean": 2.8551813952621763,
      "p50": 2.8562687793820505,
      "p95": 3.8102742547077555,
      "p99": 4.368019164873647
    },
    "stream_event_gap": {
      "count": 4386,
      "mean": 8.587367230040186,
      "p50": 8.659591025207192,
      "p95": 8.939878782257438,
      "p99": 9.106809122022241
    }
  },
  "wall_seconds": 40.18918145901989,
  "speculative_decoding": {
    "enabled": true,
    "drafts": 4394.0,
    "draft_tokens": 21970.0,
    "accepted_tokens": 8195.0,
    "acceptance_rate": 0.37300864815657714,
    "mean_acceptance_length": 2.865043240782886,
    "acceptance_rate_per_position": {
      "0": 0.6850250341374602,
      "1": 0.45448338643604913,
      "2": 0.31679563040509784,
      "3": 0.23099681383705054,
      "4": 0.17774237596722803
    }
  }
}
{
  "requests": {
    "attempted": 64,
    "successful": 64,
    "failed": 0,
    "success_rate": 1.0,
    "requests_per_second": 8.11182796388611
  },
  "tokens": {
    "prompt": 32336,
    "completion": 12737,
    "output_tokens_per_second": 1614.3805121252717,
    "total_tokens_per_second": 5712.881590878729
  },
  "latency_ms": {
    "e2e": {
      "count": 64,
      "mean": 795.2930981791724,
      "p50": 551.9732465036213,
      "p95": 2044.2543909244696,
      "p99": 2404.6358941914514
    },
    "ttft": {
      "count": 64,
      "mean": 65.65905844399822,
      "p50": 57.96578846639022,
      "p95": 141.2118778738659,
      "p99": 142.70890390733257
    },
    "tpot": {
      "count": 64,
      "mean": 3.487178100362493,
      "p50": 3.4814822402161854,
      "p95": 4.599512666807895,
      "p99": 5.085637819453009
    },
    "stream_event_gap": {
      "count": 4467,
      "mean": 10.37715655747982,
      "p50": 9.18457203079015,
      "p95": 26.230011135339733,
      "p99": 39.23478338168935
    }
  },
  "wall_seconds": 7.889713673037477,
  "speculative_decoding": {
    "enabled": true,
    "drafts": 4475.0,
    "draft_tokens": 22375.0,
    "accepted_tokens": 8284.0,
    "acceptance_rate": 0.37023463687150837,
    "mean_acceptance_length": 2.851173184357542,
    "acceptance_rate_per_position": {
      "0": 0.6829050279329609,
      "1": 0.4511731843575419,
      "2": 0.3119553072625698,
      "3": 0.2292737430167598,
      "4": 0.1758659217877095
    }
  }
}
{
  "requests": {
    "attempted": 64,
    "successful": 64,
    "failed": 0,
    "success_rate": 1.0,
    "requests_per_second": 0.7456836336904834
  },
  "tokens": {
    "prompt": 175660,
    "completion": 14272,
    "output_tokens_per_second": 166.2874503129778,
    "total_tokens_per_second": 2212.9559986578265
  },
  "latency_ms": {
    "e2e": {
      "count": 64,
      "mean": 1340.7752148450527,
      "p50": 1335.3849090635777,
      "p95": 1985.3978879342314,
      "p99": 2901.0156762599927
    },
    "ttft": {
      "count": 64,
      "mean": 93.63365968602011,
      "p50": 90.8105029957369,
      "p95": 116.09035003930329,
      "p99": 124.41498180618508
    },
    "tpot": {
      "count": 64,
      "mean": 5.580948409561525,
      "p50": 5.514715361119936,
      "p95": 6.350997071657057,
      "p99": 6.841379037169752
    },
    "stream_event_gap": {
      "count": 9067,
      "mean": 8.75263773190936,
      "p50": 8.75236198771745,
      "p95": 9.104958071839064,
      "p99": 9.479798518586904
    }
  },
  "wall_seconds": 85.82728265505284,
  "speculative_decoding": {
    "enabled": true,
    "drafts": 9079.0,
    "draft_tokens": 45395.0,
    "accepted_tokens": 5211.0,
    "acceptance_rate": 0.11479237801519991,
    "mean_acceptance_length": 1.5739618900759995,
    "acceptance_rate_per_position": {
      "0": 0.38991078312589494,
      "1": 0.1318427139552814,
      "2": 0.03799977971142196,
      "3": 0.010683996034805595,
      "4": 0.0035246172485956604
    }
  }
}
{
  "requests": {
    "attempted": 64,
    "successful": 64,
    "failed": 0,
    "success_rate": 1.0,
    "requests_per_second": 3.6004513026651
  },
  "tokens": {
    "prompt": 175660,
    "completion": 13991,
    "output_tokens_per_second": 787.0924089935534,
    "total_tokens_per_second": 10669.206093777171
  },
  "latency_ms": {
    "e2e": {
      "count": 64,
      "mean": 2074.3774006659805,
      "p50": 1939.519373991061,
      "p95": 2883.916093088919,
      "p99": 3975.036418818634
    },
    "ttft": {
      "count": 64,
      "mean": 182.18294450525718,
      "p50": 125.82527648191899,
      "p95": 625.9497068473138,
      "p99": 767.907899498241
    },
    "tpot": {
      "count": 64,
      "mean": 8.754357570008167,
      "p50": 8.829326204752846,
      "p95": 10.808829038874036,
      "p99": 11.06752955349202
    },
    "stream_event_gap": {
      "count": 8978,
      "mean": 13.435197833338457,
      "p50": 10.189931956119835,
      "p95": 32.18490064027718,
      "p99": 81.38548630289732
    }
  },
  "wall_seconds": 17.775549401994795,
  "speculative_decoding": {
    "enabled": true,
    "drafts": 8988.0,
    "draft_tokens": 44940.0,
    "accepted_tokens": 5024.0,
    "acceptance_rate": 0.11179350244770805,
    "mean_acceptance_length": 1.5589675122385402,
    "acceptance_rate_per_position": {
      "0": 0.38295505117935025,
      "1": 0.12661326212728083,
      "2": 0.03627058299955496,
      "3": 0.010013351134846462,
      "4": 0.003115264797507788
    }
  }
}
