{
  "requests": {
    "attempted": 64,
    "successful": 64,
    "failed": 0,
    "success_rate": 1.0,
    "requests_per_second": 1.064977752174391
  },
  "tokens": {
    "prompt": 36013,
    "completion": 11655,
    "output_tokens_per_second": 193.94243283738322,
    "total_tokens_per_second": 793.2087420413886
  },
  "latency_ms": {
    "e2e": {
      "count": 64,
      "mean": 938.7225291902723,
      "p50": 1148.375331540592,
      "p95": 1423.0598962632937,
      "p99": 1515.0902637164108
    },
    "ttft": {
      "count": 64,
      "mean": 40.39714069040201,
      "p50": 42.55093797110021,
      "p95": 60.314300993923084,
      "p99": 61.85990973375738
    },
    "tpot": {
      "count": 64,
      "mean": 4.859037882845559,
      "p50": 4.86462443961028,
      "p95": 5.849036267061496,
      "p99": 6.016761862134523
    },
    "stream_event_gap": {
      "count": 8175,
      "mean": 6.997143530802351,
      "p50": 7.02722801361233,
      "p95": 7.300742249935865,
      "p99": 7.504241066053511
    }
  },
  "wall_seconds": 60.09515209996607,
  "speculative_decoding": {
    "enabled": true,
    "drafts": 8188.0,
    "draft_tokens": 16376.0,
    "accepted_tokens": 3441.0,
    "acceptance_rate": 0.21012457254518807,
    "mean_acceptance_length": 1.4202491450903763,
    "acceptance_rate_per_position": {
      "0": 0.32510991695163655,
      "1": 0.09513922813873962
    }
  }
}
{
  "requests": {
    "attempted": 64,
    "successful": 64,
    "failed": 0,
    "success_rate": 1.0,
    "requests_per_second": 6.598790525025921
  },
  "tokens": {
    "prompt": 36013,
    "completion": 11656,
    "output_tokens_per_second": 1201.8047243703459,
    "total_tokens_per_second": 4914.964774022822
  },
  "latency_ms": {
    "e2e": {
      "count": 64,
      "mean": 1095.9807724666462,
      "p50": 1307.6463200268336,
      "p95": 1673.6568186315708,
      "p99": 1815.5510610935742
    },
    "ttft": {
      "count": 64,
      "mean": 53.59816246891569,
      "p50": 45.58008798630908,
      "p95": 140.9368956752587,
      "p99": 141.55103572644293
    },
    "tpot": {
      "count": 64,
      "mean": 5.587700689097057,
      "p50": 5.63994290571952,
      "p95": 6.785292524700601,
      "p99": 7.187610298075498
    },
    "stream_event_gap": {
      "count": 8192,
      "mean": 8.11780898199288,
      "p50": 7.355488953180611,
      "p95": 17.698127921903506,
      "p99": 30.12788001797162
    }
  },
  "wall_seconds": 9.69874702906236,
  "speculative_decoding": {
    "enabled": true,
    "drafts": 8205.0,
    "draft_tokens": 16410.0,
    "accepted_tokens": 3425.0,
    "acceptance_rate": 0.20871419865935406,
    "mean_acceptance_length": 1.417428397318708,
    "acceptance_rate_per_position": {
      "0": 0.3227300426569165,
      "1": 0.09469835466179159
    }
  }
}
{
  "requests": {
    "attempted": 64,
    "successful": 64,
    "failed": 0,
    "success_rate": 1.0,
    "requests_per_second": 1.5194371480251858
  },
  "tokens": {
    "prompt": 32336,
    "completion": 12562,
    "output_tokens_per_second": 298.2370227108185,
    "total_tokens_per_second": 1065.9326417505436
  },
  "latency_ms": {
    "e2e": {
      "count": 64,
      "mean": 657.8883653073717,
      "p50": 455.807885969989,
      "p95": 1622.9985392303201,
      "p99": 1924.8835123039312
    },
    "ttft": {
      "count": 64,
      "mean": 35.65619353685179,
      "p50": 31.267176498658955,
      "p95": 50.00416165567001,
      "p99": 57.26104499190113
    },
    "tpot": {
      "count": 64,
      "mean": 3.0914108356013115,
      "p50": 3.0575393956988997,
      "p95": 3.695946102914171,
      "p99": 3.866493182773678
    },
    "stream_event_gap": {
      "count": 5643,
      "mean": 6.9852161133569775,
      "p50": 7.0305869448930025,
      "p95": 7.325349189341068,
      "p99": 7.562970956787466
    }
  },
  "wall_seconds": 42.12086040095892,
  "speculative_decoding": {
    "enabled": true,
    "drafts": 5660.0,
    "draft_tokens": 11320.0,
    "accepted_tokens": 6882.0,
    "acceptance_rate": 0.6079505300353357,
    "mean_acceptance_length": 2.2159010600706717,
    "acceptance_rate_per_position": {
      "0": 0.7150176678445229,
      "1": 0.5008833922261484
    }
  }
}
{
  "requests": {
    "attempted": 64,
    "successful": 64,
    "failed": 0,
    "success_rate": 1.0,
    "requests_per_second": 7.969899731957865
  },
  "tokens": {
    "prompt": 32336,
    "completion": 12867,
    "output_tokens_per_second": 1602.3234351734664,
    "total_tokens_per_second": 5629.115274745178
  },
  "latency_ms": {
    "e2e": {
      "count": 64,
      "mean": 828.720097839323,
      "p50": 582.2264209855348,
      "p95": 2015.2248365571722,
      "p99": 2504.076310932869
    },
    "ttft": {
      "count": 64,
      "mean": 57.80447031793301,
      "p50": 46.52672843076289,
      "p95": 147.09006623597816,
      "p99": 148.19477927871048
    },
    "tpot": {
      "count": 64,
      "mean": 3.742048234607241,
      "p50": 3.6109394306107006,
      "p95": 4.763443185854726,
      "p99": 5.462675956943383
    },
    "stream_event_gap": {
      "count": 5791,
      "mean": 8.46126152420321,
      "p50": 7.377424044534564,
      "p95": 18.06629344355315,
      "p99": 31.509520194958895
    }
  },
  "wall_seconds": 8.030213949037716,
  "speculative_decoding": {
    "enabled": true,
    "drafts": 5809.0,
    "draft_tokens": 11618.0,
    "accepted_tokens": 7039.0,
    "acceptance_rate": 0.6058702014116026,
    "mean_acceptance_length": 2.2117404028232053,
    "acceptance_rate_per_position": {
      "0": 0.71303150284042,
      "1": 0.49870889998278534
    }
  }
}
{
  "requests": {
    "attempted": 64,
    "successful": 64,
    "failed": 0,
    "success_rate": 1.0,
    "requests_per_second": 0.881548284672008
  },
  "tokens": {
    "prompt": 175660,
    "completion": 14259,
    "output_tokens_per_second": 196.40620298653377,
    "total_tokens_per_second": 2615.980760572236
  },
  "latency_ms": {
    "e2e": {
      "count": 64,
      "mean": 1134.143472123469,
      "p50": 1119.8778735124506,
      "p95": 1635.4364602477287,
      "p99": 2398.6865585076143
    },
    "ttft": {
      "count": 64,
      "mean": 91.10919587692479,
      "p50": 88.84309843415394,
      "p95": 110.93958655837923,
      "p99": 121.00716907531023
    },
    "tpot": {
      "count": 64,
      "mean": 4.674303947830057,
      "p50": 4.6235730610740635,
      "p95": 5.178420291927883,
      "p99": 5.592689997962872
    },
    "stream_event_gap": {
      "count": 9332,
      "mean": 7.114908000069283,
      "p50": 7.11578456684947,
      "p95": 7.431886973790824,
      "p99": 7.759492689510808
    }
  },
  "wall_seconds": 72.59954005107284,
  "speculative_decoding": {
    "enabled": true,
    "drafts": 9347.0,
    "draft_tokens": 18694.0,
    "accepted_tokens": 4892.0,
    "acceptance_rate": 0.261688242216754,
    "mean_acceptance_length": 1.523376484433508,
    "acceptance_rate_per_position": {
      "0": 0.3908205841446453,
      "1": 0.13255590028886274
    }
  }
}
{
  "requests": {
    "attempted": 64,
    "successful": 64,
    "failed": 0,
    "success_rate": 1.0,
    "requests_per_second": 3.974140155279205
  },
  "tokens": {
    "prompt": 175660,
    "completion": 14210,
    "output_tokens_per_second": 882.3833063518359,
    "total_tokens_per_second": 11790.156113794728
  },
  "latency_ms": {
    "e2e": {
      "count": 64,
      "mean": 1867.6583446103905,
      "p50": 1781.4477014471777,
      "p95": 2735.5163861997426,
      "p99": 3358.347519731613
    },
    "ttft": {
      "count": 64,
      "mean": 173.3730367723183,
      "p50": 113.92910004360601,
      "p95": 619.597909192089,
      "p99": 759.2278993723448
    },
    "tpot": {
      "count": 64,
      "mean": 7.726475630154105,
      "p50": 7.765032232923908,
      "p95": 9.282195566558972,
      "p99": 9.744771851650139
    },
    "stream_event_gap": {
      "count": 9365,
      "mean": 11.528095668785918,
      "p50": 8.342449087649584,
      "p95": 30.344498949125402,
      "p99": 75.26364588178697
    }
  },
  "wall_seconds": 16.10411246190779,
  "speculative_decoding": {
    "enabled": true,
    "drafts": 9385.0,
    "draft_tokens": 18770.0,
    "accepted_tokens": 4811.0,
    "acceptance_rate": 0.2563132658497603,
    "mean_acceptance_length": 1.5126265316995204,
    "acceptance_rate_per_position": {
      "0": 0.3831646244006393,
      "1": 0.12946190729888118
    }
  }
}
