{
  "requests": {
    "attempted": 64,
    "successful": 64,
    "failed": 0,
    "success_rate": 1.0,
    "requests_per_second": 18.719929024448387
  },
  "tokens": {
    "prompt": 8953,
    "completion": 18467,
    "output_tokens_per_second": 5401.57702022638,
    "total_tokens_per_second": 8020.319591412105
  },
  "latency_ms": {
    "e2e": {
      "count": 64,
      "mean": 404.85275493801964,
      "p50": 432.23490100353956,
      "p95": 578.0054633018153,
      "p99": 603.6291881950456
    },
    "ttft": {
      "count": 64,
      "mean": 31.162400751327368,
      "p50": 29.00172000954626,
      "p95": 44.138484101131326,
      "p99": 44.41483074988355
    },
    "tpot": {
      "count": 64,
      "mean": 1.3010484908539839,
      "p50": 1.3000374204014526,
      "p95": 1.5293616972733486,
      "p99": 1.5894360984148124
    },
    "stream_event_gap": {
      "count": 2770,
      "mean": 8.599216006110996,
      "p50": 8.38734349963488,
      "p95": 10.648283605405595,
      "p99": 18.70056016385206
    }
  },
  "wall_seconds": 3.4188163810031256,
  "speculative_decoding": {
    "enabled": true,
    "drafts": 2780.0,
    "draft_tokens": 19373.0,
    "accepted_tokens": 15743.0,
    "acceptance_rate": 0.812625819439426,
    "mean_acceptance_length": 6.66294964028777,
    "acceptance_rate_per_position": {
      "0": 0.9597122302158273,
      "1": 0.910431654676259,
      "2": 0.8636690647482015,
      "3": 0.814748201438849,
      "4": 0.760431654676259,
      "5": 0.7046762589928057,
      "6": 0.6492805755395683
    }
  },
  "warmup": {
    "requests": 8,
    "failed": 0
  }
}
