loadtest summarization concurrency=1 requests=128
loadtest summarization concurrency=8 requests=128
loadtest summarization concurrency=32 requests=128
loadtest summarization concurrency=64 requests=256
loadtest summarization concurrency=128 requests=512
loadtest summarization concurrency=256 requests=1024
{
  "workload": "summarization",
  "variant": "dspark-e10-k7-greedy-uniform-cgfull",
  "levels": [
    {
      "concurrency": 1,
      "requests": 128,
      "success_rate": 1.0,
      "warmup_failed": 0,
      "output_tokens_per_second": 252.07926572163046,
      "ttft_p50_ms": 85.94269599416293,
      "ttft_p95_ms": 125.55318979866568,
      "tpot_p50_ms": 3.7439486377035203,
      "tpot_p95_ms": 5.227446442367646,
      "e2e_p95_ms": 1624.1645430469357,
      "kv_cache_usage_mean": 0.007165933027350726,
      "kv_cache_usage_max": 0.011502369336352403,
      "kv_cache_tokens_peak": 3942,
      "kv_cache_size_tokens": 342693,
      "running_max": 1.0,
      "waiting_max": 0.0,
      "preemptions": 0.0,
      "mean_acceptance_length": 2.2580280416101313,
      "acceptance_rate": 0.2705914780465659
    },
    {
      "concurrency": 8,
      "requests": 128,
      "success_rate": 1.0,
      "warmup_failed": 0,
      "output_tokens_per_second": 995.5970972090873,
      "ttft_p50_ms": 106.68065649952041,
      "ttft_p95_ms": 428.93663259892264,
      "tpot_p50_ms": 7.19004980932349,
      "tpot_p95_ms": 8.652290790291357,
      "e2e_p95_ms": 2377.308162949339,
      "kv_cache_usage_mean": 0.05806895752535241,
      "kv_cache_usage_max": 0.07381708256495245,
      "kv_cache_tokens_peak": 25297,
      "kv_cache_size_tokens": 342693,
      "running_max": 8.0,
      "waiting_max": 0.0,
      "preemptions": 0.0,
      "mean_acceptance_length": 2.020079365079365,
      "acceptance_rate": 0.2645248924653728
    },
    {
      "concurrency": 32,
      "requests": 128,
      "success_rate": 1.0,
      "warmup_failed": 0,
      "output_tokens_per_second": 1572.3918893949824,
      "ttft_p50_ms": 213.11447449988918,
      "ttft_p95_ms": 2457.994148848229,
      "tpot_p50_ms": 18.00104549076459,
      "tpot_p95_ms": 24.3552787015807,
      "e2e_p95_ms": 6307.617794156977,
      "kv_cache_usage_mean": 0.21309437661943556,
      "kv_cache_usage_max": 0.28002521067251807,
      "kv_cache_tokens_peak": 95963,
      "kv_cache_size_tokens": 342693,
      "running_max": 32.0,
      "waiting_max": 18.0,
      "preemptions": 0.0,
      "mean_acceptance_length": 1.8902517235850569,
      "acceptance_rate": 0.344704494661038
    },
    {
      "concurrency": 64,
      "requests": 256,
      "success_rate": 1.0,
      "warmup_failed": 0,
      "output_tokens_per_second": 1724.9645889171438,
      "ttft_p50_ms": 289.2141139964224,
      "ttft_p95_ms": 4814.970719500707,
      "tpot_p50_ms": 34.35603481156484,
      "tpot_p95_ms": 42.9285544406744,
      "e2e_p95_ms": 12784.622063500137,
      "kv_cache_usage_mean": 0.4466884731202876,
      "kv_cache_usage_max": 0.5510516118490161,
      "kv_cache_tokens_peak": 188842,
      "kv_cache_size_tokens": 342693,
      "running_max": 64.0,
      "waiting_max": 37.0,
      "preemptions": 0.0,
      "mean_acceptance_length": 1.7985938437794735,
      "acceptance_rate": 0.4137073311568614
    },
    {
      "concurrency": 128,
      "requests": 512,
      "success_rate": 1.0,
      "warmup_failed": 0,
      "output_tokens_per_second": 1784.1274055561903,
      "ttft_p50_ms": 861.4271789992927,
      "ttft_p95_ms": 8295.354561693966,
      "tpot_p50_ms": 66.09506266550707,
      "tpot_p95_ms": 79.96068821087846,
      "e2e_p95_ms": 26027.370916500513,
      "kv_cache_usage_mean": 0.8687649994053037,
      "kv_cache_usage_max": 0.9999182987464693,
      "kv_cache_tokens_peak": 342665,
      "kv_cache_size_tokens": 342693,
      "running_max": 128.0,
      "waiting_max": 100.0,
      "preemptions": 17.0,
      "mean_acceptance_length": 1.7138629386691402,
      "acceptance_rate": 0.4490365780809358
    },
    {
      "concurrency": 256,
      "requests": 1024,
      "success_rate": 1.0,
      "warmup_failed": 0,
      "output_tokens_per_second": 1789.9964080972295,
      "ttft_p50_ms": 15938.283568495535,
      "ttft_p95_ms": 21902.046520701686,
      "tpot_p50_ms": 68.27277374665361,
      "tpot_p95_ms": 80.19695737753221,
      "e2e_p95_ms": 40663.34700665102,
      "kv_cache_usage_mean": 0.9286325431529455,
      "kv_cache_usage_max": 1.0,
      "kv_cache_tokens_peak": 342693,
      "kv_cache_size_tokens": 342693,
      "running_max": 129.0,
      "waiting_max": 229.0,
      "preemptions": 29.0,
      "mean_acceptance_length": 1.6935628934858022,
      "acceptance_rate": 0.4753396255113395
    }
  ]
}
