{
  "requests": {
    "attempted": 64,
    "successful": 64,
    "failed": 0,
    "success_rate": 1.0,
    "requests_per_second": 11.277926612479474
  },
  "tokens": {
    "prompt": 8953,
    "completion": 18691,
    "output_tokens_per_second": 3293.6832236539663,
    "total_tokens_per_second": 4871.359426177853
  },
  "latency_ms": {
    "e2e": {
      "count": 64,
      "mean": 664.7780535784023,
      "p50": 763.2202354943729,
      "p95": 890.0939319450117,
      "p99": 949.8521110258298
    },
    "ttft": {
      "count": 64,
      "mean": 38.654624906939716,
      "p50": 29.694329496123828,
      "p95": 82.66779519763077,
      "p99": 82.88480459275888
    },
    "tpot": {
      "count": 64,
      "mean": 2.1486620967156562,
      "p50": 2.128637655878099,
      "p95": 2.3213852957321173,
      "p99": 2.398130016213366
    },
    "stream_event_gap": {
      "count": 4972,
      "mean": 8.03152999919009,
      "p50": 7.724040500761475,
      "p95": 16.705492199253058,
      "p99": 23.18421883275732
    }
  },
  "wall_seconds": 5.674801955989096,
  "speculative_decoding": {
    "enabled": true,
    "drafts": 4987.0,
    "draft_tokens": 14961.0,
    "accepted_tokens": 13732.0,
    "acceptance_rate": 0.9178530846868524,
    "mean_acceptance_length": 3.7535592540605576,
    "acceptance_rate_per_position": {
      "0": 0.9637056346500902,
      "1": 0.9195909364347303,
      "2": 0.870262682975737
    }
  },
  "warmup": {
    "requests": 8,
    "failed": 0
  }
}
