{
  "requests": {
    "attempted": 64,
    "successful": 64,
    "failed": 0,
    "success_rate": 1.0,
    "requests_per_second": 0.6640110471269633
  },
  "tokens": {
    "prompt": 36013,
    "completion": 11687,
    "output_tokens_per_second": 121.25464230895032,
    "total_tokens_per_second": 494.89573356181484
  },
  "latency_ms": {
    "e2e": {
      "count": 64,
      "mean": 1505.8445653030503,
      "p50": 1866.5527660632506,
      "p95": 2277.8945510159247,
      "p99": 2368.271887949668
    },
    "ttft": {
      "count": 64,
      "mean": 44.592160968022654,
      "p50": 46.6971910209395,
      "p95": 60.14438752317801,
      "p99": 65.97647331072947
    },
    "tpot": {
      "count": 64,
      "mean": 7.964027937197634,
      "p50": 7.886316291753484,
      "p95": 9.089104527323368,
      "p99": 9.331762561851797
    },
    "stream_event_gap": {
      "count": 9277,
      "mean": 10.037598596007182,
      "p50": 10.084277018904686,
      "p95": 10.363141749985516,
      "p99": 10.588882048614323
    }
  },
  "wall_seconds": 96.38393860601354,
  "speculative_decoding": {
    "enabled": true,
    "drafts": 9293.0,
    "draft_tokens": 74344.0,
    "accepted_tokens": 2368.0,
    "acceptance_rate": 0.031851931561390295,
    "mean_acceptance_length": 1.2548154524911224,
    "acceptance_rate_per_position": {
      "0": 0.20563865274938126,
      "1": 0.04099860109760035,
      "2": 0.006779296244485096,
      "3": 0.001291294522759066,
      "4": 0.00010760787689658883,
      "5": 0.0,
      "6": 0.0,
      "7": 0.0
    }
  }
}
{
  "requests": {
    "attempted": 64,
    "successful": 64,
    "failed": 0,
    "success_rate": 1.0,
    "requests_per_second": 4.282258813768878
  },
  "tokens": {
    "prompt": 36013,
    "completion": 11645,
    "output_tokens_per_second": 779.1703732240404,
    "total_tokens_per_second": 3188.810789790581
  },
  "latency_ms": {
    "e2e": {
      "count": 64,
      "mean": 1729.4127137374744,
      "p50": 2148.294529004488,
      "p95": 2568.7075419991743,
      "p99": 2785.955816571368
    },
    "ttft": {
      "count": 64,
      "mean": 63.321636407636106,
      "p50": 52.87977203261107,
      "p95": 163.44239067402668,
      "p99": 164.03488146024756
    },
    "tpot": {
      "count": 64,
      "mean": 9.100360837381107,
      "p50": 9.159922744179084,
      "p95": 10.509729162523003,
      "p99": 10.939592482518705
    },
    "stream_event_gap": {
      "count": 9212,
      "mean": 11.5358377101046,
      "p50": 10.975000506732613,
      "p95": 16.734181437641197,
      "p99": 34.153528317110606
    }
  },
  "wall_seconds": 14.945383449085057,
  "speculative_decoding": {
    "enabled": true,
    "drafts": 9226.0,
    "draft_tokens": 73808.0,
    "accepted_tokens": 2396.0,
    "acceptance_rate": 0.032462605679601124,
    "mean_acceptance_length": 1.259700845436809,
    "acceptance_rate_per_position": {
      "0": 0.20929980489919792,
      "1": 0.04194667244743117,
      "2": 0.007045306741816605,
      "3": 0.0014090613483633211,
      "4": 0.0,
      "5": 0.0,
      "6": 0.0,
      "7": 0.0
    }
  }
}
{
  "requests": {
    "attempted": 64,
    "successful": 64,
    "failed": 0,
    "success_rate": 1.0,
    "requests_per_second": 1.1237619865559656
  },
  "tokens": {
    "prompt": 32336,
    "completion": 12423,
    "output_tokens_per_second": 218.1327368591369,
    "total_tokens_per_second": 785.9134805665385
  },
  "latency_ms": {
    "e2e": {
      "count": 64,
      "mean": 889.7349503513396,
      "p50": 589.0677170245908,
      "p95": 2148.9221804426047,
      "p99": 2920.5512413999522
    },
    "ttft": {
      "count": 64,
      "mean": 40.46158661185473,
      "p50": 43.15650759963319,
      "p95": 52.503857854753726,
      "p99": 55.862137459916994
    },
    "tpot": {
      "count": 64,
      "mean": 4.205533901339634,
      "p50": 4.230486121737465,
      "p95": 5.4504769716331865,
      "p99": 5.7868267555700665
    },
    "stream_event_gap": {
      "count": 5411,
      "mean": 10.001137712458329,
      "p50": 10.085909976623952,
      "p95": 10.362364002503455,
      "p99": 10.650250443723053
    }
  },
  "wall_seconds": 56.95156159903854,
  "speculative_decoding": {
    "enabled": true,
    "drafts": 5412.0,
    "draft_tokens": 43296.0,
    "accepted_tokens": 7041.0,
    "acceptance_rate": 0.16262472283813748,
    "mean_acceptance_length": 2.3009977827050996,
    "acceptance_rate_per_position": {
      "0": 0.5142276422764228,
      "1": 0.2886178861788618,
      "2": 0.16943828529194382,
      "3": 0.11585365853658537,
      "4": 0.08296378418329638,
      "5": 0.05524759793052476,
      "6": 0.041943828529194385,
      "7": 0.03270509977827051
    }
  }
}
{
  "requests": {
    "attempted": 64,
    "successful": 64,
    "failed": 0,
    "success_rate": 1.0,
    "requests_per_second": 6.09200777559865
  },
  "tokens": {
    "prompt": 32336,
    "completion": 12615,
    "output_tokens_per_second": 1200.7918451433902,
    "total_tokens_per_second": 4278.778773764609
  },
  "latency_ms": {
    "e2e": {
      "count": 64,
      "mean": 1081.9225379200361,
      "p50": 728.4061184618622,
      "p95": 2675.8419513993426,
      "p99": 3229.6786875394173
    },
    "ttft": {
      "count": 64,
      "mean": 62.22218891889497,
      "p50": 48.24947798624635,
      "p95": 155.36102519836277,
      "p99": 156.21606452274136
    },
    "tpot": {
      "count": 64,
      "mean": 5.01724061186328,
      "p50": 5.153971391309447,
      "p95": 6.598453642544676,
      "p99": 6.7801773774889185
    },
    "stream_event_gap": {
      "count": 5537,
      "mean": 11.746579515418896,
      "p50": 10.99237590096891,
      "p95": 28.82068299222736,
      "p99": 33.650998626835644
    }
  },
  "wall_seconds": 10.50556768104434,
  "speculative_decoding": {
    "enabled": true,
    "drafts": 5540.0,
    "draft_tokens": 44320.0,
    "accepted_tokens": 7109.0,
    "acceptance_rate": 0.16040162454873647,
    "mean_acceptance_length": 2.2832129963898917,
    "acceptance_rate_per_position": {
      "0": 0.5101083032490975,
      "1": 0.2882671480144404,
      "2": 0.16588447653429603,
      "3": 0.11227436823104693,
      "4": 0.08104693140794224,
      "5": 0.053429602888086646,
      "6": 0.0407942238267148,
      "7": 0.03140794223826715
    }
  }
}
{
  "requests": {
    "attempted": 64,
    "successful": 64,
    "failed": 0,
    "success_rate": 1.0,
    "requests_per_second": 0.5527016109320909
  },
  "tokens": {
    "prompt": 175660,
    "completion": 14115,
    "output_tokens_per_second": 121.89661309853848,
    "total_tokens_per_second": 1638.8898158537115
  },
  "latency_ms": {
    "e2e": {
      "count": 64,
      "mean": 1809.1405984941957,
      "p50": 1762.5358519726433,
      "p95": 2551.9487267010845,
      "p99": 3680.8737409673613
    },
    "ttft": {
      "count": 64,
      "mean": 90.3156800159195,
      "p50": 90.92749550472945,
      "p95": 113.91391271608879,
      "p99": 117.96620306675322
    },
    "tpot": {
      "count": 64,
      "mean": 7.788370875432645,
      "p50": 7.81471082235215,
      "p95": 8.536120142623231,
      "p99": 8.880060366855199
    },
    "stream_event_gap": {
      "count": 10747,
      "mean": 10.199042726511323,
      "p50": 10.192307992838323,
      "p95": 10.503964219242334,
      "p99": 10.907269734889265
    }
  },
  "wall_seconds": 115.7948497600155,
  "speculative_decoding": {
    "enabled": true,
    "drafts": 10766.0,
    "draft_tokens": 86128.0,
    "accepted_tokens": 3363.0,
    "acceptance_rate": 0.03904653538918818,
    "mean_acceptance_length": 1.3123722831135054,
    "acceptance_rate_per_position": {
      "0": 0.2493033624373026,
      "1": 0.05257291473156232,
      "2": 0.00873119078580717,
      "3": 0.0013003901170351106,
      "4": 0.00046442504179825374,
      "5": 0.0,
      "6": 0.0,
      "7": 0.0
    }
  }
}
{
  "requests": {
    "attempted": 64,
    "successful": 64,
    "failed": 0,
    "success_rate": 1.0,
    "requests_per_second": 2.7504388766100893
  },
  "tokens": {
    "prompt": 175660,
    "completion": 13993,
    "output_tokens_per_second": 601.3576750063278,
    "total_tokens_per_second": 8150.4528791520825
  },
  "latency_ms": {
    "e2e": {
      "count": 64,
      "mean": 2659.107476243662,
      "p50": 2639.4828584743664,
      "p95": 3796.843021793756,
      "p99": 4777.881266131294
    },
    "ttft": {
      "count": 64,
      "mean": 181.2521485662728,
      "p50": 124.51258645160124,
      "p95": 629.2780965624843,
      "p99": 772.6398783293553
    },
    "tpot": {
      "count": 64,
      "mean": 11.456520278720955,
      "p50": 11.422125649721998,
      "p95": 13.307437226446478,
      "p99": 13.728480663712759
    },
    "stream_event_gap": {
      "count": 10701,
      "mean": 14.758583755202716,
      "p50": 12.093494064174592,
      "p95": 33.39238394983113,
      "p99": 74.34612407814711
    }
  },
  "wall_seconds": 23.269013736047782,
  "speculative_decoding": {
    "enabled": true,
    "drafts": 10729.0,
    "draft_tokens": 85832.0,
    "accepted_tokens": 3269.0,
    "acceptance_rate": 0.03808602852083139,
    "mean_acceptance_length": 1.3046882281666512,
    "acceptance_rate_per_position": {
      "0": 0.24904464535371423,
      "1": 0.04697548699785628,
      "2": 0.0073632211762512815,
      "3": 0.0009320533134495293,
      "4": 0.0003728213253798117,
      "5": 0.0,
      "6": 0.0,
      "7": 0.0
    }
  }
}
