{
  "requests": {
    "attempted": 64,
    "successful": 64,
    "failed": 0,
    "success_rate": 1.0,
    "requests_per_second": 11.174494567071799
  },
  "tokens": {
    "prompt": 8953,
    "completion": 18620,
    "output_tokens_per_second": 3251.0795131074515,
    "total_tokens_per_second": 4814.28654215423
  },
  "latency_ms": {
    "e2e": {
      "count": 64,
      "mean": 679.237567117525,
      "p50": 747.6379564905073,
      "p95": 908.4681636100868,
      "p99": 951.8206491350429
    },
    "ttft": {
      "count": 64,
      "mean": 37.28272659191134,
      "p50": 30.52223750273697,
      "p95": 67.68186378176324,
      "p99": 67.9571590514388
    },
    "tpot": {
      "count": 64,
      "mean": 2.2215796858037513,
      "p50": 2.2192631527475357,
      "p95": 2.4278614984599844,
      "p99": 2.5398305352661636
    },
    "stream_event_gap": {
      "count": 5148,
      "mean": 7.93719437080658,
      "p50": 7.686189521336928,
      "p95": 17.90685645537451,
      "p99": 19.252681962097988
    }
  },
  "wall_seconds": 5.727328391978517,
  "speculative_decoding": {
    "enabled": true,
    "drafts": 5169.0,
    "draft_tokens": 15507.0,
    "accepted_tokens": 13465.0,
    "acceptance_rate": 0.8683175340168956,
    "mean_acceptance_length": 3.6049526020506866,
    "acceptance_rate_per_position": {
      "0": 0.9324821048558716,
      "1": 0.8665118978525828,
      "2": 0.8059585993422326
    }
  },
  "warmup": {
    "requests": 8,
    "failed": 0
  }
}
