loadtest summarization concurrency=1 requests=128
loadtest summarization concurrency=8 requests=128
loadtest summarization concurrency=32 requests=128
loadtest summarization concurrency=64 requests=256
loadtest summarization concurrency=128 requests=512
loadtest summarization concurrency=256 requests=1024
{
  "workload": "summarization",
  "variant": "eagle-e1-k3",
  "levels": [
    {
      "concurrency": 1,
      "requests": 128,
      "success_rate": 1.0,
      "warmup_failed": 0,
      "output_tokens_per_second": 225.6059135595673,
      "ttft_p50_ms": 83.92136998008937,
      "ttft_p95_ms": 122.88013223151208,
      "tpot_p50_ms": 4.044949458704746,
      "tpot_p95_ms": 5.054162457167763,
      "e2e_p95_ms": 1417.7284508419684,
      "kv_cache_usage_mean": 0.005745201550593805,
      "kv_cache_usage_max": 0.009293406107095392,
      "kv_cache_tokens_peak": 4032,
      "kv_cache_size_tokens": 433872,
      "running_max": 1.0,
      "waiting_max": 0.0,
      "preemptions": 0.0,
      "mean_acceptance_length": 1.9024948024948025,
      "acceptance_rate": 0.3008316008316008
    },
    {
      "concurrency": 8,
      "requests": 128,
      "success_rate": 1.0,
      "warmup_failed": 0,
      "output_tokens_per_second": 1013.0784058661885,
      "ttft_p50_ms": 113.40897998888977,
      "ttft_p95_ms": 461.3972204271681,
      "tpot_p50_ms": 7.1366662786964845,
      "tpot_p95_ms": 8.42129671302044,
      "e2e_p95_ms": 2235.080647515133,
      "kv_cache_usage_mean": 0.04668698501675341,
      "kv_cache_usage_max": 0.06420563504941734,
      "kv_cache_tokens_peak": 27857,
      "kv_cache_size_tokens": 433872,
      "running_max": 8.0,
      "waiting_max": 0.0,
      "preemptions": 0.0,
      "mean_acceptance_length": 1.8853663514524799,
      "acceptance_rate": 0.2951221171508266
    },
    {
      "concurrency": 32,
      "requests": 128,
      "success_rate": 1.0,
      "warmup_failed": 0,
      "output_tokens_per_second": 1580.089034795122,
      "ttft_p50_ms": 214.00853851810098,
      "ttft_p95_ms": 2313.8970358879305,
      "tpot_p50_ms": 17.1424551074452,
      "tpot_p95_ms": 26.215334104338964,
      "e2e_p95_ms": 6256.169597158441,
      "kv_cache_usage_mean": 0.17178869384209405,
      "kv_cache_usage_max": 0.22588139843634758,
      "kv_cache_tokens_peak": 98004,
      "kv_cache_size_tokens": 433872,
      "running_max": 32.0,
      "waiting_max": 16.0,
      "preemptions": 0.0,
      "mean_acceptance_length": 1.8936654706044713,
      "acceptance_rate": 0.2978884902014905
    },
    {
      "concurrency": 64,
      "requests": 256,
      "success_rate": 1.0,
      "warmup_failed": 0,
      "output_tokens_per_second": 1797.363942364632,
      "ttft_p50_ms": 336.51826102868654,
      "ttft_p95_ms": 4901.246278983308,
      "tpot_p50_ms": 31.455812859408383,
      "tpot_p95_ms": 43.13492611995699,
      "e2e_p95_ms": 12470.582351495977,
      "kv_cache_usage_mean": 0.3542223687121995,
      "kv_cache_usage_max": 0.4481118159020504,
      "kv_cache_tokens_peak": 194423,
      "kv_cache_size_tokens": 433872,
      "running_max": 64.0,
      "waiting_max": 47.0,
      "preemptions": 0.0,
      "mean_acceptance_length": 1.8902639433880002,
      "acceptance_rate": 0.296754647796
    },
    {
      "concurrency": 128,
      "requests": 512,
      "success_rate": 1.0,
      "warmup_failed": 0,
      "output_tokens_per_second": 1859.2347698206831,
      "ttft_p50_ms": 593.061610503355,
      "ttft_p95_ms": 8965.325308678433,
      "tpot_p50_ms": 60.72938480752343,
      "tpot_p95_ms": 85.66352488908845,
      "e2e_p95_ms": 26188.825953891494,
      "kv_cache_usage_mean": 0.7068637212961597,
      "kv_cache_usage_max": 0.8637704676205931,
      "kv_cache_tokens_peak": 374766,
      "kv_cache_size_tokens": 433872,
      "running_max": 128.0,
      "waiting_max": 101.0,
      "preemptions": 0.0,
      "mean_acceptance_length": 1.8848316532949325,
      "acceptance_rate": 0.29494388443164415
    },
    {
      "concurrency": 256,
      "requests": 1024,
      "success_rate": 1.0,
      "warmup_failed": 0,
      "output_tokens_per_second": 1842.1600439217434,
      "ttft_p50_ms": 12186.467697989428,
      "ttft_p95_ms": 20971.75761901597,
      "tpot_p50_ms": 78.46686294021006,
      "tpot_p95_ms": 106.71981186526924,
      "e2e_p95_ms": 43145.27703239871,
      "kv_cache_usage_mean": 0.9093269041648228,
      "kv_cache_usage_max": 0.9999262428086738,
      "kv_cache_tokens_peak": 433840,
      "kv_cache_size_tokens": 433872,
      "running_max": 158.0,
      "waiting_max": 220.0,
      "preemptions": 26.0,
      "mean_acceptance_length": 1.884318721954819,
      "acceptance_rate": 0.29477290731827294
    }
  ]
}
