loadtest opb concurrency=1 requests=128
loadtest opb concurrency=8 requests=128
loadtest opb concurrency=32 requests=128
loadtest opb concurrency=128 requests=512
{
  "workload": "opb",
  "variant": "eagle-e1-k7",
  "levels": [
    {
      "concurrency": 1,
      "requests": 128,
      "success_rate": 1.0,
      "warmup_failed": 0,
      "output_tokens_per_second": 421.20324660235303,
      "ttft_p50_ms": 29.77449755417183,
      "ttft_p95_ms": 91.76539672189365,
      "tpot_p50_ms": 1.9502936613901936,
      "tpot_p95_ms": 3.577484885179136,
      "e2e_p95_ms": 3003.3982048160397,
      "kv_cache_usage_mean": 0.0026037298910616398,
      "kv_cache_usage_max": 0.01039976397698772,
      "kv_cache_tokens_peak": 4512,
      "kv_cache_size_tokens": 433872,
      "running_max": 1.0,
      "waiting_max": 0.0,
      "preemptions": 0.0,
      "mean_acceptance_length": 4.190511843179962,
      "acceptance_rate": 0.455787406168566
    },
    {
      "concurrency": 8,
      "requests": 128,
      "success_rate": 1.0,
      "warmup_failed": 0,
      "output_tokens_per_second": 2670.9074360575637,
      "ttft_p50_ms": 34.61230208631605,
      "ttft_p95_ms": 132.69785717129707,
      "tpot_p50_ms": 2.355077522192058,
      "tpot_p95_ms": 4.48466763616524,
      "e2e_p95_ms": 3494.558028172468,
      "kv_cache_usage_mean": 0.019064697349658266,
      "kv_cache_usage_max": 0.03665732408909872,
      "kv_cache_tokens_peak": 15905,
      "kv_cache_size_tokens": 433872,
      "running_max": 8.0,
      "waiting_max": 0.0,
      "preemptions": 0.0,
      "mean_acceptance_length": 4.2123362445414845,
      "acceptance_rate": 0.4589051777916407
    },
    {
      "concurrency": 32,
      "requests": 128,
      "success_rate": 1.0,
      "warmup_failed": 0,
      "output_tokens_per_second": 5413.247995640733,
      "ttft_p50_ms": 72.18127651140094,
      "ttft_p95_ms": 695.1066380774137,
      "tpot_p50_ms": 3.9585085443920485,
      "tpot_p95_ms": 8.861713149801723,
      "e2e_p95_ms": 6048.9525134908035,
      "kv_cache_usage_mean": 0.06218038550425334,
      "kv_cache_usage_max": 0.09429856911048828,
      "kv_cache_tokens_peak": 40914,
      "kv_cache_size_tokens": 433872,
      "running_max": 32.0,
      "waiting_max": 0.0,
      "preemptions": 0.0,
      "mean_acceptance_length": 4.204101096804959,
      "acceptance_rate": 0.4577287281149942
    },
    {
      "concurrency": 128,
      "requests": 512,
      "success_rate": 1.0,
      "warmup_failed": 0,
      "output_tokens_per_second": 7469.31225284061,
      "ttft_p50_ms": 216.06636000797153,
      "ttft_p95_ms": 2194.967426219955,
      "tpot_p50_ms": 12.541313031770176,
      "tpot_p95_ms": 26.416850544675505,
      "e2e_p95_ms": 18839.59568682476,
      "kv_cache_usage_mean": 0.2701223028336172,
      "kv_cache_usage_max": 0.3582386782711314,
      "kv_cache_tokens_peak": 155430,
      "kv_cache_size_tokens": 433872,
      "running_max": 128.0,
      "waiting_max": 54.0,
      "preemptions": 0.0,
      "mean_acceptance_length": 4.203113543744778,
      "acceptance_rate": 0.4575876491063969
    }
  ]
}
