loadtest summarization concurrency=1 requests=128
loadtest summarization concurrency=8 requests=128
loadtest summarization concurrency=32 requests=128
loadtest summarization concurrency=128 requests=512
{
  "workload": "summarization",
  "variant": "eagle-e1-k7",
  "levels": [
    {
      "concurrency": 1,
      "requests": 128,
      "success_rate": 1.0,
      "warmup_failed": 0,
      "output_tokens_per_second": 193.2713237146001,
      "ttft_p50_ms": 85.58111253660172,
      "ttft_p95_ms": 126.28111056401394,
      "tpot_p50_ms": 4.733922446574375,
      "tpot_p95_ms": 6.220263219252241,
      "e2e_p95_ms": 1718.1444196379741,
      "kv_cache_usage_mean": 0.006100183928772216,
      "kv_cache_usage_max": 0.009809706446378574,
      "kv_cache_tokens_peak": 4256,
      "kv_cache_size_tokens": 433872,
      "running_max": 1.0,
      "waiting_max": 0.0,
      "preemptions": 0.0,
      "mean_acceptance_length": 2.046344357111078,
      "acceptance_rate": 0.1494777653015826
    },
    {
      "concurrency": 8,
      "requests": 128,
      "success_rate": 1.0,
      "warmup_failed": 0,
      "output_tokens_per_second": 888.7789118675216,
      "ttft_p50_ms": 111.18860193528235,
      "ttft_p95_ms": 449.0991702419677,
      "tpot_p50_ms": 8.228423343924511,
      "tpot_p95_ms": 9.990636741152162,
      "e2e_p95_ms": 2552.407753333682,
      "kv_cache_usage_mean": 0.048182480049869365,
      "kv_cache_usage_max": 0.06394748487977575,
      "kv_cache_tokens_peak": 27745,
      "kv_cache_size_tokens": 433872,
      "running_max": 8.0,
      "waiting_max": 0.0,
      "preemptions": 0.0,
      "mean_acceptance_length": 2.0292819305473806,
      "acceptance_rate": 0.14704027579248297
    },
    {
      "concurrency": 32,
      "requests": 128,
      "success_rate": 1.0,
      "warmup_failed": 0,
      "output_tokens_per_second": 1388.8143600317287,
      "ttft_p50_ms": 272.435913560912,
      "ttft_p95_ms": 2496.45799996797,
      "tpot_p50_ms": 19.723938680871953,
      "tpot_p95_ms": 27.499310602949507,
      "e2e_p95_ms": 6487.401718244655,
      "kv_cache_usage_mean": 0.1782563799970497,
      "kv_cache_usage_max": 0.23089688744652603,
      "kv_cache_tokens_peak": 100180,
      "kv_cache_size_tokens": 433872,
      "running_max": 32.0,
      "waiting_max": 14.0,
      "preemptions": 0.0,
      "mean_acceptance_length": 2.034319175746794,
      "acceptance_rate": 0.14775988224954203
    },
    {
      "concurrency": 128,
      "requests": 512,
      "success_rate": 1.0,
      "warmup_failed": 0,
      "output_tokens_per_second": 1623.6485910368363,
      "ttft_p50_ms": 626.526742009446,
      "ttft_p95_ms": 9574.283881374868,
      "tpot_p50_ms": 69.84578170782142,
      "tpot_p95_ms": 101.74571795796717,
      "e2e_p95_ms": 30228.014903963776,
      "kv_cache_usage_mean": 0.7186906146143367,
      "kv_cache_usage_max": 0.8590131287800561,
      "kv_cache_tokens_peak": 372702,
      "kv_cache_size_tokens": 433872,
      "running_max": 128.0,
      "waiting_max": 102.0,
      "preemptions": 0.0,
      "mean_acceptance_length": 2.0229062408007064,
      "acceptance_rate": 0.1461294629715295
    }
  ]
}
