loadtest summarization concurrency=2 requests=128
loadtest summarization concurrency=16 requests=128
loadtest summarization concurrency=64 requests=256
loadtest summarization concurrency=128 requests=512
loadtest summarization concurrency=256 requests=1024
loadtest summarization concurrency=512 requests=2048
{
  "workload": "summarization",
  "variant": "plain-dp2",
  "levels": [
    {
      "concurrency": 2,
      "requests": 128,
      "success_rate": 1.0,
      "warmup_failed": 0,
      "output_tokens_per_second": 305.797859146578,
      "ttft_p50_ms": 88.59284699428827,
      "ttft_p95_ms": 134.8295320640318,
      "tpot_p50_ms": 6.0247492057892345,
      "tpot_p95_ms": 6.55306783832205,
      "e2e_p95_ms": 2012.859296763781,
      "kv_cache_usage_mean": 0.011536889755116153,
      "kv_cache_usage_max": 0.017027652908323088,
      "kv_cache_tokens_peak": 8000,
      "kv_cache_size_tokens": 469840,
      "running_max": 2.0,
      "waiting_max": 0.0,
      "preemptions": 0.0,
      "mean_acceptance_length": null,
      "acceptance_rate": null
    },
    {
      "concurrency": 16,
      "requests": 128,
      "success_rate": 1.0,
      "warmup_failed": 0,
      "output_tokens_per_second": 1500.3720250740255,
      "ttft_p50_ms": 100.63731350237504,
      "ttft_p95_ms": 569.6125801012386,
      "tpot_p50_ms": 9.016489046751802,
      "tpot_p95_ms": 11.138638725613792,
      "e2e_p95_ms": 2987.088863563258,
      "kv_cache_usage_mean": 0.08267732060023372,
      "kv_cache_usage_max": 0.10809154066203508,
      "kv_cache_tokens_peak": 50786,
      "kv_cache_size_tokens": 469840,
      "running_max": 16.0,
      "waiting_max": 0.0,
      "preemptions": 0.0,
      "mean_acceptance_length": null,
      "acceptance_rate": null
    },
    {
      "concurrency": 64,
      "requests": 256,
      "success_rate": 1.0,
      "warmup_failed": 0,
      "output_tokens_per_second": 2733.865786341915,
      "ttft_p50_ms": 153.4236339502968,
      "ttft_p95_ms": 2441.3028540147934,
      "tpot_p50_ms": 19.765750532302704,
      "tpot_p95_ms": 26.395182367808836,
      "e2e_p95_ms": 6965.826995816315,
      "kv_cache_usage_mean": 0.30385765530841136,
      "kv_cache_usage_max": 0.4079825636834219,
      "kv_cache_tokens_peak": 191687,
      "kv_cache_size_tokens": 469840,
      "running_max": 64.0,
      "waiting_max": 19.0,
      "preemptions": 0.0,
      "mean_acceptance_length": null,
      "acceptance_rate": null
    },
    {
      "concurrency": 128,
      "requests": 512,
      "success_rate": 1.0,
      "warmup_failed": 0,
      "output_tokens_per_second": 3302.00408229566,
      "ttft_p50_ms": 217.596244008746,
      "ttft_p95_ms": 4401.618235517526,
      "tpot_p50_ms": 34.72922650498859,
      "tpot_p95_ms": 44.978091129523676,
      "e2e_p95_ms": 12664.401945855932,
      "kv_cache_usage_mean": 0.6496650560510269,
      "kv_cache_usage_max": 0.7867456749761612,
      "kv_cache_tokens_peak": 369645,
      "kv_cache_size_tokens": 469840,
      "running_max": 128.0,
      "waiting_max": 76.0,
      "preemptions": 0.0,
      "mean_acceptance_length": null,
      "acceptance_rate": null
    },
    {
      "concurrency": 256,
      "requests": 1024,
      "success_rate": 1.0,
      "warmup_failed": 0,
      "output_tokens_per_second": 3563.4372216358956,
      "ttft_p50_ms": 366.6506719891913,
      "ttft_p95_ms": 8740.969208918936,
      "tpot_p50_ms": 57.20938033117139,
      "tpot_p95_ms": 90.51414181694123,
      "e2e_p95_ms": 25807.95867468696,
      "kv_cache_usage_mean": 1.314589183156026,
      "kv_cache_usage_max": 1.5761817191118377,
      "kv_cache_tokens_peak": 740553,
      "kv_cache_size_tokens": 469840,
      "running_max": 256.0,
      "waiting_max": 205.0,
      "preemptions": 4.0,
      "mean_acceptance_length": null,
      "acceptance_rate": null
    },
    {
      "concurrency": 512,
      "requests": 2048,
      "success_rate": 1.0,
      "warmup_failed": 0,
      "output_tokens_per_second": 3571.6846465568556,
      "ttft_p50_ms": 10265.934626513626,
      "ttft_p95_ms": 21089.35121569084,
      "tpot_p50_ms": 87.37340368838682,
      "tpot_p95_ms": 101.64605376321134,
      "e2e_p95_ms": 43228.097548213555,
      "kv_cache_usage_mean": 1.7694513470521287,
      "kv_cache_usage_max": 1.9980247922626346,
      "kv_cache_tokens_peak": 938752,
      "kv_cache_size_tokens": 469840,
      "running_max": 338.0,
      "waiting_max": 430.0,
      "preemptions": 73.0,
      "mean_acceptance_length": null,
      "acceptance_rate": null
    }
  ]
}
