{
  "requests": {
    "attempted": 64,
    "successful": 64,
    "failed": 0,
    "success_rate": 1.0,
    "requests_per_second": 0.9314974217812693
  },
  "tokens": {
    "prompt": 36013,
    "completion": 11655,
    "output_tokens_per_second": 169.63441329469833,
    "total_tokens_per_second": 693.7909234604616
  },
  "latency_ms": {
    "e2e": {
      "count": 64,
      "mean": 1073.476200844425,
      "p50": 1276.1772925005062,
      "p95": 1524.1780398551782,
      "p99": 1536.1091830224905
    },
    "ttft": {
      "count": 64,
      "mean": 29.763620359972265,
      "p50": 22.711088000505697,
      "p95": 46.345440909499295,
      "p99": 51.91618724173168
    },
    "tpot": {
      "count": 64,
      "mean": 5.754382924228299,
      "p50": 5.746252653236649,
      "p95": 5.803015871166353,
      "p99": 5.8203646893363095
    },
    "stream_event_gap": {
      "count": 11554,
      "mean": 5.759948843258894,
      "p50": 5.76246899436228,
      "p95": 5.862956844794098,
      "p99": 5.974482473684475
    }
  },
  "wall_seconds": 68.70657771399419,
  "speculative_decoding": {
    "enabled": false
  }
}
{
  "requests": {
    "attempted": 64,
    "successful": 64,
    "failed": 0,
    "success_rate": 1.0,
    "requests_per_second": 5.956171481629686
  },
  "tokens": {
    "prompt": 36013,
    "completion": 11705,
    "output_tokens_per_second": 1089.3279248824292,
    "total_tokens_per_second": 4440.884230631334
  },
  "latency_ms": {
    "e2e": {
      "count": 64,
      "mean": 1232.7508091407253,
      "p50": 1503.5443784945528,
      "p95": 1774.284896851168,
      "p99": 1781.93370408364
    },
    "ttft": {
      "count": 64,
      "mean": 44.10716045458685,
      "p50": 34.66771200328367,
      "p95": 135.68128025290207,
      "p99": 136.56420521481778
    },
    "tpot": {
      "count": 64,
      "mean": 6.515333277342642,
      "p50": 6.498618771047883,
      "p95": 6.898392849528118,
      "p99": 7.139333079480941
    },
    "stream_event_gap": {
      "count": 11606,
      "mean": 6.531152340848352,
      "p50": 6.096507000620477,
      "p95": 6.801940249715699,
      "p99": 26.054469992232043
    }
  },
  "wall_seconds": 10.745157387995278,
  "speculative_decoding": {
    "enabled": false
  }
}
{
  "requests": {
    "attempted": 64,
    "successful": 64,
    "failed": 0,
    "success_rate": 1.0,
    "requests_per_second": 0.8635244986373516
  },
  "tokens": {
    "prompt": 32336,
    "completion": 12562,
    "output_tokens_per_second": 169.49366799816266,
    "total_tokens_per_second": 605.7894209346846
  },
  "latency_ms": {
    "e2e": {
      "count": 64,
      "mean": 1157.984962406772,
      "p50": 832.6415929986979,
      "p95": 2973.7722288438817,
      "p99": 2994.709221655503
    },
    "ttft": {
      "count": 64,
      "mean": 31.24474648393516,
      "p50": 28.96983200480463,
      "p95": 40.143408503354294,
      "p99": 51.033220272947794
    },
    "tpot": {
      "count": 64,
      "mean": 5.763904018686496,
      "p50": 5.763470740496431,
      "p95": 5.783879745750939,
      "p99": 5.796386865830064
    },
    "stream_event_gap": {
      "count": 12441,
      "mean": 5.765856287923436,
      "p50": 5.773060998762958,
      "p95": 5.971582999336533,
      "p99": 6.029853000654839
    }
  },
  "wall_seconds": 74.114863099996,
  "speculative_decoding": {
    "enabled": false
  }
}
{
  "requests": {
    "attempted": 64,
    "successful": 64,
    "failed": 0,
    "success_rate": 1.0,
    "requests_per_second": 5.245018686017563
  },
  "tokens": {
    "prompt": 32336,
    "completion": 12423,
    "output_tokens_per_second": 1018.1072990061904,
    "total_tokens_per_second": 3668.152990116564
  },
  "latency_ms": {
    "e2e": {
      "count": 64,
      "mean": 1308.2733245319105,
      "p50": 974.0556655015098,
      "p95": 3392.074155897717,
      "p99": 3481.145119083812
    },
    "ttft": {
      "count": 64,
      "mean": 48.17026564160187,
      "p50": 39.93323800386861,
      "p95": 141.35550035498454,
      "p99": 142.34695960505633
    },
    "tpot": {
      "count": 64,
      "mean": 6.514568358348139,
      "p50": 6.517454377279998,
      "p95": 6.8103334404273355,
      "p99": 6.91734345428001
    },
    "stream_event_gap": {
      "count": 12301,
      "mean": 6.52372006918038,
      "p50": 6.101050996221602,
      "p95": 6.734822003636509,
      "p99": 28.597123993677087
    }
  },
  "wall_seconds": 12.20205376400554,
  "speculative_decoding": {
    "enabled": false
  }
}
{
  "requests": {
    "attempted": 64,
    "successful": 64,
    "failed": 0,
    "success_rate": 1.0,
    "requests_per_second": 0.7192313053183802
  },
  "tokens": {
    "prompt": 175660,
    "completion": 14275,
    "output_tokens_per_second": 160.4222950534356,
    "total_tokens_per_second": 2134.4874683694775
  },
  "latency_ms": {
    "e2e": {
      "count": 64,
      "mean": 1390.311938156401,
      "p50": 1366.4373209976475,
      "p95": 1952.7663729466433,
      "p99": 2763.6237235144645
    },
    "ttft": {
      "count": 64,
      "mean": 92.15491792133435,
      "p50": 90.28333899914287,
      "p95": 115.23996463874934,
      "p99": 123.68296486660255
    },
    "tpot": {
      "count": 64,
      "mean": 5.846699155334423,
      "p50": 5.848126535363681,
      "p95": 5.868369191389701,
      "p99": 5.872882972397337
    },
    "stream_event_gap": {
      "count": 14147,
      "mean": 5.841325885205115,
      "p50": 5.857795011252165,
      "p95": 6.092855799943209,
      "p99": 6.3639770419104025
    }
  },
  "wall_seconds": 88.98389089400007,
  "speculative_decoding": {
    "enabled": false
  }
}
{
  "requests": {
    "attempted": 64,
    "successful": 64,
    "failed": 0,
    "success_rate": 1.0,
    "requests_per_second": 3.532024446755117
  },
  "tokens": {
    "prompt": 175660,
    "completion": 14015,
    "output_tokens_per_second": 773.4581659573901,
    "total_tokens_per_second": 10467.761514660575
  },
  "latency_ms": {
    "e2e": {
      "count": 64,
      "mean": 2118.666880420278,
      "p50": 2055.8024884958286,
      "p95": 2795.581596642296,
      "p99": 3411.462845170752
    },
    "ttft": {
      "count": 64,
      "mean": 163.59107784296611,
      "p50": 108.97380649839761,
      "p95": 618.3046911501151,
      "p99": 749.21669601943
    },
    "tpot": {
      "count": 64,
      "mean": 9.087919304668109,
      "p50": 8.950114409420788,
      "p95": 10.796887301447306,
      "p99": 11.610424832264744
    },
    "stream_event_gap": {
      "count": 13887,
      "mean": 8.969027741705311,
      "p50": 7.018044998403639,
      "p95": 26.427376398351036,
      "p99": 67.99591048184067
    }
  },
  "wall_seconds": 18.119919882999966,
  "speculative_decoding": {
    "enabled": false
  }
}
