loadtest opb concurrency=1 requests=128
loadtest opb concurrency=8 requests=128
loadtest opb concurrency=32 requests=128
loadtest opb concurrency=64 requests=256
loadtest opb concurrency=128 requests=512
loadtest opb concurrency=256 requests=1024
{
  "workload": "opb",
  "variant": "eagle-e3-k3",
  "levels": [
    {
      "concurrency": 1,
      "requests": 128,
      "success_rate": 1.0,
      "warmup_failed": 0,
      "output_tokens_per_second": 402.70882178154903,
      "ttft_p50_ms": 28.053544519934803,
      "ttft_p95_ms": 91.92623514682032,
      "tpot_p50_ms": 2.1575056080386013,
      "tpot_p95_ms": 3.1244137517481803,
      "e2e_p95_ms": 2770.660726475762,
      "kv_cache_usage_mean": 0.0026224779138188247,
      "kv_cache_usage_max": 0.010289128189998498,
      "kv_cache_tokens_peak": 4464,
      "kv_cache_size_tokens": 433872,
      "running_max": 1.0,
      "waiting_max": 0.0,
      "preemptions": 0.0,
      "mean_acceptance_length": 3.1317374438546346,
      "acceptance_rate": 0.7105791479515449
    },
    {
      "concurrency": 8,
      "requests": 128,
      "success_rate": 1.0,
      "warmup_failed": 0,
      "output_tokens_per_second": 2621.7416100871746,
      "ttft_p50_ms": 31.70209500240162,
      "ttft_p95_ms": 129.58172014332376,
      "tpot_p50_ms": 2.5408052099707445,
      "tpot_p95_ms": 3.7003140206382206,
      "e2e_p95_ms": 3351.863216876517,
      "kv_cache_usage_mean": 0.01826258789398633,
      "kv_cache_usage_max": 0.03662044549343557,
      "kv_cache_tokens_peak": 15889,
      "kv_cache_size_tokens": 433872,
      "running_max": 8.0,
      "waiting_max": 0.0,
      "preemptions": 0.0,
      "mean_acceptance_length": 3.13394346968701,
      "acceptance_rate": 0.71131448989567
    },
    {
      "concurrency": 32,
      "requests": 128,
      "success_rate": 1.0,
      "warmup_failed": 0,
      "output_tokens_per_second": 5805.34963418344,
      "ttft_p50_ms": 53.70623548515141,
      "ttft_p95_ms": 689.6687296335585,
      "tpot_p50_ms": 3.999205204538128,
      "tpot_p95_ms": 6.232717172303184,
      "e2e_p95_ms": 4599.319839978125,
      "kv_cache_usage_mean": 0.057041129691963156,
      "kv_cache_usage_max": 0.09540492698038061,
      "kv_cache_tokens_peak": 41394,
      "kv_cache_size_tokens": 433872,
      "running_max": 32.0,
      "waiting_max": 0.0,
      "preemptions": 0.0,
      "mean_acceptance_length": 3.133559182835438,
      "acceptance_rate": 0.7111863942784793
    },
    {
      "concurrency": 64,
      "requests": 256,
      "success_rate": 1.0,
      "warmup_failed": 0,
      "output_tokens_per_second": 7629.5382238825405,
      "ttft_p50_ms": 81.57386048696935,
      "ttft_p95_ms": 1100.9334959671833,
      "tpot_p50_ms": 6.348962121264438,
      "tpot_p95_ms": 9.805984238482779,
      "e2e_p95_ms": 7793.4633362456225,
      "kv_cache_usage_mean": 0.12280789288720353,
      "kv_cache_usage_max": 0.1707478979200472,
      "kv_cache_tokens_peak": 74083,
      "kv_cache_size_tokens": 433872,
      "running_max": 64.0,
      "waiting_max": 0.0,
      "preemptions": 0.0,
      "mean_acceptance_length": 3.1317620764971807,
      "acceptance_rate": 0.7105873588323937
    },
    {
      "concurrency": 128,
      "requests": 512,
      "success_rate": 1.0,
      "warmup_failed": 0,
      "output_tokens_per_second": 8896.045943908488,
      "ttft_p50_ms": 144.83521145302802,
      "ttft_p95_ms": 1824.1796618618537,
      "tpot_p50_ms": 11.887346150830163,
      "tpot_p95_ms": 19.239443382400125,
      "e2e_p95_ms": 14005.211294913897,
      "kv_cache_usage_mean": 0.2628587760520937,
      "kv_cache_usage_max": 0.3603038796282637,
      "kv_cache_tokens_peak": 156326,
      "kv_cache_size_tokens": 433872,
      "running_max": 128.0,
      "waiting_max": 50.0,
      "preemptions": 0.0,
      "mean_acceptance_length": 3.1398254255889335,
      "acceptance_rate": 0.7132751418629778
    },
    {
      "concurrency": 256,
      "requests": 1024,
      "success_rate": 1.0,
      "warmup_failed": 0,
      "output_tokens_per_second": 9571.227886897635,
      "ttft_p50_ms": 261.18014450185,
      "ttft_p95_ms": 3604.162102151895,
      "tpot_p50_ms": 22.552408552378225,
      "tpot_p95_ms": 35.73590164752407,
      "e2e_p95_ms": 26940.910864796,
      "kv_cache_usage_mean": 0.531417017486128,
      "kv_cache_usage_max": 0.7072577076264936,
      "kv_cache_tokens_peak": 306859,
      "kv_cache_size_tokens": 433872,
      "running_max": 256.0,
      "waiting_max": 187.0,
      "preemptions": 0.0,
      "mean_acceptance_length": 3.141929593830203,
      "acceptance_rate": 0.7139765312767343
    }
  ]
}
