{
  "requests": {
    "attempted": 32,
    "successful": 32,
    "failed": 0,
    "success_rate": 1.0,
    "requests_per_second": 0.6145324038639423
  },
  "tokens": {
    "prompt": 22275,
    "completion": 8192,
    "output_tokens_per_second": 157.32029538916922,
    "total_tokens_per_second": 585.0924608913352
  },
  "latency_ms": {
    "e2e": {
      "count": 32,
      "mean": 1626.9326051369717,
      "p50": 1618.913062964566,
      "p95": 1737.1324110077694,
      "p99": 1842.072879385669
    },
    "ttft": {
      "count": 32,
      "mean": 48.610978010401595,
      "p50": 47.49183350941166,
      "p95": 58.596157253487036,
      "p99": 59.38734419760294
    },
    "tpot": {
      "count": 32,
      "mean": 6.189496576966942,
      "p50": 6.141166801692224,
      "p95": 6.599737637420641,
      "p99": 7.031387086551382
    },
    "stream_event_gap": {
      "count": 6614,
      "mean": 7.613146975076055,
      "p50": 7.57391401566565,
      "p95": 7.84815619699657,
      "p99": 8.343088104156772
    }
  },
  "wall_seconds": 52.07211173698306,
  "speculative_decoding": {
    "enabled": true,
    "drafts": 6672.0,
    "draft_tokens": 20016.0,
    "accepted_tokens": 1496.0,
    "acceptance_rate": 0.07474020783373302,
    "mean_acceptance_length": 1.224220623501199,
    "acceptance_rate_per_position": {
      "0": 0.16516786570743405,
      "1": 0.046762589928057555,
      "2": 0.012290167865707434
    }
  }
}
