{
  "requests": {
    "attempted": 64,
    "successful": 64,
    "failed": 0,
    "success_rate": 1.0,
    "requests_per_second": 0.8982847448941638
  },
  "tokens": {
    "prompt": 36013,
    "completion": 11557,
    "output_tokens_per_second": 162.2105749490914,
    "total_tokens_per_second": 667.6782080408651
  },
  "latency_ms": {
    "e2e": {
      "count": 64,
      "mean": 1113.092161987879,
      "p50": 1350.451153004542,
      "p95": 1667.8980539727488,
      "p99": 1798.785468826536
    },
    "ttft": {
      "count": 64,
      "mean": 41.99332073403639,
      "p50": 44.65759004233405,
      "p95": 59.117433323990554,
      "p99": 62.329680524999276
    },
    "tpot": {
      "count": 64,
      "mean": 5.968172633260031,
      "p50": 5.95296187464762,
      "p95": 6.86959900556565,
      "p99": 6.910904960147866
    },
    "stream_event_gap": {
      "count": 9734,
      "mean": 6.996241654379426,
      "p50": 7.022812031209469,
      "p95": 7.275851687882096,
      "p99": 7.392658001044765
    }
  },
  "wall_seconds": 71.24689622502774,
  "speculative_decoding": {
    "enabled": true,
    "drafts": 9765.0,
    "draft_tokens": 19530.0,
    "accepted_tokens": 1748.0,
    "acceptance_rate": 0.08950332821300563,
    "mean_acceptance_length": 1.1790066564260113,
    "acceptance_rate_per_position": {
      "0": 0.15166410650281617,
      "1": 0.027342549923195084
    }
  }
}
{
  "requests": {
    "attempted": 64,
    "successful": 64,
    "failed": 0,
    "success_rate": 1.0,
    "requests_per_second": 5.621985101349621
  },
  "tokens": {
    "prompt": 36013,
    "completion": 11459,
    "output_tokens_per_second": 1006.5988636932079,
    "total_tokens_per_second": 4170.107448926082
  },
  "latency_ms": {
    "e2e": {
      "count": 64,
      "mean": 1276.2494252201577,
      "p50": 1491.7811605264433,
      "p95": 1984.0777797915505,
      "p99": 2103.235731741879
    },
    "ttft": {
      "count": 64,
      "mean": 57.65942929610901,
      "p50": 48.95485646557063,
      "p95": 139.70937961130403,
      "p99": 140.81969369901344
    },
    "tpot": {
      "count": 64,
      "mean": 6.810968451255777,
      "p50": 6.701469238274129,
      "p95": 7.8838041714992375,
      "p99": 8.409809124193545
    },
    "stream_event_gap": {
      "count": 9636,
      "mean": 8.038424873099155,
      "p50": 7.296290539670736,
      "p95": 16.97631206479855,
      "p99": 34.668800700455904
    }
  },
  "wall_seconds": 11.383879331988283,
  "speculative_decoding": {
    "enabled": true,
    "drafts": 9669.0,
    "draft_tokens": 19338.0,
    "accepted_tokens": 1749.0,
    "acceptance_rate": 0.09044368600682594,
    "mean_acceptance_length": 1.180887372013652,
    "acceptance_rate_per_position": {
      "0": 0.15296307787775365,
      "1": 0.027924294135898232
    }
  }
}
{
  "requests": {
    "attempted": 64,
    "successful": 64,
    "failed": 0,
    "success_rate": 1.0,
    "requests_per_second": 0.8328253548699688
  },
  "tokens": {
    "prompt": 32336,
    "completion": 12571,
    "output_tokens_per_second": 163.58511775109966,
    "total_tokens_per_second": 584.3701282991514
  },
  "latency_ms": {
    "e2e": {
      "count": 64,
      "mean": 1200.5805661483464,
      "p50": 849.6303260326385,
      "p95": 2999.670023383805,
      "p99": 3302.2337637189776
    },
    "ttft": {
      "count": 64,
      "mean": 35.39806296248571,
      "p50": 32.512912002857774,
      "p95": 47.94917125836946,
      "p99": 53.05976091302
    },
    "tpot": {
      "count": 64,
      "mean": 5.990301936426032,
      "p50": 5.983001481487124,
      "p95": 6.526738170348751,
      "p99": 6.676981528988108
    },
    "stream_event_gap": {
      "count": 10584,
      "mean": 6.983190012080468,
      "p50": 7.009146502241492,
      "p95": 7.1925891970749944,
      "p99": 7.320064903469756
    }
  },
  "wall_seconds": 76.846843849984,
  "speculative_decoding": {
    "enabled": true,
    "drafts": 10641.0,
    "draft_tokens": 21282.0,
    "accepted_tokens": 1866.0,
    "acceptance_rate": 0.08767972934874542,
    "mean_acceptance_length": 1.175359458697491,
    "acceptance_rate_per_position": {
      "0": 0.13767503054224228,
      "1": 0.03768442815524857
    }
  }
}
{
  "requests": {
    "attempted": 64,
    "successful": 64,
    "failed": 0,
    "success_rate": 1.0,
    "requests_per_second": 4.825678799432264
  },
  "tokens": {
    "prompt": 32336,
    "completion": 12638,
    "output_tokens_per_second": 952.92076042539,
    "total_tokens_per_second": 3391.0949738385416
  },
  "latency_ms": {
    "e2e": {
      "count": 64,
      "mean": 1396.886271524636,
      "p50": 1016.9278504909016,
      "p95": 3554.7811250318764,
      "p99": 4156.308130362304
    },
    "ttft": {
      "count": 64,
      "mean": 55.85401069765794,
      "p50": 45.05998606327921,
      "p95": 147.93762397021055,
      "p99": 148.73879326041788
    },
    "tpot": {
      "count": 64,
      "mean": 6.807204703125912,
      "p50": 6.672401492212272,
      "p95": 7.71855434547383,
      "p99": 9.134591072025328
    },
    "stream_event_gap": {
      "count": 10630,
      "mean": 8.011009154914898,
      "p50": 7.293583534192294,
      "p95": 17.426579102175307,
      "p99": 29.93415318545885
    }
  },
  "wall_seconds": 13.26238290197216,
  "speculative_decoding": {
    "enabled": true,
    "drafts": 10687.0,
    "draft_tokens": 21374.0,
    "accepted_tokens": 1887.0,
    "acceptance_rate": 0.0882848320389258,
    "mean_acceptance_length": 1.1765696640778516,
    "acceptance_rate_per_position": {
      "0": 0.1393281557031908,
      "1": 0.0372415083746608
    }
  }
}
{
  "requests": {
    "attempted": 64,
    "successful": 64,
    "failed": 0,
    "success_rate": 1.0,
    "requests_per_second": 0.6703315467243735
  },
  "tokens": {
    "prompt": 175660,
    "completion": 14244,
    "output_tokens_per_second": 149.19066486784337,
    "total_tokens_per_second": 1989.0412820178972
  },
  "latency_ms": {
    "e2e": {
      "count": 64,
      "mean": 1491.641454069395,
      "p50": 1445.6533099873923,
      "p95": 2112.1382097189776,
      "p99": 2810.384069206193
    },
    "ttft": {
      "count": 64,
      "mean": 88.47404016523797,
      "p50": 85.0350969703868,
      "p95": 109.59290216560476,
      "p99": 123.39859948377124
    },
    "tpot": {
      "count": 64,
      "mean": 6.306369107354721,
      "p50": 6.450951772275284,
      "p95": 6.876652694787046,
      "p99": 6.977317562890595
    },
    "stream_event_gap": {
      "count": 12529,
      "mean": 7.112745883220016,
      "p50": 7.102168980054557,
      "p95": 7.381250825710595,
      "p99": 7.691492000594734
    }
  },
  "wall_seconds": 95.4751425809227,
  "speculative_decoding": {
    "enabled": true,
    "drafts": 12586.0,
    "draft_tokens": 25172.0,
    "accepted_tokens": 1616.0,
    "acceptance_rate": 0.0641983155887494,
    "mean_acceptance_length": 1.1283966311774989,
    "acceptance_rate_per_position": {
      "0": 0.11210869219767997,
      "1": 0.016287938979818846
    }
  }
}
{
  "requests": {
    "attempted": 64,
    "successful": 64,
    "failed": 0,
    "success_rate": 1.0,
    "requests_per_second": 3.1459663324156097
  },
  "tokens": {
    "prompt": 175660,
    "completion": 13651,
    "output_tokens_per_second": 671.0247875594607,
    "total_tokens_per_second": 9305.71925556143
  },
  "latency_ms": {
    "e2e": {
      "count": 64,
      "mean": 2289.4936723987485,
      "p50": 2204.0915254619904,
      "p95": 3466.3068465306424,
      "p99": 4038.1917365128143
    },
    "ttft": {
      "count": 64,
      "mean": 162.88409283697547,
      "p50": 103.0842840555124,
      "p95": 604.4047695409972,
      "p99": 747.1178196766414
    },
    "tpot": {
      "count": 64,
      "mean": 9.953138346516152,
      "p50": 9.75071347602887,
      "p95": 12.447271378334147,
      "p99": 14.986775119447671
    },
    "stream_event_gap": {
      "count": 12022,
      "mean": 11.256354325811184,
      "p50": 8.301568508613855,
      "p95": 31.50729685439727,
      "p99": 65.16094003105533
    }
  },
  "wall_seconds": 20.343510780949146,
  "speculative_decoding": {
    "enabled": true,
    "drafts": 12080.0,
    "draft_tokens": 24160.0,
    "accepted_tokens": 1524.0,
    "acceptance_rate": 0.06307947019867549,
    "mean_acceptance_length": 1.1261589403973509,
    "acceptance_rate_per_position": {
      "0": 0.10968543046357616,
      "1": 0.016473509933774836
    }
  }
}
