loadtest opb concurrency=1 requests=128
loadtest opb concurrency=8 requests=128
loadtest opb concurrency=32 requests=128
loadtest opb concurrency=128 requests=512
{
  "workload": "opb",
  "variant": "dspark-e10-k7",
  "levels": [
    {
      "concurrency": 1,
      "requests": 128,
      "success_rate": 1.0,
      "warmup_failed": 0,
      "output_tokens_per_second": 591.5266542997344,
      "ttft_p50_ms": 30.111228999885498,
      "ttft_p95_ms": 90.73330210230758,
      "tpot_p50_ms": 1.4286318654814634,
      "tpot_p95_ms": 2.5191913723832324,
      "e2e_p95_ms": 2069.9832460482867,
      "kv_cache_usage_mean": 0.0029599870355373503,
      "kv_cache_usage_max": 0.012278531244893642,
      "kv_cache_tokens_peak": 4208,
      "kv_cache_size_tokens": 342693,
      "running_max": 1.0,
      "waiting_max": 0.0,
      "preemptions": 0.0,
      "mean_acceptance_length": 4.804723050368743,
      "acceptance_rate": 0.5435318643383918
    },
    {
      "concurrency": 8,
      "requests": 128,
      "success_rate": 1.0,
      "warmup_failed": 0,
      "output_tokens_per_second": 3494.1960624569356,
      "ttft_p50_ms": 35.98000099736964,
      "ttft_p95_ms": 141.01306305092294,
      "tpot_p50_ms": 1.916329874673385,
      "tpot_p95_ms": 3.3153035136288422,
      "e2e_p95_ms": 2764.1887207988448,
      "kv_cache_usage_mean": 0.02369271510124471,
      "kv_cache_usage_max": 0.048151217348677555,
      "kv_cache_tokens_peak": 16501,
      "kv_cache_size_tokens": 342693,
      "running_max": 8.0,
      "waiting_max": 0.0,
      "preemptions": 0.0,
      "mean_acceptance_length": 4.779961165048544,
      "acceptance_rate": 0.5399944521497919
    },
    {
      "concurrency": 32,
      "requests": 128,
      "success_rate": 1.0,
      "warmup_failed": 0,
      "output_tokens_per_second": 6468.2057882452345,
      "ttft_p50_ms": 76.99200850038324,
      "ttft_p95_ms": 684.0343767999002,
      "tpot_p50_ms": 3.542472377969958,
      "tpot_p95_ms": 6.691263567685697,
      "e2e_p95_ms": 5124.58818845007,
      "kv_cache_usage_mean": 0.0775893461565396,
      "kv_cache_usage_max": 0.11377483134526944,
      "kv_cache_tokens_peak": 38990,
      "kv_cache_size_tokens": 342693,
      "running_max": 32.0,
      "waiting_max": 0.0,
      "preemptions": 0.0,
      "mean_acceptance_length": 4.7503708909190285,
      "acceptance_rate": 0.5357672701312898
    },
    {
      "concurrency": 128,
      "requests": 512,
      "success_rate": 1.0,
      "warmup_failed": 0,
      "output_tokens_per_second": 8109.976020744437,
      "ttft_p50_ms": 230.78028250165517,
      "ttft_p95_ms": 1980.9839732024557,
      "tpot_p50_ms": 11.926726552260522,
      "tpot_p95_ms": 26.015297068324088,
      "e2e_p95_ms": 17141.625786203076,
      "kv_cache_usage_mean": 0.3377955269881454,
      "kv_cache_usage_max": 0.44707509512360233,
      "kv_cache_tokens_peak": 153210,
      "kv_cache_size_tokens": 342693,
      "running_max": 128.0,
      "waiting_max": 53.0,
      "preemptions": 0.0,
      "mean_acceptance_length": 4.791868967534366,
      "acceptance_rate": 0.5416955667906238
    }
  ]
}
