{
  "requests": {
    "attempted": 64,
    "successful": 64,
    "failed": 0,
    "success_rate": 1.0,
    "requests_per_second": 17.575411463289843
  },
  "tokens": {
    "prompt": 8953,
    "completion": 18674,
    "output_tokens_per_second": 5128.175526023039,
    "total_tokens_per_second": 7586.81082025482
  },
  "latency_ms": {
    "e2e": {
      "count": 64,
      "mean": 430.32207696865044,
      "p50": 462.67192300001625,
      "p95": 605.3396179500851,
      "p99": 649.5917564597765
    },
    "ttft": {
      "count": 64,
      "mean": 43.33564621890673,
      "p50": 38.35903750223224,
      "p95": 93.16455379739637,
      "p99": 93.58896509984334
    },
    "tpot": {
      "count": 64,
      "mean": 1.3296765837827387,
      "p50": 1.2988986881751754,
      "p95": 1.5763909366793787,
      "p99": 1.8180839419738872
    },
    "stream_event_gap": {
      "count": 2801,
      "mean": 8.806074272028011,
      "p50": 8.352359000127763,
      "p95": 17.722837001201697,
      "p99": 21.14575599989621
    }
  },
  "wall_seconds": 3.6414510200047516,
  "speculative_decoding": {
    "enabled": true,
    "drafts": 2810.0,
    "draft_tokens": 19670.0,
    "accepted_tokens": 15938.0,
    "acceptance_rate": 0.8102694458566345,
    "mean_acceptance_length": 6.671886120996441,
    "acceptance_rate_per_position": {
      "0": 0.9555160142348754,
      "1": 0.9081850533807829,
      "2": 0.8587188612099644,
      "3": 0.80711743772242,
      "4": 0.7615658362989324,
      "5": 0.7124555160142348,
      "6": 0.6683274021352313
    }
  },
  "warmup": {
    "requests": 8,
    "failed": 0
  }
}
