loadtest chat concurrency=1 requests=128
loadtest chat concurrency=8 requests=128
loadtest chat concurrency=32 requests=128
loadtest chat concurrency=64 requests=256
loadtest chat concurrency=128 requests=512
loadtest chat concurrency=256 requests=1024
{
  "workload": "chat",
  "variant": "dspark-e10-k3",
  "levels": [
    {
      "concurrency": 1,
      "requests": 128,
      "success_rate": 1.0,
      "warmup_failed": 0,
      "output_tokens_per_second": 264.75285894934257,
      "ttft_p50_ms": 33.555364003404975,
      "ttft_p95_ms": 48.949052160605746,
      "tpot_p50_ms": 3.17841277760396,
      "tpot_p95_ms": 6.921382394598714,
      "e2e_p95_ms": 1347.6904097769873,
      "kv_cache_usage_mean": 0.0021025205641794172,
      "kv_cache_usage_max": 0.006271732281627029,
      "kv_cache_tokens_peak": 2150,
      "kv_cache_size_tokens": 342789,
      "running_max": 1.0,
      "waiting_max": 0.0,
      "preemptions": 0.0,
      "mean_acceptance_length": 2.2683881793604925,
      "acceptance_rate": 0.4227960597868307
    },
    {
      "concurrency": 8,
      "requests": 128,
      "success_rate": 1.0,
      "warmup_failed": 0,
      "output_tokens_per_second": 1724.5470853412737,
      "ttft_p50_ms": 43.15637797117233,
      "ttft_p95_ms": 122.01194572844494,
      "tpot_p50_ms": 3.722432274690957,
      "tpot_p95_ms": 8.118352467027563,
      "e2e_p95_ms": 1536.6460989404,
      "kv_cache_usage_mean": 0.015893833671715166,
      "kv_cache_usage_max": 0.022543231196471503,
      "kv_cache_tokens_peak": 7728,
      "kv_cache_size_tokens": 342789,
      "running_max": 8.0,
      "waiting_max": 0.0,
      "preemptions": 0.0,
      "mean_acceptance_length": 2.2651283476971553,
      "acceptance_rate": 0.421709449232385
    },
    {
      "concurrency": 32,
      "requests": 128,
      "success_rate": 1.0,
      "warmup_failed": 0,
      "output_tokens_per_second": 3557.2709961308756,
      "ttft_p50_ms": 75.18708350835368,
      "ttft_p95_ms": 525.7849455985706,
      "tpot_p50_ms": 6.6217327825121055,
      "tpot_p95_ms": 14.130773191133066,
      "e2e_p95_ms": 2876.86765025137,
      "kv_cache_usage_mean": 0.059089302800068,
      "kv_cache_usage_max": 0.08698163403421155,
      "kv_cache_tokens_peak": 29816,
      "kv_cache_size_tokens": 342789,
      "running_max": 31.0,
      "waiting_max": 0.0,
      "preemptions": 0.0,
      "mean_acceptance_length": 2.2553171814314776,
      "acceptance_rate": 0.41843906047715923
    },
    {
      "concurrency": 64,
      "requests": 256,
      "success_rate": 1.0,
      "warmup_failed": 0,
      "output_tokens_per_second": 4264.471007070444,
      "ttft_p50_ms": 117.64554597903043,
      "ttft_p95_ms": 1030.4945542884525,
      "tpot_p50_ms": 11.394214501972272,
      "tpot_p95_ms": 24.97329123689507,
      "e2e_p95_ms": 4912.851872009924,
      "kv_cache_usage_mean": 0.11858192729846834,
      "kv_cache_usage_max": 0.18093510069776664,
      "kv_cache_tokens_peak": 62023,
      "kv_cache_size_tokens": 342789,
      "running_max": 64.0,
      "waiting_max": 8.0,
      "preemptions": 0.0,
      "mean_acceptance_length": 2.258932285648255,
      "acceptance_rate": 0.41964409521608503
    },
    {
      "concurrency": 128,
      "requests": 512,
      "success_rate": 1.0,
      "warmup_failed": 0,
      "output_tokens_per_second": 4704.338847104524,
      "ttft_p50_ms": 199.73215548088774,
      "ttft_p95_ms": 2203.231690375833,
      "tpot_p50_ms": 21.336817235101528,
      "tpot_p95_ms": 48.17228093683974,
      "e2e_p95_ms": 9320.169944601363,
      "kv_cache_usage_mean": 0.25272594627452155,
      "kv_cache_usage_max": 0.3488658374366993,
      "kv_cache_tokens_peak": 119587,
      "kv_cache_size_tokens": 342789,
      "running_max": 128.0,
      "waiting_max": 53.0,
      "preemptions": 0.0,
      "mean_acceptance_length": 2.2455745609000113,
      "acceptance_rate": 0.41519152030000384
    },
    {
      "concurrency": 256,
      "requests": 1024,
      "success_rate": 1.0,
      "warmup_failed": 0,
      "output_tokens_per_second": 4997.920917354907,
      "ttft_p50_ms": 369.8020669980906,
      "ttft_p95_ms": 4192.6879309350625,
      "tpot_p50_ms": 41.67928440942896,
      "tpot_p95_ms": 92.3198265960338,
      "e2e_p95_ms": 18093.12698090216,
      "kv_cache_usage_mean": 0.5098399103871555,
      "kv_cache_usage_max": 0.6858649739796037,
      "kv_cache_tokens_peak": 235107,
      "kv_cache_size_tokens": 342789,
      "running_max": 255.0,
      "waiting_max": 130.0,
      "preemptions": 0.0,
      "mean_acceptance_length": 2.2483291895714057,
      "acceptance_rate": 0.41610972985713524
    }
  ]
}
