{
  "requests": {
    "attempted": 64,
    "successful": 64,
    "failed": 0,
    "success_rate": 1.0,
    "requests_per_second": 17.514472908189017
  },
  "tokens": {
    "prompt": 8953,
    "completion": 18644,
    "output_tokens_per_second": 5102.184889066813,
    "total_tokens_per_second": 7552.295450738942
  },
  "latency_ms": {
    "e2e": {
      "count": 64,
      "mean": 431.3590037195354,
      "p50": 462.67337699828204,
      "p95": 615.302136500395,
      "p99": 628.9162480698724
    },
    "ttft": {
      "count": 64,
      "mean": 34.93503132904152,
      "p50": 31.010810998850502,
      "p95": 56.692749405192444,
      "p99": 56.99510501304758
    },
    "tpot": {
      "count": 64,
      "mean": 1.3757028961668545,
      "p50": 1.34878256396936,
      "p95": 1.6261893057478818,
      "p99": 1.9173200298690123
    },
    "stream_event_gap": {
      "count": 2809,
      "mean": 8.99610439017023,
      "p50": 8.476540999254212,
      "p95": 17.59157020424027,
      "p99": 20.455114164506085
    }
  },
  "wall_seconds": 3.6541208139969967,
  "speculative_decoding": {
    "enabled": true,
    "drafts": 2818.0,
    "draft_tokens": 19726.0,
    "accepted_tokens": 15902.0,
    "acceptance_rate": 0.8061441752002433,
    "mean_acceptance_length": 6.643009226401704,
    "acceptance_rate_per_position": {
      "0": 0.9570617459190915,
      "1": 0.904542228530873,
      "2": 0.8541518807665011,
      "3": 0.8066004258339248,
      "4": 0.758694109297374,
      "5": 0.7033356990773598,
      "6": 0.6586231369765791
    }
  },
  "warmup": {
    "requests": 8,
    "failed": 0
  }
}
