{
  "requests": {
    "attempted": 64,
    "successful": 64,
    "failed": 0,
    "success_rate": 1.0,
    "requests_per_second": 6.31826174652328
  },
  "tokens": {
    "prompt": 8953,
    "completion": 18591,
    "output_tokens_per_second": 1835.3563145252235,
    "total_tokens_per_second": 2719.221899159957
  },
  "latency_ms": {
    "e2e": {
      "count": 64,
      "mean": 1189.552424203157,
      "p50": 1323.8837885000976,
      "p95": 1584.7815184977662,
      "p99": 1616.5143207256915
    },
    "ttft": {
      "count": 64,
      "mean": 40.63053167101316,
      "p50": 32.40435449697543,
      "p95": 88.53597375709796,
      "p99": 88.67360829608515
    },
    "tpot": {
      "count": 64,
      "mean": 3.9741575485513114,
      "p50": 3.967826980617375,
      "p95": 4.094405135470148,
      "p99": 4.1220489047665945
    },
    "stream_event_gap": {
      "count": 9426,
      "mean": 7.7834881018512805,
      "p50": 7.529278991569299,
      "p95": 8.067477752774721,
      "p99": 21.052542248071404
    }
  },
  "wall_seconds": 10.129368261012132,
  "speculative_decoding": {
    "enabled": true,
    "drafts": 9443.0,
    "draft_tokens": 9443.0,
    "accepted_tokens": 9108.0,
    "acceptance_rate": 0.9645239860213916,
    "mean_acceptance_length": 1.9645239860213914,
    "acceptance_rate_per_position": {
      "0": 0.9645239860213916
    }
  },
  "warmup": {
    "requests": 8,
    "failed": 0
  }
}
