diagnostic_config=D3
launcher=draft-model.sh
served_model=swiss-ai/Apertus-v1.5-70B-diag-D3-faruk_zahiragic-20260919T070236Z
served_model=swiss-ai/Apertus-v1.5-70B-diag-D3-faruk_zahiragic-20260919T070236Z
target_model=/capstor/store/cscs/swissai/infra01/hf_models/models/swiss-ai/Apertus-v1.5-70B
draft_model=/capstor/store/cscs/swissai/infra01/hf_models/models/swiss-ai/Apertus-v1.5-8B
environment=/users/faruk_zahiragic/.sml/env_resolved_arm64_xqps6Q.toml
async_scheduling=0
enable_prefix_caching=0
max_num_batched_tokens=8192
--system is ignored when using the SLURM launcher
Job submitted: 3442017
Served model name: faruk_zahiragic/swiss-ai/Apertus-v1.5-70B-diag-D3-faruk_zahiragic-20260919T070236Z
Logs: ~/.sml/logs/3442017
Tail: tail -f ~/.sml/logs/3442017/log.out
diagnostic_config=D3
launcher=draft-model.sh
served_model=swiss-ai/Apertus-v1.5-70B-diag-D3-faruk_zahiragic-20260919T191804Z
served_model=swiss-ai/Apertus-v1.5-70B-diag-D3-faruk_zahiragic-20260919T191804Z
target_model=/capstor/store/cscs/swissai/infra01/hf_models/models/swiss-ai/Apertus-v1.5-70B
draft_model=/capstor/store/cscs/swissai/infra01/hf_models/models/swiss-ai/Apertus-v1.5-8B
environment=/users/faruk_zahiragic/.sml/env_resolved_arm64_tBdGbc.toml
async_scheduling=0
enable_prefix_caching=0
max_num_batched_tokens=8192
--system is ignored when using the SLURM launcher
Job submitted: 3446273
Served model name: faruk_zahiragic/swiss-ai/Apertus-v1.5-70B-diag-D3-faruk_zahiragic-20260919T191804Z
Logs: ~/.sml/logs/3446273
Tail: tail -f ~/.sml/logs/3446273/log.out
diagnostic_config=B1
launcher=baseline.sh
served_model=swiss-ai/Apertus-v1.5-70B-diag-B1-faruk_zahiragic-20260919T193841Z
served_model=swiss-ai/Apertus-v1.5-70B-diag-B1-faruk_zahiragic-20260919T193841Z
target_model=/capstor/store/cscs/swissai/infra01/hf_models/models/swiss-ai/Apertus-v1.5-70B
environment=/users/faruk_zahiragic/.sml/env_resolved_arm64_KF7cp2.toml
async_scheduling=0
enable_prefix_caching=0
max_num_batched_tokens=8192
--system is ignored when using the SLURM launcher
Job submitted: 3446342
Served model name: faruk_zahiragic/swiss-ai/Apertus-v1.5-70B-diag-B1-faruk_zahiragic-20260919T193841Z
Logs: ~/.sml/logs/3446342
Tail: tail -f ~/.sml/logs/3446342/log.out
diagnostic_config=N3m
launcher=ngram.sh
served_model=swiss-ai/Apertus-v1.5-70B-diag-N3m-faruk_zahiragic-20260919T195219Z
served_model=swiss-ai/Apertus-v1.5-70B-diag-N3m-faruk_zahiragic-20260919T195219Z
target_model=/capstor/store/cscs/swissai/infra01/hf_models/models/swiss-ai/Apertus-v1.5-70B
environment=/users/faruk_zahiragic/.sml/env_resolved_arm64_wdPvNL.toml
async_scheduling=0
enable_prefix_caching=0
max_num_batched_tokens=7168
--system is ignored when using the SLURM launcher
Job submitted: 3446427
Served model name: faruk_zahiragic/swiss-ai/Apertus-v1.5-70B-diag-N3m-faruk_zahiragic-20260919T195219Z
Logs: ~/.sml/logs/3446427
Tail: tail -f ~/.sml/logs/3446427/log.out
diagnostic_config=B2
launcher=baseline.sh
served_model=swiss-ai/Apertus-v1.5-70B-diag-B2-faruk_zahiragic-20260919T200551Z
served_model=swiss-ai/Apertus-v1.5-70B-diag-B2-faruk_zahiragic-20260919T200551Z
target_model=/capstor/store/cscs/swissai/infra01/hf_models/models/swiss-ai/Apertus-v1.5-70B
environment=/users/faruk_zahiragic/.sml/env_resolved_arm64_yLzgg9.toml
async_scheduling=0
enable_prefix_caching=0
max_num_batched_tokens=7168
--system is ignored when using the SLURM launcher
Job submitted: 3446471
Served model name: faruk_zahiragic/swiss-ai/Apertus-v1.5-70B-diag-B2-faruk_zahiragic-20260919T200551Z
Logs: ~/.sml/logs/3446471
Tail: tail -f ~/.sml/logs/3446471/log.out
diagnostic_config=N3
launcher=ngram.sh
served_model=swiss-ai/Apertus-v1.5-70B-diag-N3-faruk_zahiragic-20260919T201947Z
served_model=swiss-ai/Apertus-v1.5-70B-diag-N3-faruk_zahiragic-20260919T201947Z
target_model=/capstor/store/cscs/swissai/infra01/hf_models/models/swiss-ai/Apertus-v1.5-70B
environment=/users/faruk_zahiragic/.sml/env_resolved_arm64_0dZxDW.toml
async_scheduling=0
enable_prefix_caching=0
max_num_batched_tokens=8192
--system is ignored when using the SLURM launcher
Job submitted: 3446532
Served model name: faruk_zahiragic/swiss-ai/Apertus-v1.5-70B-diag-N3-faruk_zahiragic-20260919T201947Z
Logs: ~/.sml/logs/3446532
Tail: tail -f ~/.sml/logs/3446532/log.out
diagnostic_config=B0
launcher=baseline.sh
served_model=swiss-ai/Apertus-v1.5-70B-diag-B0-faruk_zahiragic-20260919T203239Z
served_model=swiss-ai/Apertus-v1.5-70B-diag-B0-faruk_zahiragic-20260919T203239Z
target_model=/capstor/store/cscs/swissai/infra01/hf_models/models/swiss-ai/Apertus-v1.5-70B
environment=/users/faruk_zahiragic/.sml/env_resolved_arm64_AfC3vb.toml
async_scheduling=1
enable_prefix_caching=0
max_num_batched_tokens=8192
--system is ignored when using the SLURM launcher
Job submitted: 3446578
Served model name: faruk_zahiragic/swiss-ai/Apertus-v1.5-70B-diag-B0-faruk_zahiragic-20260919T203239Z
Logs: ~/.sml/logs/3446578
Tail: tail -f ~/.sml/logs/3446578/log.out
diagnostic_config=N3
launcher=ngram.sh
served_model=swiss-ai/Apertus-v1.5-70B-diag-N3-faruk_zahiragic-20260919T204556Z
served_model=swiss-ai/Apertus-v1.5-70B-diag-N3-faruk_zahiragic-20260919T204556Z
target_model=/capstor/store/cscs/swissai/infra01/hf_models/models/swiss-ai/Apertus-v1.5-70B
environment=/users/faruk_zahiragic/.sml/env_resolved_arm64_gT3ka8.toml
async_scheduling=0
enable_prefix_caching=0
max_num_batched_tokens=8192
--system is ignored when using the SLURM launcher
Job submitted: 3446640
Served model name: faruk_zahiragic/swiss-ai/Apertus-v1.5-70B-diag-N3-faruk_zahiragic-20260919T204556Z
Logs: ~/.sml/logs/3446640
Tail: tail -f ~/.sml/logs/3446640/log.out
diagnostic_config=B2
launcher=baseline.sh
served_model=swiss-ai/Apertus-v1.5-70B-diag-B2-faruk_zahiragic-20260919T210037Z
served_model=swiss-ai/Apertus-v1.5-70B-diag-B2-faruk_zahiragic-20260919T210037Z
target_model=/capstor/store/cscs/swissai/infra01/hf_models/models/swiss-ai/Apertus-v1.5-70B
environment=/users/faruk_zahiragic/.sml/env_resolved_arm64_blqEkq.toml
async_scheduling=0
enable_prefix_caching=0
max_num_batched_tokens=7168
--system is ignored when using the SLURM launcher
Job submitted: 3446749
Served model name: faruk_zahiragic/swiss-ai/Apertus-v1.5-70B-diag-B2-faruk_zahiragic-20260919T210037Z
Logs: ~/.sml/logs/3446749
Tail: tail -f ~/.sml/logs/3446749/log.out
diagnostic_config=D3
launcher=draft-model.sh
served_model=swiss-ai/Apertus-v1.5-70B-diag-D3-faruk_zahiragic-20260919T211420Z
served_model=swiss-ai/Apertus-v1.5-70B-diag-D3-faruk_zahiragic-20260919T211420Z
target_model=/capstor/store/cscs/swissai/infra01/hf_models/models/swiss-ai/Apertus-v1.5-70B
draft_model=/capstor/store/cscs/swissai/infra01/hf_models/models/swiss-ai/Apertus-v1.5-8B
environment=/users/faruk_zahiragic/.sml/env_resolved_arm64_7sYJV1.toml
async_scheduling=0
enable_prefix_caching=0
max_num_batched_tokens=8192
--system is ignored when using the SLURM launcher
Job submitted: 3447739
Served model name: faruk_zahiragic/swiss-ai/Apertus-v1.5-70B-diag-D3-faruk_zahiragic-20260919T211420Z
Logs: ~/.sml/logs/3447739
Tail: tail -f ~/.sml/logs/3447739/log.out
diagnostic_config=N3m
launcher=ngram.sh
served_model=swiss-ai/Apertus-v1.5-70B-diag-N3m-faruk_zahiragic-20260919T213841Z
served_model=swiss-ai/Apertus-v1.5-70B-diag-N3m-faruk_zahiragic-20260919T213841Z
target_model=/capstor/store/cscs/swissai/infra01/hf_models/models/swiss-ai/Apertus-v1.5-70B
environment=/users/faruk_zahiragic/.sml/env_resolved_arm64_IQOarN.toml
async_scheduling=0
enable_prefix_caching=0
max_num_batched_tokens=7168
--system is ignored when using the SLURM launcher
Job submitted: 3448363
Served model name: faruk_zahiragic/swiss-ai/Apertus-v1.5-70B-diag-N3m-faruk_zahiragic-20260919T213841Z
Logs: ~/.sml/logs/3448363
Tail: tail -f ~/.sml/logs/3448363/log.out
diagnostic_config=B1
launcher=baseline.sh
served_model=swiss-ai/Apertus-v1.5-70B-diag-B1-faruk_zahiragic-20260919T215210Z
served_model=swiss-ai/Apertus-v1.5-70B-diag-B1-faruk_zahiragic-20260919T215210Z
target_model=/capstor/store/cscs/swissai/infra01/hf_models/models/swiss-ai/Apertus-v1.5-70B
environment=/users/faruk_zahiragic/.sml/env_resolved_arm64_TALxY0.toml
async_scheduling=0
enable_prefix_caching=0
max_num_batched_tokens=8192
--system is ignored when using the SLURM launcher
Job submitted: 3448414
Served model name: faruk_zahiragic/swiss-ai/Apertus-v1.5-70B-diag-B1-faruk_zahiragic-20260919T215210Z
Logs: ~/.sml/logs/3448414
Tail: tail -f ~/.sml/logs/3448414/log.out
diagnostic_config=P2
launcher=standalone-8b.sh
served_model=swiss-ai/Apertus-v1.5-70B-diag-P2-faruk_zahiragic-20260919T220452Z
served_model=swiss-ai/Apertus-v1.5-70B-diag-P2-faruk_zahiragic-20260919T220452Z
target_model=/capstor/store/cscs/swissai/infra01/hf_models/models/swiss-ai/Apertus-v1.5-8B
environment=/users/faruk_zahiragic/.sml/env_resolved_arm64_PAvmLQ.toml
async_scheduling=0
enable_prefix_caching=0
max_num_batched_tokens=8192
--system is ignored when using the SLURM launcher
Job submitted: 3448470
Served model name: faruk_zahiragic/swiss-ai/Apertus-v1.5-70B-diag-P2-faruk_zahiragic-20260919T220452Z
Logs: ~/.sml/logs/3448470
Tail: tail -f ~/.sml/logs/3448470/log.out
