{
  "requests": {
    "attempted": 64,
    "successful": 64,
    "failed": 0,
    "success_rate": 1.0,
    "requests_per_second": 8.423729677319159
  },
  "tokens": {
    "prompt": 8953,
    "completion": 18154,
    "output_tokens_per_second": 2389.4435712820627,
    "total_tokens_per_second": 3567.8443806732885
  },
  "latency_ms": {
    "e2e": {
      "count": 64,
      "mean": 862.2850791989549,
      "p50": 891.3516799802892,
      "p95": 1619.662733920267,
      "p99": 1735.48891141545
    },
    "ttft": {
      "count": 64,
      "mean": 38.41202805870125,
      "p50": 31.692040502093732,
      "p95": 67.05667563073803,
      "p99": 67.46722272713669
    },
    "tpot": {
      "count": 64,
      "mean": 2.88520587085994,
      "p50": 2.724544871386694,
      "p95": 4.331188263324778,
      "p99": 4.880579100837609
    },
    "stream_event_gap": {
      "count": 6270,
      "mean": 8.389746100280473,
      "p50": 7.600143988383934,
      "p95": 17.29234257363714,
      "p99": 20.564823308377527
    }
  },
  "wall_seconds": 7.597584734030534,
  "speculative_decoding": {
    "enabled": true,
    "drafts": 6286.0,
    "draft_tokens": 12572.0,
    "accepted_tokens": 11858.0,
    "acceptance_rate": 0.9432071269487751,
    "mean_acceptance_length": 2.8864142538975504,
    "acceptance_rate_per_position": {
      "0": 0.9632516703786191,
      "1": 0.923162583518931
    }
  },
  "warmup": {
    "requests": 8,
    "failed": 0
  }
}
