loadtest summarization concurrency=1 requests=128
loadtest summarization concurrency=8 requests=128
loadtest summarization concurrency=32 requests=128
loadtest summarization concurrency=64 requests=256
loadtest summarization concurrency=128 requests=512
loadtest summarization concurrency=256 requests=1024
{
  "workload": "summarization",
  "variant": "dspark-e10-k2",
  "levels": [
    {
      "concurrency": 1,
      "requests": 128,
      "success_rate": 1.0,
      "warmup_failed": 0,
      "output_tokens_per_second": 223.5532166420165,
      "ttft_p50_ms": 83.7180370290298,
      "ttft_p95_ms": 122.7976923662936,
      "tpot_p50_ms": 3.932221882662523,
      "tpot_p95_ms": 5.003399802957534,
      "e2e_p95_ms": 1636.7290585854785,
      "kv_cache_usage_mean": 0.007508879552781885,
      "kv_cache_usage_max": 0.011416603954100268,
      "kv_cache_tokens_peak": 3914,
      "kv_cache_size_tokens": 342815,
      "running_max": 1.0,
      "waiting_max": 0.0,
      "preemptions": 0.0,
      "mean_acceptance_length": 1.86071287649612,
      "acceptance_rate": 0.43035643824805997
    },
    {
      "concurrency": 8,
      "requests": 128,
      "success_rate": 1.0,
      "warmup_failed": 0,
      "output_tokens_per_second": 1011.3627369106194,
      "ttft_p50_ms": 107.31115596718155,
      "ttft_p95_ms": 435.0745835283277,
      "tpot_p50_ms": 7.068927713598958,
      "tpot_p95_ms": 8.378520091982516,
      "e2e_p95_ms": 2342.3840009694677,
      "kv_cache_usage_mean": 0.05860520585139496,
      "kv_cache_usage_max": 0.07373831066930348,
      "kv_cache_tokens_peak": 25279,
      "kv_cache_size_tokens": 342815,
      "running_max": 8.0,
      "waiting_max": 0.0,
      "preemptions": 0.0,
      "mean_acceptance_length": 1.8513298928146091,
      "acceptance_rate": 0.4256649464073045
    },
    {
      "concurrency": 32,
      "requests": 128,
      "success_rate": 1.0,
      "warmup_failed": 0,
      "output_tokens_per_second": 1614.4271746802626,
      "ttft_p50_ms": 238.17457898985595,
      "ttft_p95_ms": 2222.9416644084267,
      "tpot_p50_ms": 16.48222438291683,
      "tpot_p95_ms": 22.853603051078085,
      "e2e_p95_ms": 5966.6908921906725,
      "kv_cache_usage_mean": 0.20604886200188885,
      "kv_cache_usage_max": 0.275591102399412,
      "kv_cache_tokens_peak": 94477,
      "kv_cache_size_tokens": 342815,
      "running_max": 32.0,
      "waiting_max": 17.0,
      "preemptions": 0.0,
      "mean_acceptance_length": 1.8635482793184095,
      "acceptance_rate": 0.4317741396592048
    },
    {
      "concurrency": 64,
      "requests": 256,
      "success_rate": 1.0,
      "warmup_failed": 0,
      "output_tokens_per_second": 1800.9238493675628,
      "ttft_p50_ms": 309.3125995073933,
      "ttft_p95_ms": 4703.406160493614,
      "tpot_p50_ms": 30.89537490116138,
      "tpot_p95_ms": 41.70295612311208,
      "e2e_p95_ms": 12010.86252075038,
      "kv_cache_usage_mean": 0.4249736588402513,
      "kv_cache_usage_max": 0.5429216472111867,
      "kv_cache_tokens_peak": 186122,
      "kv_cache_size_tokens": 342815,
      "running_max": 64.0,
      "waiting_max": 47.0,
      "preemptions": 0.0,
      "mean_acceptance_length": 1.861461726384365,
      "acceptance_rate": 0.4307308631921824
    },
    {
      "concurrency": 128,
      "requests": 512,
      "success_rate": 1.0,
      "warmup_failed": 0,
      "output_tokens_per_second": 1911.859309324187,
      "ttft_p50_ms": 822.8897289955057,
      "ttft_p95_ms": 8779.136366769671,
      "tpot_p50_ms": 58.34194776749906,
      "tpot_p95_ms": 80.28518576372548,
      "e2e_p95_ms": 25454.914944732445,
      "kv_cache_usage_mean": 0.8516693411288021,
      "kv_cache_usage_max": 0.9997433160071638,
      "kv_cache_tokens_peak": 342727,
      "kv_cache_size_tokens": 342815,
      "running_max": 128.0,
      "waiting_max": 101.0,
      "preemptions": 10.0,
      "mean_acceptance_length": 1.8543531876076895,
      "acceptance_rate": 0.4271765938038447
    },
    {
      "concurrency": 256,
      "requests": 1024,
      "success_rate": 1.0,
      "warmup_failed": 0,
      "output_tokens_per_second": 1933.6264496582019,
      "ttft_p50_ms": 14692.006452009082,
      "ttft_p95_ms": 20828.15844944852,
      "tpot_p50_ms": 60.83818457647999,
      "tpot_p95_ms": 80.94185825903482,
      "e2e_p95_ms": 39167.97629058999,
      "kv_cache_usage_mean": 0.9246050131775708,
      "kv_cache_usage_max": 0.9997258148258341,
      "kv_cache_tokens_peak": 342721,
      "kv_cache_size_tokens": 342815,
      "running_max": 129.0,
      "waiting_max": 220.0,
      "preemptions": 19.0,
      "mean_acceptance_length": 1.8570210898534092,
      "acceptance_rate": 0.42851054492670454
    }
  ]
}
