{
  "requests": {
    "attempted": 64,
    "successful": 64,
    "failed": 0,
    "success_rate": 1.0,
    "requests_per_second": 0.9247373691192827
  },
  "tokens": {
    "prompt": 36013,
    "completion": 11655,
    "output_tokens_per_second": 168.40334432945687,
    "total_tokens_per_second": 688.7559517371558
  },
  "latency_ms": {
    "e2e": {
      "count": 64,
      "mean": 1081.1478557989176,
      "p50": 1289.4016049685888,
      "p95": 1528.5452332987916,
      "p99": 1538.5168867162429
    },
    "ttft": {
      "count": 64,
      "mean": 30.870950446114875,
      "p50": 26.255384436808527,
      "p95": 49.039144889684394,
      "p99": 55.80426275846546
    },
    "tpot": {
      "count": 64,
      "mean": 5.812230957730443,
      "p50": 5.799131729530499,
      "p95": 5.899109245248879,
      "p99": 5.958266228246925
    },
    "stream_event_gap": {
      "count": 11554,
      "mean": 5.7644824274243796,
      "p50": 5.767828493844718,
      "p95": 5.988820950733498,
      "p99": 6.217660912079737
    }
  },
  "wall_seconds": 69.20883932802826,
  "speculative_decoding": {
    "enabled": false
  }
}
{
  "requests": {
    "attempted": 64,
    "successful": 64,
    "failed": 0,
    "success_rate": 1.0,
    "requests_per_second": 5.909682480748806
  },
  "tokens": {
    "prompt": 36013,
    "completion": 11706,
    "output_tokens_per_second": 1080.9178612444614,
    "total_tokens_per_second": 4406.314660919567
  },
  "latency_ms": {
    "e2e": {
      "count": 64,
      "mean": 1243.7482435343554,
      "p50": 1551.56839749543,
      "p95": 1783.5234738478903,
      "p99": 1790.1683701202273
    },
    "ttft": {
      "count": 64,
      "mean": 50.79088335878623,
      "p50": 42.9318500100635,
      "p95": 135.61852652346715,
      "p99": 137.08941913675517
    },
    "tpot": {
      "count": 64,
      "mean": 6.5444962968499665,
      "p50": 6.503959604505555,
      "p95": 6.88488894009701,
      "p99": 7.082079627253049
    },
    "stream_event_gap": {
      "count": 11609,
      "mean": 6.530564252311377,
      "p50": 6.100537022575736,
      "p95": 9.877124801278125,
      "p99": 25.95118958503008
    }
  },
  "wall_seconds": 10.82968504796736,
  "speculative_decoding": {
    "enabled": false
  }
}
{
  "requests": {
    "attempted": 64,
    "successful": 64,
    "failed": 0,
    "success_rate": 1.0,
    "requests_per_second": 0.8563512657630942
  },
  "tokens": {
    "prompt": 32336,
    "completion": 12562,
    "output_tokens_per_second": 168.08569688306233,
    "total_tokens_per_second": 600.7571739098656
  },
  "latency_ms": {
    "e2e": {
      "count": 64,
      "mean": 1167.529837892289,
      "p50": 840.1608415297233,
      "p95": 2988.9454529213253,
      "p99": 2992.899912460707
    },
    "ttft": {
      "count": 64,
      "mean": 34.90945507110155,
      "p50": 31.340228451881558,
      "p95": 49.43411184358409,
      "p99": 52.36213714000769
    },
    "tpot": {
      "count": 64,
      "mean": 5.814085609259056,
      "p50": 5.805519548791857,
      "p95": 5.864044763295995,
      "p99": 5.987355397220039
    },
    "stream_event_gap": {
      "count": 12441,
      "mean": 5.769419457864344,
      "p50": 5.778820952400565,
      "p95": 5.994300940074027,
      "p99": 6.1335289385169744
    }
  },
  "wall_seconds": 74.73568681301549,
  "speculative_decoding": {
    "enabled": false
  }
}
{
  "requests": {
    "attempted": 64,
    "successful": 64,
    "failed": 0,
    "success_rate": 1.0,
    "requests_per_second": 5.193229540298139
  },
  "tokens": {
    "prompt": 32336,
    "completion": 12583,
    "output_tokens_per_second": 1021.0376141495544,
    "total_tokens_per_second": 3644.916839385189
  },
  "latency_ms": {
    "e2e": {
      "count": 64,
      "mean": 1328.6800179575948,
      "p50": 978.6636440549046,
      "p95": 3396.635361009976,
      "p99": 3507.1122363128234
    },
    "ttft": {
      "count": 64,
      "mean": 50.00481472234242,
      "p50": 39.937279012519866,
      "p95": 147.0709238841664,
      "p99": 148.0799277953338
    },
    "tpot": {
      "count": 64,
      "mean": 6.557162349111451,
      "p50": 6.5759603527473285,
      "p95": 6.91144834419006,
      "p99": 7.04830965100284
    },
    "stream_event_gap": {
      "count": 12462,
      "mean": 6.506603928619903,
      "p50": 6.075722514651716,
      "p95": 8.324020326836028,
      "p99": 30.208430860657245
    }
  },
  "wall_seconds": 12.323737956001423,
  "speculative_decoding": {
    "enabled": false
  }
}
{
  "requests": {
    "attempted": 64,
    "successful": 64,
    "failed": 0,
    "success_rate": 1.0,
    "requests_per_second": 0.7204177763900379
  },
  "tokens": {
    "prompt": 175660,
    "completion": 14275,
    "output_tokens_per_second": 160.68693371824673,
    "total_tokens_per_second": 2138.008599353779
  },
  "latency_ms": {
    "e2e": {
      "count": 64,
      "mean": 1387.9056162004417,
      "p50": 1364.300176501274,
      "p95": 1942.1551328501657,
      "p99": 2754.006176023976
    },
    "ttft": {
      "count": 64,
      "mean": 91.55995084438473,
      "p50": 91.63531247759238,
      "p95": 113.79774793167597,
      "p99": 118.89570694882421
    },
    "tpot": {
      "count": 64,
      "mean": 5.840520771464646,
      "p50": 5.835214811764729,
      "p95": 5.877423653182441,
      "p99": 5.893316920466253
    },
    "stream_event_gap": {
      "count": 14147,
      "mean": 5.81888450273295,
      "p50": 5.821058992296457,
      "p95": 6.0977345099672675,
      "p99": 6.453890814445913
    }
  },
  "wall_seconds": 88.83734146691859,
  "speculative_decoding": {
    "enabled": false
  }
}
{
  "requests": {
    "attempted": 64,
    "successful": 64,
    "failed": 0,
    "success_rate": 1.0,
    "requests_per_second": 3.464367147495639
  },
  "tokens": {
    "prompt": 175660,
    "completion": 14271,
    "output_tokens_per_second": 772.4997431548479,
    "total_tokens_per_second": 10281.104948296785
  },
  "latency_ms": {
    "e2e": {
      "count": 64,
      "mean": 2160.5421309013764,
      "p50": 2105.894591542892,
      "p95": 2805.278423166601,
      "p99": 3409.3292918940974
    },
    "ttft": {
      "count": 64,
      "mean": 164.4399142205657,
      "p50": 110.73129996657372,
      "p95": 618.3512697636615,
      "p99": 750.8210293133743
    },
    "tpot": {
      "count": 64,
      "mean": 9.130652428313205,
      "p50": 9.041540067301419,
      "p95": 11.07182194886555,
      "p99": 11.699359993326873
    },
    "stream_event_gap": {
      "count": 14143,
      "mean": 8.974796115075504,
      "p50": 6.997085059992969,
      "p95": 28.2940922770649,
      "p99": 67.09981270832941
    }
  },
  "wall_seconds": 18.473792550037615,
  "speculative_decoding": {
    "enabled": false
  }
}
