{
  "requests": {
    "attempted": 64,
    "successful": 64,
    "failed": 0,
    "success_rate": 1.0,
    "requests_per_second": 16.089572844223877
  },
  "tokens": {
    "prompt": 8953,
    "completion": 18311,
    "output_tokens_per_second": 4603.377630477866,
    "total_tokens_per_second": 6854.158031639371
  },
  "latency_ms": {
    "e2e": {
      "count": 64,
      "mean": 470.9754094071741,
      "p50": 502.77238999842666,
      "p95": 681.0506781475849,
      "p99": 729.3252620400743
    },
    "ttft": {
      "count": 64,
      "mean": 27.29605707850169,
      "p50": 22.414930004742928,
      "p95": 56.66107080105576,
      "p99": 56.9037123749149
    },
    "tpot": {
      "count": 64,
      "mean": 1.565700837372618,
      "p50": 1.5246147624251578,
      "p95": 1.912612128801298,
      "p99": 2.1697798627165867
    },
    "stream_event_gap": {
      "count": 2756,
      "mean": 10.257877748196757,
      "p50": 9.921984499669634,
      "p95": 12.585030741320224,
      "p99": 13.929561199620366
    }
  },
  "wall_seconds": 3.9777314550010487,
  "speculative_decoding": {
    "enabled": true,
    "drafts": 2767.0,
    "draft_tokens": 18970.0,
    "accepted_tokens": 15622.0,
    "acceptance_rate": 0.8235108065366368,
    "mean_acceptance_length": 6.645825804119985,
    "acceptance_rate_per_position": {
      "0": 0.9555475243946513,
      "1": 0.9035056017347307,
      "2": 0.8543548970003614,
      "3": 0.8059269967473799,
      "4": 0.7589447054571739,
      "5": 0.7076255872786411,
      "6": 0.6599204915070473
    }
  },
  "warmup": {
    "requests": 8,
    "failed": 0
  }
}
