loadtest summarization concurrency=1 requests=128
loadtest summarization concurrency=8 requests=128
loadtest summarization concurrency=32 requests=128
loadtest summarization concurrency=64 requests=256
loadtest summarization concurrency=128 requests=512
loadtest summarization concurrency=256 requests=1024
{
  "workload": "summarization",
  "variant": "dspark-e10-k7-greedy-sync-cgfull",
  "levels": [
    {
      "concurrency": 1,
      "requests": 128,
      "success_rate": 1.0,
      "warmup_failed": 0,
      "output_tokens_per_second": 225.75311514556205,
      "ttft_p50_ms": 84.91632900404511,
      "ttft_p95_ms": 125.77353595552262,
      "tpot_p50_ms": 4.360746027820252,
      "tpot_p95_ms": 8.385107556556845,
      "e2e_p95_ms": 1806.3983256019128,
      "kv_cache_usage_mean": 0.0074117875275210195,
      "kv_cache_usage_max": 0.011502369336352403,
      "kv_cache_tokens_peak": 4170,
      "kv_cache_size_tokens": 362517,
      "running_max": 1.0,
      "waiting_max": 0.0,
      "preemptions": 0.0,
      "mean_acceptance_length": 2.321533203125,
      "acceptance_rate": 0.2843908162729199
    },
    {
      "concurrency": 8,
      "requests": 128,
      "success_rate": 1.0,
      "warmup_failed": 0,
      "output_tokens_per_second": 915.1942515092395,
      "ttft_p50_ms": 98.36655200342648,
      "ttft_p95_ms": 487.000252749566,
      "tpot_p50_ms": 7.933151540044621,
      "tpot_p95_ms": 9.950007691278804,
      "e2e_p95_ms": 2737.6472280513553,
      "kv_cache_usage_mean": 0.0561052297085336,
      "kv_cache_usage_max": 0.07608137444851659,
      "kv_cache_tokens_peak": 27581,
      "kv_cache_size_tokens": 362517,
      "running_max": 8.0,
      "waiting_max": 0.0,
      "preemptions": 0.0,
      "mean_acceptance_length": 2.1148242653716354,
      "acceptance_rate": 0.3581173982020095
    },
    {
      "concurrency": 32,
      "requests": 128,
      "success_rate": 1.0,
      "warmup_failed": 0,
      "output_tokens_per_second": 1471.23746346335,
      "ttft_p50_ms": 179.7373389999848,
      "ttft_p95_ms": 2339.391969407734,
      "tpot_p50_ms": 18.730125566783656,
      "tpot_p95_ms": 25.7617451359788,
      "e2e_p95_ms": 6901.751444899126,
      "kv_cache_usage_mean": 0.20484459254417703,
      "kv_cache_usage_max": 0.2783503349751395,
      "kv_cache_tokens_peak": 100907,
      "kv_cache_size_tokens": 362517,
      "running_max": 32.0,
      "waiting_max": 20.0,
      "preemptions": 0.0,
      "mean_acceptance_length": 2.130729445336187,
      "acceptance_rate": 0.4644688644688645
    },
    {
      "concurrency": 64,
      "requests": 256,
      "success_rate": 1.0,
      "warmup_failed": 0,
      "output_tokens_per_second": 1637.3347492879639,
      "ttft_p50_ms": 280.04758149472764,
      "ttft_p95_ms": 5052.699031002703,
      "tpot_p50_ms": 35.400226207263756,
      "tpot_p95_ms": 48.826023200978646,
      "e2e_p95_ms": 13914.007279752695,
      "kv_cache_usage_mean": 0.4297338324204305,
      "kv_cache_usage_max": 0.5502754499404747,
      "kv_cache_tokens_peak": 199484,
      "kv_cache_size_tokens": 362517,
      "running_max": 64.0,
      "waiting_max": 52.0,
      "preemptions": 0.0,
      "mean_acceptance_length": 2.142388578043604,
      "acceptance_rate": 0.5488632940140437
    },
    {
      "concurrency": 128,
      "requests": 512,
      "success_rate": 1.0,
      "warmup_failed": 0,
      "output_tokens_per_second": 1705.5222061341758,
      "ttft_p50_ms": 695.3503740005544,
      "ttft_p95_ms": 9165.288251153834,
      "tpot_p50_ms": 65.87817157905712,
      "tpot_p95_ms": 94.2162066084526,
      "e2e_p95_ms": 29338.174411296495,
      "kv_cache_usage_mean": 0.8571617882339421,
      "kv_cache_usage_max": 0.9967319498587736,
      "kv_cache_tokens_peak": 361332,
      "kv_cache_size_tokens": 362517,
      "running_max": 128.0,
      "waiting_max": 107.0,
      "preemptions": 7.0,
      "mean_acceptance_length": 2.1685821780137093,
      "acceptance_rate": 0.6101065547303842
    },
    {
      "concurrency": 256,
      "requests": 1024,
      "success_rate": 1.0,
      "warmup_failed": 0,
      "output_tokens_per_second": 1706.2308204063615,
      "ttft_p50_ms": 16615.617964504054,
      "ttft_p95_ms": 23195.08947060749,
      "tpot_p50_ms": 69.81178929972644,
      "tpot_p95_ms": 95.22766975818787,
      "e2e_p95_ms": 44642.83940041132,
      "kv_cache_usage_mean": 0.9152771365323279,
      "kv_cache_usage_max": 1.0,
      "kv_cache_tokens_peak": 362517,
      "kv_cache_size_tokens": 362517,
      "running_max": 129.0,
      "waiting_max": 236.0,
      "preemptions": 21.0,
      "mean_acceptance_length": 2.189085028971837,
      "acceptance_rate": 0.654837704261098
    }
  ]
}
