{
  "requests": {
    "attempted": 64,
    "successful": 64,
    "failed": 0,
    "success_rate": 1.0,
    "requests_per_second": 0.8870232659763577
  },
  "tokens": {
    "prompt": 36013,
    "completion": 11655,
    "output_tokens_per_second": 161.53525257741327,
    "total_tokens_per_second": 660.6660162900159
  },
  "latency_ms": {
    "e2e": {
      "count": 64,
      "mean": 1127.217727858806,
      "p50": 1392.0949189923704,
      "p95": 1667.6570574578363,
      "p99": 1771.422062900383
    },
    "ttft": {
      "count": 64,
      "mean": 35.85792832564039,
      "p50": 28.89135299483314,
      "p95": 52.95324948383494,
      "p99": 58.5173586325254
    },
    "tpot": {
      "count": 64,
      "mean": 5.969679632314615,
      "p50": 5.974572300899537,
      "p95": 6.769065152335056,
      "p99": 6.995984242720398
    },
    "stream_event_gap": {
      "count": 9232,
      "mean": 7.529534215504623,
      "p50": 7.559099467471242,
      "p95": 7.793693570420146,
      "p99": 7.960598253412172
    }
  },
  "wall_seconds": 72.15143328800332,
  "speculative_decoding": {
    "enabled": true,
    "drafts": 9247.0,
    "draft_tokens": 27741.0,
    "accepted_tokens": 2386.0,
    "acceptance_rate": 0.08600987707725027,
    "mean_acceptance_length": 1.258029631231751,
    "acceptance_rate_per_position": {
      "0": 0.20871634043473558,
      "1": 0.04271655672109873,
      "2": 0.0065967340759165135
    }
  }
}
{
  "requests": {
    "attempted": 64,
    "successful": 64,
    "failed": 0,
    "success_rate": 1.0,
    "requests_per_second": 5.794429080089237
  },
  "tokens": {
    "prompt": 36013,
    "completion": 11540,
    "output_tokens_per_second": 1044.8079935035905,
    "total_tokens_per_second": 4305.35134446068
  },
  "latency_ms": {
    "e2e": {
      "count": 64,
      "mean": 1267.1243245058577,
      "p50": 1517.0884830295108,
      "p95": 1894.906835781876,
      "p99": 2052.0972481300123
    },
    "ttft": {
      "count": 64,
      "mean": 56.36505559596117,
      "p50": 47.05709248082712,
      "p95": 142.96845751232468,
      "p99": 144.02036757324822
    },
    "tpot": {
      "count": 64,
      "mean": 6.688719720591965,
      "p50": 6.6511254810714435,
      "p95": 7.846242646278702,
      "p99": 7.937206565816135
    },
    "stream_event_gap": {
      "count": 9161,
      "mean": 8.422188875098186,
      "p50": 7.877537980675697,
      "p95": 11.842915089800954,
      "p99": 30.895714787766337
    }
  },
  "wall_seconds": 11.045091607025824,
  "speculative_decoding": {
    "enabled": true,
    "drafts": 9177.0,
    "draft_tokens": 27531.0,
    "accepted_tokens": 2332.0,
    "acceptance_rate": 0.08470451491046457,
    "mean_acceptance_length": 1.2541135447313936,
    "acceptance_rate_per_position": {
      "0": 0.20812901819766808,
      "1": 0.040100250626566414,
      "2": 0.005884275907159202
    }
  }
}
{
  "requests": {
    "attempted": 64,
    "successful": 64,
    "failed": 0,
    "success_rate": 1.0,
    "requests_per_second": 1.3072300736132925
  },
  "tokens": {
    "prompt": 32336,
    "completion": 12562,
    "output_tokens_per_second": 256.5847528864091,
    "total_tokens_per_second": 917.0627475795251
  },
  "latency_ms": {
    "e2e": {
      "count": 64,
      "mean": 764.8384648473439,
      "p50": 529.321730020456,
      "p95": 1828.306547278771,
      "p99": 2338.4691931947596
    },
    "ttft": {
      "count": 64,
      "mean": 37.82512152247364,
      "p50": 36.303483007941395,
      "p95": 50.744147656951085,
      "p99": 56.75145265995523
    },
    "tpot": {
      "count": 64,
      "mean": 3.5964830668965733,
      "p50": 3.5994809279925124,
      "p95": 4.4722818204060815,
      "p99": 4.738296560196122
    },
    "stream_event_gap": {
      "count": 6133,
      "mean": 7.528343115067366,
      "p50": 7.576426956802607,
      "p95": 7.828765618614852,
      "p99": 8.017549295909703
    }
  },
  "wall_seconds": 48.95848197792657,
  "speculative_decoding": {
    "enabled": true,
    "drafts": 6148.0,
    "draft_tokens": 18444.0,
    "accepted_tokens": 6426.0,
    "acceptance_rate": 0.3484059856864021,
    "mean_acceptance_length": 2.045217957059206,
    "acceptance_rate_per_position": {
      "0": 0.5393623942745608,
      "1": 0.3113207547169811,
      "2": 0.1945348080676643
    }
  }
}
{
  "requests": {
    "attempted": 64,
    "successful": 64,
    "failed": 0,
    "success_rate": 1.0,
    "requests_per_second": 7.544231612486831
  },
  "tokens": {
    "prompt": 32336,
    "completion": 12556,
    "output_tokens_per_second": 1480.0839394747602,
    "total_tokens_per_second": 5291.806961683731
  },
  "latency_ms": {
    "e2e": {
      "count": 64,
      "mean": 877.648995612617,
      "p50": 614.4930484588258,
      "p95": 2205.668298661475,
      "p99": 2474.8767533828504
    },
    "ttft": {
      "count": 64,
      "mean": 57.464691906716325,
      "p50": 46.42673651687801,
      "p95": 142.78864735388197,
      "p99": 144.64252983801998
    },
    "tpot": {
      "count": 64,
      "mean": 4.088638278077129,
      "p50": 4.113241831572848,
      "p95": 5.158624314284871,
      "p99": 5.397403015504024
    },
    "stream_event_gap": {
      "count": 6102,
      "mean": 8.547834059793132,
      "p50": 7.88875250145793,
      "p95": 17.366610805038363,
      "p99": 30.64792824909091
    }
  },
  "wall_seconds": 8.483302645967342,
  "speculative_decoding": {
    "enabled": true,
    "drafts": 6117.0,
    "draft_tokens": 18351.0,
    "accepted_tokens": 6451.0,
    "acceptance_rate": 0.35153397635006267,
    "mean_acceptance_length": 2.054601929050188,
    "acceptance_rate_per_position": {
      "0": 0.544057544547981,
      "1": 0.31518718325976786,
      "2": 0.1953572012424391
    }
  }
}
{
  "requests": {
    "attempted": 64,
    "successful": 64,
    "failed": 0,
    "success_rate": 1.0,
    "requests_per_second": 0.7161546890019758
  },
  "tokens": {
    "prompt": 175660,
    "completion": 14259,
    "output_tokens_per_second": 159.55702672623707,
    "total_tokens_per_second": 2125.1778496963475
  },
  "latency_ms": {
    "e2e": {
      "count": 64,
      "mean": 1396.173100141823,
      "p50": 1339.2805790062994,
      "p95": 1936.527396307792,
      "p99": 2981.2727244722178
    },
    "ttft": {
      "count": 64,
      "mean": 94.19118685400463,
      "p50": 94.04052200261503,
      "p95": 115.97116594202814,
      "p99": 122.7916600566823
    },
    "tpot": {
      "count": 64,
      "mean": 5.833543647601996,
      "p50": 5.890173261205259,
      "p95": 6.394922364751822,
      "p99": 6.568304151987571
    },
    "stream_event_gap": {
      "count": 10850,
      "mean": 7.639414369899024,
      "p50": 7.639928953722119,
      "p95": 7.9095360124483705,
      "p99": 8.244900481076911
    }
  },
  "wall_seconds": 89.36616764904466,
  "speculative_decoding": {
    "enabled": true,
    "drafts": 10870.0,
    "draft_tokens": 32610.0,
    "accepted_tokens": 3395.0,
    "acceptance_rate": 0.10410916896657467,
    "mean_acceptance_length": 1.312327506899724,
    "acceptance_rate_per_position": {
      "0": 0.2517019319227231,
      "1": 0.05179392824287028,
      "2": 0.008831646734130635
    }
  }
}
{
  "requests": {
    "attempted": 64,
    "successful": 64,
    "failed": 0,
    "success_rate": 1.0,
    "requests_per_second": 3.5332382358512953
  },
  "tokens": {
    "prompt": 175660,
    "completion": 13930,
    "output_tokens_per_second": 769.0313847720084,
    "total_tokens_per_second": 10466.666205235111
  },
  "latency_ms": {
    "e2e": {
      "count": 64,
      "mean": 2089.0053342009196,
      "p50": 1996.144680539146,
      "p95": 2932.428617111872,
      "p99": 3623.9846118749083
    },
    "ttft": {
      "count": 64,
      "mean": 179.19920683016244,
      "p50": 120.49066153122112,
      "p95": 624.4786684808787,
      "p99": 766.0207396675833
    },
    "tpot": {
      "count": 64,
      "mean": 8.870772694146092,
      "p50": 9.017457108711824,
      "p95": 10.30531858842228,
      "p99": 11.153278616246098
    },
    "stream_event_gap": {
      "count": 10606,
      "mean": 11.481316825842994,
      "p50": 8.813729975372553,
      "p95": 30.07908700965345,
      "p99": 76.46090503549213
    }
  },
  "wall_seconds": 18.113695066072978,
  "speculative_decoding": {
    "enabled": true,
    "drafts": 10624.0,
    "draft_tokens": 31872.0,
    "accepted_tokens": 3308.0,
    "acceptance_rate": 0.10379016064257028,
    "mean_acceptance_length": 1.3113704819277108,
    "acceptance_rate_per_position": {
      "0": 0.25348268072289154,
      "1": 0.04988704819277109,
      "2": 0.008000753012048193
    }
  }
}
