{
  "requests": {
    "attempted": 64,
    "successful": 64,
    "failed": 0,
    "success_rate": 1.0,
    "requests_per_second": 0.7378570692032105
  },
  "tokens": {
    "prompt": 36013,
    "completion": 11655,
    "output_tokens_per_second": 134.3706897119284,
    "total_tokens_per_second": 549.5651683559162
  },
  "latency_ms": {
    "e2e": {
      "count": 64,
      "mean": 1355.134385303245,
      "p50": 1642.827975563705,
      "p95": 2053.7252008973155,
      "p99": 2182.40646524122
    },
    "ttft": {
      "count": 64,
      "mean": 39.23599757581542,
      "p50": 39.94412504835054,
      "p95": 55.66566540510394,
      "p99": 61.705759852193296
    },
    "tpot": {
      "count": 64,
      "mean": 7.26405679082249,
      "p50": 7.190246597327103,
      "p95": 8.398740944095389,
      "p99": 8.444305238900187
    },
    "stream_event_gap": {
      "count": 9787,
      "mean": 8.544837908959297,
      "p50": 8.577482076361775,
      "p95": 8.815927372779697,
      "p99": 8.977639556396753
    }
  },
  "wall_seconds": 86.73766596708447,
  "speculative_decoding": {
    "enabled": true,
    "drafts": 9821.0,
    "draft_tokens": 49105.0,
    "accepted_tokens": 1791.0,
    "acceptance_rate": 0.03647286427044089,
    "mean_acceptance_length": 1.1823643213522044,
    "acceptance_rate_per_position": {
      "0": 0.1485592098564301,
      "1": 0.026168414621728947,
      "2": 0.005702066999287242,
      "3": 0.0015273393748090826,
      "4": 0.0004072904999490887
    }
  }
}
{
  "requests": {
    "attempted": 64,
    "successful": 64,
    "failed": 0,
    "success_rate": 1.0,
    "requests_per_second": 4.766015832452164
  },
  "tokens": {
    "prompt": 36013,
    "completion": 11706,
    "output_tokens_per_second": 871.7340833544537,
    "total_tokens_per_second": 3553.586086074763
  },
  "latency_ms": {
    "e2e": {
      "count": 64,
      "mean": 1565.2068486579083,
      "p50": 1872.1072964835912,
      "p95": 2389.5813753304533,
      "p99": 2499.34397719102
    },
    "ttft": {
      "count": 64,
      "mean": 63.98557640022773,
      "p50": 52.82020050799474,
      "p95": 145.57511587627232,
      "p99": 146.3898643956054
    },
    "tpot": {
      "count": 64,
      "mean": 8.239028666279356,
      "p50": 8.165460617701505,
      "p95": 9.476875345706873,
      "p99": 9.749482315188324
    },
    "stream_event_gap": {
      "count": 9840,
      "mean": 9.711545983121667,
      "p50": 9.099927498027682,
      "p95": 12.976046587573283,
      "p99": 33.5733310505748
    }
  },
  "wall_seconds": 13.428406923078,
  "speculative_decoding": {
    "enabled": true,
    "drafts": 9870.0,
    "draft_tokens": 49350.0,
    "accepted_tokens": 1790.0,
    "acceptance_rate": 0.03627152988855117,
    "mean_acceptance_length": 1.1813576494427558,
    "acceptance_rate_per_position": {
      "0": 0.14731509625126646,
      "1": 0.027558257345491388,
      "2": 0.005065856129685917,
      "3": 0.0013171225937183384,
      "4": 0.00010131712259371833
    }
  }
}
{
  "requests": {
    "attempted": 64,
    "successful": 64,
    "failed": 0,
    "success_rate": 1.0,
    "requests_per_second": 0.6888941449425139
  },
  "tokens": {
    "prompt": 32336,
    "completion": 12562,
    "output_tokens_per_second": 135.21700388699782,
    "total_tokens_per_second": 483.28077061920294
  },
  "latency_ms": {
    "e2e": {
      "count": 64,
      "mean": 1451.4494173436105,
      "p50": 1037.3933424707502,
      "p95": 3616.070146986749,
      "p99": 4042.0604852971146
    },
    "ttft": {
      "count": 64,
      "mean": 38.372831490050885,
      "p50": 42.11830848362297,
      "p95": 50.68705789162777,
      "p99": 56.06838379870169
    },
    "tpot": {
      "count": 64,
      "mean": 7.272328830408776,
      "p50": 7.233432856245713,
      "p95": 7.874967455416593,
      "p99": 8.170418540510582
    },
    "stream_event_gap": {
      "count": 10485,
      "mean": 8.554682645944077,
      "p50": 8.586055948399007,
      "p95": 8.837407943792641,
      "p99": 8.940148362889886
    }
  },
  "wall_seconds": 92.9025169829838,
  "speculative_decoding": {
    "enabled": true,
    "drafts": 10542.0,
    "draft_tokens": 52710.0,
    "accepted_tokens": 1958.0,
    "acceptance_rate": 0.03714665148928097,
    "mean_acceptance_length": 1.1857332574464048,
    "acceptance_rate_per_position": {
      "0": 0.13507873268829443,
      "1": 0.03718459495351926,
      "2": 0.009580724720166951,
      "3": 0.002940618478467084,
      "4": 0.0009485866059571238
    }
  }
}
{
  "requests": {
    "attempted": 64,
    "successful": 64,
    "failed": 0,
    "success_rate": 1.0,
    "requests_per_second": 4.0716766998366625
  },
  "tokens": {
    "prompt": 32336,
    "completion": 12820,
    "output_tokens_per_second": 815.6077389360315,
    "total_tokens_per_second": 2872.8223915285052
  },
  "latency_ms": {
    "e2e": {
      "count": 64,
      "mean": 1683.790494062123,
      "p50": 1223.8974494975992,
      "p95": 4149.406431015814,
      "p99": 4542.14241608046
    },
    "ttft": {
      "count": 64,
      "mean": 57.50564035406569,
      "p50": 44.905782502610236,
      "p95": 132.9442661080975,
      "p99": 133.78484518034384
    },
    "tpot": {
      "count": 64,
      "mean": 8.245163858304474,
      "p50": 8.118688842736578,
      "p95": 9.211057844698768,
      "p99": 9.957294557428327
    },
    "stream_event_gap": {
      "count": 10677,
      "mean": 9.679318407050731,
      "p50": 9.099383023567498,
      "p95": 13.018743041902777,
      "p99": 33.57305895071477
    }
  },
  "wall_seconds": 15.718340309918858,
  "speculative_decoding": {
    "enabled": true,
    "drafts": 10734.0,
    "draft_tokens": 53670.0,
    "accepted_tokens": 2022.0,
    "acceptance_rate": 0.03767467859139184,
    "mean_acceptance_length": 1.1883733929569593,
    "acceptance_rate_per_position": {
      "0": 0.1374138252282467,
      "1": 0.03745108999441028,
      "2": 0.009688839202534005,
      "3": 0.002888019377678405,
      "4": 0.000931619154089808
    }
  }
}
{
  "requests": {
    "attempted": 64,
    "successful": 64,
    "failed": 0,
    "success_rate": 1.0,
    "requests_per_second": 0.5532125126306477
  },
  "tokens": {
    "prompt": 175660,
    "completion": 14272,
    "output_tokens_per_second": 123.36639031663445,
    "total_tokens_per_second": 1641.7618585775656
  },
  "latency_ms": {
    "e2e": {
      "count": 64,
      "mean": 1807.457780931145,
      "p50": 1724.6662864927202,
      "p95": 2534.780104469973,
      "p99": 3723.9765947591504
    },
    "ttft": {
      "count": 64,
      "mean": 86.97175550514658,
      "p50": 84.40670347772539,
      "p95": 110.13608151697552,
      "p99": 115.94154264079407
    },
    "tpot": {
      "count": 64,
      "mean": 7.704472346297045,
      "p50": 7.741174840210293,
      "p95": 8.410490882989578,
      "p99": 8.459359036326912
    },
    "stream_event_gap": {
      "count": 12576,
      "mean": 8.694384168556452,
      "p50": 8.680532977450639,
      "p95": 8.925037021981552,
      "p99": 9.334144036984071
    }
  },
  "wall_seconds": 115.68791113502812,
  "speculative_decoding": {
    "enabled": true,
    "drafts": 12632.0,
    "draft_tokens": 63160.0,
    "accepted_tokens": 1595.0,
    "acceptance_rate": 0.02525332488917036,
    "mean_acceptance_length": 1.1262666244458517,
    "acceptance_rate_per_position": {
      "0": 0.10734642178594046,
      "1": 0.016386953768207726,
      "2": 0.002137428752374921,
      "3": 0.00031665611146295124,
      "4": 7.916402786573781e-05
    }
  }
}
{
  "requests": {
    "attempted": 64,
    "successful": 64,
    "failed": 0,
    "success_rate": 1.0,
    "requests_per_second": 2.852765475486455
  },
  "tokens": {
    "prompt": 175660,
    "completion": 13953,
    "output_tokens_per_second": 621.9474481166015,
    "total_tokens_per_second": 8451.89718911583
  },
  "latency_ms": {
    "e2e": {
      "count": 64,
      "mean": 2601.8567405790236,
      "p50": 2576.755325484555,
      "p95": 3544.612836977467,
      "p99": 3985.227309425827
    },
    "ttft": {
      "count": 64,
      "mean": 167.21167409195914,
      "p50": 112.57640353869647,
      "p95": 617.1686557296198,
      "p99": 764.245932350168
    },
    "tpot": {
      "count": 64,
      "mean": 11.297929191882595,
      "p50": 11.223086668937539,
      "p95": 12.712335578998465,
      "p99": 13.034735804407433
    },
    "stream_event_gap": {
      "count": 12278,
      "mean": 12.610803580174117,
      "p50": 10.141588980332017,
      "p95": 30.56209641508758,
      "p99": 69.66751437750644
    }
  },
  "wall_seconds": 22.434371331939474,
  "speculative_decoding": {
    "enabled": true,
    "drafts": 12336.0,
    "draft_tokens": 61680.0,
    "accepted_tokens": 1572.0,
    "acceptance_rate": 0.025486381322957198,
    "mean_acceptance_length": 1.127431906614786,
    "acceptance_rate_per_position": {
      "0": 0.10781452658884566,
      "1": 0.016780155642023346,
      "2": 0.0024319066147859923,
      "3": 0.00032425421530479895,
      "4": 8.106355382619974e-05
    }
  }
}
