loadtest opb concurrency=1 requests=128
loadtest opb concurrency=8 requests=128
loadtest opb concurrency=32 requests=128
loadtest opb concurrency=64 requests=256
loadtest opb concurrency=128 requests=512
loadtest opb concurrency=256 requests=1024
{
  "workload": "opb",
  "variant": "eagle-e3-k2",
  "levels": [
    {
      "concurrency": 1,
      "requests": 128,
      "success_rate": 1.0,
      "warmup_failed": 0,
      "output_tokens_per_second": 354.3185538135064,
      "ttft_p50_ms": 26.39278455171734,
      "ttft_p95_ms": 86.37716014636668,
      "tpot_p50_ms": 2.5855118224475904,
      "tpot_p95_ms": 3.3257702666960762,
      "e2e_p95_ms": 2961.7185291077476,
      "kv_cache_usage_mean": 0.002541867803375195,
      "kv_cache_usage_max": 0.01039976397698772,
      "kv_cache_tokens_peak": 4512,
      "kv_cache_size_tokens": 433872,
      "running_max": 1.0,
      "waiting_max": 0.0,
      "preemptions": 0.0,
      "mean_acceptance_length": 2.5536293339985034,
      "acceptance_rate": 0.7768146669992517
    },
    {
      "concurrency": 8,
      "requests": 128,
      "success_rate": 1.0,
      "warmup_failed": 0,
      "output_tokens_per_second": 2305.8455908538535,
      "ttft_p50_ms": 29.24846700625494,
      "ttft_p95_ms": 137.42452596197836,
      "tpot_p50_ms": 3.011000076382709,
      "tpot_p95_ms": 3.8270410329268514,
      "e2e_p95_ms": 3598.900043714092,
      "kv_cache_usage_mean": 0.018153830183628084,
      "kv_cache_usage_max": 0.03603038796282643,
      "kv_cache_tokens_peak": 15633,
      "kv_cache_size_tokens": 433872,
      "running_max": 8.0,
      "waiting_max": 0.0,
      "preemptions": 0.0,
      "mean_acceptance_length": 2.5488768718802,
      "acceptance_rate": 0.7744384359400999
    },
    {
      "concurrency": 32,
      "requests": 128,
      "success_rate": 1.0,
      "warmup_failed": 0,
      "output_tokens_per_second": 4949.799499741421,
      "ttft_p50_ms": 46.98068799916655,
      "ttft_p95_ms": 678.4134391171392,
      "tpot_p50_ms": 4.458448052389592,
      "tpot_p95_ms": 5.768265495396921,
      "e2e_p95_ms": 5170.85747841629,
      "kv_cache_usage_mean": 0.056997288004811235,
      "kv_cache_usage_max": 0.09333972562324822,
      "kv_cache_tokens_peak": 40497,
      "kv_cache_size_tokens": 433872,
      "running_max": 32.0,
      "waiting_max": 0.0,
      "preemptions": 0.0,
      "mean_acceptance_length": 2.563423438549362,
      "acceptance_rate": 0.781711719274681
    },
    {
      "concurrency": 64,
      "requests": 256,
      "success_rate": 1.0,
      "warmup_failed": 0,
      "output_tokens_per_second": 7122.539318737058,
      "ttft_p50_ms": 70.03037247341126,
      "ttft_p95_ms": 976.6666632785928,
      "tpot_p50_ms": 6.742281725153544,
      "tpot_p95_ms": 9.581300651890736,
      "e2e_p95_ms": 7514.523671969073,
      "kv_cache_usage_mean": 0.11750135221517431,
      "kv_cache_usage_max": 0.17893494615725036,
      "kv_cache_tokens_peak": 77635,
      "kv_cache_size_tokens": 433872,
      "running_max": 64.0,
      "waiting_max": 0.0,
      "preemptions": 0.0,
      "mean_acceptance_length": 2.5542922469341094,
      "acceptance_rate": 0.7771461234670547
    },
    {
      "concurrency": 128,
      "requests": 512,
      "success_rate": 1.0,
      "warmup_failed": 0,
      "output_tokens_per_second": 8772.240471735131,
      "ttft_p50_ms": 124.77071193279698,
      "ttft_p95_ms": 2119.2816991067957,
      "tpot_p50_ms": 11.930216253500095,
      "tpot_p95_ms": 16.669212709572847,
      "e2e_p95_ms": 13306.871072447393,
      "kv_cache_usage_mean": 0.2538788380081344,
      "kv_cache_usage_max": 0.3555096621920637,
      "kv_cache_tokens_peak": 154246,
      "kv_cache_size_tokens": 433872,
      "running_max": 128.0,
      "waiting_max": 50.0,
      "preemptions": 0.0,
      "mean_acceptance_length": 2.5623508570833113,
      "acceptance_rate": 0.7811754285416558
    },
    {
      "concurrency": 256,
      "requests": 1024,
      "success_rate": 1.0,
      "warmup_failed": 0,
      "output_tokens_per_second": 9754.058812646364,
      "ttft_p50_ms": 221.07247047824785,
      "ttft_p95_ms": 3658.8426448055543,
      "tpot_p50_ms": 22.776337105483623,
      "tpot_p95_ms": 31.781685619426867,
      "e2e_p95_ms": 25309.389727906088,
      "kv_cache_usage_mean": 0.5227439699880543,
      "kv_cache_usage_max": 0.7085484584747013,
      "kv_cache_tokens_peak": 307419,
      "kv_cache_size_tokens": 433872,
      "running_max": 256.0,
      "waiting_max": 121.0,
      "preemptions": 0.0,
      "mean_acceptance_length": 2.5617458747592528,
      "acceptance_rate": 0.7808729373796263
    }
  ]
}
