{
  "requests": {
    "attempted": 64,
    "successful": 64,
    "failed": 0,
    "success_rate": 1.0,
    "requests_per_second": 0.8392137376926995
  },
  "tokens": {
    "prompt": 36013,
    "completion": 11655,
    "output_tokens_per_second": 152.82868926263143,
    "total_tokens_per_second": 625.0568820052437
  },
  "latency_ms": {
    "e2e": {
      "count": 64,
      "mean": 1191.4392007911374,
      "p50": 1441.1960604484193,
      "p95": 1805.4718430386856,
      "p99": 1919.6304108714683
    },
    "ttft": {
      "count": 64,
      "mean": 32.15707550407387,
      "p50": 25.6332490243949,
      "p95": 48.35657695075497,
      "p99": 53.2640225230716
    },
    "tpot": {
      "count": 64,
      "mean": 6.397662599364957,
      "p50": 6.3258367553519745,
      "p95": 7.37929483913455,
      "p99": 7.430265521097217
    },
    "stream_event_gap": {
      "count": 9799,
      "mean": 7.521575272698874,
      "p50": 7.542795967310667,
      "p95": 7.7142875525169075,
      "p99": 7.869444233365359
    }
  },
  "wall_seconds": 76.26185931602959,
  "speculative_decoding": {
    "enabled": true,
    "drafts": 9833.0,
    "draft_tokens": 29499.0,
    "accepted_tokens": 1779.0,
    "acceptance_rate": 0.06030712905522221,
    "mean_acceptance_length": 1.1809213871656667,
    "acceptance_rate_per_position": {
      "0": 0.14878470456625648,
      "1": 0.02633987592799756,
      "2": 0.00579680667141259
    }
  }
}
{
  "requests": {
    "attempted": 64,
    "successful": 64,
    "failed": 0,
    "success_rate": 1.0,
    "requests_per_second": 5.5456314747544795
  },
  "tokens": {
    "prompt": 36013,
    "completion": 11558,
    "output_tokens_per_second": 1001.5063841439419,
    "total_tokens_per_second": 4122.050545086647
  },
  "latency_ms": {
    "e2e": {
      "count": 64,
      "mean": 1333.9926113312686,
      "p50": 1602.4078949703835,
      "p95": 2043.011143419426,
      "p99": 2160.8964449656196
    },
    "ttft": {
      "count": 64,
      "mean": 52.48344620486023,
      "p50": 45.266516506671906,
      "p95": 134.58489116746932,
      "p99": 135.28267784859054
    },
    "tpot": {
      "count": 64,
      "mean": 7.136068225961342,
      "p50": 7.042770957908896,
      "p95": 8.24474103560511,
      "p99": 8.45219923287258
    },
    "stream_event_gap": {
      "count": 9714,
      "mean": 8.400370322889039,
      "p50": 7.893359987065196,
      "p95": 11.518276249989869,
      "p99": 29.003850739682093
    }
  },
  "wall_seconds": 11.540615399950184,
  "speculative_decoding": {
    "enabled": true,
    "drafts": 9746.0,
    "draft_tokens": 29238.0,
    "accepted_tokens": 1770.0,
    "acceptance_rate": 0.06053765647445106,
    "mean_acceptance_length": 1.1816129694233533,
    "acceptance_rate_per_position": {
      "0": 0.14918941104042685,
      "1": 0.027293248512210138,
      "2": 0.005130309870716191
    }
  }
}
{
  "requests": {
    "attempted": 64,
    "successful": 64,
    "failed": 0,
    "success_rate": 1.0,
    "requests_per_second": 0.7818686572109159
  },
  "tokens": {
    "prompt": 32336,
    "completion": 12562,
    "output_tokens_per_second": 153.46615737318007,
    "total_tokens_per_second": 548.5052964289953
  },
  "latency_ms": {
    "e2e": {
      "count": 64,
      "mean": 1278.838321350122,
      "p50": 919.4008549675345,
      "p95": 3174.3766622850667,
      "p99": 3560.826525633456
    },
    "ttft": {
      "count": 64,
      "mean": 34.54027900079382,
      "p50": 31.394613964948803,
      "p95": 47.260385472327464,
      "p99": 53.21762948879039
    },
    "tpot": {
      "count": 64,
      "mean": 6.402082991289828,
      "p50": 6.359183376696437,
      "p95": 6.944813987399029,
      "p99": 7.183072613406693
    },
    "stream_event_gap": {
      "count": 10507,
      "mean": 7.514728878970338,
      "p50": 7.542635081335902,
      "p95": 7.73203062126413,
      "p99": 7.874479072634132
    }
  },
  "wall_seconds": 81.85518041905016,
  "speculative_decoding": {
    "enabled": true,
    "drafts": 10564.0,
    "draft_tokens": 31692.0,
    "accepted_tokens": 1936.0,
    "acceptance_rate": 0.06108797172788085,
    "mean_acceptance_length": 1.1832639151836426,
    "acceptance_rate_per_position": {
      "0": 0.13593335857629685,
      "1": 0.03748580083301779,
      "2": 0.009844755774327906
    }
  }
}
{
  "requests": {
    "attempted": 64,
    "successful": 64,
    "failed": 0,
    "success_rate": 1.0,
    "requests_per_second": 4.770987702982689
  },
  "tokens": {
    "prompt": 32336,
    "completion": 12515,
    "output_tokens_per_second": 932.951735981693,
    "total_tokens_per_second": 3343.4932729136963
  },
  "latency_ms": {
    "e2e": {
      "count": 64,
      "mean": 1418.2169532396074,
      "p50": 1036.6621720022522,
      "p95": 3607.4549051176286,
      "p99": 3803.6179899913254
    },
    "ttft": {
      "count": 64,
      "mean": 52.63304212530784,
      "p50": 43.867074069567025,
      "p95": 142.547963099787,
      "p99": 143.22229544399306
    },
    "tpot": {
      "count": 64,
      "mean": 7.052652007719172,
      "p50": 7.003406487890774,
      "p95": 7.902887283818402,
      "p99": 8.254592393437633
    },
    "stream_event_gap": {
      "count": 10462,
      "mean": 8.293014192703827,
      "p50": 7.882399950176477,
      "p95": 9.921572491293718,
      "p99": 29.16677755652926
    }
  },
  "wall_seconds": 13.414413111982867,
  "speculative_decoding": {
    "enabled": true,
    "drafts": 10519.0,
    "draft_tokens": 31557.0,
    "accepted_tokens": 1934.0,
    "acceptance_rate": 0.061285927052634914,
    "mean_acceptance_length": 1.1838577811579047,
    "acceptance_rate_per_position": {
      "0": 0.13727540640745317,
      "1": 0.03726589980036125,
      "2": 0.009316474950090312
    }
  }
}
{
  "requests": {
    "attempted": 64,
    "successful": 64,
    "failed": 0,
    "success_rate": 1.0,
    "requests_per_second": 0.6226801753202817
  },
  "tokens": {
    "prompt": 175660,
    "completion": 14259,
    "output_tokens_per_second": 138.73119718581088,
    "total_tokens_per_second": 1847.7936908851966
  },
  "latency_ms": {
    "e2e": {
      "count": 64,
      "mean": 1605.7906927562726,
      "p50": 1536.341163504403,
      "p95": 2246.194594510598,
      "p99": 3293.982468111207
    },
    "ttft": {
      "count": 64,
      "mean": 92.16511266640737,
      "p50": 90.97793948603794,
      "p95": 111.86888331430963,
      "p99": 119.90535489981993
    },
    "tpot": {
      "count": 64,
      "mean": 6.781961860955673,
      "p50": 6.835257891873216,
      "p95": 7.4060702317678455,
      "p99": 7.46398865756105
    },
    "stream_event_gap": {
      "count": 12573,
      "mean": 7.648921166963675,
      "p50": 7.652134983800352,
      "p95": 7.933738874271512,
      "p99": 8.255036929622293
    }
  },
  "wall_seconds": 102.7814960819669,
  "speculative_decoding": {
    "enabled": true,
    "drafts": 12629.0,
    "draft_tokens": 37887.0,
    "accepted_tokens": 1585.0,
    "acceptance_rate": 0.04183493018713543,
    "mean_acceptance_length": 1.1255047905614064,
    "acceptance_rate_per_position": {
      "0": 0.10705519043471376,
      "1": 0.01631166363132473,
      "2": 0.002137936495367804
    }
  }
}
{
  "requests": {
    "attempted": 64,
    "successful": 64,
    "failed": 0,
    "success_rate": 1.0,
    "requests_per_second": 3.1642125167549002
  },
  "tokens": {
    "prompt": 175660,
    "completion": 14130,
    "output_tokens_per_second": 698.5987947147928,
    "total_tokens_per_second": 9383.373336795508
  },
  "latency_ms": {
    "e2e": {
      "count": 64,
      "mean": 2334.0070881749853,
      "p50": 2294.145076069981,
      "p95": 3135.537981329253,
      "p99": 3773.394231067503
    },
    "ttft": {
      "count": 64,
      "mean": 168.65080798015697,
      "p50": 116.8442444759421,
      "p95": 606.7543313198257,
      "p99": 743.314134349348
    },
    "tpot": {
      "count": 64,
      "mean": 9.929074129522954,
      "p50": 9.885804331864254,
      "p95": 11.413940865839335,
      "p99": 11.966809098160375
    },
    "stream_event_gap": {
      "count": 12443,
      "mean": 11.069578265013892,
      "p50": 8.822944946587086,
      "p95": 29.800642782356586,
      "p99": 71.66606356855482
    }
  },
  "wall_seconds": 20.226201514946297,
  "speculative_decoding": {
    "enabled": true,
    "drafts": 12498.0,
    "draft_tokens": 37494.0,
    "accepted_tokens": 1582.0,
    "acceptance_rate": 0.04219341761348482,
    "mean_acceptance_length": 1.1265802528404545,
    "acceptance_rate_per_position": {
      "0": 0.1090574491918707,
      "1": 0.01552248359737558,
      "2": 0.0020003200512081934
    }
  }
}
