{
  "requests": {
    "attempted": 128,
    "successful": 128,
    "failed": 0,
    "success_rate": 1.0,
    "requests_per_second": 0.9866865613281327
  },
  "tokens": {
    "prompt": 80604,
    "completion": 24271,
    "output_tokens_per_second": 187.0927307030868,
    "total_tokens_per_second": 808.4277587444369
  },
  "latency_ms": {
    "e2e": {
      "count": 128,
      "mean": 1013.4034847819748,
      "p50": 1247.2157794982195,
      "p95": 1533.1638875533827,
      "p99": 1627.5797897948362
    },
    "ttft": {
      "count": 128,
      "mean": 39.071862437481286,
      "p50": 39.37475099519361,
      "p95": 54.619435001950464,
      "p99": 64.70920493185987
    },
    "tpot": {
      "count": 128,
      "mean": 5.110735405092658,
      "p50": 5.045604945993595,
      "p95": 6.202876747008892,
      "p99": 6.580465131698515
    },
    "stream_event_gap": {
      "count": 16449,
      "mean": 7.566043780229813,
      "p50": 7.588076012325473,
      "p95": 7.81686260306742,
      "p99": 8.043435083236545
    }
  },
  "wall_seconds": 129.72711397599778,
  "speculative_decoding": {
    "enabled": true,
    "drafts": 16491.0,
    "draft_tokens": 49473.0,
    "accepted_tokens": 7752.0,
    "acceptance_rate": 0.15669152871263115,
    "mean_acceptance_length": 1.4700745861378934,
    "acceptance_rate_per_position": {
      "0": 0.3400642774846886,
      "1": 0.10248014068279668,
      "2": 0.027530167970408102
    }
  }
}
{
  "requests": {
    "attempted": 128,
    "successful": 128,
    "failed": 0,
    "success_rate": 1.0,
    "requests_per_second": 6.618543515294992
  },
  "tokens": {
    "prompt": 80604,
    "completion": 24372,
    "output_tokens_per_second": 1260.2120512091371,
    "total_tokens_per_second": 5428.033000481305
  },
  "latency_ms": {
    "e2e": {
      "count": 128,
      "mean": 1175.2226428205859,
      "p50": 1451.768352999352,
      "p95": 1758.58032515971,
      "p99": 1934.5339028650778
    },
    "ttft": {
      "count": 128,
      "mean": 52.74897903109377,
      "p50": 42.86407900508493,
      "p95": 138.60735965063193,
      "p99": 147.8474545046629
    },
    "tpot": {
      "count": 128,
      "mean": 5.892713618834635,
      "p50": 5.849501739173908,
      "p95": 7.3880090305693535,
      "p99": 8.029609982263093
    },
    "stream_event_gap": {
      "count": 16412,
      "mean": 8.73936334121535,
      "p50": 8.001615009561647,
      "p95": 16.910288001963632,
      "p99": 29.78581675488385
    }
  },
  "wall_seconds": 19.339602392006782,
  "speculative_decoding": {
    "enabled": true,
    "drafts": 16452.0,
    "draft_tokens": 49356.0,
    "accepted_tokens": 7885.0,
    "acceptance_rate": 0.15975767890428721,
    "mean_acceptance_length": 1.4792730367128617,
    "acceptance_rate_per_position": {
      "0": 0.3454291271577924,
      "1": 0.10448577680525165,
      "2": 0.02935813274981765
    }
  }
}
{
  "requests": {
    "attempted": 128,
    "successful": 128,
    "failed": 0,
    "success_rate": 1.0,
    "requests_per_second": 1.64378773960766
  },
  "tokens": {
    "prompt": 64445,
    "completion": 25704,
    "output_tokens_per_second": 330.0931254599632,
    "total_tokens_per_second": 1157.701726077273
  },
  "latency_ms": {
    "e2e": {
      "count": 128,
      "mean": 608.292832687539,
      "p50": 488.31118999805767,
      "p95": 1413.3197680392186,
      "p99": 1510.6847275857583
    },
    "ttft": {
      "count": 128,
      "mean": 37.8703514454628,
      "p50": 36.874352997983806,
      "p95": 48.025625559239415,
      "p99": 53.14534313336481
    },
    "tpot": {
      "count": 128,
      "mean": 2.7962499701763064,
      "p50": 2.7421901478109767,
      "p95": 3.5892469180856716,
      "p99": 3.9701891294267044
    },
    "stream_event_gap": {
      "count": 9663,
      "mean": 7.528361637683516,
      "p50": 7.588940003188327,
      "p95": 7.855232806468847,
      "p99": 8.008952580275942
    }
  },
  "wall_seconds": 77.86893460499414,
  "speculative_decoding": {
    "enabled": true,
    "drafts": 9689.0,
    "draft_tokens": 29067.0,
    "accepted_tokens": 16048.0,
    "acceptance_rate": 0.5521037602779785,
    "mean_acceptance_length": 2.6563112808339353,
    "acceptance_rate_per_position": {
      "0": 0.7378470430384972,
      "1": 0.5279182578181443,
      "2": 0.39054597997729384
    }
  }
}
{
  "requests": {
    "attempted": 128,
    "successful": 128,
    "failed": 0,
    "success_rate": 1.0,
    "requests_per_second": 10.256641405605349
  },
  "tokens": {
    "prompt": 64445,
    "completion": 25731,
    "output_tokens_per_second": 2061.825312559619,
    "total_tokens_per_second": 7225.8038702489675
  },
  "latency_ms": {
    "e2e": {
      "count": 128,
      "mean": 730.0034731085816,
      "p50": 594.5392339999671,
      "p95": 1701.2814447502024,
      "p99": 1839.9659395423078
    },
    "ttft": {
      "count": 128,
      "mean": 48.58995216409312,
      "p50": 41.13531800248893,
      "p95": 123.39000555730271,
      "p99": 140.1122533789021
    },
    "tpot": {
      "count": 128,
      "mean": 3.3648410905279276,
      "p50": 3.301226347916287,
      "p95": 4.346035972945905,
      "p99": 4.898046976071744
    },
    "stream_event_gap": {
      "count": 9693,
      "mean": 8.976057838229652,
      "p50": 7.976128996233456,
      "p95": 20.525486199767315,
      "p99": 31.037790204863995
    }
  },
  "wall_seconds": 12.479718743998092,
  "speculative_decoding": {
    "enabled": true,
    "drafts": 9717.0,
    "draft_tokens": 29151.0,
    "accepted_tokens": 16043.0,
    "acceptance_rate": 0.5503413261980721,
    "mean_acceptance_length": 2.6510239785942162,
    "acceptance_rate_per_position": {
      "0": 0.7358238139343419,
      "1": 0.52639703612226,
      "2": 0.3888031285376145
    }
  }
}
{
  "requests": {
    "attempted": 128,
    "successful": 128,
    "failed": 0,
    "success_rate": 1.0,
    "requests_per_second": 0.8669784283083722
  },
  "tokens": {
    "prompt": 350987,
    "completion": 27465,
    "output_tokens_per_second": 186.02783229288627,
    "total_tokens_per_second": 2563.3571886731256
  },
  "latency_ms": {
    "e2e": {
      "count": 128,
      "mean": 1153.3393708278936,
      "p50": 1077.213301010488,
      "p95": 1779.7347640036596,
      "p99": 2600.821493283294
    },
    "ttft": {
      "count": 128,
      "mean": 94.75789985958727,
      "p50": 91.02912149683107,
      "p95": 134.42086249924614,
      "p99": 139.57602907263208
    },
    "tpot": {
      "count": 128,
      "mean": 4.935868729870003,
      "p50": 4.909443632051619,
      "p95": 5.666226007962948,
      "p99": 6.0191156676695545
    },
    "stream_event_gap": {
      "count": 17632,
      "mean": 7.669089794288615,
      "p50": 7.660648501769174,
      "p95": 7.9176660074153915,
      "p99": 8.309150596032847
    }
  },
  "wall_seconds": 147.63919818599243,
  "speculative_decoding": {
    "enabled": true,
    "drafts": 17658.0,
    "draft_tokens": 52974.0,
    "accepted_tokens": 9821.0,
    "acceptance_rate": 0.18539283422056102,
    "mean_acceptance_length": 1.556178502661683,
    "acceptance_rate_per_position": {
      "0": 0.38475478536640617,
      "1": 0.13551931136028994,
      "2": 0.03590440593498698
    }
  }
}
{
  "requests": {
    "attempted": 128,
    "successful": 128,
    "failed": 0,
    "success_rate": 1.0,
    "requests_per_second": 4.1004133681990975
  },
  "tokens": {
    "prompt": 350987,
    "completion": 27467,
    "output_tokens_per_second": 879.891046752536,
    "total_tokens_per_second": 12123.57688162829
  },
  "latency_ms": {
    "e2e": {
      "count": 128,
      "mean": 1858.6481401330275,
      "p50": 1814.147822005907,
      "p95": 2621.5252164518456,
      "p99": 3050.2469359505635
    },
    "ttft": {
      "count": 128,
      "mean": 143.7494642582351,
      "p50": 108.36314199696062,
      "p95": 318.1320264018723,
      "p99": 569.2660112772137
    },
    "tpot": {
      "count": 128,
      "mean": 8.16531439246091,
      "p50": 8.242073258144416,
      "p95": 9.971872258570077,
      "p99": 11.146231655637704
    },
    "stream_event_gap": {
      "count": 17578,
      "mean": 12.46540175384509,
      "p50": 8.945342000515666,
      "p95": 35.515280003164655,
      "p99": 80.4375079376041
    }
  },
  "wall_seconds": 31.216364914012956,
  "speculative_decoding": {
    "enabled": true,
    "drafts": 17601.0,
    "draft_tokens": 52803.0,
    "accepted_tokens": 9896.0,
    "acceptance_rate": 0.18741359392458762,
    "mean_acceptance_length": 1.562240781773763,
    "acceptance_rate_per_position": {
      "0": 0.38969376739957956,
      "1": 0.1364695187773422,
      "2": 0.03607749559684109
    }
  }
}
