loadtest opb concurrency=1 requests=128
loadtest opb concurrency=8 requests=128
loadtest opb concurrency=32 requests=128
loadtest opb concurrency=64 requests=256
loadtest opb concurrency=128 requests=512
loadtest opb concurrency=256 requests=1024
{
  "workload": "opb",
  "variant": "dspark-e10-k7",
  "levels": [
    {
      "concurrency": 1,
      "requests": 128,
      "success_rate": 1.0,
      "warmup_failed": 0,
      "output_tokens_per_second": 586.645070180544,
      "ttft_p50_ms": 26.675609493395314,
      "ttft_p95_ms": 89.59240927943007,
      "tpot_p50_ms": 1.4508711487512254,
      "tpot_p95_ms": 2.5133661771137654,
      "e2e_p95_ms": 2120.293252801639,
      "kv_cache_usage_mean": 0.003035451674542223,
      "kv_cache_usage_max": 0.012856275823431962,
      "kv_cache_tokens_peak": 4406,
      "kv_cache_size_tokens": 342693,
      "running_max": 1.0,
      "waiting_max": 0.0,
      "preemptions": 0.0,
      "mean_acceptance_length": 4.7767864070137325,
      "acceptance_rate": 0.5395409152876761
    },
    {
      "concurrency": 8,
      "requests": 128,
      "success_rate": 1.0,
      "warmup_failed": 0,
      "output_tokens_per_second": 3509.9352622984256,
      "ttft_p50_ms": 31.898543500574306,
      "ttft_p95_ms": 136.0915481694974,
      "tpot_p50_ms": 1.834872236003751,
      "tpot_p95_ms": 3.4498606646021,
      "e2e_p95_ms": 2678.613611561013,
      "kv_cache_usage_mean": 0.024303853446106995,
      "kv_cache_usage_max": 0.048057844487499723,
      "kv_cache_tokens_peak": 16469,
      "kv_cache_size_tokens": 342693,
      "running_max": 8.0,
      "waiting_max": 0.0,
      "preemptions": 0.0,
      "mean_acceptance_length": 4.756008683516825,
      "acceptance_rate": 0.536572669073832
    },
    {
      "concurrency": 32,
      "requests": 128,
      "success_rate": 1.0,
      "warmup_failed": 0,
      "output_tokens_per_second": 6497.422693633774,
      "ttft_p50_ms": 71.49070751620457,
      "ttft_p95_ms": 708.862788931583,
      "tpot_p50_ms": 3.5366657788116553,
      "tpot_p95_ms": 7.482728890908467,
      "e2e_p95_ms": 5061.150082800303,
      "kv_cache_usage_mean": 0.07598216578351502,
      "kv_cache_usage_max": 0.11484278344499166,
      "kv_cache_tokens_peak": 39356,
      "kv_cache_size_tokens": 342693,
      "running_max": 32.0,
      "waiting_max": 0.0,
      "preemptions": 0.0,
      "mean_acceptance_length": 4.761056511056511,
      "acceptance_rate": 0.5372937872937873
    },
    {
      "concurrency": 64,
      "requests": 256,
      "success_rate": 1.0,
      "warmup_failed": 0,
      "output_tokens_per_second": 7334.010669892042,
      "ttft_p50_ms": 122.8014774969779,
      "ttft_p95_ms": 1089.272702272865,
      "tpot_p50_ms": 6.114526902207826,
      "tpot_p95_ms": 12.57224674238159,
      "e2e_p95_ms": 9197.924373249407,
      "kv_cache_usage_mean": 0.16450307100594153,
      "kv_cache_usage_max": 0.22579892154345338,
      "kv_cache_tokens_peak": 77380,
      "kv_cache_size_tokens": 342693,
      "running_max": 64.0,
      "waiting_max": 0.0,
      "preemptions": 0.0,
      "mean_acceptance_length": 4.78833567087424,
      "acceptance_rate": 0.5411908101248915
    },
    {
      "concurrency": 128,
      "requests": 512,
      "success_rate": 1.0,
      "warmup_failed": 0,
      "output_tokens_per_second": 8128.575022416862,
      "ttft_p50_ms": 230.1411849912256,
      "ttft_p95_ms": 2040.7473497558385,
      "tpot_p50_ms": 11.736850288378339,
      "tpot_p95_ms": 24.69631153670477,
      "e2e_p95_ms": 17499.145731702447,
      "kv_cache_usage_mean": 0.3375349865851813,
      "kv_cache_usage_max": 0.44912346226569244,
      "kv_cache_tokens_peak": 153911,
      "kv_cache_size_tokens": 342693,
      "running_max": 128.0,
      "waiting_max": 54.0,
      "preemptions": 0.0,
      "mean_acceptance_length": 4.776774818401937,
      "acceptance_rate": 0.5395392597717052
    },
    {
      "concurrency": 256,
      "requests": 1024,
      "success_rate": 1.0,
      "warmup_failed": 0,
      "output_tokens_per_second": 8538.615469482209,
      "ttft_p50_ms": 467.75409099063836,
      "ttft_p95_ms": 3877.0797198987566,
      "tpot_p50_ms": 22.70557184008931,
      "tpot_p95_ms": 47.11344464445372,
      "e2e_p95_ms": 34001.68018316616,
      "kv_cache_usage_mean": 0.6916664117694882,
      "kv_cache_usage_max": 0.8910046919862742,
      "kv_cache_tokens_peak": 305341,
      "kv_cache_size_tokens": 342693,
      "running_max": 256.0,
      "waiting_max": 126.0,
      "preemptions": 0.0,
      "mean_acceptance_length": 4.7726801978377225,
      "acceptance_rate": 0.5389543139768175
    }
  ]
}
