{
  "requests": {
    "attempted": 128,
    "successful": 128,
    "failed": 0,
    "success_rate": 1.0,
    "requests_per_second": 0.8910536646971001
  },
  "tokens": {
    "prompt": 80604,
    "completion": 24271,
    "output_tokens_per_second": 168.95908981143216,
    "total_tokens_per_second": 730.0722897274092
  },
  "latency_ms": {
    "e2e": {
      "count": 128,
      "mean": 1122.1893122734627,
      "p50": 1497.153566495399,
      "p95": 1525.348494003265,
      "p99": 1542.2521116418648
    },
    "ttft": {
      "count": 128,
      "mean": 32.771981117434734,
      "p50": 31.733857496874407,
      "p95": 52.08710864317253,
      "p99": 61.26928682540895
    },
    "tpot": {
      "count": 128,
      "mean": 5.765562484503517,
      "p50": 5.771430527452407,
      "p95": 5.8016638854871205,
      "p99": 5.8133221121443
    },
    "stream_event_gap": {
      "count": 24061,
      "mean": 5.778168240264509,
      "p50": 5.777605998446234,
      "p95": 5.962303999694996,
      "p99": 6.086479194345886
    }
  },
  "wall_seconds": 143.6501583139907,
  "speculative_decoding": {
    "enabled": false
  }
}
{
  "requests": {
    "attempted": 128,
    "successful": 128,
    "failed": 0,
    "success_rate": 1.0,
    "requests_per_second": 5.926950790658856
  },
  "tokens": {
    "prompt": 80604,
    "completion": 24320,
    "output_tokens_per_second": 1126.1206502251828,
    "total_tokens_per_second": 4858.432693430389
  },
  "latency_ms": {
    "e2e": {
      "count": 128,
      "mean": 1311.977840234249,
      "p50": 1724.246800004039,
      "p95": 1809.1294785015634,
      "p99": 1831.8910834436247
    },
    "ttft": {
      "count": 128,
      "mean": 48.15478396074013,
      "p50": 43.04174950084416,
      "p95": 127.94600485431101,
      "p99": 147.66561207114137
    },
    "tpot": {
      "count": 128,
      "mean": 6.670245791421554,
      "p50": 6.735215299354309,
      "p95": 7.052942219756134,
      "p99": 7.9368218819633185
    },
    "stream_event_gap": {
      "count": 24107,
      "mean": 6.692371182732646,
      "p50": 6.180728989420459,
      "p95": 7.011332400725223,
      "p99": 27.670001163787667
    }
  },
  "wall_seconds": 21.596265013999073,
  "speculative_decoding": {
    "enabled": false
  }
}
{
  "requests": {
    "attempted": 128,
    "successful": 128,
    "failed": 0,
    "success_rate": 1.0,
    "requests_per_second": 0.8429402580773642
  },
  "tokens": {
    "prompt": 64445,
    "completion": 25704,
    "output_tokens_per_second": 169.27294057516067,
    "total_tokens_per_second": 593.6736041048148
  },
  "latency_ms": {
    "e2e": {
      "count": 128,
      "mean": 1186.2362269149571,
      "p50": 910.6010705072549,
      "p95": 2812.399639747309,
      "p99": 2985.3966142200807
    },
    "ttft": {
      "count": 128,
      "mean": 30.36375258739099,
      "p50": 26.649445506336633,
      "p95": 43.990420648333384,
      "p99": 47.228261445852695
    },
    "tpot": {
      "count": 128,
      "mean": 5.7839621400996615,
      "p50": 5.785468627660236,
      "p95": 5.8014977230282465,
      "p99": 5.809302680807685
    },
    "stream_event_gap": {
      "count": 25453,
      "mean": 5.779526889438504,
      "p50": 5.787461996078491,
      "p95": 5.980255999020301,
      "p99": 6.071705154608935
    }
  },
  "wall_seconds": 151.8494327130029,
  "speculative_decoding": {
    "enabled": false
  }
}
{
  "requests": {
    "attempted": 128,
    "successful": 128,
    "failed": 0,
    "success_rate": 1.0,
    "requests_per_second": 5.519723945818194
  },
  "tokens": {
    "prompt": 64445,
    "completion": 25866,
    "output_tokens_per_second": 1115.4154654885424,
    "total_tokens_per_second": 3894.4671036780232
  },
  "latency_ms": {
    "e2e": {
      "count": 128,
      "mean": 1340.4303347812174,
      "p50": 1032.267167502141,
      "p95": 3103.967900991119,
      "p99": 3369.8287649896524
    },
    "ttft": {
      "count": 128,
      "mean": 39.96699060962783,
      "p50": 35.025851997488644,
      "p95": 111.36216515369543,
      "p99": 134.97857950947946
    },
    "tpot": {
      "count": 128,
      "mean": 6.485388897565636,
      "p50": 6.468663224305761,
      "p95": 6.857016587368162,
      "p99": 7.321526357376504
    },
    "stream_event_gap": {
      "count": 25615,
      "mean": 6.465268347918481,
      "p50": 6.091645002015866,
      "p95": 6.6918006938067265,
      "p99": 26.34198558924254
    }
  },
  "wall_seconds": 23.18956550299481,
  "speculative_decoding": {
    "enabled": false
  }
}
{
  "requests": {
    "attempted": 128,
    "successful": 128,
    "failed": 0,
    "success_rate": 1.0,
    "requests_per_second": 0.7473878597135764
  },
  "tokens": {
    "prompt": 350987,
    "completion": 27465,
    "output_tokens_per_second": 160.36724661744825,
    "total_tokens_per_second": 2209.768986596269
  },
  "latency_ms": {
    "e2e": {
      "count": 128,
      "mean": 1337.892043022407,
      "p50": 1259.8241255036555,
      "p95": 1994.566620550904,
      "p99": 2882.563938973037
    },
    "ttft": {
      "count": 128,
      "mean": 93.10372374261533,
      "p50": 89.95443849562434,
      "p95": 127.80761420435736,
      "p99": 135.09778030856978
    },
    "tpot": {
      "count": 128,
      "mean": 5.8294534382547845,
      "p50": 5.825956484133408,
      "p95": 5.861794342208,
      "p99": 5.873652313653934
    },
    "stream_event_gap": {
      "count": 27208,
      "mean": 5.823250078062281,
      "p50": 5.833156996231992,
      "p95": 6.063517651637085,
      "p99": 6.361615512432763
    }
  },
  "wall_seconds": 171.26315116899787,
  "speculative_decoding": {
    "enabled": false
  }
}
{
  "requests": {
    "attempted": 128,
    "successful": 128,
    "failed": 0,
    "success_rate": 1.0,
    "requests_per_second": 3.633783383304972
  },
  "tokens": {
    "prompt": 350987,
    "completion": 28213,
    "output_tokens_per_second": 800.9369577592436,
    "total_tokens_per_second": 10765.08327304098
  },
  "latency_ms": {
    "e2e": {
      "count": 128,
      "mean": 2122.8320623430363,
      "p50": 2077.070899998944,
      "p95": 2949.760275399603,
      "p99": 3728.540107031732
    },
    "ttft": {
      "count": 128,
      "mean": 133.95419206278802,
      "p50": 105.86266149766743,
      "p95": 320.9682230604809,
      "p99": 579.1301023856795
    },
    "tpot": {
      "count": 128,
      "mean": 9.215444294796113,
      "p50": 9.047323095858022,
      "p95": 11.182575250573015,
      "p99": 11.777884400190732
    },
    "stream_event_gap": {
      "count": 27956,
      "mean": 9.06003557215082,
      "p50": 7.006047002505511,
      "p95": 27.79913074482465,
      "p99": 63.052394250553334
    }
  },
  "wall_seconds": 35.224994585005334,
  "speculative_decoding": {
    "enabled": false
  }
}
