{
  "requests": {
    "attempted": 64,
    "successful": 64,
    "failed": 0,
    "success_rate": 1.0,
    "requests_per_second": 13.102205182247554
  },
  "tokens": {
    "prompt": 8953,
    "completion": 18288,
    "output_tokens_per_second": 3743.9551308272385,
    "total_tokens_per_second": 5576.830802650087
  },
  "latency_ms": {
    "e2e": {
      "count": 64,
      "mean": 577.314299007412,
      "p50": 611.3670689519495,
      "p95": 808.3243447297718,
      "p99": 861.8265538092237
    },
    "ttft": {
      "count": 64,
      "mean": 40.83575470394862,
      "p50": 38.73217757791281,
      "p95": 59.19958254089579,
      "p99": 68.42836224008352
    },
    "tpot": {
      "count": 64,
      "mean": 1.9042087036226245,
      "p50": 1.8847377050886343,
      "p95": 2.2310508986837045,
      "p99": 2.424232334468293
    },
    "stream_event_gap": {
      "count": 3664,
      "mean": 9.338819266872138,
      "p50": 8.912777993828058,
      "p95": 17.7251596993301,
      "p99": 28.438446986256167
    }
  },
  "wall_seconds": 4.884673923952505,
  "speculative_decoding": {
    "enabled": true,
    "drafts": 3675.0,
    "draft_tokens": 18375.0,
    "accepted_tokens": 14634.0,
    "acceptance_rate": 0.7964081632653062,
    "mean_acceptance_length": 4.98204081632653,
    "acceptance_rate_per_position": {
      "0": 0.9259863945578232,
      "1": 0.8503401360544217,
      "2": 0.7896598639455782,
      "3": 0.7355102040816327,
      "4": 0.6805442176870748
    }
  },
  "warmup": {
    "requests": 8,
    "failed": 0
  }
}
