loadtest summarization concurrency=1 requests=128
loadtest summarization concurrency=8 requests=128
loadtest summarization concurrency=32 requests=128
loadtest summarization concurrency=64 requests=256
loadtest summarization concurrency=128 requests=512
loadtest summarization concurrency=256 requests=1024
{
  "workload": "summarization",
  "variant": "eagle-e1-k5",
  "levels": [
    {
      "concurrency": 1,
      "requests": 128,
      "success_rate": 1.0,
      "warmup_failed": 0,
      "output_tokens_per_second": 210.38584526059958,
      "ttft_p50_ms": 83.339799544774,
      "ttft_p95_ms": 122.19954067259096,
      "tpot_p50_ms": 4.369357744352123,
      "tpot_p95_ms": 5.744429079264603,
      "e2e_p95_ms": 1537.4197296332563,
      "kv_cache_usage_mean": 0.00617223824361043,
      "kv_cache_usage_max": 0.009625313468063168,
      "kv_cache_tokens_peak": 4176,
      "kv_cache_size_tokens": 433872,
      "running_max": 1.0,
      "waiting_max": 0.0,
      "preemptions": 0.0,
      "mean_acceptance_length": 2.0146692093296172,
      "acceptance_rate": 0.20293384186592342
    },
    {
      "concurrency": 8,
      "requests": 128,
      "success_rate": 1.0,
      "warmup_failed": 0,
      "output_tokens_per_second": 949.6281713575195,
      "ttft_p50_ms": 107.37966350279748,
      "ttft_p95_ms": 467.4421758332728,
      "tpot_p50_ms": 7.663816839507608,
      "tpot_p95_ms": 9.225285496954925,
      "e2e_p95_ms": 2495.780313457362,
      "kv_cache_usage_mean": 0.047600432708855764,
      "kv_cache_usage_max": 0.06682401534149585,
      "kv_cache_tokens_peak": 28993,
      "kv_cache_size_tokens": 433872,
      "running_max": 8.0,
      "waiting_max": 0.0,
      "preemptions": 0.0,
      "mean_acceptance_length": 2.0022287727370767,
      "acceptance_rate": 0.20044575454741534
    },
    {
      "concurrency": 32,
      "requests": 128,
      "success_rate": 1.0,
      "warmup_failed": 0,
      "output_tokens_per_second": 1505.677104100914,
      "ttft_p50_ms": 261.7534445016645,
      "ttft_p95_ms": 2378.9728303439915,
      "tpot_p50_ms": 18.369417504361486,
      "tpot_p95_ms": 25.491005784369648,
      "e2e_p95_ms": 6117.7480642159935,
      "kv_cache_usage_mean": 0.17267334880940363,
      "kv_cache_usage_max": 0.23414220386487683,
      "kv_cache_tokens_peak": 101588,
      "kv_cache_size_tokens": 433872,
      "running_max": 32.0,
      "waiting_max": 16.0,
      "preemptions": 0.0,
      "mean_acceptance_length": 2.005145300384086,
      "acceptance_rate": 0.20102906007681717
    },
    {
      "concurrency": 64,
      "requests": 256,
      "success_rate": 1.0,
      "warmup_failed": 0,
      "output_tokens_per_second": 1642.109646578587,
      "ttft_p50_ms": 367.6198759349063,
      "ttft_p95_ms": 4888.659937219927,
      "tpot_p50_ms": 34.47372133473047,
      "tpot_p95_ms": 47.8634437399708,
      "e2e_p95_ms": 13028.34433579119,
      "kv_cache_usage_mean": 0.3517740773843097,
      "kv_cache_usage_max": 0.4559669567782859,
      "kv_cache_tokens_peak": 197831,
      "kv_cache_size_tokens": 433872,
      "running_max": 64.0,
      "waiting_max": 47.0,
      "preemptions": 0.0,
      "mean_acceptance_length": 1.9873385758603277,
      "acceptance_rate": 0.19746771517206552
    },
    {
      "concurrency": 128,
      "requests": 512,
      "success_rate": 1.0,
      "warmup_failed": 0,
      "output_tokens_per_second": 1736.7325148455648,
      "ttft_p50_ms": 577.8181735076942,
      "ttft_p95_ms": 9156.778740696604,
      "tpot_p50_ms": 65.27546757856129,
      "tpot_p95_ms": 93.67460178755812,
      "e2e_p95_ms": 28594.112247059813,
      "kv_cache_usage_mean": 0.7133392185425579,
      "kv_cache_usage_max": 0.8473963711461867,
      "kv_cache_tokens_peak": 367662,
      "kv_cache_size_tokens": 433872,
      "running_max": 128.0,
      "waiting_max": 101.0,
      "preemptions": 0.0,
      "mean_acceptance_length": 1.991367898010627,
      "acceptance_rate": 0.19827357960212538
    },
    {
      "concurrency": 256,
      "requests": 1024,
      "success_rate": 1.0,
      "warmup_failed": 0,
      "output_tokens_per_second": 1743.0114085288983,
      "ttft_p50_ms": 12938.58309352072,
      "ttft_p95_ms": 21812.66105565007,
      "tpot_p50_ms": 81.77758473809999,
      "tpot_p95_ms": 115.89630301790305,
      "e2e_p95_ms": 46290.02113552993,
      "kv_cache_usage_mean": 0.9153770865675276,
      "kv_cache_usage_max": 0.9997049712346954,
      "kv_cache_tokens_peak": 433744,
      "kv_cache_size_tokens": 433872,
      "running_max": 158.0,
      "waiting_max": 227.0,
      "preemptions": 17.0,
      "mean_acceptance_length": 1.9911489160826465,
      "acceptance_rate": 0.1982297832165293
    }
  ]
}
