{
  "requests": {
    "attempted": 64,
    "successful": 64,
    "failed": 0,
    "success_rate": 1.0,
    "requests_per_second": 11.640416444086577
  },
  "tokens": {
    "prompt": 8953,
    "completion": 18428,
    "output_tokens_per_second": 3351.712409869179,
    "total_tokens_per_second": 4980.097541492728
  },
  "latency_ms": {
    "e2e": {
      "count": 64,
      "mean": 650.1846229057264,
      "p50": 735.0812470540404,
      "p95": 872.5725928961765,
      "p99": 894.5164783403743
    },
    "ttft": {
      "count": 64,
      "mean": 37.20107339177048,
      "p50": 31.811794033274055,
      "p95": 64.66944052372128,
      "p99": 65.2856631600298
    },
    "tpot": {
      "count": 64,
      "mean": 2.1381278216202872,
      "p50": 2.1364180567567583,
      "p95": 2.269206850435661,
      "p99": 2.369136414138498
    },
    "stream_event_gap": {
      "count": 4877,
      "mean": 8.014718349956194,
      "p50": 7.6696129981428385,
      "p95": 17.739067808724915,
      "p99": 20.82373776938766
    }
  },
  "wall_seconds": 5.498085082042962,
  "speculative_decoding": {
    "enabled": true,
    "drafts": 4893.0,
    "draft_tokens": 14679.0,
    "accepted_tokens": 13553.0,
    "acceptance_rate": 0.9232917773690306,
    "mean_acceptance_length": 3.769875332107092,
    "acceptance_rate_per_position": {
      "0": 0.9656652360515021,
      "1": 0.9254036378499898,
      "2": 0.8788064582055999
    }
  },
  "warmup": {
    "requests": 8,
    "failed": 0
  }
}
