loadtest summarization concurrency=1 requests=128
loadtest summarization concurrency=8 requests=128
loadtest summarization concurrency=32 requests=128
loadtest summarization concurrency=64 requests=256
loadtest summarization concurrency=128 requests=512
loadtest summarization concurrency=256 requests=1024
{
  "workload": "summarization",
  "variant": "dspark-e10-k3",
  "levels": [
    {
      "concurrency": 1,
      "requests": 128,
      "success_rate": 1.0,
      "warmup_failed": 0,
      "output_tokens_per_second": 237.49186772435226,
      "ttft_p50_ms": 79.63698450475931,
      "ttft_p95_ms": 119.13499040529132,
      "tpot_p50_ms": 3.6721387644273933,
      "tpot_p95_ms": 4.938614410399417,
      "e2e_p95_ms": 1578.0578492674972,
      "kv_cache_usage_mean": 0.007607862813048171,
      "kv_cache_usage_max": 0.011948239851580444,
      "kv_cache_tokens_peak": 4096,
      "kv_cache_size_tokens": 342793,
      "running_max": 1.0,
      "waiting_max": 0.0,
      "preemptions": 0.0,
      "mean_acceptance_length": 2.0075150655795815,
      "acceptance_rate": 0.3358383551931939
    },
    {
      "concurrency": 8,
      "requests": 128,
      "success_rate": 1.0,
      "warmup_failed": 0,
      "output_tokens_per_second": 1071.6075522142207,
      "ttft_p50_ms": 100.79121449962258,
      "ttft_p95_ms": 443.75101895420573,
      "tpot_p50_ms": 6.754202737178415,
      "tpot_p95_ms": 8.151257795041852,
      "e2e_p95_ms": 2255.0400381209324,
      "kv_cache_usage_mean": 0.05805088054542566,
      "kv_cache_usage_max": 0.07598333780614452,
      "kv_cache_tokens_peak": 26047,
      "kv_cache_size_tokens": 342793,
      "running_max": 8.0,
      "waiting_max": 0.0,
      "preemptions": 0.0,
      "mean_acceptance_length": 2.0001453065969192,
      "acceptance_rate": 0.33338176886563986
    },
    {
      "concurrency": 32,
      "requests": 128,
      "success_rate": 1.0,
      "warmup_failed": 0,
      "output_tokens_per_second": 1663.5463132541295,
      "ttft_p50_ms": 262.96957646263763,
      "ttft_p95_ms": 2271.9535572861787,
      "tpot_p50_ms": 16.30336501486752,
      "tpot_p95_ms": 23.408590079765254,
      "e2e_p95_ms": 6085.181788838235,
      "kv_cache_usage_mean": 0.21667818615725581,
      "kv_cache_usage_max": 0.271740779202595,
      "kv_cache_tokens_peak": 93151,
      "kv_cache_size_tokens": 342793,
      "running_max": 32.0,
      "waiting_max": 15.0,
      "preemptions": 0.0,
      "mean_acceptance_length": 2.00387180038718,
      "acceptance_rate": 0.33462393346239333
    },
    {
      "concurrency": 64,
      "requests": 256,
      "success_rate": 1.0,
      "warmup_failed": 0,
      "output_tokens_per_second": 1852.0426481396412,
      "ttft_p50_ms": 355.33773893257603,
      "ttft_p95_ms": 4907.596028002445,
      "tpot_p50_ms": 30.35781378747908,
      "tpot_p95_ms": 41.72407520971924,
      "e2e_p95_ms": 12302.821842284175,
      "kv_cache_usage_mean": 0.42564757585555213,
      "kv_cache_usage_max": 0.5434873925066801,
      "kv_cache_tokens_peak": 186304,
      "kv_cache_size_tokens": 342793,
      "running_max": 64.0,
      "waiting_max": 40.0,
      "preemptions": 0.0,
      "mean_acceptance_length": 2.004169362375099,
      "acceptance_rate": 0.33472312079169964
    },
    {
      "concurrency": 128,
      "requests": 512,
      "success_rate": 1.0,
      "warmup_failed": 0,
      "output_tokens_per_second": 1897.232242549535,
      "ttft_p50_ms": 839.4256145111285,
      "ttft_p95_ms": 8523.14660064294,
      "tpot_p50_ms": 58.473376515455406,
      "tpot_p95_ms": 85.63231778852773,
      "e2e_p95_ms": 26642.67029010225,
      "kv_cache_usage_mean": 0.8559429816451256,
      "kv_cache_usage_max": 0.9987223317736835,
      "kv_cache_tokens_peak": 342355,
      "kv_cache_size_tokens": 342793,
      "running_max": 127.0,
      "waiting_max": 103.0,
      "preemptions": 7.0,
      "mean_acceptance_length": 1.998622789214265,
      "acceptance_rate": 0.33287426307142165
    },
    {
      "concurrency": 256,
      "requests": 1024,
      "success_rate": 1.0,
      "warmup_failed": 0,
      "output_tokens_per_second": 1904.299280096135,
      "ttft_p50_ms": 15006.083250977099,
      "ttft_p95_ms": 21256.923613062827,
      "tpot_p50_ms": 61.189246996105865,
      "tpot_p95_ms": 85.99129526728949,
      "e2e_p95_ms": 39990.79867127002,
      "kv_cache_usage_mean": 0.9271204544805296,
      "kv_cache_usage_max": 0.9999649953910599,
      "kv_cache_tokens_peak": 342781,
      "kv_cache_size_tokens": 342793,
      "running_max": 129.0,
      "waiting_max": 228.0,
      "preemptions": 18.0,
      "mean_acceptance_length": 1.999040211515651,
      "acceptance_rate": 0.33301340383855027
    }
  ]
}
