{
  "requests": {
    "attempted": 64,
    "successful": 64,
    "failed": 0,
    "success_rate": 1.0,
    "requests_per_second": 0.9234916275809858
  },
  "tokens": {
    "prompt": 36013,
    "completion": 11655,
    "output_tokens_per_second": 168.1764831165061,
    "total_tokens_per_second": 687.828107867663
  },
  "latency_ms": {
    "e2e": {
      "count": 64,
      "mean": 1082.6901060991077,
      "p50": 1288.452650012914,
      "p95": 1531.2692778883502,
      "p99": 1543.139985537855
    },
    "ttft": {
      "count": 64,
      "mean": 34.297733509447426,
      "p50": 33.64504803903401,
      "p95": 50.53392410045488,
      "p99": 57.032617430668324
    },
    "tpot": {
      "count": 64,
      "mean": 5.789778455330825,
      "p50": 5.784378205660824,
      "p95": 5.833674913155846,
      "p99": 5.847983982861724
    },
    "stream_event_gap": {
      "count": 11554,
      "mean": 5.767732656215683,
      "p50": 5.775828089099377,
      "p95": 6.00712308078073,
      "p99": 6.138107542647049
    }
  },
  "wall_seconds": 69.30219840502832,
  "speculative_decoding": {
    "enabled": false
  }
}
{
  "requests": {
    "attempted": 64,
    "successful": 64,
    "failed": 0,
    "success_rate": 1.0,
    "requests_per_second": 5.80971372310584
  },
  "tokens": {
    "prompt": 36013,
    "completion": 11773,
    "output_tokens_per_second": 1068.714994720704,
    "total_tokens_per_second": 4337.859062067745
  },
  "latency_ms": {
    "e2e": {
      "count": 64,
      "mean": 1272.2471901215613,
      "p50": 1554.1181060252711,
      "p95": 1815.5900297802873,
      "p99": 1826.8668825214263
    },
    "ttft": {
      "count": 64,
      "mean": 55.79537557059666,
      "p50": 42.082356521859765,
      "p95": 157.40595086244866,
      "p99": 158.11366207664832
    },
    "tpot": {
      "count": 64,
      "mean": 6.6567985645941326,
      "p50": 6.638120930731251,
      "p95": 7.042542049815793,
      "p99": 7.8363731034820425
    },
    "stream_event_gap": {
      "count": 11673,
      "mean": 6.632612225507676,
      "p50": 6.095384946092963,
      "p95": 8.87190303765233,
      "p99": 30.292680254206065
    }
  },
  "wall_seconds": 11.016033328021877,
  "speculative_decoding": {
    "enabled": false
  }
}
{
  "requests": {
    "attempted": 64,
    "successful": 64,
    "failed": 0,
    "success_rate": 1.0,
    "requests_per_second": 0.8598973297444186
  },
  "tokens": {
    "prompt": 32336,
    "completion": 12562,
    "output_tokens_per_second": 168.78172275389664,
    "total_tokens_per_second": 603.2448486072641
  },
  "latency_ms": {
    "e2e": {
      "count": 64,
      "mean": 1162.7713489760936,
      "p50": 838.4128009784035,
      "p95": 2978.668627922889,
      "p99": 3004.0982673561666
    },
    "ttft": {
      "count": 64,
      "mean": 33.97006624072674,
      "p50": 35.978587984573096,
      "p95": 45.024858409306034,
      "p99": 53.11731302645056
    },
    "tpot": {
      "count": 64,
      "mean": 5.784837839946291,
      "p50": 5.78218151451693,
      "p95": 5.818311116322924,
      "p99": 5.865522415021905
    },
    "stream_event_gap": {
      "count": 12441,
      "mean": 5.759428533604992,
      "p50": 5.7685490464791656,
      "p95": 6.016572006046772,
      "p99": 6.126655009575189
    }
  },
  "wall_seconds": 74.42749010398984,
  "speculative_decoding": {
    "enabled": false
  }
}
{
  "requests": {
    "attempted": 64,
    "successful": 64,
    "failed": 0,
    "success_rate": 1.0,
    "requests_per_second": 5.21537940213723
  },
  "tokens": {
    "prompt": 32336,
    "completion": 12529,
    "output_tokens_per_second": 1020.9920082715212,
    "total_tokens_per_second": 3656.0624512013565
  },
  "latency_ms": {
    "e2e": {
      "count": 64,
      "mean": 1319.760835804118,
      "p50": 974.2480959976092,
      "p95": 3423.4370847698297,
      "p99": 3464.651755049126
    },
    "ttft": {
      "count": 64,
      "mean": 49.57703386389767,
      "p50": 39.53951207222417,
      "p95": 144.25422589993104,
      "p99": 145.25535803171806
    },
    "tpot": {
      "count": 64,
      "mean": 6.515386904341067,
      "p50": 6.560319018774804,
      "p95": 6.819126351806947,
      "p99": 6.915148248147098
    },
    "stream_event_gap": {
      "count": 12408,
      "mean": 6.50434396194407,
      "p50": 6.079690007027239,
      "p95": 6.863476795842871,
      "p99": 28.50103710428812
    }
  },
  "wall_seconds": 12.271398697048426,
  "speculative_decoding": {
    "enabled": false
  }
}
{
  "requests": {
    "attempted": 64,
    "successful": 64,
    "failed": 0,
    "success_rate": 1.0,
    "requests_per_second": 0.7179131771016233
  },
  "tokens": {
    "prompt": 175660,
    "completion": 14275,
    "output_tokens_per_second": 160.12829067383865,
    "total_tokens_per_second": 2130.5756139499504
  },
  "latency_ms": {
    "e2e": {
      "count": 64,
      "mean": 1392.7557784027158,
      "p50": 1368.6792934895493,
      "p95": 1947.457968752132,
      "p99": 2771.6490736987894
    },
    "ttft": {
      "count": 64,
      "mean": 91.31878989501274,
      "p50": 89.03310040477663,
      "p95": 113.80475019104779,
      "p99": 120.61794871347955
    },
    "tpot": {
      "count": 64,
      "mean": 5.86239318090877,
      "p50": 5.865122395346491,
      "p95": 5.8832664042569975,
      "p99": 5.888905878655993
    },
    "stream_event_gap": {
      "count": 14147,
      "mean": 5.840967130819494,
      "p50": 5.857089068740606,
      "p95": 6.117330549750477,
      "p99": 6.363817411474882
    }
  },
  "wall_seconds": 89.14727022894658,
  "speculative_decoding": {
    "enabled": false
  }
}
{
  "requests": {
    "attempted": 64,
    "successful": 64,
    "failed": 0,
    "success_rate": 1.0,
    "requests_per_second": 3.491039637455356
  },
  "tokens": {
    "prompt": 175660,
    "completion": 14256,
    "output_tokens_per_second": 777.6290792431805,
    "total_tokens_per_second": 10359.441934171427
  },
  "latency_ms": {
    "e2e": {
      "count": 64,
      "mean": 2127.058590658635,
      "p50": 2063.5000449838117,
      "p95": 2908.8577044545664,
      "p99": 3597.3061001324068
    },
    "ttft": {
      "count": 64,
      "mean": 171.15216574893566,
      "p50": 109.74793054629117,
      "p95": 600.3432610770687,
      "p99": 727.2432478459086
    },
    "tpot": {
      "count": 64,
      "mean": 8.950076915747232,
      "p50": 8.985191906778454,
      "p95": 10.868151975161403,
      "p99": 11.366001794790268
    },
    "stream_event_gap": {
      "count": 14128,
      "mean": 8.80107507369533,
      "p50": 6.978412973694503,
      "p95": 15.80162810278079,
      "p99": 64.32901885826136
    }
  },
  "wall_seconds": 18.332647762959823,
  "speculative_decoding": {
    "enabled": false
  }
}
