{
  "requests": {
    "attempted": 64,
    "successful": 64,
    "failed": 0,
    "success_rate": 1.0,
    "requests_per_second": 9.265062251108583
  },
  "tokens": {
    "prompt": 8953,
    "completion": 18479,
    "output_tokens_per_second": 2675.14195840993,
    "total_tokens_per_second": 3971.237307381417
  },
  "latency_ms": {
    "e2e": {
      "count": 64,
      "mean": 804.0264731719162,
      "p50": 844.8107594958856,
      "p95": 1250.1760769031534,
      "p99": 1379.6208652545463
    },
    "ttft": {
      "count": 64,
      "mean": 52.87564103218756,
      "p50": 51.70327250380069,
      "p95": 67.37709905428346,
      "p99": 67.64721707470017
    },
    "tpot": {
      "count": 64,
      "mean": 2.618456547014865,
      "p50": 2.534966699622683,
      "p95": 3.4489012451568835,
      "p99": 3.6363893471746755
    },
    "stream_event_gap": {
      "count": 3004,
      "mean": 15.922115909443491,
      "p50": 16.54187100211857,
      "p95": 19.158732596406477,
      "p99": 20.235413148038784
    }
  },
  "wall_seconds": 6.907670803004294,
  "speculative_decoding": {
    "enabled": true,
    "drafts": 3012.0,
    "draft_tokens": 18441.0,
    "accepted_tokens": 15525.0,
    "acceptance_rate": 0.8418740849194729,
    "mean_acceptance_length": 6.154382470119522,
    "acceptance_rate_per_position": {
      "0": 0.9561752988047809,
      "1": 0.896414342629482,
      "2": 0.8097609561752988,
      "3": 0.7350597609561753,
      "4": 0.6596945551128818,
      "5": 0.5839973439575034,
      "6": 0.5132802124833997
    }
  },
  "warmup": {
    "requests": 8,
    "failed": 0
  }
}
