loadtest chat concurrency=1 requests=128
loadtest chat concurrency=8 requests=128
loadtest chat concurrency=32 requests=128
loadtest chat concurrency=64 requests=256
loadtest chat concurrency=128 requests=512
loadtest chat concurrency=256 requests=1024
{
  "workload": "chat",
  "variant": "plain",
  "levels": [
    {
      "concurrency": 1,
      "requests": 128,
      "success_rate": 1.0,
      "warmup_failed": 0,
      "output_tokens_per_second": 164.04898537474514,
      "ttft_p50_ms": 23.757887014653534,
      "ttft_p95_ms": 45.44691113405861,
      "tpot_p50_ms": 5.954040898452565,
      "tpot_p95_ms": 6.028587873041098,
      "e2e_p95_ms": 1581.928706652252,
      "kv_cache_usage_mean": 0.001784043954048035,
      "kv_cache_usage_max": 0.004631521591063836,
      "kv_cache_tokens_peak": 2176,
      "kv_cache_size_tokens": 469840,
      "running_max": 1.0,
      "waiting_max": 0.0,
      "preemptions": 0.0,
      "mean_acceptance_length": null,
      "acceptance_rate": null
    },
    {
      "concurrency": 8,
      "requests": 128,
      "success_rate": 1.0,
      "warmup_failed": 0,
      "output_tokens_per_second": 1068.0021521193885,
      "ttft_p50_ms": 39.87980104284361,
      "ttft_p95_ms": 125.48620337620332,
      "tpot_p50_ms": 7.142829421597222,
      "tpot_p95_ms": 7.516515021972001,
      "e2e_p95_ms": 1907.102016103454,
      "kv_cache_usage_mean": 0.013913813424305432,
      "kv_cache_usage_max": 0.01903691595150525,
      "kv_cache_tokens_peak": 8944,
      "kv_cache_size_tokens": 469840,
      "running_max": 8.0,
      "waiting_max": 0.0,
      "preemptions": 0.0,
      "mean_acceptance_length": null,
      "acceptance_rate": null
    },
    {
      "concurrency": 32,
      "requests": 128,
      "success_rate": 1.0,
      "warmup_failed": 0,
      "output_tokens_per_second": 2746.8598870449596,
      "ttft_p50_ms": 77.25659804418683,
      "ttft_p95_ms": 423.2445163244847,
      "tpot_p50_ms": 9.704503559735784,
      "tpot_p95_ms": 12.71374778781832,
      "e2e_p95_ms": 2804.461598827038,
      "kv_cache_usage_mean": 0.04603520561836868,
      "kv_cache_usage_max": 0.0669186759297099,
      "kv_cache_tokens_peak": 31441,
      "kv_cache_size_tokens": 469840,
      "running_max": 32.0,
      "waiting_max": 0.0,
      "preemptions": 0.0,
      "mean_acceptance_length": null,
      "acceptance_rate": null
    },
    {
      "concurrency": 64,
      "requests": 256,
      "success_rate": 1.0,
      "warmup_failed": 0,
      "output_tokens_per_second": 3933.277570392688,
      "ttft_p50_ms": 93.92912953626364,
      "ttft_p95_ms": 1178.1721607258078,
      "tpot_p50_ms": 13.192660183124769,
      "tpot_p95_ms": 19.35767108583496,
      "e2e_p95_ms": 4229.044258478098,
      "kv_cache_usage_mean": 0.0972855301625224,
      "kv_cache_usage_max": 0.14480316033237983,
      "kv_cache_tokens_peak": 68034,
      "kv_cache_size_tokens": 469840,
      "running_max": 64.0,
      "waiting_max": 0.0,
      "preemptions": 0.0,
      "mean_acceptance_length": null,
      "acceptance_rate": null
    },
    {
      "concurrency": 128,
      "requests": 512,
      "success_rate": 1.0,
      "warmup_failed": 0,
      "output_tokens_per_second": 4955.355389517883,
      "ttft_p50_ms": 131.4053630339913,
      "ttft_p95_ms": 2210.228865890531,
      "tpot_p50_ms": 22.818033129682455,
      "tpot_p95_ms": 36.341620851943354,
      "e2e_p95_ms": 7188.136379985372,
      "kv_cache_usage_mean": 0.1984913499523226,
      "kv_cache_usage_max": 0.27053534940743773,
      "kv_cache_tokens_peak": 127108,
      "kv_cache_size_tokens": 469840,
      "running_max": 128.0,
      "waiting_max": 4.0,
      "preemptions": 0.0,
      "mean_acceptance_length": null,
      "acceptance_rate": null
    },
    {
      "concurrency": 256,
      "requests": 1024,
      "success_rate": 1.0,
      "warmup_failed": 0,
      "output_tokens_per_second": 5407.579070906637,
      "ttft_p50_ms": 431.2630054773763,
      "ttft_p95_ms": 4229.40458775265,
      "tpot_p50_ms": 40.36480701212075,
      "tpot_p95_ms": 74.3297710108493,
      "e2e_p95_ms": 13739.011823345209,
      "kv_cache_usage_mean": 0.3831108386686646,
      "kv_cache_usage_max": 0.5462471052990057,
      "kv_cache_tokens_peak": 256649,
      "kv_cache_size_tokens": 469840,
      "running_max": 256.0,
      "waiting_max": 173.0,
      "preemptions": 0.0,
      "mean_acceptance_length": null,
      "acceptance_rate": null
    }
  ]
}
