loadtest summarization concurrency=1 requests=128
loadtest summarization concurrency=8 requests=128
loadtest summarization concurrency=32 requests=128
loadtest summarization concurrency=64 requests=256
loadtest summarization concurrency=128 requests=512
loadtest summarization concurrency=256 requests=1024
{
  "workload": "summarization",
  "variant": "dspark-e10-k7-greedy-uniform-cgfull-fit",
  "levels": [
    {
      "concurrency": 1,
      "requests": 128,
      "success_rate": 1.0,
      "warmup_failed": 0,
      "output_tokens_per_second": 250.7528168481691,
      "ttft_p50_ms": 83.570692979265,
      "ttft_p95_ms": 123.6575196380727,
      "tpot_p50_ms": 3.7266242336511306,
      "tpot_p95_ms": 5.217611341119486,
      "e2e_p95_ms": 1613.0691184545863,
      "kv_cache_usage_mean": 0.007447546734178076,
      "kv_cache_usage_max": 0.011461518709587004,
      "kv_cache_tokens_peak": 3928,
      "kv_cache_size_tokens": 342693,
      "running_max": 1.0,
      "waiting_max": 0.0,
      "preemptions": 0.0,
      "mean_acceptance_length": 2.2417342951608052,
      "acceptance_rate": 0.2702061906241313
    },
    {
      "concurrency": 8,
      "requests": 128,
      "success_rate": 1.0,
      "warmup_failed": 0,
      "output_tokens_per_second": 992.044118948015,
      "ttft_p50_ms": 105.01681349705905,
      "ttft_p95_ms": 456.5121123159752,
      "tpot_p50_ms": 7.2827009685634625,
      "tpot_p95_ms": 8.870806476192524,
      "e2e_p95_ms": 2622.8707725182153,
      "kv_cache_usage_mean": 0.059229031956861744,
      "kv_cache_usage_max": 0.0773827587011835,
      "kv_cache_tokens_peak": 26519,
      "kv_cache_size_tokens": 342693,
      "running_max": 8.0,
      "waiting_max": 0.0,
      "preemptions": 0.0,
      "mean_acceptance_length": 2.0110147644715255,
      "acceptance_rate": 0.2661320172732881
    },
    {
      "concurrency": 32,
      "requests": 128,
      "success_rate": 1.0,
      "warmup_failed": 0,
      "output_tokens_per_second": 1538.2746457366466,
      "ttft_p50_ms": 223.03621849277988,
      "ttft_p95_ms": 2526.4088560245,
      "tpot_p50_ms": 18.486974522104042,
      "tpot_p95_ms": 25.506066916371566,
      "e2e_p95_ms": 6389.758518757299,
      "kv_cache_usage_mean": 0.2187288452111394,
      "kv_cache_usage_max": 0.27263124722799315,
      "kv_cache_tokens_peak": 93429,
      "kv_cache_size_tokens": 342693,
      "running_max": 32.0,
      "waiting_max": 18.0,
      "preemptions": 0.0,
      "mean_acceptance_length": 1.8798286730240827,
      "acceptance_rate": 0.3471066475370636
    },
    {
      "concurrency": 64,
      "requests": 256,
      "success_rate": 1.0,
      "warmup_failed": 0,
      "output_tokens_per_second": 1665.46410216687,
      "ttft_p50_ms": 267.20431400462985,
      "ttft_p95_ms": 4667.471659427974,
      "tpot_p50_ms": 35.39628571049556,
      "tpot_p95_ms": 43.85048404253801,
      "e2e_p95_ms": 12850.680748990271,
      "kv_cache_usage_mean": 0.44659974237578753,
      "kv_cache_usage_max": 0.5420878171759378,
      "kv_cache_tokens_peak": 185770,
      "kv_cache_size_tokens": 342693,
      "running_max": 64.0,
      "waiting_max": 37.0,
      "preemptions": 0.0,
      "mean_acceptance_length": 1.7886731952508883,
      "acceptance_rate": 0.42129993981760105
    },
    {
      "concurrency": 128,
      "requests": 512,
      "success_rate": 1.0,
      "warmup_failed": 0,
      "output_tokens_per_second": 1732.2858309969547,
      "ttft_p50_ms": 881.8569484865293,
      "ttft_p95_ms": 8729.566164169228,
      "tpot_p50_ms": 68.28648087241137,
      "tpot_p95_ms": 83.6567255874746,
      "e2e_p95_ms": 26632.059417886194,
      "kv_cache_usage_mean": 0.8698751612140806,
      "kv_cache_usage_max": 0.9991421368379281,
      "kv_cache_tokens_peak": 342399,
      "kv_cache_size_tokens": 342693,
      "running_max": 127.0,
      "waiting_max": 103.0,
      "preemptions": 8.0,
      "mean_acceptance_length": 1.7207694619777576,
      "acceptance_rate": 0.44520293622004514
    },
    {
      "concurrency": 256,
      "requests": 1024,
      "success_rate": 1.0,
      "warmup_failed": 0,
      "output_tokens_per_second": 1743.8969250928913,
      "ttft_p50_ms": 16497.31756700203,
      "ttft_p95_ms": 22793.035067932204,
      "tpot_p50_ms": 70.16605462137328,
      "tpot_p95_ms": 81.96304453200145,
      "e2e_p95_ms": 42213.70839419541,
      "kv_cache_usage_mean": 0.9346460736619973,
      "kv_cache_usage_max": 0.9999182987464693,
      "kv_cache_tokens_peak": 342665,
      "kv_cache_size_tokens": 342693,
      "running_max": 129.0,
      "waiting_max": 229.0,
      "preemptions": 28.0,
      "mean_acceptance_length": 1.6924128986617935,
      "acceptance_rate": 0.4833617290961917
    }
  ]
}
