loadtest chat concurrency=1 requests=128
loadtest chat concurrency=8 requests=128
loadtest chat concurrency=32 requests=128
loadtest chat concurrency=64 requests=256
loadtest chat concurrency=128 requests=512
loadtest chat concurrency=256 requests=1024
{
  "workload": "chat",
  "variant": "dspark-e10-k7",
  "levels": [
    {
      "concurrency": 1,
      "requests": 128,
      "success_rate": 1.0,
      "warmup_failed": 0,
      "output_tokens_per_second": 296.64380598217787,
      "ttft_p50_ms": 35.926153999753296,
      "ttft_p95_ms": 51.62808771710843,
      "tpot_p50_ms": 2.742587613836661,
      "tpot_p95_ms": 6.8740413596433045,
      "e2e_p95_ms": 1262.3234177532136,
      "kv_cache_usage_mean": 0.0020449922193969796,
      "kv_cache_usage_max": 0.006191787856859365,
      "kv_cache_tokens_peak": 2122,
      "kv_cache_size_tokens": 342693,
      "running_max": 1.0,
      "waiting_max": 0.0,
      "preemptions": 0.0,
      "mean_acceptance_length": 2.5480190831777643,
      "acceptance_rate": 0.22114558331110915
    },
    {
      "concurrency": 8,
      "requests": 128,
      "success_rate": 1.0,
      "warmup_failed": 0,
      "output_tokens_per_second": 1751.393514923977,
      "ttft_p50_ms": 48.528004030231386,
      "ttft_p95_ms": 121.47109739598766,
      "tpot_p50_ms": 3.5428242448017238,
      "tpot_p95_ms": 9.081608778464041,
      "e2e_p95_ms": 1600.1183276763186,
      "kv_cache_usage_mean": 0.017260640337742977,
      "kv_cache_usage_max": 0.023016410280352062,
      "kv_cache_tokens_peak": 7888,
      "kv_cache_size_tokens": 342693,
      "running_max": 8.0,
      "waiting_max": 0.0,
      "preemptions": 0.0,
      "mean_acceptance_length": 2.5587069864442125,
      "acceptance_rate": 0.22267242663488754
    },
    {
      "concurrency": 32,
      "requests": 128,
      "success_rate": 1.0,
      "warmup_failed": 0,
      "output_tokens_per_second": 3085.934868505914,
      "ttft_p50_ms": 91.00821445463225,
      "ttft_p95_ms": 533.4252696717158,
      "tpot_p50_ms": 7.31976758885391,
      "tpot_p95_ms": 17.007472954437077,
      "e2e_p95_ms": 3433.1567380926567,
      "kv_cache_usage_mean": 0.05982720184878264,
      "kv_cache_usage_max": 0.08892597866430119,
      "kv_cache_tokens_peak": 30474,
      "kv_cache_size_tokens": 342693,
      "running_max": 32.0,
      "waiting_max": 0.0,
      "preemptions": 0.0,
      "mean_acceptance_length": 2.555485958868358,
      "acceptance_rate": 0.22221227983833683
    },
    {
      "concurrency": 64,
      "requests": 256,
      "success_rate": 1.0,
      "warmup_failed": 0,
      "output_tokens_per_second": 3467.0128739796905,
      "ttft_p50_ms": 154.82562402030453,
      "ttft_p95_ms": 1221.6362862382084,
      "tpot_p50_ms": 14.158275666619268,
      "tpot_p95_ms": 33.982777991141894,
      "e2e_p95_ms": 6471.378279005876,
      "kv_cache_usage_mean": 0.12049067438548985,
      "kv_cache_usage_max": 0.16595858913606765,
      "kv_cache_tokens_peak": 56873,
      "kv_cache_size_tokens": 342693,
      "running_max": 64.0,
      "waiting_max": 0.0,
      "preemptions": 0.0,
      "mean_acceptance_length": 2.5475746268656714,
      "acceptance_rate": 0.22108208955223882
    },
    {
      "concurrency": 128,
      "requests": 512,
      "success_rate": 1.0,
      "warmup_failed": 0,
      "output_tokens_per_second": 3722.4220129752894,
      "ttft_p50_ms": 266.86242199502885,
      "ttft_p95_ms": 2133.924828696763,
      "tpot_p50_ms": 26.798118437256882,
      "tpot_p95_ms": 64.17690516114894,
      "e2e_p95_ms": 12277.942422032356,
      "kv_cache_usage_mean": 0.2483134526949742,
      "kv_cache_usage_max": 0.33289175751067956,
      "kv_cache_tokens_peak": 114080,
      "kv_cache_size_tokens": 342693,
      "running_max": 128.0,
      "waiting_max": 62.0,
      "preemptions": 0.0,
      "mean_acceptance_length": 2.5299577188821285,
      "acceptance_rate": 0.21856538841173265
    },
    {
      "concurrency": 256,
      "requests": 1024,
      "success_rate": 1.0,
      "warmup_failed": 0,
      "output_tokens_per_second": 3893.880055791356,
      "ttft_p50_ms": 516.3070764392614,
      "ttft_p95_ms": 4370.412644051209,
      "tpot_p50_ms": 51.959890578690846,
      "tpot_p95_ms": 129.20717443874838,
      "e2e_p95_ms": 24293.774538382408,
      "kv_cache_usage_mean": 0.5094889025896779,
      "kv_cache_usage_max": 0.6734342538341231,
      "kv_cache_tokens_peak": 230781,
      "kv_cache_size_tokens": 342693,
      "running_max": 255.0,
      "waiting_max": 186.0,
      "preemptions": 0.0,
      "mean_acceptance_length": 2.53547557840617,
      "acceptance_rate": 0.21935365405802423
    }
  ]
}
