loadtest summarization concurrency=1 requests=128
loadtest summarization concurrency=8 requests=128
loadtest summarization concurrency=32 requests=128
loadtest summarization concurrency=64 requests=256
loadtest summarization concurrency=128 requests=512
loadtest summarization concurrency=256 requests=1024
{
  "workload": "summarization",
  "variant": "dspark-e10-k7",
  "levels": [
    {
      "concurrency": 1,
      "requests": 128,
      "success_rate": 1.0,
      "warmup_failed": 0,
      "output_tokens_per_second": 227.37150124215628,
      "ttft_p50_ms": 85.82442655460909,
      "ttft_p95_ms": 125.35099609522149,
      "tpot_p50_ms": 4.003716632520754,
      "tpot_p95_ms": 5.411302647485897,
      "e2e_p95_ms": 1555.6405807554252,
      "kv_cache_usage_mean": 0.007239821055927453,
      "kv_cache_usage_max": 0.011584070589883089,
      "kv_cache_tokens_peak": 3970,
      "kv_cache_size_tokens": 342693,
      "running_max": 1.0,
      "waiting_max": 0.0,
      "preemptions": 0.0,
      "mean_acceptance_length": 2.0747196120036375,
      "acceptance_rate": 0.15353137314337678
    },
    {
      "concurrency": 8,
      "requests": 128,
      "success_rate": 1.0,
      "warmup_failed": 0,
      "output_tokens_per_second": 980.5804787120708,
      "ttft_p50_ms": 112.53081599716097,
      "ttft_p95_ms": 442.8758313471901,
      "tpot_p50_ms": 7.1694917327842225,
      "tpot_p95_ms": 9.36186686140809,
      "e2e_p95_ms": 2608.803894079756,
      "kv_cache_usage_mean": 0.05756155163157,
      "kv_cache_usage_max": 0.07374705291906902,
      "kv_cache_tokens_peak": 25273,
      "kv_cache_size_tokens": 342693,
      "running_max": 8.0,
      "waiting_max": 0.0,
      "preemptions": 0.0,
      "mean_acceptance_length": 2.0736857649143534,
      "acceptance_rate": 0.15338368070205047
    },
    {
      "concurrency": 32,
      "requests": 128,
      "success_rate": 1.0,
      "warmup_failed": 0,
      "output_tokens_per_second": 1479.844766789943,
      "ttft_p50_ms": 269.02534102555364,
      "ttft_p95_ms": 2568.5192319913767,
      "tpot_p50_ms": 19.633874797135057,
      "tpot_p95_ms": 26.130158403993537,
      "e2e_p95_ms": 6833.337730308993,
      "kv_cache_usage_mean": 0.21812053944941956,
      "kv_cache_usage_max": 0.278035201568664,
      "kv_cache_tokens_peak": 95281,
      "kv_cache_size_tokens": 342693,
      "running_max": 32.0,
      "waiting_max": 18.0,
      "preemptions": 0.0,
      "mean_acceptance_length": 2.0935867343075643,
      "acceptance_rate": 0.15622667632965204
    },
    {
      "concurrency": 64,
      "requests": 256,
      "success_rate": 1.0,
      "warmup_failed": 0,
      "output_tokens_per_second": 1591.491797883465,
      "ttft_p50_ms": 399.61393049452454,
      "ttft_p95_ms": 4947.55399049609,
      "tpot_p50_ms": 35.901635891077554,
      "tpot_p95_ms": 49.436680700263736,
      "e2e_p95_ms": 14443.97623569239,
      "kv_cache_usage_mean": 0.4408761746176252,
      "kv_cache_usage_max": 0.5475034431242559,
      "kv_cache_tokens_peak": 187626,
      "kv_cache_size_tokens": 342693,
      "running_max": 64.0,
      "waiting_max": 48.0,
      "preemptions": 0.0,
      "mean_acceptance_length": 2.089744064594985,
      "acceptance_rate": 0.1556777235135693
    },
    {
      "concurrency": 128,
      "requests": 512,
      "success_rate": 1.0,
      "warmup_failed": 0,
      "output_tokens_per_second": 1612.7916938432727,
      "ttft_p50_ms": 1020.4545959713869,
      "ttft_p95_ms": 9239.997414499521,
      "tpot_p50_ms": 68.4582833478909,
      "tpot_p95_ms": 100.2325652633659,
      "e2e_p95_ms": 31905.80338298459,
      "kv_cache_usage_mean": 0.8695708683342614,
      "kv_cache_usage_max": 0.9997607320432317,
      "kv_cache_tokens_peak": 342611,
      "kv_cache_size_tokens": 342693,
      "running_max": 128.0,
      "waiting_max": 105.0,
      "preemptions": 10.0,
      "mean_acceptance_length": 2.0854658247479785,
      "acceptance_rate": 0.15506654639256834
    },
    {
      "concurrency": 256,
      "requests": 1024,
      "success_rate": 1.0,
      "warmup_failed": 0,
      "output_tokens_per_second": 1612.5787349261095,
      "ttft_p50_ms": 18024.49631446507,
      "ttft_p95_ms": 24162.523248791695,
      "tpot_p50_ms": 71.30611148137106,
      "tpot_p95_ms": 101.37912767559726,
      "e2e_p95_ms": 48055.63047027099,
      "kv_cache_usage_mean": 0.9248673188316386,
      "kv_cache_usage_max": 0.9999824925885291,
      "kv_cache_tokens_peak": 342687,
      "kv_cache_size_tokens": 342693,
      "running_max": 129.0,
      "waiting_max": 228.0,
      "preemptions": 25.0,
      "mean_acceptance_length": 2.0829794336368526,
      "acceptance_rate": 0.15471134766240752
    }
  ]
}
