loadtest summarization concurrency=2 requests=128
loadtest summarization concurrency=16 requests=128
loadtest summarization concurrency=64 requests=256
loadtest summarization concurrency=128 requests=512
loadtest summarization concurrency=256 requests=1024
loadtest summarization concurrency=512 requests=2048
{
  "workload": "summarization",
  "variant": "dspark-e10-k7-dp2",
  "levels": [
    {
      "concurrency": 2,
      "requests": 128,
      "success_rate": 1.0,
      "warmup_failed": 0,
      "output_tokens_per_second": 459.20120296217544,
      "ttft_p50_ms": 91.35365200927481,
      "ttft_p95_ms": 142.18119066790672,
      "tpot_p50_ms": 3.7795739252736924,
      "tpot_p95_ms": 5.152094205388828,
      "e2e_p95_ms": 1446.7200242565011,
      "kv_cache_usage_mean": 0.015026222211847465,
      "kv_cache_usage_max": 0.02235112864445954,
      "kv_cache_tokens_peak": 7660,
      "kv_cache_size_tokens": 342693,
      "running_max": 2.0,
      "waiting_max": 0.0,
      "preemptions": 0.0,
      "mean_acceptance_length": 2.127296587926509,
      "acceptance_rate": 0.16104236970378702
    },
    {
      "concurrency": 16,
      "requests": 128,
      "success_rate": 1.0,
      "warmup_failed": 0,
      "output_tokens_per_second": 1948.805032625084,
      "ttft_p50_ms": 113.92164247808978,
      "ttft_p95_ms": 541.3811773702037,
      "tpot_p50_ms": 7.064995982561653,
      "tpot_p95_ms": 8.929423028730628,
      "e2e_p95_ms": 2472.3068754829,
      "kv_cache_usage_mean": 0.10784293128535524,
      "kv_cache_usage_max": 0.15303811947057588,
      "kv_cache_tokens_peak": 52445,
      "kv_cache_size_tokens": 342693,
      "running_max": 16.0,
      "waiting_max": 0.0,
      "preemptions": 0.0,
      "mean_acceptance_length": 2.129961685823755,
      "acceptance_rate": 0.1614230979748221
    },
    {
      "concurrency": 64,
      "requests": 256,
      "success_rate": 1.0,
      "warmup_failed": 0,
      "output_tokens_per_second": 2940.275584016186,
      "ttft_p50_ms": 214.7709220298566,
      "ttft_p95_ms": 2482.9001964535564,
      "tpot_p50_ms": 17.98106396131574,
      "tpot_p95_ms": 26.45000479675121,
      "e2e_p95_ms": 7390.429408493219,
      "kv_cache_usage_mean": 0.43072163707197453,
      "kv_cache_usage_max": 0.5411832675832768,
      "kv_cache_tokens_peak": 185460,
      "kv_cache_size_tokens": 342693,
      "running_max": 64.0,
      "waiting_max": 12.0,
      "preemptions": 0.0,
      "mean_acceptance_length": 2.129981535620865,
      "acceptance_rate": 0.16142593366012353
    },
    {
      "concurrency": 128,
      "requests": 512,
      "success_rate": 1.0,
      "warmup_failed": 0,
      "output_tokens_per_second": 3140.0376780730517,
      "ttft_p50_ms": 339.75130098406225,
      "ttft_p95_ms": 4581.295821029926,
      "tpot_p50_ms": 33.80346208252322,
      "tpot_p95_ms": 53.11367144831681,
      "e2e_p95_ms": 15749.221441079862,
      "kv_cache_usage_mean": 0.861897971993329,
      "kv_cache_usage_max": 1.044258736198324,
      "kv_cache_tokens_peak": 357860,
      "kv_cache_size_tokens": 342693,
      "running_max": 128.0,
      "waiting_max": 75.0,
      "preemptions": 0.0,
      "mean_acceptance_length": 2.122058682058682,
      "acceptance_rate": 0.16029409743695458
    },
    {
      "concurrency": 256,
      "requests": 1024,
      "success_rate": 1.0,
      "warmup_failed": 0,
      "output_tokens_per_second": 3210.589771896348,
      "ttft_p50_ms": 1011.7758794804104,
      "ttft_p95_ms": 9195.202641718788,
      "tpot_p50_ms": 64.11877333479117,
      "tpot_p95_ms": 98.62249175957344,
      "e2e_p95_ms": 29812.501322239405,
      "kv_cache_usage_mean": 1.7074427812121624,
      "kv_cache_usage_max": 1.993207124349308,
      "kv_cache_tokens_peak": 683058,
      "kv_cache_size_tokens": 342693,
      "running_max": 252.0,
      "waiting_max": 204.0,
      "preemptions": 14.0,
      "mean_acceptance_length": 2.117943178968889,
      "acceptance_rate": 0.15970616842412702
    },
    {
      "concurrency": 512,
      "requests": 2048,
      "success_rate": 1.0,
      "warmup_failed": 0,
      "output_tokens_per_second": 3237.548131763949,
      "ttft_p50_ms": 17140.641924052034,
      "ttft_p95_ms": 23558.955246774713,
      "tpot_p50_ms": 69.03886922843631,
      "tpot_p95_ms": 98.72013404194742,
      "e2e_p95_ms": 45357.42043192149,
      "kv_cache_usage_mean": 1.8394553633096835,
      "kv_cache_usage_max": 1.9971579635378975,
      "kv_cache_tokens_peak": 684412,
      "kv_cache_size_tokens": 342693,
      "running_max": 254.0,
      "waiting_max": 444.0,
      "preemptions": 32.0,
      "mean_acceptance_length": 2.118136663934031,
      "acceptance_rate": 0.159733809133433
    }
  ]
}
