loadtest summarization concurrency=1 requests=128
loadtest summarization concurrency=8 requests=128
loadtest summarization concurrency=32 requests=128
loadtest summarization concurrency=64 requests=256
loadtest summarization concurrency=128 requests=512
loadtest summarization concurrency=256 requests=1024
{
  "workload": "summarization",
  "variant": "dspark-e10-k7-gs1",
  "levels": [
    {
      "concurrency": 1,
      "requests": 128,
      "success_rate": 1.0,
      "warmup_failed": 0,
      "output_tokens_per_second": 242.58546083860753,
      "ttft_p50_ms": 85.9765995410271,
      "ttft_p95_ms": 125.9823753556702,
      "tpot_p50_ms": 3.650238678352824,
      "tpot_p95_ms": 4.957164764337189,
      "e2e_p95_ms": 1385.2110727340914,
      "kv_cache_usage_mean": 0.006337878604708,
      "kv_cache_usage_max": 0.01061877906216735,
      "kv_cache_tokens_peak": 3934,
      "kv_cache_size_tokens": 370477,
      "running_max": 1.0,
      "waiting_max": 0.0,
      "preemptions": 0.0,
      "mean_acceptance_length": 2.143367505436471,
      "acceptance_rate": 0.163338215062353
    },
    {
      "concurrency": 8,
      "requests": 128,
      "success_rate": 1.0,
      "warmup_failed": 0,
      "output_tokens_per_second": 1019.7387766395723,
      "ttft_p50_ms": 118.61297849100083,
      "ttft_p95_ms": 459.397125738904,
      "tpot_p50_ms": 6.872717659914455,
      "tpot_p95_ms": 8.742760508530765,
      "e2e_p95_ms": 2372.5580746191554,
      "kv_cache_usage_mean": 0.05167821928113904,
      "kv_cache_usage_max": 0.07052069132943661,
      "kv_cache_tokens_peak": 26126,
      "kv_cache_size_tokens": 370477,
      "running_max": 8.0,
      "waiting_max": 0.0,
      "preemptions": 0.0,
      "mean_acceptance_length": 2.1208094692630777,
      "acceptance_rate": 0.16011563846615393
    },
    {
      "concurrency": 32,
      "requests": 128,
      "success_rate": 1.0,
      "warmup_failed": 0,
      "output_tokens_per_second": 1536.3406532094332,
      "ttft_p50_ms": 311.5302480291575,
      "ttft_p95_ms": 2488.100713148011,
      "tpot_p50_ms": 18.38230414113074,
      "tpot_p95_ms": 24.658239465595614,
      "e2e_p95_ms": 6284.8432587925345,
      "kv_cache_usage_mean": 0.19529008601074668,
      "kv_cache_usage_max": 0.25752348316495177,
      "kv_cache_tokens_peak": 95407,
      "kv_cache_size_tokens": 370477,
      "running_max": 32.0,
      "waiting_max": 15.0,
      "preemptions": 0.0,
      "mean_acceptance_length": 2.1136329017517137,
      "acceptance_rate": 0.1590904145359591
    },
    {
      "concurrency": 64,
      "requests": 256,
      "success_rate": 1.0,
      "warmup_failed": 0,
      "output_tokens_per_second": 1591.3531073025765,
      "ttft_p50_ms": 380.4307605023496,
      "ttft_p95_ms": 4811.321047745878,
      "tpot_p50_ms": 35.299289253411544,
      "tpot_p95_ms": 48.150420741303506,
      "e2e_p95_ms": 13716.991053282982,
      "kv_cache_usage_mean": 0.4008914732301257,
      "kv_cache_usage_max": 0.5045682459056191,
      "kv_cache_tokens_peak": 186931,
      "kv_cache_size_tokens": 370477,
      "running_max": 64.0,
      "waiting_max": 48.0,
      "preemptions": 0.0,
      "mean_acceptance_length": 2.1178101178101176,
      "acceptance_rate": 0.15968715968715969
    },
    {
      "concurrency": 128,
      "requests": 512,
      "success_rate": 1.0,
      "warmup_failed": 0,
      "output_tokens_per_second": 1668.2695701943198,
      "ttft_p50_ms": 614.9546005181037,
      "ttft_p95_ms": 9214.71118411282,
      "tpot_p50_ms": 65.48736388124101,
      "tpot_p95_ms": 99.32426759767014,
      "e2e_p95_ms": 30895.18592076492,
      "kv_cache_usage_mean": 0.8161722596749394,
      "kv_cache_usage_max": 0.9612574464509142,
      "kv_cache_tokens_peak": 356124,
      "kv_cache_size_tokens": 370477,
      "running_max": 128.0,
      "waiting_max": 105.0,
      "preemptions": 0.0,
      "mean_acceptance_length": 2.118759528358324,
      "acceptance_rate": 0.15982278976547487
    },
    {
      "concurrency": 256,
      "requests": 1024,
      "success_rate": 1.0,
      "warmup_failed": 0,
      "output_tokens_per_second": 1653.8423561542052,
      "ttft_p50_ms": 15930.877703998704,
      "ttft_p95_ms": 23091.490869567482,
      "tpot_p50_ms": 74.18011687456158,
      "tpot_p95_ms": 107.80431799052997,
      "e2e_p95_ms": 46466.24643924878,
      "kv_cache_usage_mean": 0.9214501137809696,
      "kv_cache_usage_max": 0.9998844516237465,
      "kv_cache_tokens_peak": 370434,
      "kv_cache_size_tokens": 370477,
      "running_max": 139.0,
      "waiting_max": 231.0,
      "preemptions": 20.0,
      "mean_acceptance_length": 2.1178882574843945,
      "acceptance_rate": 0.15969832249777063
    }
  ]
}
