loadtest summarization concurrency=4 requests=128
loadtest summarization concurrency=32 requests=128
loadtest summarization concurrency=128 requests=512
loadtest summarization concurrency=256 requests=1024
loadtest summarization concurrency=512 requests=2048
loadtest summarization concurrency=1024 requests=4096
{
  "workload": "summarization",
  "variant": "eagle-e1-k7-dp4",
  "levels": [
    {
      "concurrency": 4,
      "requests": 128,
      "success_rate": 1.0,
      "warmup_failed": 0,
      "output_tokens_per_second": 718.9778061604717,
      "ttft_p50_ms": 88.85624699178152,
      "ttft_p95_ms": 130.39357076631856,
      "tpot_p50_ms": 5.076309175871969,
      "tpot_p95_ms": 6.523680468822241,
      "e2e_p95_ms": 1794.1677888884437,
      "kv_cache_usage_mean": 0.02433609071756292,
      "kv_cache_usage_max": 0.03363327924472648,
      "kv_cache_tokens_peak": 14593,
      "kv_cache_size_tokens": 433872,
      "running_max": 4.0,
      "waiting_max": 0.0,
      "preemptions": 0.0,
      "mean_acceptance_length": 2.0258332120506477,
      "acceptance_rate": 0.1465476017215211
    },
    {
      "concurrency": 32,
      "requests": 128,
      "success_rate": 1.0,
      "warmup_failed": 0,
      "output_tokens_per_second": 3201.5614981509566,
      "ttft_p50_ms": 118.28131097718142,
      "ttft_p95_ms": 629.4098033802583,
      "tpot_p50_ms": 7.592620381882286,
      "tpot_p95_ms": 10.302723539748673,
      "e2e_p95_ms": 2673.3162371383514,
      "kv_cache_usage_mean": 0.1646670272573798,
      "kv_cache_usage_max": 0.23657619117863993,
      "kv_cache_tokens_peak": 102644,
      "kv_cache_size_tokens": 433872,
      "running_max": 32.0,
      "waiting_max": 0.0,
      "preemptions": 0.0,
      "mean_acceptance_length": 2.038147932440303,
      "acceptance_rate": 0.14830684749147183
    },
    {
      "concurrency": 128,
      "requests": 512,
      "success_rate": 1.0,
      "warmup_failed": 0,
      "output_tokens_per_second": 5482.643071045316,
      "ttft_p50_ms": 214.6869499993045,
      "ttft_p95_ms": 2456.517588411225,
      "tpot_p50_ms": 19.03536937869102,
      "tpot_p95_ms": 28.172875106028407,
      "e2e_p95_ms": 8328.687495971099,
      "kv_cache_usage_mean": 0.688830702660176,
      "kv_cache_usage_max": 0.8571323204012392,
      "kv_cache_tokens_peak": 371886,
      "kv_cache_size_tokens": 433872,
      "running_max": 128.0,
      "waiting_max": 51.0,
      "preemptions": 0.0,
      "mean_acceptance_length": 2.0323286871487998,
      "acceptance_rate": 0.1474755267355428
    },
    {
      "concurrency": 256,
      "requests": 1024,
      "success_rate": 1.0,
      "warmup_failed": 0,
      "output_tokens_per_second": 6059.887402935112,
      "ttft_p50_ms": 307.2271089768037,
      "ttft_p95_ms": 4595.047361042816,
      "tpot_p50_ms": 35.05235616490579,
      "tpot_p95_ms": 52.8037052749366,
      "e2e_p95_ms": 15150.062450132098,
      "kv_cache_usage_mean": 1.3939212113721628,
      "kv_cache_usage_max": 1.6610488272606578,
      "kv_cache_tokens_peak": 720683,
      "kv_cache_size_tokens": 433872,
      "running_max": 256.0,
      "waiting_max": 158.0,
      "preemptions": 0.0,
      "mean_acceptance_length": 2.0316673728423265,
      "acceptance_rate": 0.14738105326318948
    },
    {
      "concurrency": 512,
      "requests": 2048,
      "success_rate": 1.0,
      "warmup_failed": 0,
      "output_tokens_per_second": 6421.621573659829,
      "ttft_p50_ms": 525.7637275208253,
      "ttft_p95_ms": 9161.695912835417,
      "tpot_p50_ms": 67.24594481397783,
      "tpot_p95_ms": 107.87605629913931,
      "e2e_p95_ms": 29936.681723262882,
      "kv_cache_usage_mean": 2.8459158825956545,
      "kv_cache_usage_max": 3.3596400649063285,
      "kv_cache_tokens_peak": 1457654,
      "kv_cache_size_tokens": 433872,
      "running_max": 512.0,
      "waiting_max": 411.0,
      "preemptions": 2.0,
      "mean_acceptance_length": 2.030559648228982,
      "acceptance_rate": 0.1472228068898545
    },
    {
      "concurrency": 1024,
      "requests": 4096,
      "success_rate": 1.0,
      "warmup_failed": 0,
      "output_tokens_per_second": 6480.870076239516,
      "ttft_p50_ms": 13450.132704514544,
      "ttft_p95_ms": 22723.991013263003,
      "tpot_p50_ms": 85.42229444734949,
      "tpot_p95_ms": 120.5993909000014,
      "e2e_p95_ms": 47058.731092722155,
      "kv_cache_usage_mean": 3.645715526708299,
      "kv_cache_usage_max": 3.9872031273049124,
      "kv_cache_tokens_peak": 1729936,
      "kv_cache_size_tokens": 433872,
      "running_max": 620.0,
      "waiting_max": 802.0,
      "preemptions": 90.0,
      "mean_acceptance_length": 2.0297932967954684,
      "acceptance_rate": 0.14711332811363834
    }
  ]
}
