loadtest summarization concurrency=4 requests=128
loadtest summarization concurrency=32 requests=128
loadtest summarization concurrency=128 requests=512
loadtest summarization concurrency=256 requests=1024
loadtest summarization concurrency=512 requests=2048
loadtest summarization concurrency=1024 requests=4096
{
  "workload": "summarization",
  "variant": "plain-dp4",
  "levels": [
    {
      "concurrency": 4,
      "requests": 128,
      "success_rate": 1.0,
      "warmup_failed": 0,
      "output_tokens_per_second": 598.191634215098,
      "ttft_p50_ms": 86.26781348721124,
      "ttft_p95_ms": 133.46678476664235,
      "tpot_p50_ms": 6.038458068548978,
      "tpot_p95_ms": 6.543787605340032,
      "e2e_p95_ms": 2017.6378135452974,
      "kv_cache_usage_mean": 0.021775832036333393,
      "kv_cache_usage_max": 0.029083231167415846,
      "kv_cache_tokens_peak": 13664,
      "kv_cache_size_tokens": 469840,
      "running_max": 4.0,
      "waiting_max": 0.0,
      "preemptions": 0.0,
      "mean_acceptance_length": null,
      "acceptance_rate": null
    },
    {
      "concurrency": 32,
      "requests": 128,
      "success_rate": 1.0,
      "warmup_failed": 0,
      "output_tokens_per_second": 2729.8575692701475,
      "ttft_p50_ms": 103.67338749347255,
      "ttft_p95_ms": 640.018595624133,
      "tpot_p50_ms": 8.829448295259017,
      "tpot_p95_ms": 10.850623419499808,
      "e2e_p95_ms": 2863.8264777080617,
      "kv_cache_usage_mean": 0.13847816126116086,
      "kv_cache_usage_max": 0.219384280070835,
      "kv_cache_tokens_peak": 103076,
      "kv_cache_size_tokens": 469840,
      "running_max": 32.0,
      "waiting_max": 0.0,
      "preemptions": 0.0,
      "mean_acceptance_length": null,
      "acceptance_rate": null
    },
    {
      "concurrency": 128,
      "requests": 512,
      "success_rate": 1.0,
      "warmup_failed": 0,
      "output_tokens_per_second": 5438.729974849927,
      "ttft_p50_ms": 157.32895449036732,
      "ttft_p95_ms": 2354.1007998166597,
      "tpot_p50_ms": 20.044128952068675,
      "tpot_p95_ms": 24.51412960897686,
      "e2e_p95_ms": 7314.118234446504,
      "kv_cache_usage_mean": 0.6106667704542653,
      "kv_cache_usage_max": 0.7858602370249284,
      "kv_cache_tokens_peak": 369229,
      "kv_cache_size_tokens": 469840,
      "running_max": 128.0,
      "waiting_max": 40.0,
      "preemptions": 0.0,
      "mean_acceptance_length": null,
      "acceptance_rate": null
    },
    {
      "concurrency": 256,
      "requests": 1024,
      "success_rate": 1.0,
      "warmup_failed": 0,
      "output_tokens_per_second": 6568.722059917223,
      "ttft_p50_ms": 217.17335100402124,
      "ttft_p95_ms": 4416.976889054058,
      "tpot_p50_ms": 33.913951840455894,
      "tpot_p95_ms": 42.80182111280304,
      "e2e_p95_ms": 13047.588073712535,
      "kv_cache_usage_mean": 1.2831247946665385,
      "kv_cache_usage_max": 1.5662716251191937,
      "kv_cache_tokens_peak": 735897,
      "kv_cache_size_tokens": 469840,
      "running_max": 256.0,
      "waiting_max": 174.0,
      "preemptions": 0.0,
      "mean_acceptance_length": null,
      "acceptance_rate": null
    },
    {
      "concurrency": 512,
      "requests": 2048,
      "success_rate": 1.0,
      "warmup_failed": 0,
      "output_tokens_per_second": 7286.375688652529,
      "ttft_p50_ms": 334.5793774933554,
      "ttft_p95_ms": 8474.841722790734,
      "tpot_p50_ms": 63.942970992660605,
      "tpot_p95_ms": 83.24559793381138,
      "e2e_p95_ms": 24807.031269193976,
      "kv_cache_usage_mean": 2.6334831766789266,
      "kv_cache_usage_max": 3.12712845661354,
      "kv_cache_tokens_peak": 1469250,
      "kv_cache_size_tokens": 469840,
      "running_max": 512.0,
      "waiting_max": 379.0,
      "preemptions": 0.0,
      "mean_acceptance_length": null,
      "acceptance_rate": null
    },
    {
      "concurrency": 1024,
      "requests": 4096,
      "success_rate": 1.0,
      "warmup_failed": 0,
      "output_tokens_per_second": 7295.1533364725565,
      "ttft_p50_ms": 10612.956490484066,
      "ttft_p95_ms": 21085.153288251604,
      "tpot_p50_ms": 87.40771211864126,
      "tpot_p95_ms": 99.83395534022242,
      "e2e_p95_ms": 42785.12743698957,
      "kv_cache_usage_mean": 3.624987590015677,
      "kv_cache_usage_max": 3.9933251600599373,
      "kv_cache_tokens_peak": 1876224,
      "kv_cache_size_tokens": 469840,
      "running_max": 672.0,
      "waiting_max": 790.0,
      "preemptions": 148.0,
      "mean_acceptance_length": null,
      "acceptance_rate": null
    }
  ]
}
