{
  "requests": {
    "attempted": 64,
    "successful": 64,
    "failed": 0,
    "success_rate": 1.0,
    "requests_per_second": 0.9420000419542831
  },
  "tokens": {
    "prompt": 36013,
    "completion": 11666,
    "output_tokens_per_second": 171.70894514747917,
    "total_tokens_per_second": 701.7753125052853
  },
  "latency_ms": {
    "e2e": {
      "count": 64,
      "mean": 1061.4295364866848,
      "p50": 1325.1491835108027,
      "p95": 1603.2283942622598,
      "p99": 1657.3404027265497
    },
    "ttft": {
      "count": 64,
      "mean": 37.60440660516906,
      "p50": 39.994582475628704,
      "p95": 56.216951878741376,
      "p99": 59.9201192636974
    },
    "tpot": {
      "count": 64,
      "mean": 5.593840591962156,
      "p50": 5.564298172777294,
      "p95": 6.340105337308784,
      "p99": 6.516713429516161
    },
    "stream_event_gap": {
      "count": 9314,
      "mean": 6.99814911308305,
      "p50": 7.020349032245576,
      "p95": 7.260566914919764,
      "p99": 7.414140386972579
    }
  },
  "wall_seconds": 67.94054899108596,
  "speculative_decoding": {
    "enabled": true,
    "drafts": 9331.0,
    "draft_tokens": 18662.0,
    "accepted_tokens": 2303.0,
    "acceptance_rate": 0.12340585146286571,
    "mean_acceptance_length": 1.2468117029257315,
    "acceptance_rate_per_position": {
      "0": 0.20576572714607222,
      "1": 0.041045975779659204
    }
  }
}
{
  "requests": {
    "attempted": 64,
    "successful": 64,
    "failed": 0,
    "success_rate": 1.0,
    "requests_per_second": 5.9337114646480895
  },
  "tokens": {
    "prompt": 36013,
    "completion": 11610,
    "output_tokens_per_second": 1076.4123453838174,
    "total_tokens_per_second": 4415.330329389624
  },
  "latency_ms": {
    "e2e": {
      "count": 64,
      "mean": 1221.422438226,
      "p50": 1495.0490689370781,
      "p95": 1851.6531118017156,
      "p99": 1919.8708339349828
    },
    "ttft": {
      "count": 64,
      "mean": 56.15947474507266,
      "p50": 46.49096552748233,
      "p95": 143.72570932027884,
      "p99": 144.23028311808594
    },
    "tpot": {
      "count": 64,
      "mean": 6.370507515436069,
      "p50": 6.261106833227065,
      "p95": 7.392790290965245,
      "p99": 7.942775215225037
    },
    "stream_event_gap": {
      "count": 9226,
      "mean": 8.053779414027293,
      "p50": 7.291349524166435,
      "p95": 16.794435068732128,
      "p99": 31.223610014421865
    }
  },
  "wall_seconds": 10.785829473054036,
  "speculative_decoding": {
    "enabled": true,
    "drafts": 9241.0,
    "draft_tokens": 18482.0,
    "accepted_tokens": 2337.0,
    "acceptance_rate": 0.1264473541824478,
    "mean_acceptance_length": 1.2528947083648956,
    "acceptance_rate_per_position": {
      "0": 0.211232550589763,
      "1": 0.04166215777513256
    }
  }
}
{
  "requests": {
    "attempted": 64,
    "successful": 64,
    "failed": 0,
    "success_rate": 1.0,
    "requests_per_second": 1.3361335135161496
  },
  "tokens": {
    "prompt": 32336,
    "completion": 12423,
    "output_tokens_per_second": 259.35604122517384,
    "total_tokens_per_second": 934.4374989292085
  },
  "latency_ms": {
    "e2e": {
      "count": 64,
      "mean": 748.2852417506365,
      "p50": 514.7059929440729,
      "p95": 1854.968779883347,
      "p99": 2230.4245379520576
    },
    "ttft": {
      "count": 64,
      "mean": 33.63883686870395,
      "p50": 28.76865753205493,
      "p95": 44.087403418961905,
      "p99": 49.80972642428241
    },
    "tpot": {
      "count": 64,
      "mean": 3.6095495659536345,
      "p50": 3.639773081949753,
      "p95": 4.232012950206171,
      "p99": 4.368556519176505
    },
    "stream_event_gap": {
      "count": 6498,
      "mean": 6.9922858391747695,
      "p50": 7.0321414968930185,
      "p95": 7.289609016152099,
      "p99": 7.471347504761069
    }
  },
  "wall_seconds": 47.8994047769811,
  "speculative_decoding": {
    "enabled": true,
    "drafts": 6508.0,
    "draft_tokens": 13016.0,
    "accepted_tokens": 5885.0,
    "acceptance_rate": 0.4521358328211432,
    "mean_acceptance_length": 1.9042716656422864,
    "acceptance_rate_per_position": {
      "0": 0.5616164720344192,
      "1": 0.3426551936078672
    }
  }
}
{
  "requests": {
    "attempted": 64,
    "successful": 64,
    "failed": 0,
    "success_rate": 1.0,
    "requests_per_second": 7.152447318278189
  },
  "tokens": {
    "prompt": 32336,
    "completion": 12682,
    "output_tokens_per_second": 1417.3021389125624,
    "total_tokens_per_second": 5031.076146472617
  },
  "latency_ms": {
    "e2e": {
      "count": 64,
      "mean": 924.3167934691883,
      "p50": 634.0630649938248,
      "p95": 2411.736683599882,
      "p99": 2818.1022454192857
    },
    "ttft": {
      "count": 64,
      "mean": 55.99639992942684,
      "p50": 45.15784146497026,
      "p95": 144.36711421585642,
      "p99": 145.09127742494456
    },
    "tpot": {
      "count": 64,
      "mean": 4.269505137373345,
      "p50": 4.254843358570904,
      "p95": 5.279564749208269,
      "p99": 5.70538040403491
    },
    "stream_event_gap": {
      "count": 6654,
      "mean": 8.313294944306794,
      "p50": 7.326404447667301,
      "p95": 17.25040207966228,
      "p99": 30.578437817748636
    }
  },
  "wall_seconds": 8.947986213956028,
  "speculative_decoding": {
    "enabled": true,
    "drafts": 6665.0,
    "draft_tokens": 13330.0,
    "accepted_tokens": 5992.0,
    "acceptance_rate": 0.44951237809452366,
    "mean_acceptance_length": 1.8990247561890472,
    "acceptance_rate_per_position": {
      "0": 0.559039759939985,
      "1": 0.33998499624906225
    }
  }
}
{
  "requests": {
    "attempted": 64,
    "successful": 64,
    "failed": 0,
    "success_rate": 1.0,
    "requests_per_second": 0.7710750540701845
  },
  "tokens": {
    "prompt": 175660,
    "completion": 14113,
    "output_tokens_per_second": 170.03409747019552,
    "total_tokens_per_second": 2286.394159938455
  },
  "latency_ms": {
    "e2e": {
      "count": 64,
      "mean": 1296.737477017814,
      "p50": 1268.9078159746714,
      "p95": 1794.6211258939002,
      "p99": 2593.459753363858
    },
    "ttft": {
      "count": 64,
      "mean": 92.54018321735202,
      "p50": 90.86294553708285,
      "p95": 115.44579839683136,
      "p99": 124.57954584620892
    },
    "tpot": {
      "count": 64,
      "mean": 5.457948697924399,
      "p50": 5.467149129297374,
      "p95": 5.940435268410081,
      "p99": 6.177477683922723
    },
    "stream_event_gap": {
      "count": 10820,
      "mean": 7.089040518143126,
      "p50": 7.089884020388126,
      "p95": 7.384267624001949,
      "p99": 7.722850702702999
    }
  },
  "wall_seconds": 83.00099927000701,
  "speculative_decoding": {
    "enabled": true,
    "drafts": 10839.0,
    "draft_tokens": 21678.0,
    "accepted_tokens": 3270.0,
    "acceptance_rate": 0.15084417381677276,
    "mean_acceptance_length": 1.3016883476335455,
    "acceptance_rate_per_position": {
      "0": 0.24928498939016513,
      "1": 0.05240335824338038
    }
  }
}
{
  "requests": {
    "attempted": 64,
    "successful": 64,
    "failed": 0,
    "success_rate": 1.0,
    "requests_per_second": 3.4477325350869963
  },
  "tokens": {
    "prompt": 175660,
    "completion": 14175,
    "output_tokens_per_second": 763.618885700909,
    "total_tokens_per_second": 10226.5672780975
  },
  "latency_ms": {
    "e2e": {
      "count": 64,
      "mean": 2103.4670683839067,
      "p50": 2083.3528145449236,
      "p95": 2822.6536395552102,
      "p99": 3942.360346050699
    },
    "ttft": {
      "count": 64,
      "mean": 168.74722258398833,
      "p50": 115.54704699665308,
      "p95": 626.5609351859894,
      "p99": 769.0770094119944
    },
    "tpot": {
      "count": 64,
      "mean": 8.787138064382912,
      "p50": 8.8310368320473,
      "p95": 10.452103558480584,
      "p99": 11.096504943609794
    },
    "stream_event_gap": {
      "count": 10866,
      "mean": 11.342377197727652,
      "p50": 8.279029454570264,
      "p95": 29.930076212622225,
      "p99": 74.14589776308279
    }
  },
  "wall_seconds": 18.562924864003435,
  "speculative_decoding": {
    "enabled": true,
    "drafts": 10887.0,
    "draft_tokens": 21774.0,
    "accepted_tokens": 3280.0,
    "acceptance_rate": 0.1506383760448241,
    "mean_acceptance_length": 1.3012767520896482,
    "acceptance_rate_per_position": {
      "0": 0.2514926058602002,
      "1": 0.04978414622944797
    }
  }
}
