{
  "requests": {
    "attempted": 64,
    "successful": 64,
    "failed": 0,
    "success_rate": 1.0,
    "requests_per_second": 0.6683584503453089
  },
  "tokens": {
    "prompt": 36013,
    "completion": 11676,
    "output_tokens_per_second": 121.9336447848723,
    "total_tokens_per_second": 498.02103341433497
  },
  "latency_ms": {
    "e2e": {
      "count": 64,
      "mean": 1496.0505969247606,
      "p50": 1829.3900075368583,
      "p95": 2220.449659554288,
      "p99": 2358.622587090358
    },
    "ttft": {
      "count": 64,
      "mean": 43.413897334176,
      "p50": 45.38862855406478,
      "p95": 56.93798739812336,
      "p99": 60.67512859473935
    },
    "tpot": {
      "count": 64,
      "mean": 7.927953880754652,
      "p50": 7.874275114137762,
      "p95": 9.010867220127867,
      "p99": 9.31223044800452
    },
    "stream_event_gap": {
      "count": 9229,
      "mean": 10.032432430952275,
      "p50": 10.079286992549896,
      "p95": 10.327291232533753,
      "p99": 10.510881594382226
    }
  },
  "wall_seconds": 95.7569998059189,
  "speculative_decoding": {
    "enabled": true,
    "drafts": 9244.0,
    "draft_tokens": 73952.0,
    "accepted_tokens": 2411.0,
    "acceptance_rate": 0.03260222847252272,
    "mean_acceptance_length": 1.2608178277801818,
    "acceptance_rate_per_position": {
      "0": 0.20910861099091302,
      "1": 0.04283859800951969,
      "2": 0.006923409779316313,
      "3": 0.0017308524448290783,
      "4": 0.00021635655560363478,
      "5": 0.0,
      "6": 0.0,
      "7": 0.0
    }
  }
}
{
  "requests": {
    "attempted": 64,
    "successful": 64,
    "failed": 0,
    "success_rate": 1.0,
    "requests_per_second": 4.2335003969406975
  },
  "tokens": {
    "prompt": 36013,
    "completion": 11610,
    "output_tokens_per_second": 767.9834313825233,
    "total_tokens_per_second": 3150.187334429794
  },
  "latency_ms": {
    "e2e": {
      "count": 64,
      "mean": 1734.8160064957483,
      "p50": 2132.705814030487,
      "p95": 2595.1553463877644,
      "p99": 2735.6870319833974
    },
    "ttft": {
      "count": 64,
      "mean": 62.60247857244394,
      "p50": 48.917757521849126,
      "p95": 153.05369230918586,
      "p99": 153.6500429001171
    },
    "tpot": {
      "count": 64,
      "mean": 9.167462343452229,
      "p50": 9.135172366593764,
      "p95": 10.627346052027681,
      "p99": 10.976574708384154
    },
    "stream_event_gap": {
      "count": 9177,
      "mean": 11.62393815060709,
      "p50": 11.015222989954054,
      "p95": 15.846988279372443,
      "p99": 33.853183472529054
    }
  },
  "wall_seconds": 15.117513641016558,
  "speculative_decoding": {
    "enabled": true,
    "drafts": 9190.0,
    "draft_tokens": 73520.0,
    "accepted_tokens": 2398.0,
    "acceptance_rate": 0.03261697497279652,
    "mean_acceptance_length": 1.2609357997823722,
    "acceptance_rate_per_position": {
      "0": 0.21120783460282916,
      "1": 0.04211099020674646,
      "2": 0.006637649619151252,
      "3": 0.0009793253536452666,
      "4": 0.0,
      "5": 0.0,
      "6": 0.0,
      "7": 0.0
    }
  }
}
{
  "requests": {
    "attempted": 64,
    "successful": 64,
    "failed": 0,
    "success_rate": 1.0,
    "requests_per_second": 1.0991051313116222
  },
  "tokens": {
    "prompt": 32336,
    "completion": 12562,
    "output_tokens_per_second": 215.73372905525937,
    "total_tokens_per_second": 771.0565966504565
  },
  "latency_ms": {
    "e2e": {
      "count": 64,
      "mean": 909.6866043637419,
      "p50": 594.9664335348643,
      "p95": 2160.30480369227,
      "p99": 2921.5213643340385
    },
    "ttft": {
      "count": 64,
      "mean": 42.348847337052575,
      "p50": 45.29600450769067,
      "p95": 56.19598807534201,
      "p99": 57.709503517253324
    },
    "tpot": {
      "count": 64,
      "mean": 4.229807209297605,
      "p50": 4.236398725165964,
      "p95": 5.454364962224645,
      "p99": 6.041610103508599
    },
    "stream_event_gap": {
      "count": 5526,
      "mean": 10.000450371444721,
      "p50": 10.081157961394638,
      "p95": 10.319959983462468,
      "p99": 10.579863243037835
    }
  },
  "wall_seconds": 58.2291886160383,
  "speculative_decoding": {
    "enabled": true,
    "drafts": 5529.0,
    "draft_tokens": 44232.0,
    "accepted_tokens": 7067.0,
    "acceptance_rate": 0.15977120636643155,
    "mean_acceptance_length": 2.2781696509314524,
    "acceptance_rate_per_position": {
      "0": 0.5087719298245614,
      "1": 0.28269126424308194,
      "2": 0.16422499547838668,
      "3": 0.11394465545306566,
      "4": 0.08138903960933261,
      "5": 0.05407849520708989,
      "6": 0.04105624886959667,
      "7": 0.032013022246337494
    }
  }
}
{
  "requests": {
    "attempted": 64,
    "successful": 64,
    "failed": 0,
    "success_rate": 1.0,
    "requests_per_second": 5.957749201405595
  },
  "tokens": {
    "prompt": 32336,
    "completion": 12393,
    "output_tokens_per_second": 1153.6622789534304,
    "total_tokens_per_second": 4163.8150629636075
  },
  "latency_ms": {
    "e2e": {
      "count": 64,
      "mean": 1072.5562996449298,
      "p50": 734.3393520568497,
      "p95": 2677.947441546711,
      "p99": 3293.874614180531
    },
    "ttft": {
      "count": 64,
      "mean": 60.87904047308257,
      "p50": 46.1259710136801,
      "p95": 152.59351936983876,
      "p99": 153.24249923811294
    },
    "tpot": {
      "count": 64,
      "mean": 5.077401514263053,
      "p50": 5.113039770441496,
      "p95": 6.67522476349598,
      "p99": 6.795664121546444
    },
    "stream_event_gap": {
      "count": 5421,
      "mean": 11.903860191745023,
      "p50": 11.07861497439444,
      "p95": 30.190697987563908,
      "p99": 39.576165098696954
    }
  },
  "wall_seconds": 10.742311875917949,
  "speculative_decoding": {
    "enabled": true,
    "drafts": 5423.0,
    "draft_tokens": 43384.0,
    "accepted_tokens": 7002.0,
    "acceptance_rate": 0.1613959063249124,
    "mean_acceptance_length": 2.2911672505992993,
    "acceptance_rate_per_position": {
      "0": 0.5093121888253734,
      "1": 0.2869260556887332,
      "2": 0.16780379863544165,
      "3": 0.11672505992992808,
      "4": 0.08316430020283976,
      "5": 0.05476673427991886,
      "6": 0.04093675087589895,
      "7": 0.03153236216116541
    }
  }
}
{
  "requests": {
    "attempted": 64,
    "successful": 64,
    "failed": 0,
    "success_rate": 1.0,
    "requests_per_second": 0.5476926087293522
  },
  "tokens": {
    "prompt": 175660,
    "completion": 14259,
    "output_tokens_per_second": 122.02420168549739,
    "total_tokens_per_second": 1625.2692587073411
  },
  "latency_ms": {
    "e2e": {
      "count": 64,
      "mean": 1825.682184748075,
      "p50": 1749.582142510917,
      "p95": 2548.98049441399,
      "p99": 3953.827456533907
    },
    "ttft": {
      "count": 64,
      "mean": 94.31711555771471,
      "p50": 92.05109946196899,
      "p95": 115.37333622109145,
      "p99": 123.48135914187878
    },
    "tpot": {
      "count": 64,
      "mean": 7.755232895338926,
      "p50": 7.828553966253223,
      "p95": 8.510471830264805,
      "p99": 8.75761609090424
    },
    "stream_event_gap": {
      "count": 10835,
      "mean": 10.185498538096988,
      "p50": 10.184692917391658,
      "p95": 10.458235070109367,
      "p99": 10.878064488060772
    }
  },
  "wall_seconds": 116.85386835597456,
  "speculative_decoding": {
    "enabled": true,
    "drafts": 10855.0,
    "draft_tokens": 86840.0,
    "accepted_tokens": 3410.0,
    "acceptance_rate": 0.039267618608935975,
    "mean_acceptance_length": 1.3141409488714877,
    "acceptance_rate_per_position": {
      "0": 0.25140488254260707,
      "1": 0.05186549976969139,
      "2": 0.008935974205435283,
      "3": 0.0012897282358360202,
      "4": 0.0005527406725011516,
      "5": 9.212344541685859e-05,
      "6": 0.0,
      "7": 0.0
    }
  }
}
{
  "requests": {
    "attempted": 64,
    "successful": 64,
    "failed": 0,
    "success_rate": 1.0,
    "requests_per_second": 2.7511888643924416
  },
  "tokens": {
    "prompt": 175660,
    "completion": 14237,
    "output_tokens_per_second": 612.0105603492998,
    "total_tokens_per_second": 8163.164246586429
  },
  "latency_ms": {
    "e2e": {
      "count": 64,
      "mean": 2712.772255305026,
      "p50": 2517.546607472468,
      "p95": 3791.958632756722,
      "p99": 5844.244084325619
    },
    "ttft": {
      "count": 64,
      "mean": 190.2125231899845,
      "p50": 129.66339342528954,
      "p95": 639.5559299271554,
      "p99": 786.8144346005283
    },
    "tpot": {
      "count": 64,
      "mean": 11.435986371271165,
      "p50": 11.553901508676535,
      "p95": 13.072081111905788,
      "p99": 13.939784351290655
    },
    "stream_event_gap": {
      "count": 10815,
      "mean": 14.867624502391799,
      "p50": 12.158580007962883,
      "p95": 33.53276086272671,
      "p99": 82.74158084066585
    }
  },
  "wall_seconds": 23.262670487049036,
  "speculative_decoding": {
    "enabled": true,
    "drafts": 10833.0,
    "draft_tokens": 86664.0,
    "accepted_tokens": 3408.0,
    "acceptance_rate": 0.039324286901135416,
    "mean_acceptance_length": 1.3145942952090834,
    "acceptance_rate_per_position": {
      "0": 0.2511769592910551,
      "1": 0.05280162466537432,
      "2": 0.008861811132650235,
      "3": 0.0013846579894765993,
      "4": 0.00036924213052709313,
      "5": 0.0,
      "6": 0.0,
      "7": 0.0
    }
  }
}
