{
  "requests": {
    "attempted": 64,
    "successful": 64,
    "failed": 0,
    "success_rate": 1.0,
    "requests_per_second": 0.7798498192504224
  },
  "tokens": {
    "prompt": 36013,
    "completion": 11655,
    "output_tokens_per_second": 142.0179631775574,
    "total_tokens_per_second": 580.8418935004552
  },
  "latency_ms": {
    "e2e": {
      "count": 64,
      "mean": 1282.1523377115227,
      "p50": 1570.2203485416248,
      "p95": 1896.999256068375,
      "p99": 2015.2987629582638
    },
    "ttft": {
      "count": 64,
      "mean": 42.51368331097183,
      "p50": 45.469426549971104,
      "p95": 57.053016859572374,
      "p99": 63.98709461442195
    },
    "tpot": {
      "count": 64,
      "mean": 6.775483289960043,
      "p50": 6.781439788303819,
      "p95": 7.70313028737638,
      "p99": 7.959852298654008
    },
    "stream_event_gap": {
      "count": 9222,
      "mean": 8.565242906709306,
      "p50": 8.605386014096439,
      "p95": 8.863501239102334,
      "p99": 9.122667567571625
    }
  },
  "wall_seconds": 82.06708320009056,
  "speculative_decoding": {
    "enabled": true,
    "drafts": 9237.0,
    "draft_tokens": 46185.0,
    "accepted_tokens": 2398.0,
    "acceptance_rate": 0.051921619573454585,
    "mean_acceptance_length": 1.259608097867273,
    "acceptance_rate_per_position": {
      "0": 0.2086175165096893,
      "1": 0.04287106203312764,
      "2": 0.006603875717224207,
      "3": 0.001407383349572372,
      "4": 0.00010826025765941322
    }
  }
}
{
  "requests": {
    "attempted": 64,
    "successful": 64,
    "failed": 0,
    "success_rate": 1.0,
    "requests_per_second": 5.01511149005922
  },
  "tokens": {
    "prompt": 36013,
    "completion": 11565,
    "output_tokens_per_second": 906.2463184771075,
    "total_tokens_per_second": 3728.265226156837
  },
  "latency_ms": {
    "e2e": {
      "count": 64,
      "mean": 1457.2226415402838,
      "p50": 1802.3125554900616,
      "p95": 2163.1080712133553,
      "p99": 2390.3472995443735
    },
    "ttft": {
      "count": 64,
      "mean": 59.4924262004497,
      "p50": 52.10323299979791,
      "p95": 145.00521615264006,
      "p99": 145.46340356813744
    },
    "tpot": {
      "count": 64,
      "mean": 7.720567582210203,
      "p50": 7.624723519627736,
      "p95": 8.896191900361396,
      "p99": 9.180843802625496
    },
    "stream_event_gap": {
      "count": 9163,
      "mean": 9.721117321755337,
      "p50": 9.077145019546151,
      "p95": 14.003892894834278,
      "p99": 32.27320272941142
    }
  },
  "wall_seconds": 12.761431152001023,
  "speculative_decoding": {
    "enabled": true,
    "drafts": 9180.0,
    "draft_tokens": 45900.0,
    "accepted_tokens": 2364.0,
    "acceptance_rate": 0.05150326797385621,
    "mean_acceptance_length": 1.257516339869281,
    "acceptance_rate_per_position": {
      "0": 0.2079520697167756,
      "1": 0.04183006535947712,
      "2": 0.006753812636165577,
      "3": 0.000980392156862745,
      "4": 0.0
    }
  }
}
{
  "requests": {
    "attempted": 64,
    "successful": 64,
    "failed": 0,
    "success_rate": 1.0,
    "requests_per_second": 1.2384237573724843
  },
  "tokens": {
    "prompt": 32336,
    "completion": 12562,
    "output_tokens_per_second": 243.07936312676793,
    "total_tokens_per_second": 868.7929665392156
  },
  "latency_ms": {
    "e2e": {
      "count": 64,
      "mean": 807.3327572510607,
      "p50": 535.6057774624787,
      "p95": 1928.508839086862,
      "p99": 2537.234292698558
    },
    "ttft": {
      "count": 64,
      "mean": 39.79382758916472,
      "p50": 41.57551197567955,
      "p95": 50.85017115925438,
      "p99": 55.035283036995665
    },
    "tpot": {
      "count": 64,
      "mean": 3.757279354688387,
      "p50": 3.7482510335740655,
      "p95": 4.7727613471269645,
      "p99": 5.201980216483371
    },
    "stream_event_gap": {
      "count": 5718,
      "mean": 8.535044348315603,
      "p50": 8.604327973444015,
      "p95": 8.870723802829161,
      "p99": 9.048709355993196
    }
  },
  "wall_seconds": 51.67859516502358,
  "speculative_decoding": {
    "enabled": true,
    "drafts": 5729.0,
    "draft_tokens": 28645.0,
    "accepted_tokens": 6867.0,
    "acceptance_rate": 0.23972770116948858,
    "mean_acceptance_length": 2.198638505847443,
    "acceptance_rate_per_position": {
      "0": 0.5198114854250305,
      "1": 0.29411764705882354,
      "2": 0.17507418397626112,
      "3": 0.1204398673415954,
      "4": 0.08919532204573224
    }
  }
}
{
  "requests": {
    "attempted": 64,
    "successful": 64,
    "failed": 0,
    "success_rate": 1.0,
    "requests_per_second": 6.71407782723409
  },
  "tokens": {
    "prompt": 32336,
    "completion": 12739,
    "output_tokens_per_second": 1336.4162100177355,
    "total_tokens_per_second": 4728.70403222776
  },
  "latency_ms": {
    "e2e": {
      "count": 64,
      "mean": 975.2314985616977,
      "p50": 665.4905139585026,
      "p95": 2660.4654804337747,
      "p99": 3043.113226640271
    },
    "ttft": {
      "count": 64,
      "mean": 56.16642457607668,
      "p50": 46.7555639334023,
      "p95": 148.30900226952508,
      "p99": 148.97151766810566
    },
    "tpot": {
      "count": 64,
      "mean": 4.451689241670183,
      "p50": 4.487510378310182,
      "p95": 5.849206074565166,
      "p99": 6.070030261484484
    },
    "stream_event_gap": {
      "count": 5785,
      "mean": 10.118490911323123,
      "p50": 9.12213500123471,
      "p95": 18.813549331389368,
      "p99": 31.212210361845788
    }
  },
  "wall_seconds": 9.532210028963163,
  "speculative_decoding": {
    "enabled": true,
    "drafts": 5795.0,
    "draft_tokens": 28975.0,
    "accepted_tokens": 6966.0,
    "acceptance_rate": 0.2404141501294219,
    "mean_acceptance_length": 2.2020707506471098,
    "acceptance_rate_per_position": {
      "0": 0.5230371009490941,
      "1": 0.29559965487489215,
      "2": 0.17515099223468508,
      "3": 0.11975841242450389,
      "4": 0.08852459016393442
    }
  }
}
{
  "requests": {
    "attempted": 64,
    "successful": 64,
    "failed": 0,
    "success_rate": 1.0,
    "requests_per_second": 0.6366569995475945
  },
  "tokens": {
    "prompt": 175660,
    "completion": 14272,
    "output_tokens_per_second": 141.97451089911357,
    "total_tokens_per_second": 1889.399019344902
  },
  "latency_ms": {
    "e2e": {
      "count": 64,
      "mean": 1570.5449704400962,
      "p50": 1507.9009894980118,
      "p95": 2190.828051703283,
      "p99": 3387.4743416125407
    },
    "ttft": {
      "count": 64,
      "mean": 90.67483672515664,
      "p50": 90.16739804064855,
      "p95": 112.09019465022719,
      "p99": 120.2819121244829
    },
    "tpot": {
      "count": 64,
      "mean": 6.621449183597807,
      "p50": 6.6632729247065985,
      "p95": 7.280078093725939,
      "p99": 7.47888972306419
    },
    "stream_event_gap": {
      "count": 10841,
      "mean": 8.69640893703702,
      "p50": 8.696421049535275,
      "p95": 8.958013029769063,
      "p99": 9.315510443411767
    }
  },
  "wall_seconds": 100.52508657798171,
  "speculative_decoding": {
    "enabled": true,
    "drafts": 10861.0,
    "draft_tokens": 54305.0,
    "accepted_tokens": 3416.0,
    "acceptance_rate": 0.0629039683270417,
    "mean_acceptance_length": 1.3145198416352084,
    "acceptance_rate_per_position": {
      "0": 0.2520025780314888,
      "1": 0.0518368474357794,
      "2": 0.008838965104502348,
      "3": 0.0012890157444065925,
      "4": 0.0005524353190313968
    }
  }
}
{
  "requests": {
    "attempted": 64,
    "successful": 64,
    "failed": 0,
    "success_rate": 1.0,
    "requests_per_second": 3.168048544402932
  },
  "tokens": {
    "prompt": 175660,
    "completion": 14115,
    "output_tokens_per_second": 698.7032063163654,
    "total_tokens_per_second": 9394.006445532286
  },
  "latency_ms": {
    "e2e": {
      "count": 64,
      "mean": 2357.3408044248936,
      "p50": 2324.4445784948766,
      "p95": 3338.148981943959,
      "p99": 3920.8681493590097
    },
    "ttft": {
      "count": 64,
      "mean": 172.28529392559722,
      "p50": 117.5732109695673,
      "p95": 625.9185242641252,
      "p99": 768.2771840179339
    },
    "tpot": {
      "count": 64,
      "mean": 9.987324095825333,
      "p50": 10.099187520217352,
      "p95": 11.555454663043333,
      "p99": 11.917003260809839
    },
    "stream_event_gap": {
      "count": 10753,
      "mean": 12.960877233021787,
      "p50": 10.120535036548972,
      "p95": 31.296657375060022,
      "p99": 75.42160054668784
    }
  },
  "wall_seconds": 20.201710643945262,
  "speculative_decoding": {
    "enabled": true,
    "drafts": 10773.0,
    "draft_tokens": 53865.0,
    "accepted_tokens": 3344.0,
    "acceptance_rate": 0.062081128747795415,
    "mean_acceptance_length": 1.310405643738977,
    "acceptance_rate_per_position": {
      "0": 0.2512763389956372,
      "1": 0.049754014666295365,
      "2": 0.00807574491785018,
      "3": 0.001021071196509793,
      "4": 0.000278473962684489
    }
  }
}
