loadtest opb concurrency=1 requests=128
loadtest opb concurrency=8 requests=128
loadtest opb concurrency=32 requests=128
loadtest opb concurrency=128 requests=512
{
  "workload": "opb",
  "variant": "eagle-e1-k7",
  "levels": [
    {
      "concurrency": 1,
      "requests": 128,
      "success_rate": 1.0,
      "warmup_failed": 0,
      "output_tokens_per_second": 416.94754637799963,
      "ttft_p50_ms": 33.76000100251986,
      "ttft_p95_ms": 91.4381044512991,
      "tpot_p50_ms": 1.9560484023125708,
      "tpot_p95_ms": 3.6044054685909903,
      "e2e_p95_ms": 3027.8068063507812,
      "kv_cache_usage_mean": 0.0026722031073705315,
      "kv_cache_usage_max": 0.010178492403009276,
      "kv_cache_tokens_peak": 4416,
      "kv_cache_size_tokens": 433872,
      "running_max": 1.0,
      "waiting_max": 0.0,
      "preemptions": 0.0,
      "mean_acceptance_length": 4.190511843179962,
      "acceptance_rate": 0.455787406168566
    },
    {
      "concurrency": 8,
      "requests": 128,
      "success_rate": 1.0,
      "warmup_failed": 0,
      "output_tokens_per_second": 2657.711128832096,
      "ttft_p50_ms": 38.45674600233906,
      "ttft_p95_ms": 134.11609249960748,
      "tpot_p50_ms": 2.3632079932978196,
      "tpot_p95_ms": 4.5424289396452675,
      "e2e_p95_ms": 3432.7757428520267,
      "kv_cache_usage_mean": 0.018994013374637356,
      "kv_cache_usage_max": 0.041377784333972545,
      "kv_cache_tokens_peak": 17953,
      "kv_cache_size_tokens": 433872,
      "running_max": 8.0,
      "waiting_max": 0.0,
      "preemptions": 0.0,
      "mean_acceptance_length": 4.232024127767496,
      "acceptance_rate": 0.46171773253821374
    },
    {
      "concurrency": 32,
      "requests": 128,
      "success_rate": 1.0,
      "warmup_failed": 0,
      "output_tokens_per_second": 5276.933099152454,
      "ttft_p50_ms": 75.27067350019934,
      "ttft_p95_ms": 703.7815169500391,
      "tpot_p50_ms": 4.02822706942865,
      "tpot_p95_ms": 9.219466662891705,
      "e2e_p95_ms": 6044.350521496015,
      "kv_cache_usage_mean": 0.06148583861926537,
      "kv_cache_usage_max": 0.09370851157987903,
      "kv_cache_tokens_peak": 40657,
      "kv_cache_size_tokens": 433872,
      "running_max": 32.0,
      "waiting_max": 0.0,
      "preemptions": 0.0,
      "mean_acceptance_length": 4.198619841486745,
      "acceptance_rate": 0.45694569164096355
    },
    {
      "concurrency": 128,
      "requests": 512,
      "success_rate": 1.0,
      "warmup_failed": 0,
      "output_tokens_per_second": 7383.407598621708,
      "ttft_p50_ms": 218.37209400109714,
      "ttft_p95_ms": 1986.2759762563655,
      "tpot_p50_ms": 12.612759625297489,
      "tpot_p95_ms": 26.66813674991809,
      "e2e_p95_ms": 19060.48142549989,
      "kv_cache_usage_mean": 0.26657801341513154,
      "kv_cache_usage_max": 0.3557678123617053,
      "kv_cache_tokens_peak": 154358,
      "kv_cache_size_tokens": 433872,
      "running_max": 128.0,
      "waiting_max": 39.0,
      "preemptions": 0.0,
      "mean_acceptance_length": 4.207485955296006,
      "acceptance_rate": 0.45821227932800085
    }
  ]
}
