{
  "requests": {
    "attempted": 64,
    "successful": 64,
    "failed": 0,
    "success_rate": 1.0,
    "requests_per_second": 13.685392083228106
  },
  "tokens": {
    "prompt": 8953,
    "completion": 18498,
    "output_tokens_per_second": 3955.5059805555234,
    "total_tokens_per_second": 5869.964032448355
  },
  "latency_ms": {
    "e2e": {
      "count": 64,
      "mean": 553.6458874536265,
      "p50": 559.4259585050168,
      "p95": 866.017484199983,
      "p99": 904.60556225029
    },
    "ttft": {
      "count": 64,
      "mean": 43.94426714100064,
      "p50": 42.0062865014188,
      "p95": 64.51276439802314,
      "p99": 65.12136643381382
    },
    "tpot": {
      "count": 64,
      "mean": 1.788996301196928,
      "p50": 1.7527399654442928,
      "p95": 2.2433308873679856,
      "p99": 2.415227060658749
    },
    "stream_event_gap": {
      "count": 3017,
      "mean": 10.752766614522054,
      "p50": 10.085114998219069,
      "p95": 26.41717079823138,
      "p99": 28.43417687807233
    }
  },
  "wall_seconds": 4.676519284999813,
  "speculative_decoding": {
    "enabled": true,
    "drafts": 3031.0,
    "draft_tokens": 21217.0,
    "accepted_tokens": 15537.0,
    "acceptance_rate": 0.7322901446952915,
    "mean_acceptance_length": 6.126031012867041,
    "acceptance_rate_per_position": {
      "0": 0.9218079841636424,
      "1": 0.8449356647970967,
      "2": 0.7736720554272517,
      "3": 0.719894424282415,
      "4": 0.6684262619597493,
      "5": 0.6199274166941603,
      "6": 0.5773672055427251
    }
  },
  "warmup": {
    "requests": 8,
    "failed": 0
  }
}
