loadtest summarization concurrency=4 requests=128
loadtest summarization concurrency=32 requests=128
loadtest summarization concurrency=128 requests=512
loadtest summarization concurrency=256 requests=1024
loadtest summarization concurrency=512 requests=2048
{
  "workload": "summarization",
  "variant": "pd-3p1d-plain",
  "levels": [
    {
      "concurrency": 4,
      "requests": 128,
      "success_rate": 1.0,
      "warmup_failed": 0,
      "output_tokens_per_second": 546.2218312991047,
      "ttft_p50_ms": 165.9765390213579,
      "ttft_p95_ms": 229.74445149302483,
      "tpot_p50_ms": 6.418661867457921,
      "tpot_p95_ms": 6.645117260244319,
      "e2e_p95_ms": 2212.1865726949177,
      "kv_cache_usage_mean": 0.021476454685486146,
      "kv_cache_usage_max": 0.03047949870589839,
      "kv_cache_tokens_peak": 14320,
      "kv_cache_size_tokens": 469840,
      "running_max": 4.0,
      "waiting_max": 0.0,
      "preemptions": 0.0,
      "mean_acceptance_length": null,
      "acceptance_rate": null
    },
    {
      "concurrency": 32,
      "requests": 128,
      "success_rate": 1.0,
      "warmup_failed": 0,
      "output_tokens_per_second": 2090.7494439573443,
      "ttft_p50_ms": 217.58930600481108,
      "ttft_p95_ms": 1400.485654984368,
      "tpot_p50_ms": 11.388490105436999,
      "tpot_p95_ms": 14.326969450364512,
      "e2e_p95_ms": 4041.185155691345,
      "kv_cache_usage_mean": 0.14001838986514098,
      "kv_cache_usage_max": 0.21349271216455523,
      "kv_cache_tokens_peak": 100307,
      "kv_cache_size_tokens": 469840,
      "running_max": 32.0,
      "waiting_max": 3.0,
      "preemptions": 0.0,
      "mean_acceptance_length": null,
      "acceptance_rate": null
    },
    {
      "concurrency": 128,
      "requests": 512,
      "success_rate": 0.99609375,
      "warmup_failed": 0,
      "output_tokens_per_second": 2929.813688248999,
      "ttft_p50_ms": 499.8227200121619,
      "ttft_p95_ms": 4177.3576071544085,
      "tpot_p50_ms": 39.33042752361021,
      "tpot_p95_ms": 44.53609837625483,
      "e2e_p95_ms": 13500.604240357643,
      "kv_cache_usage_mean": 0.6407362398640656,
      "kv_cache_usage_max": 0.7901512055578259,
      "kv_cache_tokens_peak": 371245,
      "kv_cache_size_tokens": 469840,
      "running_max": 128.0,
      "waiting_max": 25.0,
      "preemptions": 0.0,
      "mean_acceptance_length": null,
      "acceptance_rate": null
    },
    {
      "concurrency": 256,
      "requests": 1024,
      "success_rate": 0.9970703125,
      "warmup_failed": 0,
      "output_tokens_per_second": 824.3423104285221,
      "ttft_p50_ms": 23772.715280065313,
      "ttft_p95_ms": 49339.691628934816,
      "tpot_p50_ms": 204.61656783400576,
      "tpot_p95_ms": 300.8708019289885,
      "e2e_p95_ms": 94624.49784204364,
      "kv_cache_usage_mean": 0.723227465642121,
      "kv_cache_usage_max": 0.9997956681651001,
      "kv_cache_tokens_peak": 469744,
      "kv_cache_size_tokens": 469840,
      "running_max": 168.0,
      "waiting_max": 243.0,
      "preemptions": 2519.0,
      "mean_acceptance_length": null,
      "acceptance_rate": null
    },
    {
      "concurrency": 512,
      "requests": 2048,
      "success_rate": 1.0,
      "warmup_failed": 0,
      "output_tokens_per_second": 813.9293275068806,
      "ttft_p50_ms": 90530.05260194186,
      "ttft_p95_ms": 111072.2649441217,
      "tpot_p50_ms": 196.2928634330633,
      "tpot_p95_ms": 288.4609774571965,
      "e2e_p95_ms": 164026.15552077186,
      "kv_cache_usage_mean": 0.726759472061527,
      "kv_cache_usage_max": 1.0,
      "kv_cache_tokens_peak": 469840,
      "kv_cache_size_tokens": 469840,
      "running_max": 167.0,
      "waiting_max": 499.0,
      "preemptions": 5030.0,
      "mean_acceptance_length": null,
      "acceptance_rate": null
    }
  ]
}
