{
  "requests": {
    "attempted": 64,
    "successful": 64,
    "failed": 0,
    "success_rate": 1.0,
    "requests_per_second": 1.007316825141127
  },
  "tokens": {
    "prompt": 36013,
    "completion": 11655,
    "output_tokens_per_second": 183.4418374534349,
    "total_tokens_per_second": 750.2621628254257
  },
  "latency_ms": {
    "e2e": {
      "count": 64,
      "mean": 992.4579357448238,
      "p50": 1210.9064104733989,
      "p95": 1511.522133962717,
      "p99": 1614.2229484091513
    },
    "ttft": {
      "count": 64,
      "mean": 37.148525636439444,
      "p50": 31.5593890263699,
      "p95": 52.88885036716236,
      "p99": 61.14050300093366
    },
    "tpot": {
      "count": 64,
      "mean": 5.171522198012956,
      "p50": 5.1524911072916435,
      "p95": 6.219094090831345,
      "p99": 6.475375172222241
    },
    "stream_event_gap": {
      "count": 8065,
      "mean": 7.5294690471955485,
      "p50": 7.560414960607886,
      "p95": 7.865002821199596,
      "p99": 8.095983155071735
    }
  },
  "wall_seconds": 63.53512460296042,
  "speculative_decoding": {
    "enabled": true,
    "drafts": 8079.0,
    "draft_tokens": 24237.0,
    "accepted_tokens": 3566.0,
    "acceptance_rate": 0.14713042043157157,
    "mean_acceptance_length": 1.4413912612947146,
    "acceptance_rate_per_position": {
      "0": 0.32330734001732886,
      "1": 0.09481371456863473,
      "2": 0.023270206708751084
    }
  }
}
{
  "requests": {
    "attempted": 64,
    "successful": 64,
    "failed": 0,
    "success_rate": 1.0,
    "requests_per_second": 6.389990909304756
  },
  "tokens": {
    "prompt": 36013,
    "completion": 11635,
    "output_tokens_per_second": 1161.680378590013,
    "total_tokens_per_second": 4757.34823197739
  },
  "latency_ms": {
    "e2e": {
      "count": 64,
      "mean": 1146.5420781223656,
      "p50": 1380.914946028497,
      "p95": 1744.914827781031,
      "p99": 1869.6015026152597
    },
    "ttft": {
      "count": 64,
      "mean": 59.70841739872412,
      "p50": 47.23404400283471,
      "p95": 156.8387980107218,
      "p99": 157.580017442815
    },
    "tpot": {
      "count": 64,
      "mean": 5.856947332518693,
      "p50": 5.961361676032531,
      "p95": 7.157319912129974,
      "p99": 7.340049191096334
    },
    "stream_event_gap": {
      "count": 8061,
      "mean": 8.59294141579321,
      "p50": 7.956415065564215,
      "p95": 13.317106058821082,
      "p99": 35.3141180472448
    }
  },
  "wall_seconds": 10.015663700993173,
  "speculative_decoding": {
    "enabled": true,
    "drafts": 8077.0,
    "draft_tokens": 24231.0,
    "accepted_tokens": 3550.0,
    "acceptance_rate": 0.14650654120754406,
    "mean_acceptance_length": 1.4395196236226322,
    "acceptance_rate_per_position": {
      "0": 0.32016837934876813,
      "1": 0.09595146712888449,
      "2": 0.02339977714497957
    }
  }
}
{
  "requests": {
    "attempted": 64,
    "successful": 64,
    "failed": 0,
    "success_rate": 1.0,
    "requests_per_second": 1.605952663002848
  },
  "tokens": {
    "prompt": 32336,
    "completion": 12562,
    "output_tokens_per_second": 315.2183961350278,
    "total_tokens_per_second": 1126.6259791172167
  },
  "latency_ms": {
    "e2e": {
      "count": 64,
      "mean": 622.4660363059229,
      "p50": 431.4016480348073,
      "p95": 1554.1246635140844,
      "p99": 1896.7740645876615
    },
    "ttft": {
      "count": 64,
      "mean": 35.83253674332809,
      "p50": 32.779070490505546,
      "p95": 45.108065858948976,
      "p99": 52.447782625677064
    },
    "tpot": {
      "count": 64,
      "mean": 2.8798122042082532,
      "p50": 2.837003624818003,
      "p95": 3.6415668214553776,
      "p99": 3.998308762349009
    },
    "stream_event_gap": {
      "count": 4962,
      "mean": 7.490849524791022,
      "p50": 7.556923956144601,
      "p95": 7.856835593702272,
      "p99": 8.09939373517409
    }
  },
  "wall_seconds": 39.851735032047145,
  "speculative_decoding": {
    "enabled": true,
    "drafts": 4980.0,
    "draft_tokens": 14940.0,
    "accepted_tokens": 7585.0,
    "acceptance_rate": 0.5076974564926372,
    "mean_acceptance_length": 2.5230923694779115,
    "acceptance_rate_per_position": {
      "0": 0.7012048192771084,
      "1": 0.4748995983935743,
      "2": 0.3469879518072289
    }
  }
}
{
  "requests": {
    "attempted": 64,
    "successful": 64,
    "failed": 0,
    "success_rate": 1.0,
    "requests_per_second": 8.720076564537832
  },
  "tokens": {
    "prompt": 32336,
    "completion": 12580,
    "output_tokens_per_second": 1714.0400497169676,
    "total_tokens_per_second": 6119.858733949707
  },
  "latency_ms": {
    "e2e": {
      "count": 64,
      "mean": 752.102415644913,
      "p50": 539.034181565512,
      "p95": 1933.3222896908396,
      "p99": 2100.6784906610847
    },
    "ttft": {
      "count": 64,
      "mean": 58.66306107236596,
      "p50": 47.989459009841084,
      "p95": 145.56557172327302,
      "p99": 146.71316470950842
    },
    "tpot": {
      "count": 64,
      "mean": 3.4439149536426696,
      "p50": 3.380132528104207,
      "p95": 4.29646476417464,
      "p99": 4.794844804466201
    },
    "stream_event_gap": {
      "count": 4994,
      "mean": 8.811808778211761,
      "p50": 7.922816963400692,
      "p95": 18.640824296744526,
      "p99": 31.15905007929541
    }
  },
  "wall_seconds": 7.339385099010542,
  "speculative_decoding": {
    "enabled": true,
    "drafts": 5011.0,
    "draft_tokens": 15033.0,
    "accepted_tokens": 7569.0,
    "acceptance_rate": 0.5034923169028138,
    "mean_acceptance_length": 2.5104769507084415,
    "acceptance_rate_per_position": {
      "0": 0.6958690880063859,
      "1": 0.4717621233286769,
      "2": 0.3428457393733786
    }
  }
}
{
  "requests": {
    "attempted": 64,
    "successful": 64,
    "failed": 0,
    "success_rate": 1.0,
    "requests_per_second": 0.837077547545622
  },
  "tokens": {
    "prompt": 175660,
    "completion": 14259,
    "output_tokens_per_second": 186.4982617258285,
    "total_tokens_per_second": 2484.014543004953
  },
  "latency_ms": {
    "e2e": {
      "count": 64,
      "mean": 1194.3407791313803,
      "p50": 1191.2233179900795,
      "p95": 1750.3220356244124,
      "p99": 2558.5450508305785
    },
    "ttft": {
      "count": 64,
      "mean": 97.45455874144682,
      "p50": 97.39665355300531,
      "p95": 119.59902869421056,
      "p99": 128.80847233347595
    },
    "tpot": {
      "count": 64,
      "mean": 4.911758031888344,
      "p50": 4.889910515588076,
      "p95": 5.5679802634972875,
      "p99": 6.000352363029096
    },
    "stream_event_gap": {
      "count": 9126,
      "mean": 7.64537656083207,
      "p50": 7.650712970644236,
      "p95": 8.062428183620796,
      "p99": 8.346324000740424
    }
  },
  "wall_seconds": 76.45647668803576,
  "speculative_decoding": {
    "enabled": true,
    "drafts": 9139.0,
    "draft_tokens": 27417.0,
    "accepted_tokens": 5127.0,
    "acceptance_rate": 0.18700076594813436,
    "mean_acceptance_length": 1.5610022978444031,
    "acceptance_rate_per_position": {
      "0": 0.3912900755006018,
      "1": 0.13196192143560564,
      "2": 0.037750300908195644
    }
  }
}
{
  "requests": {
    "attempted": 64,
    "successful": 64,
    "failed": 0,
    "success_rate": 1.0,
    "requests_per_second": 3.9379828372479904
  },
  "tokens": {
    "prompt": 175660,
    "completion": 14109,
    "output_tokens_per_second": 868.1406226676859,
    "total_tokens_per_second": 11676.67289127678
  },
  "latency_ms": {
    "e2e": {
      "count": 64,
      "mean": 1897.914142555237,
      "p50": 1799.1880129557103,
      "p95": 2663.710487278877,
      "p99": 3754.2493879795056
    },
    "ttft": {
      "count": 64,
      "mean": 172.8323435090715,
      "p50": 117.01746954349801,
      "p95": 631.3035916769877,
      "p99": 776.4082099648658
    },
    "tpot": {
      "count": 64,
      "mean": 7.95884251662732,
      "p50": 7.940000620018058,
      "p95": 9.787209905698921,
      "p99": 10.341788417359263
    },
    "stream_event_gap": {
      "count": 9043,
      "mean": 12.16464727334742,
      "p50": 8.925089030526578,
      "p95": 30.787909228820354,
      "p99": 75.77515649609268
    }
  },
  "wall_seconds": 16.25197535008192,
  "speculative_decoding": {
    "enabled": true,
    "drafts": 9057.0,
    "draft_tokens": 27171.0,
    "accepted_tokens": 5068.0,
    "acceptance_rate": 0.18652239520076552,
    "mean_acceptance_length": 1.5595671856022966,
    "acceptance_rate_per_position": {
      "0": 0.3877663685547091,
      "1": 0.13459202826543004,
      "2": 0.03720878878215745
    }
  }
}
