{
  "requests": {
    "attempted": 64,
    "successful": 64,
    "failed": 0,
    "success_rate": 1.0,
    "requests_per_second": 0.9253003989741798
  },
  "tokens": {
    "prompt": 36013,
    "completion": 11655,
    "output_tokens_per_second": 168.50587734443852,
    "total_tokens_per_second": 689.1753034109563
  },
  "latency_ms": {
    "e2e": {
      "count": 64,
      "mean": 1080.575035453876,
      "p50": 1286.1038250266574,
      "p95": 1526.6435162862763,
      "p99": 1542.208548237104
    },
    "ttft": {
      "count": 64,
      "mean": 32.55021536097047,
      "p50": 30.90469096787274,
      "p95": 47.904701146762804,
      "p99": 56.47656122921035
    },
    "tpot": {
      "count": 64,
      "mean": 5.785195347449817,
      "p50": 5.781986045299144,
      "p95": 5.823887169544557,
      "p99": 5.829253971115198
    },
    "stream_event_gap": {
      "count": 11554,
      "mean": 5.766325361537171,
      "p50": 5.77512348536402,
      "p95": 5.983211495913565,
      "p99": 6.1080192716326565
    }
  },
  "wall_seconds": 69.16672690398991,
  "speculative_decoding": {
    "enabled": false
  }
}
{
  "requests": {
    "attempted": 64,
    "successful": 64,
    "failed": 0,
    "success_rate": 1.0,
    "requests_per_second": 5.859510960955117
  },
  "tokens": {
    "prompt": 36013,
    "completion": 11831,
    "output_tokens_per_second": 1083.1855340478123,
    "total_tokens_per_second": 4380.35066274901
  },
  "latency_ms": {
    "e2e": {
      "count": 64,
      "mean": 1266.5378442325164,
      "p50": 1546.3009920204058,
      "p95": 1814.1900979855563,
      "p99": 1820.1718375156634
    },
    "ttft": {
      "count": 64,
      "mean": 50.7053975816234,
      "p50": 40.335393976420164,
      "p95": 141.7808294587303,
      "p99": 142.6462355547119
    },
    "tpot": {
      "count": 64,
      "mean": 6.600097861833067,
      "p50": 6.5601237472055445,
      "p95": 6.952274435415875,
      "p99": 7.7986044328158295
    },
    "stream_event_gap": {
      "count": 11733,
      "mean": 6.595662089450804,
      "p50": 6.1347129521891475,
      "p95": 9.184566023759542,
      "p99": 27.221274096518755
    }
  },
  "wall_seconds": 10.922413222957402,
  "speculative_decoding": {
    "enabled": false
  }
}
{
  "requests": {
    "attempted": 64,
    "successful": 64,
    "failed": 0,
    "success_rate": 1.0,
    "requests_per_second": 0.8604123370481984
  },
  "tokens": {
    "prompt": 32336,
    "completion": 12562,
    "output_tokens_per_second": 168.8828090312417,
    "total_tokens_per_second": 603.6061423248439
  },
  "latency_ms": {
    "e2e": {
      "count": 64,
      "mean": 1162.0797902560298,
      "p50": 837.0446979533881,
      "p95": 2981.87904060469,
      "p99": 2997.2994453902356
    },
    "ttft": {
      "count": 64,
      "mean": 31.979089910237235,
      "p50": 29.071889526676387,
      "p95": 42.49852733919397,
      "p99": 49.72750803572126
    },
    "tpot": {
      "count": 64,
      "mean": 5.793226295850142,
      "p50": 5.786589817852464,
      "p95": 5.840074861914561,
      "p99": 5.860012325246052
    },
    "stream_event_gap": {
      "count": 12441,
      "mean": 5.765715252129561,
      "p50": 5.774627905339003,
      "p95": 5.982590024359524,
      "p99": 6.075860606506467
    }
  },
  "wall_seconds": 74.38294088107068,
  "speculative_decoding": {
    "enabled": false
  }
}
{
  "requests": {
    "attempted": 64,
    "successful": 64,
    "failed": 0,
    "success_rate": 1.0,
    "requests_per_second": 5.185614960864151
  },
  "tokens": {
    "prompt": 32336,
    "completion": 12527,
    "output_tokens_per_second": 1015.0031033553942,
    "total_tokens_per_second": 3635.0350623320064
  },
  "latency_ms": {
    "e2e": {
      "count": 64,
      "mean": 1329.0965159558255,
      "p50": 987.5774779357016,
      "p95": 3459.6232817159034,
      "p99": 3514.6974665671587
    },
    "ttft": {
      "count": 64,
      "mean": 51.09971174533712,
      "p50": 39.26190949277952,
      "p95": 152.70283998106606,
      "p99": 153.878333728062
    },
    "tpot": {
      "count": 64,
      "mean": 6.555982856609927,
      "p50": 6.594055825483599,
      "p95": 6.852237299232301,
      "p99": 7.024161420419121
    },
    "stream_event_gap": {
      "count": 12406,
      "mean": 6.544100554241746,
      "p50": 6.130457448307425,
      "p95": 6.82388199493289,
      "p99": 27.79879468143918
    }
  },
  "wall_seconds": 12.341834186110646,
  "speculative_decoding": {
    "enabled": false
  }
}
{
  "requests": {
    "attempted": 64,
    "successful": 64,
    "failed": 0,
    "success_rate": 1.0,
    "requests_per_second": 0.718273870751216
  },
  "tokens": {
    "prompt": 175660,
    "completion": 14275,
    "output_tokens_per_second": 160.2087422652126,
    "total_tokens_per_second": 2131.6460568926905
  },
  "latency_ms": {
    "e2e": {
      "count": 64,
      "mean": 1392.0596628231579,
      "p50": 1370.9538980037905,
      "p95": 1956.456182705005,
      "p99": 2769.5663426362435
    },
    "ttft": {
      "count": 64,
      "mean": 91.28824466097285,
      "p50": 89.45224352646619,
      "p95": 112.7448624698445,
      "p99": 119.08310912898742
    },
    "tpot": {
      "count": 64,
      "mean": 5.859489039323382,
      "p50": 5.859503271531377,
      "p95": 5.88120648218373,
      "p99": 5.893196233168162
    },
    "stream_event_gap": {
      "count": 14147,
      "mean": 5.837976183096343,
      "p50": 5.85305702406913,
      "p95": 6.071207812055945,
      "p99": 6.340418627951292
    }
  },
  "wall_seconds": 89.10250338504557,
  "speculative_decoding": {
    "enabled": false
  }
}
{
  "requests": {
    "attempted": 64,
    "successful": 64,
    "failed": 0,
    "success_rate": 1.0,
    "requests_per_second": 3.5576598364399414
  },
  "tokens": {
    "prompt": 175660,
    "completion": 13844,
    "output_tokens_per_second": 769.5662933699149,
    "total_tokens_per_second": 10534.230775698667
  },
  "latency_ms": {
    "e2e": {
      "count": 64,
      "mean": 2094.89028254211,
      "p50": 2027.9766075545922,
      "p95": 2810.8146058395505,
      "p99": 3008.271568025229
    },
    "ttft": {
      "count": 64,
      "mean": 157.44209812146437,
      "p50": 105.57821695692837,
      "p95": 596.0334563627839,
      "p99": 726.0944749275222
    },
    "tpot": {
      "count": 64,
      "mean": 9.12249212427969,
      "p50": 9.115038933254901,
      "p95": 11.086255500833602,
      "p99": 11.566945837615727
    },
    "stream_event_gap": {
      "count": 13716,
      "mean": 8.989673085888189,
      "p50": 7.02204299159348,
      "p95": 27.149873261805624,
      "p99": 66.75910205231051
    }
  },
  "wall_seconds": 17.98935337900184,
  "speculative_decoding": {
    "enabled": false
  }
}
