{
  "requests": {
    "attempted": 128,
    "successful": 128,
    "failed": 0,
    "success_rate": 1.0,
    "requests_per_second": 0.992932641249248
  },
  "tokens": {
    "prompt": 80604,
    "completion": 24278,
    "output_tokens_per_second": 188.3313958144472,
    "total_tokens_per_second": 813.5996974961221
  },
  "latency_ms": {
    "e2e": {
      "count": 128,
      "mean": 1007.05682633577,
      "p50": 1236.0584669950185,
      "p95": 1524.6137507441742,
      "p99": 1667.4248238129076
    },
    "ttft": {
      "count": 128,
      "mean": 37.49316706284844,
      "p50": 39.99936499167234,
      "p95": 51.62015629321104,
      "p99": 57.282188709505135
    },
    "tpot": {
      "count": 128,
      "mean": 5.097682716374597,
      "p50": 5.078414247077935,
      "p95": 6.20537889732719,
      "p99": 6.605127190602255
    },
    "stream_event_gap": {
      "count": 16357,
      "mean": 7.573732939051294,
      "p50": 7.593130998429842,
      "p95": 7.760332402540371,
      "p99": 7.98220643424429
    }
  },
  "wall_seconds": 128.91106071299873,
  "speculative_decoding": {
    "enabled": true,
    "drafts": 16400.0,
    "draft_tokens": 49200.0,
    "accepted_tokens": 7842.0,
    "acceptance_rate": 0.15939024390243903,
    "mean_acceptance_length": 1.478170731707317,
    "acceptance_rate_per_position": {
      "0": 0.34603658536585363,
      "1": 0.10329268292682926,
      "2": 0.028841463414634148
    }
  }
}
{
  "requests": {
    "attempted": 128,
    "successful": 128,
    "failed": 0,
    "success_rate": 1.0,
    "requests_per_second": 6.538065551229396
  },
  "tokens": {
    "prompt": 80604,
    "completion": 24528,
    "output_tokens_per_second": 1252.856811254333,
    "total_tokens_per_second": 5369.999277592569
  },
  "latency_ms": {
    "e2e": {
      "count": 128,
      "mean": 1184.5063302105245,
      "p50": 1443.7071579959593,
      "p95": 1770.0849141954675,
      "p99": 1927.0175957262109
    },
    "ttft": {
      "count": 128,
      "mean": 49.21621883534044,
      "p50": 42.76591549569275,
      "p95": 126.018218047829,
      "p99": 150.67978259379743
    },
    "tpot": {
      "count": 128,
      "mean": 5.98803568491991,
      "p50": 5.917392929390475,
      "p95": 7.736950802354295,
      "p99": 8.631416612487008
    },
    "stream_event_gap": {
      "count": 16488,
      "mean": 8.796536242057302,
      "p50": 7.995214000402484,
      "p95": 17.61409695391194,
      "p99": 32.19294499125681
    }
  },
  "wall_seconds": 19.57765626499895,
  "speculative_decoding": {
    "enabled": true,
    "drafts": 16534.0,
    "draft_tokens": 49602.0,
    "accepted_tokens": 7953.0,
    "acceptance_rate": 0.16033627676303375,
    "mean_acceptance_length": 1.4810088302891011,
    "acceptance_rate_per_position": {
      "0": 0.34540945929599615,
      "1": 0.10650780210475384,
      "2": 0.029091568888351276
    }
  }
}
{
  "requests": {
    "attempted": 128,
    "successful": 128,
    "failed": 0,
    "success_rate": 1.0,
    "requests_per_second": 1.6236278437702818
  },
  "tokens": {
    "prompt": 64445,
    "completion": 25841,
    "output_tokens_per_second": 327.7825555536551,
    "total_tokens_per_second": 1145.2411211144035
  },
  "latency_ms": {
    "e2e": {
      "count": 128,
      "mean": 615.8466462886736,
      "p50": 498.25538599543506,
      "p95": 1442.7887508973067,
      "p99": 1580.0370043324076
    },
    "ttft": {
      "count": 128,
      "mean": 38.34285274206195,
      "p50": 32.86087600281462,
      "p95": 48.159269391180715,
      "p99": 56.32314498594498
    },
    "tpot": {
      "count": 128,
      "mean": 2.806097841171278,
      "p50": 2.7613983463583964,
      "p95": 3.645929849614885,
      "p99": 4.0186753065445515
    },
    "stream_event_gap": {
      "count": 9762,
      "mean": 7.5455188776896,
      "p50": 7.6070505019742996,
      "p95": 7.8052152472082525,
      "p99": 8.022995079227256
    }
  },
  "wall_seconds": 78.83580002099916,
  "speculative_decoding": {
    "enabled": true,
    "drafts": 9787.0,
    "draft_tokens": 29361.0,
    "accepted_tokens": 16087.0,
    "acceptance_rate": 0.5479036817547086,
    "mean_acceptance_length": 2.643711045264126,
    "acceptance_rate_per_position": {
      "0": 0.735771942372535,
      "1": 0.522938592009809,
      "2": 0.38500051088178194
    }
  }
}
{
  "requests": {
    "attempted": 128,
    "successful": 128,
    "failed": 0,
    "success_rate": 1.0,
    "requests_per_second": 10.206555099830203
  },
  "tokens": {
    "prompt": 64445,
    "completion": 25942,
    "output_tokens_per_second": 2068.5816593733994,
    "total_tokens_per_second": 7207.342936002755
  },
  "latency_ms": {
    "e2e": {
      "count": 128,
      "mean": 732.6485853208169,
      "p50": 572.4180629986222,
      "p95": 1720.4795995014133,
      "p99": 1852.3709082572898
    },
    "ttft": {
      "count": 128,
      "mean": 46.42253820327369,
      "p50": 42.34176900354214,
      "p95": 114.23982794658454,
      "p99": 140.03840392717393
    },
    "tpot": {
      "count": 128,
      "mean": 3.350037737005405,
      "p50": 3.263106293356732,
      "p95": 4.211923257288408,
      "p99": 4.958257512127602
    },
    "stream_event_gap": {
      "count": 9771,
      "mean": 8.959628232929038,
      "p50": 7.961598996189423,
      "p95": 18.553065507148858,
      "p99": 30.76678839570377
    }
  },
  "wall_seconds": 12.540960073994938,
  "speculative_decoding": {
    "enabled": true,
    "drafts": 9799.0,
    "draft_tokens": 29397.0,
    "accepted_tokens": 16180.0,
    "acceptance_rate": 0.5503962989420689,
    "mean_acceptance_length": 2.6511888968262065,
    "acceptance_rate_per_position": {
      "0": 0.7384426982345137,
      "1": 0.5254617818144709,
      "2": 0.38728441677722214
    }
  }
}
{
  "requests": {
    "attempted": 128,
    "successful": 128,
    "failed": 0,
    "success_rate": 1.0,
    "requests_per_second": 0.8584373691967708
  },
  "tokens": {
    "prompt": 350987,
    "completion": 27933,
    "output_tokens_per_second": 187.3338362013547,
    "total_tokens_per_second": 2541.242874500316
  },
  "latency_ms": {
    "e2e": {
      "count": 128,
      "mean": 1164.8328693895564,
      "p50": 1088.595068998984,
      "p95": 1862.363150499732,
      "p99": 2433.046551674199
    },
    "ttft": {
      "count": 128,
      "mean": 91.68748693605266,
      "p50": 88.45427900087088,
      "p95": 127.3775241948897,
      "p99": 136.90464828250697
    },
    "tpot": {
      "count": 128,
      "mean": 4.927495841543213,
      "p50": 4.878575884397919,
      "p95": 5.744502436083257,
      "p99": 6.032030105916552
    },
    "stream_event_gap": {
      "count": 17829,
      "mean": 7.68931361534817,
      "p50": 7.678504000068642,
      "p95": 7.994673200300893,
      "p99": 8.385665077366866
    }
  },
  "wall_seconds": 149.10814066699822,
  "speculative_decoding": {
    "enabled": true,
    "drafts": 17855.0,
    "draft_tokens": 53565.0,
    "accepted_tokens": 10100.0,
    "acceptance_rate": 0.18855596004853917,
    "mean_acceptance_length": 1.5656678801456174,
    "acceptance_rate_per_position": {
      "0": 0.3933352002240269,
      "1": 0.13632035844301316,
      "2": 0.03601232147857743
    }
  }
}
{
  "requests": {
    "attempted": 128,
    "successful": 128,
    "failed": 0,
    "success_rate": 1.0,
    "requests_per_second": 4.119671537340403
  },
  "tokens": {
    "prompt": 350987,
    "completion": 27728,
    "output_tokens_per_second": 892.4238467763648,
    "total_tokens_per_second": 12188.91723643649
  },
  "latency_ms": {
    "e2e": {
      "count": 128,
      "mean": 1867.7600752414492,
      "p50": 1811.9501885012141,
      "p95": 2677.6669342048976,
      "p99": 4066.9566676234576
    },
    "ttft": {
      "count": 128,
      "mean": 143.25961980432567,
      "p50": 111.07178800011752,
      "p95": 323.9412730945331,
      "p99": 585.7598138762114
    },
    "tpot": {
      "count": 128,
      "mean": 8.115111180397019,
      "p50": 8.15723391315776,
      "p95": 10.216995123205763,
      "p99": 11.18140553913298
    },
    "stream_event_gap": {
      "count": 17787,
      "mean": 12.380639834657828,
      "p50": 8.91040101123508,
      "p95": 37.32806080079173,
      "p99": 78.24286742863478
    }
  },
  "wall_seconds": 31.070438223003293,
  "speculative_decoding": {
    "enabled": true,
    "drafts": 17809.0,
    "draft_tokens": 53427.0,
    "accepted_tokens": 9942.0,
    "acceptance_rate": 0.18608568701218486,
    "mean_acceptance_length": 1.5582570610365547,
    "acceptance_rate_per_position": {
      "0": 0.3882306698860127,
      "1": 0.13453871637935874,
      "2": 0.03548767477118311
    }
  }
}
