{
  "requests": {
    "attempted": 32,
    "successful": 32,
    "failed": 0,
    "success_rate": 1.0,
    "requests_per_second": 0.6182689471269177
  },
  "tokens": {
    "prompt": 22275,
    "completion": 8192,
    "output_tokens_per_second": 158.27685046449093,
    "total_tokens_per_second": 588.6500003786189
  },
  "latency_ms": {
    "e2e": {
      "count": 32,
      "mean": 1617.114738408418,
      "p50": 1617.271642491687,
      "p95": 1720.5997319775634,
      "p99": 1730.36863792222
    },
    "ttft": {
      "count": 32,
      "mean": 44.01966974910465,
      "p50": 41.10781045164913,
      "p95": 55.920110404258594,
      "p99": 61.0790585516952
    },
    "tpot": {
      "count": 32,
      "mean": 6.169000269252209,
      "p50": 6.180127664679187,
      "p95": 6.562801235282392,
      "p99": 6.592500126738028
    },
    "stream_event_gap": {
      "count": 6599,
      "mean": 7.603908621905487,
      "p50": 7.589448010548949,
      "p95": 7.836580811999738,
      "p99": 8.055558567866678
    }
  },
  "wall_seconds": 51.75741099193692,
  "speculative_decoding": {
    "enabled": true,
    "drafts": 6630.0,
    "draft_tokens": 19890.0,
    "accepted_tokens": 1536.0,
    "acceptance_rate": 0.07722473604826546,
    "mean_acceptance_length": 1.2316742081447964,
    "acceptance_rate_per_position": {
      "0": 0.17119155354449472,
      "1": 0.047812971342383104,
      "2": 0.012669683257918552
    }
  }
}
{
  "requests": {
    "attempted": 4,
    "successful": 4,
    "failed": 0,
    "success_rate": 1.0,
    "requests_per_second": 0.5570208798227966
  },
  "tokens": {
    "prompt": 2160,
    "completion": 1024,
    "output_tokens_per_second": 142.59734523463592,
    "total_tokens_per_second": 443.3886203389461
  },
  "latency_ms": {
    "e2e": {
      "count": 4,
      "mean": 1794.935457262909,
      "p50": 1796.4310095412657,
      "p95": 1898.1108697364107,
      "p99": 1912.2144754836336
    },
    "ttft": {
      "count": 4,
      "mean": 79.27623475552537,
      "p50": 78.51404300890863,
      "p95": 82.30850457912311,
      "p99": 82.76353773428127
    },
    "tpot": {
      "count": 4,
      "mean": 6.728075382381896,
      "p50": 6.729494098245221,
      "p95": 7.138298198092254,
      "p99": 7.195630839427786
    },
    "stream_event_gap": {
      "count": 804,
      "mean": 8.515506824542216,
      "p50": 8.28907999675721,
      "p95": 9.358842775691297,
      "p99": 13.209525214042516
    }
  },
  "wall_seconds": 7.18105935503263,
  "speculative_decoding": {
    "enabled": false
  }
}
