{
  "requests": {
    "attempted": 128,
    "successful": 128,
    "failed": 0,
    "success_rate": 1.0,
    "requests_per_second": 1.0489426345531985
  },
  "tokens": {
    "prompt": 80604,
    "completion": 24278,
    "output_tokens_per_second": 198.95491626314492,
    "total_tokens_per_second": 859.4937609156918
  },
  "latency_ms": {
    "e2e": {
      "count": 128,
      "mean": 953.2376971332042,
      "p50": 1178.1966679991456,
      "p95": 1424.6293841992156,
      "p99": 1537.7057972353941
    },
    "ttft": {
      "count": 128,
      "mean": 40.201055930083385,
      "p50": 42.99168849684065,
      "p95": 55.06220189927262,
      "p99": 62.64121087064269
    },
    "tpot": {
      "count": 128,
      "mean": 4.80135990721031,
      "p50": 4.798038215684595,
      "p95": 5.75018298740307,
      "p99": 6.121676263598182
    },
    "stream_event_gap": {
      "count": 16658,
      "mean": 7.000917861026571,
      "p50": 7.0117880022735335,
      "p95": 7.286390200897585,
      "p99": 7.536962930316806
    }
  },
  "wall_seconds": 122.0276455389976,
  "speculative_decoding": {
    "enabled": true,
    "drafts": 16703.0,
    "draft_tokens": 33406.0,
    "accepted_tokens": 7521.0,
    "acceptance_rate": 0.22513919655151768,
    "mean_acceptance_length": 1.4502783931030354,
    "acceptance_rate_per_position": {
      "0": 0.3462252290007783,
      "1": 0.10405316410225708
    }
  }
}
{
  "requests": {
    "attempted": 128,
    "successful": 128,
    "failed": 0,
    "success_rate": 1.0,
    "requests_per_second": 6.848149878217807
  },
  "tokens": {
    "prompt": 80604,
    "completion": 24303,
    "output_tokens_per_second": 1300.2389569556826,
    "total_tokens_per_second": 5612.647338079652
  },
  "latency_ms": {
    "e2e": {
      "count": 128,
      "mean": 1126.1292169372155,
      "p50": 1392.73172999674,
      "p95": 1691.3009192066963,
      "p99": 1835.486475151556
    },
    "ttft": {
      "count": 128,
      "mean": 49.020599390701136,
      "p50": 41.715959494467825,
      "p95": 124.82036785295321,
      "p99": 137.56220211740583
    },
    "tpot": {
      "count": 128,
      "mean": 5.662427959890558,
      "p50": 5.639636780388708,
      "p95": 7.029560776474519,
      "p99": 7.544333701660722
    },
    "stream_event_gap": {
      "count": 16691,
      "mean": 8.242423898568594,
      "p50": 7.417392000206746,
      "p95": 16.838541996548884,
      "p99": 30.556452092423537
    }
  },
  "wall_seconds": 18.691179702000227,
  "speculative_decoding": {
    "enabled": true,
    "drafts": 16743.0,
    "draft_tokens": 33486.0,
    "accepted_tokens": 7507.0,
    "acceptance_rate": 0.22418324075733143,
    "mean_acceptance_length": 1.4483664815146629,
    "acceptance_rate_per_position": {
      "0": 0.34366600967568534,
      "1": 0.10470047183897749
    }
  }
}
{
  "requests": {
    "attempted": 128,
    "successful": 128,
    "failed": 0,
    "success_rate": 1.0,
    "requests_per_second": 1.5432151512044063
  },
  "tokens": {
    "prompt": 64445,
    "completion": 25841,
    "output_tokens_per_second": 311.54861501775827,
    "total_tokens_per_second": 1088.5212745440706
  },
  "latency_ms": {
    "e2e": {
      "count": 128,
      "mean": 647.8937214848202,
      "p50": 506.97916650096886,
      "p95": 1478.750755751389,
      "p99": 1648.7018039400575
    },
    "ttft": {
      "count": 128,
      "mean": 33.29103228895747,
      "p50": 28.488888499850873,
      "p95": 42.39897765219211,
      "p99": 52.26605309697336
    },
    "tpot": {
      "count": 128,
      "mean": 3.003585949673096,
      "p50": 2.9679079610083914,
      "p95": 3.5689243612061854,
      "p99": 3.863186225754908
    },
    "stream_event_gap": {
      "count": 11251,
      "mean": 6.961663059558273,
      "p50": 7.001534002483822,
      "p95": 7.216710495413281,
      "p99": 7.384049502434209
    }
  },
  "wall_seconds": 82.94371649999812,
  "speculative_decoding": {
    "enabled": true,
    "drafts": 11285.0,
    "draft_tokens": 22570.0,
    "accepted_tokens": 14530.0,
    "acceptance_rate": 0.643774922463447,
    "mean_acceptance_length": 2.287549844926894,
    "acceptance_rate_per_position": {
      "0": 0.7474523704031901,
      "1": 0.540097474523704
    }
  }
}
{
  "requests": {
    "attempted": 128,
    "successful": 128,
    "failed": 0,
    "success_rate": 1.0,
    "requests_per_second": 9.531957614230368
  },
  "tokens": {
    "prompt": 64445,
    "completion": 25809,
    "output_tokens_per_second": 1921.955422388059,
    "total_tokens_per_second": 6721.0726758964665
  },
  "latency_ms": {
    "e2e": {
      "count": 128,
      "mean": 778.2098324291837,
      "p50": 607.3000574979233,
      "p95": 1825.4764096061986,
      "p99": 1877.7756988670444
    },
    "ttft": {
      "count": 128,
      "mean": 45.87055803108342,
      "p50": 40.28878699318739,
      "p95": 123.68999410537035,
      "p99": 140.10864168405533
    },
    "tpot": {
      "count": 128,
      "mean": 3.5842028691160337,
      "p50": 3.5096842339101832,
      "p95": 4.288263178980793,
      "p99": 4.571743732780096
    },
    "stream_event_gap": {
      "count": 11239,
      "mean": 8.305596676567847,
      "p50": 7.352243992500007,
      "p95": 17.653865006286654,
      "p99": 30.163251525373205
    }
  },
  "wall_seconds": 13.428511243997491,
  "speculative_decoding": {
    "enabled": true,
    "drafts": 11278.0,
    "draft_tokens": 22556.0,
    "accepted_tokens": 14515.0,
    "acceptance_rate": 0.6435094874977833,
    "mean_acceptance_length": 2.2870189749955667,
    "acceptance_rate_per_position": {
      "0": 0.7464089377549211,
      "1": 0.5406100372406455
    }
  }
}
{
  "requests": {
    "attempted": 128,
    "successful": 128,
    "failed": 0,
    "success_rate": 1.0,
    "requests_per_second": 0.9053744539561701
  },
  "tokens": {
    "prompt": 350987,
    "completion": 27933,
    "output_tokens_per_second": 197.57675486216954,
    "total_tokens_per_second": 2680.1913132271247
  },
  "latency_ms": {
    "e2e": {
      "count": 128,
      "mean": 1104.4094349140323,
      "p50": 1038.5748214976047,
      "p95": 1731.6149992475403,
      "p99": 2304.345726225003
    },
    "ttft": {
      "count": 128,
      "mean": 91.44037987550746,
      "p50": 86.99761699972441,
      "p95": 126.89473755599465,
      "p99": 134.90892175817862
    },
    "tpot": {
      "count": 128,
      "mean": 4.6547319977130694,
      "p50": 4.636246441605833,
      "p95": 5.33187538969514,
      "p99": 5.607326016324099
    },
    "stream_event_gap": {
      "count": 18205,
      "mean": 7.106108255207332,
      "p50": 7.095163004123606,
      "p95": 7.370847594575025,
      "p99": 7.739887051284312
    }
  },
  "wall_seconds": 141.37796736000746,
  "speculative_decoding": {
    "enabled": true,
    "drafts": 18234.0,
    "draft_tokens": 36468.0,
    "accepted_tokens": 9679.0,
    "acceptance_rate": 0.26541077108698036,
    "mean_acceptance_length": 1.5308215421739608,
    "acceptance_rate_per_position": {
      "0": 0.3930569266205989,
      "1": 0.13776461555336186
    }
  }
}
{
  "requests": {
    "attempted": 128,
    "successful": 128,
    "failed": 0,
    "success_rate": 1.0,
    "requests_per_second": 4.19750089060619
  },
  "tokens": {
    "prompt": 350987,
    "completion": 27676,
    "output_tokens_per_second": 907.5783956907572,
    "total_tokens_per_second": 12417.486560465719
  },
  "latency_ms": {
    "e2e": {
      "count": 128,
      "mean": 1810.3805072352088,
      "p50": 1724.8009714967338,
      "p95": 2484.774231649498,
      "p99": 3364.5641742880994
    },
    "ttft": {
      "count": 128,
      "mean": 141.93269521149432,
      "p50": 109.87074500735616,
      "p95": 330.63298494307674,
      "p99": 581.4482452311495
    },
    "tpot": {
      "count": 128,
      "mean": 7.877416280552093,
      "p50": 7.884884112153073,
      "p95": 9.799804173424532,
      "p99": 10.078897030411184
    },
    "stream_event_gap": {
      "count": 18033,
      "mean": 11.826333453444093,
      "p50": 8.288853001431562,
      "p95": 31.056651394463266,
      "p99": 75.48937655927148
    }
  },
  "wall_seconds": 30.49433540001337,
  "speculative_decoding": {
    "enabled": true,
    "drafts": 18065.0,
    "draft_tokens": 36130.0,
    "accepted_tokens": 9595.0,
    "acceptance_rate": 0.2655687794076944,
    "mean_acceptance_length": 1.5311375588153888,
    "acceptance_rate_per_position": {
      "0": 0.39130916136174926,
      "1": 0.13982839745363965
    }
  }
}
