{
  "requests": {
    "attempted": 64,
    "successful": 64,
    "failed": 0,
    "success_rate": 1.0,
    "requests_per_second": 1.055603814585676
  },
  "tokens": {
    "prompt": 36013,
    "completion": 11666,
    "output_tokens_per_second": 192.41678282744527,
    "total_tokens_per_second": 786.4083480567258
  },
  "latency_ms": {
    "e2e": {
      "count": 64,
      "mean": 947.0502921285515,
      "p50": 1157.5515050208196,
      "p95": 1447.3140959860755,
      "p99": 1521.6567442764062
    },
    "ttft": {
      "count": 64,
      "mean": 40.363302890909836,
      "p50": 42.518943489994854,
      "p95": 57.59376756614074,
      "p99": 66.1274840310216
    },
    "tpot": {
      "count": 64,
      "mean": 4.9099044742657325,
      "p50": 4.9355378050349845,
      "p95": 5.882002755260425,
      "p99": 6.000161808489236
    },
    "stream_event_gap": {
      "count": 8199,
      "mean": 7.023682109215313,
      "p50": 7.060986943542957,
      "p95": 7.397697004489601,
      "p99": 7.630066501442342
    }
  },
  "wall_seconds": 60.62880705401767,
  "speculative_decoding": {
    "enabled": true,
    "drafts": 8214.0,
    "draft_tokens": 16428.0,
    "accepted_tokens": 3424.0,
    "acceptance_rate": 0.2084246408570733,
    "mean_acceptance_length": 1.4168492817141467,
    "acceptance_rate_per_position": {
      "0": 0.32225468711955196,
      "1": 0.0945945945945946
    }
  }
}
{
  "requests": {
    "attempted": 64,
    "successful": 64,
    "failed": 0,
    "success_rate": 1.0,
    "requests_per_second": 6.475958631269322
  },
  "tokens": {
    "prompt": 36013,
    "completion": 11758,
    "output_tokens_per_second": 1189.7550247885106,
    "total_tokens_per_second": 4833.7971839744805
  },
  "latency_ms": {
    "e2e": {
      "count": 64,
      "mean": 1123.8726291394414,
      "p50": 1352.8380510397255,
      "p95": 1715.3084209305234,
      "p99": 1873.3513945282903
    },
    "ttft": {
      "count": 64,
      "mean": 61.054392250298406,
      "p50": 49.0921710152179,
      "p95": 158.69296815944836,
      "p99": 160.2690742840059
    },
    "tpot": {
      "count": 64,
      "mean": 5.632719603799813,
      "p50": 5.700114466712765,
      "p95": 6.835987113571416,
      "p99": 7.15516002642849
    },
    "stream_event_gap": {
      "count": 8287,
      "mean": 8.164830796696588,
      "p50": 7.329010986723006,
      "p95": 17.917858692817383,
      "p99": 36.3988340133801
    }
  },
  "wall_seconds": 9.882706737960689,
  "speculative_decoding": {
    "enabled": true,
    "drafts": 8301.0,
    "draft_tokens": 16602.0,
    "accepted_tokens": 3434.0,
    "acceptance_rate": 0.20684254909047103,
    "mean_acceptance_length": 1.4136850981809421,
    "acceptance_rate_per_position": {
      "0": 0.321045657149741,
      "1": 0.09263944103120106
    }
  }
}
{
  "requests": {
    "attempted": 64,
    "successful": 64,
    "failed": 0,
    "success_rate": 1.0,
    "requests_per_second": 1.5306376519095015
  },
  "tokens": {
    "prompt": 32336,
    "completion": 12423,
    "output_tokens_per_second": 297.11111796362087,
    "total_tokens_per_second": 1070.4657915908965
  },
  "latency_ms": {
    "e2e": {
      "count": 64,
      "mean": 653.0876642445946,
      "p50": 464.00212007574737,
      "p95": 1642.9854920890643,
      "p99": 1933.0999925849023
    },
    "ttft": {
      "count": 64,
      "mean": 36.13131239944778,
      "p50": 32.03717106953263,
      "p95": 48.53061388130298,
      "p99": 51.88451288733631
    },
    "tpot": {
      "count": 64,
      "mean": 3.096247200260458,
      "p50": 3.0750365219254987,
      "p95": 3.712772544771142,
      "p99": 3.8780618974589993
    },
    "stream_event_gap": {
      "count": 5571,
      "mean": 7.016966467714223,
      "p50": 7.069243001751602,
      "p95": 7.358706032391638,
      "p99": 7.616454758681357
    }
  },
  "wall_seconds": 41.81263927498367,
  "speculative_decoding": {
    "enabled": true,
    "drafts": 5587.0,
    "draft_tokens": 11174.0,
    "accepted_tokens": 6816.0,
    "acceptance_rate": 0.6099874709146232,
    "mean_acceptance_length": 2.2199749418292463,
    "acceptance_rate_per_position": {
      "0": 0.716484696617147,
      "1": 0.5034902452120995
    }
  }
}
{
  "requests": {
    "attempted": 64,
    "successful": 64,
    "failed": 0,
    "success_rate": 1.0,
    "requests_per_second": 7.9037507640130915
  },
  "tokens": {
    "prompt": 32336,
    "completion": 12644,
    "output_tokens_per_second": 1561.4847603153364,
    "total_tokens_per_second": 5554.854833832951
  },
  "latency_ms": {
    "e2e": {
      "count": 64,
      "mean": 832.8959624050185,
      "p50": 586.9214574922808,
      "p95": 2127.2269643319296,
      "p99": 2578.6819595086845
    },
    "ttft": {
      "count": 64,
      "mean": 59.797516729304334,
      "p50": 49.829508003313094,
      "p95": 151.9112689245958,
      "p99": 153.0330838286318
    },
    "tpot": {
      "count": 64,
      "mean": 3.8117410099553006,
      "p50": 3.7116332338678277,
      "p95": 4.761209621845093,
      "p99": 5.546162569990858
    },
    "stream_event_gap": {
      "count": 5703,
      "mean": 8.610057346373384,
      "p50": 7.334514986723661,
      "p95": 20.20948040299117,
      "p99": 37.6494060177356
    }
  },
  "wall_seconds": 8.097421327023767,
  "speculative_decoding": {
    "enabled": true,
    "drafts": 5721.0,
    "draft_tokens": 11442.0,
    "accepted_tokens": 6905.0,
    "acceptance_rate": 0.6034784128648838,
    "mean_acceptance_length": 2.2069568257297676,
    "acceptance_rate_per_position": {
      "0": 0.7091417584338402,
      "1": 0.4978150672959273
    }
  }
}
{
  "requests": {
    "attempted": 64,
    "successful": 64,
    "failed": 0,
    "success_rate": 1.0,
    "requests_per_second": 0.8873421072175388
  },
  "tokens": {
    "prompt": 175660,
    "completion": 14113,
    "output_tokens_per_second": 195.67279936189257,
    "total_tokens_per_second": 2631.149589265531
  },
  "latency_ms": {
    "e2e": {
      "count": 64,
      "mean": 1126.6633786599414,
      "p50": 1097.8796365088783,
      "p95": 1594.2555018758867,
      "p99": 2193.0837129801503
    },
    "ttft": {
      "count": 64,
      "mean": 92.58151689755323,
      "p50": 90.31413693446666,
      "p95": 113.84066334576346,
      "p99": 119.08856479334645
    },
    "tpot": {
      "count": 64,
      "mean": 4.6947150030678815,
      "p50": 4.637529203353246,
      "p95": 5.279005472719804,
      "p99": 5.537302564294237
    },
    "stream_event_gap": {
      "count": 9209,
      "mean": 7.1418347614714675,
      "p50": 7.128249038942158,
      "p95": 7.492058351635933,
      "p99": 7.835063464008272
    }
  },
  "wall_seconds": 72.12550771504175,
  "speculative_decoding": {
    "enabled": true,
    "drafts": 9227.0,
    "draft_tokens": 18454.0,
    "accepted_tokens": 4876.0,
    "acceptance_rate": 0.26422455836133085,
    "mean_acceptance_length": 1.5284491167226617,
    "acceptance_rate_per_position": {
      "0": 0.39395253061666846,
      "1": 0.13449658610599327
    }
  }
}
{
  "requests": {
    "attempted": 64,
    "successful": 64,
    "failed": 0,
    "success_rate": 1.0,
    "requests_per_second": 3.9735190655400823
  },
  "tokens": {
    "prompt": 175660,
    "completion": 14279,
    "output_tokens_per_second": 886.5293552632318,
    "total_tokens_per_second": 11792.597465462775
  },
  "latency_ms": {
    "e2e": {
      "count": 64,
      "mean": 1882.3694093498489,
      "p50": 1802.3331435397267,
      "p95": 2583.671917155152,
      "p99": 3200.525790548415
    },
    "ttft": {
      "count": 64,
      "mean": 177.35102113692847,
      "p50": 118.11141401994973,
      "p95": 632.4783410876989,
      "p99": 777.3772783426102
    },
    "tpot": {
      "count": 64,
      "mean": 7.737542118925234,
      "p50": 7.69170384153655,
      "p95": 9.522017089466713,
      "p99": 9.94200164961167
    },
    "stream_event_gap": {
      "count": 9345,
      "mean": 11.632466732266217,
      "p50": 8.35374603047967,
      "p95": 33.750325557775795,
      "p99": 76.03490401990702
    }
  },
  "wall_seconds": 16.10662965103984,
  "speculative_decoding": {
    "enabled": true,
    "drafts": 9360.0,
    "draft_tokens": 18720.0,
    "accepted_tokens": 4902.0,
    "acceptance_rate": 0.2618589743589744,
    "mean_acceptance_length": 1.5237179487179486,
    "acceptance_rate_per_position": {
      "0": 0.3918803418803419,
      "1": 0.13183760683760684
    }
  }
}
