{
  "requests": {
    "attempted": 64,
    "successful": 64,
    "failed": 0,
    "success_rate": 1.0,
    "requests_per_second": 11.783856201735599
  },
  "tokens": {
    "prompt": 8953,
    "completion": 18545,
    "output_tokens_per_second": 3414.5564572060416,
    "total_tokens_per_second": 5063.00746617696
  },
  "latency_ms": {
    "e2e": {
      "count": 64,
      "mean": 643.8985424647399,
      "p50": 702.0947204437107,
      "p95": 913.9316574088296,
      "p99": 946.3790499384049
    },
    "ttft": {
      "count": 64,
      "mean": 27.83789058776165,
      "p50": 25.222151482012123,
      "p95": 42.648244864540175,
      "p99": 42.88983935024589
    },
    "tpot": {
      "count": 64,
      "mean": 2.134566047033672,
      "p50": 2.098325878921327,
      "p95": 2.411882419437383,
      "p99": 2.43880988621495
    },
    "stream_event_gap": {
      "count": 4913,
      "mean": 7.9786200781515655,
      "p50": 7.763153058476746,
      "p95": 8.883983036503194,
      "p99": 17.884681317955256
    }
  },
  "wall_seconds": 5.4311592830345035,
  "speculative_decoding": {
    "enabled": true,
    "drafts": 4929.0,
    "draft_tokens": 14787.0,
    "accepted_tokens": 13631.0,
    "acceptance_rate": 0.9218232231013729,
    "mean_acceptance_length": 3.7654696693041183,
    "acceptance_rate_per_position": {
      "0": 0.9642929600324609,
      "1": 0.9245283018867925,
      "2": 0.876648407384865
    }
  },
  "warmup": {
    "requests": 8,
    "failed": 0
  }
}
