{
  "requests": {
    "attempted": 128,
    "successful": 128,
    "failed": 0,
    "success_rate": 1.0,
    "requests_per_second": 1.0483719584396356
  },
  "tokens": {
    "prompt": 80604,
    "completion": 24316,
    "output_tokens_per_second": 199.15791047982952,
    "total_tokens_per_second": 859.3373896834888
  },
  "latency_ms": {
    "e2e": {
      "count": 128,
      "mean": 953.7509209686732,
      "p50": 1177.75830100436,
      "p95": 1435.8697777468478,
      "p99": 1525.3732146024413
    },
    "ttft": {
      "count": 128,
      "mean": 40.67973763301325,
      "p50": 42.536196000583004,
      "p95": 58.85896389809204,
      "p99": 64.5517044006556
    },
    "tpot": {
      "count": 128,
      "mean": 4.791266256521869,
      "p50": 4.721555388285741,
      "p95": 5.743803319306679,
      "p99": 6.094631614733478
    },
    "stream_event_gap": {
      "count": 16690,
      "mean": 6.985864059915116,
      "p50": 7.006574000115506,
      "p95": 7.223307800450129,
      "p99": 7.406920251378325
    }
  },
  "wall_seconds": 122.09407068700239,
  "speculative_decoding": {
    "enabled": true,
    "drafts": 16731.0,
    "draft_tokens": 33462.0,
    "accepted_tokens": 7535.0,
    "acceptance_rate": 0.22518080210387903,
    "mean_acceptance_length": 1.450361604207758,
    "acceptance_rate_per_position": {
      "0": 0.3450481142788835,
      "1": 0.10531348992887454
    }
  }
}
{
  "requests": {
    "attempted": 128,
    "successful": 128,
    "failed": 0,
    "success_rate": 1.0,
    "requests_per_second": 6.865290273476876
  },
  "tokens": {
    "prompt": 80604,
    "completion": 24199,
    "output_tokens_per_second": 1297.9153072489603,
    "total_tokens_per_second": 5621.117316649977
  },
  "latency_ms": {
    "e2e": {
      "count": 128,
      "mean": 1127.405642968597,
      "p50": 1396.0341729980428,
      "p95": 1687.699499905284,
      "p99": 1823.368473158189
    },
    "ttft": {
      "count": 128,
      "mean": 55.142614428859815,
      "p50": 50.476964002882596,
      "p95": 123.03606519708376,
      "p99": 138.62515994842397
    },
    "tpot": {
      "count": 128,
      "mean": 5.6741404412704295,
      "p50": 5.606649596102573,
      "p95": 7.339771201523451,
      "p99": 8.094052325258847
    },
    "stream_event_gap": {
      "count": 16673,
      "mean": 8.215994609732157,
      "p50": 7.357523005339317,
      "p95": 17.460627001128156,
      "p99": 33.4167159971548
    }
  },
  "wall_seconds": 18.64451390999602,
  "speculative_decoding": {
    "enabled": true,
    "drafts": 16720.0,
    "draft_tokens": 33440.0,
    "accepted_tokens": 7423.0,
    "acceptance_rate": 0.22197966507177033,
    "mean_acceptance_length": 1.4439593301435407,
    "acceptance_rate_per_position": {
      "0": 0.3422846889952153,
      "1": 0.10167464114832536
    }
  }
}
{
  "requests": {
    "attempted": 128,
    "successful": 128,
    "failed": 0,
    "success_rate": 1.0,
    "requests_per_second": 1.535904858938584
  },
  "tokens": {
    "prompt": 64445,
    "completion": 25837,
    "output_tokens_per_second": 310.02479562809526,
    "total_tokens_per_second": 1083.3168943335409
  },
  "latency_ms": {
    "e2e": {
      "count": 128,
      "mean": 650.979957719187,
      "p50": 529.0744394951616,
      "p95": 1526.6951984071052,
      "p99": 1803.2341059010662
    },
    "ttft": {
      "count": 128,
      "mean": 37.40207564862885,
      "p50": 38.564707996556535,
      "p95": 49.693633296556065,
      "p99": 57.78548775575474
    },
    "tpot": {
      "count": 128,
      "mean": 3.0033755136074145,
      "p50": 2.9613921824475335,
      "p95": 3.5916237805781988,
      "p99": 3.863095833585664
    },
    "stream_event_gap": {
      "count": 11234,
      "mean": 6.956238231434178,
      "p50": 7.0044465028331615,
      "p95": 7.227810205949936,
      "p99": 7.349268270772882
    }
  },
  "wall_seconds": 83.33849538600771,
  "speculative_decoding": {
    "enabled": true,
    "drafts": 11273.0,
    "draft_tokens": 22546.0,
    "accepted_tokens": 14544.0,
    "acceptance_rate": 0.6450811673911115,
    "mean_acceptance_length": 2.290162334782223,
    "acceptance_rate_per_position": {
      "0": 0.748425441319968,
      "1": 0.541736893462255
    }
  }
}
{
  "requests": {
    "attempted": 128,
    "successful": 128,
    "failed": 0,
    "success_rate": 1.0,
    "requests_per_second": 9.297255218530873
  },
  "tokens": {
    "prompt": 64445,
    "completion": 25677,
    "output_tokens_per_second": 1865.043923798572,
    "total_tokens_per_second": 6545.994021909682
  },
  "latency_ms": {
    "e2e": {
      "count": 128,
      "mean": 789.3788176163525,
      "p50": 611.2714514965774,
      "p95": 1881.7723527456105,
      "p99": 2266.813053223596
    },
    "ttft": {
      "count": 128,
      "mean": 47.95391510947411,
      "p50": 41.404695992241614,
      "p95": 118.51854999986203,
      "p99": 136.66420393710723
    },
    "tpot": {
      "count": 128,
      "mean": 3.663732358477031,
      "p50": 3.5931238664040146,
      "p95": 4.548960795579535,
      "p99": 5.721166540272444
    },
    "stream_event_gap": {
      "count": 11123,
      "mean": 8.497258237618743,
      "p50": 7.316276009078138,
      "p95": 18.120747095963452,
      "p99": 32.3368420189945
    }
  },
  "wall_seconds": 13.767504171002656,
  "speculative_decoding": {
    "enabled": true,
    "drafts": 11161.0,
    "draft_tokens": 22322.0,
    "accepted_tokens": 14490.0,
    "acceptance_rate": 0.6491353821342174,
    "mean_acceptance_length": 2.298270764268435,
    "acceptance_rate_per_position": {
      "0": 0.7513663650210555,
      "1": 0.5469043992473792
    }
  }
}
{
  "requests": {
    "attempted": 128,
    "successful": 128,
    "failed": 0,
    "success_rate": 1.0,
    "requests_per_second": 0.9020511735553874
  },
  "tokens": {
    "prompt": 350987,
    "completion": 27881,
    "output_tokens_per_second": 196.48506851482622,
    "total_tokens_per_second": 2669.9869064264262
  },
  "latency_ms": {
    "e2e": {
      "count": 128,
      "mean": 1108.4574984220126,
      "p50": 1046.1480335070519,
      "p95": 1608.773029497388,
      "p99": 2678.593471911736
    },
    "ttft": {
      "count": 128,
      "mean": 88.48714149189618,
      "p50": 84.76435349439271,
      "p95": 123.15025194984626,
      "p99": 131.0596289881505
    },
    "tpot": {
      "count": 128,
      "mean": 4.686816156949788,
      "p50": 4.660844054892286,
      "p95": 5.339912186456298,
      "p99": 5.60068577033984
    },
    "stream_event_gap": {
      "count": 18303,
      "mean": 7.113970631864416,
      "p50": 7.0934029936324805,
      "p95": 7.387716298399027,
      "p99": 7.740635144000406
    }
  },
  "wall_seconds": 141.8988232069969,
  "speculative_decoding": {
    "enabled": true,
    "drafts": 18336.0,
    "draft_tokens": 36672.0,
    "accepted_tokens": 9524.0,
    "acceptance_rate": 0.25970767888307156,
    "mean_acceptance_length": 1.5194153577661431,
    "acceptance_rate_per_position": {
      "0": 0.3866710296684119,
      "1": 0.13274432809773123
    }
  }
}
{
  "requests": {
    "attempted": 128,
    "successful": 128,
    "failed": 0,
    "success_rate": 1.0,
    "requests_per_second": 4.201081165960806
  },
  "tokens": {
    "prompt": 350987,
    "completion": 27780,
    "output_tokens_per_second": 911.7658967999313,
    "total_tokens_per_second": 12431.491484277161
  },
  "latency_ms": {
    "e2e": {
      "count": 128,
      "mean": 1812.3621981558244,
      "p50": 1739.5245665029506,
      "p95": 2695.007923107914,
      "p99": 3959.8004211370444
    },
    "ttft": {
      "count": 128,
      "mean": 134.64185528164307,
      "p50": 104.9025044994778,
      "p95": 290.9065864063444,
      "p99": 566.3047713096603
    },
    "tpot": {
      "count": 128,
      "mean": 7.847997625759122,
      "p50": 7.837192041105465,
      "p95": 9.827031951013943,
      "p99": 10.346566760937272
    },
    "stream_event_gap": {
      "count": 18240,
      "mean": 11.732799637167389,
      "p50": 8.294483995996416,
      "p95": 31.59973039291797,
      "p99": 71.51390426792206
    }
  },
  "wall_seconds": 30.468347300004098,
  "speculative_decoding": {
    "enabled": true,
    "drafts": 18270.0,
    "draft_tokens": 36540.0,
    "accepted_tokens": 9477.0,
    "acceptance_rate": 0.25935960591133006,
    "mean_acceptance_length": 1.5187192118226602,
    "acceptance_rate_per_position": {
      "0": 0.3845101258894362,
      "1": 0.13420908593322387
    }
  }
}
