{
  "requests": {
    "attempted": 64,
    "successful": 64,
    "failed": 0,
    "success_rate": 1.0,
    "requests_per_second": 0.4524810628018239
  },
  "tokens": {
    "prompt": 36013,
    "completion": 11666,
    "output_tokens_per_second": 82.47881372884495,
    "total_tokens_per_second": 337.09132177075253
  },
  "latency_ms": {
    "e2e": {
      "count": 64,
      "mean": 2209.888734656488,
      "p50": 1628.1960539636202,
      "p95": 6532.94121864016,
      "p99": 19659.76842326807
    },
    "ttft": {
      "count": 64,
      "mean": 41.14963748725131,
      "p50": 42.53039148170501,
      "p95": 56.5807829843834,
      "p99": 63.264470091089606
    },
    "tpot": {
      "count": 64,
      "mean": 11.853871975569414,
      "p50": 6.865640855240586,
      "p95": 25.478137008252524,
      "p99": 123.99491001345606
    },
    "stream_event_gap": {
      "count": 9270,
      "mean": 12.57943451896103,
      "p50": 8.627402014099061,
      "p95": 8.856823755195364,
      "p99": 9.04780050041154
    }
  },
  "wall_seconds": 141.4423834750196,
  "speculative_decoding": {
    "enabled": true,
    "drafts": 9286.0,
    "draft_tokens": 46430.0,
    "accepted_tokens": 2355.0,
    "acceptance_rate": 0.05072151626103812,
    "mean_acceptance_length": 1.2536075813051906,
    "acceptance_rate_per_position": {
      "0": 0.20514753392203317,
      "1": 0.04102950678440663,
      "2": 0.006461339651087659,
      "3": 0.0009692009476631488,
      "4": 0.0
    }
  }
}
{
  "requests": {
    "attempted": 64,
    "successful": 64,
    "failed": 0,
    "success_rate": 1.0,
    "requests_per_second": 4.933500711808472
  },
  "tokens": {
    "prompt": 36013,
    "completion": 11668,
    "output_tokens_per_second": 899.4388485215821,
    "total_tokens_per_second": 3675.535116245934
  },
  "latency_ms": {
    "e2e": {
      "count": 64,
      "mean": 1479.9286912875687,
      "p50": 1799.7657164232805,
      "p95": 2184.0043994539883,
      "p99": 2357.5897937780246
    },
    "ttft": {
      "count": 64,
      "mean": 61.0802981955203,
      "p50": 51.20557005284354,
      "p95": 156.228092109086,
      "p99": 157.33904349152
    },
    "tpot": {
      "count": 64,
      "mean": 7.7347104606178245,
      "p50": 7.701709811431527,
      "p95": 8.995337838163584,
      "p99": 9.075074744168703
    },
    "stream_event_gap": {
      "count": 9268,
      "mean": 9.759492018717483,
      "p50": 9.121099079493433,
      "p95": 13.814343290869143,
      "p99": 34.61347197648138
    }
  },
  "wall_seconds": 12.972532839979976,
  "speculative_decoding": {
    "enabled": true,
    "drafts": 9285.0,
    "draft_tokens": 46425.0,
    "accepted_tokens": 2358.0,
    "acceptance_rate": 0.05079159935379644,
    "mean_acceptance_length": 1.2539579967689822,
    "acceptance_rate_per_position": {
      "0": 0.20710823909531503,
      "1": 0.039310716208939146,
      "2": 0.006354334948842219,
      "3": 0.0010770059235325794,
      "4": 0.00010770059235325795
    }
  }
}
{
  "requests": {
    "attempted": 64,
    "successful": 64,
    "failed": 0,
    "success_rate": 1.0,
    "requests_per_second": 1.13143613824253
  },
  "tokens": {
    "prompt": 32336,
    "completion": 12423,
    "output_tokens_per_second": 219.6223616466711,
    "total_tokens_per_second": 791.2804704937093
  },
  "latency_ms": {
    "e2e": {
      "count": 64,
      "mean": 883.6930188717815,
      "p50": 536.8295764783397,
      "p95": 1933.2991765346374,
      "p99": 4717.206091671235
    },
    "ttft": {
      "count": 64,
      "mean": 36.22144966175256,
      "p50": 36.77766548935324,
      "p95": 48.62032872624695,
      "p99": 51.35324428090824
    },
    "tpot": {
      "count": 64,
      "mean": 3.9374677871368364,
      "p50": 3.7679540902394533,
      "p95": 4.740821345516016,
      "p99": 9.307935362875625
    },
    "stream_event_gap": {
      "count": 5605,
      "mean": 9.620336288408469,
      "p50": 8.63332289736718,
      "p95": 8.881711773574352,
      "p99": 9.126558909192681
    }
  },
  "wall_seconds": 56.5652782660909,
  "speculative_decoding": {
    "enabled": true,
    "drafts": 5615.0,
    "draft_tokens": 28075.0,
    "accepted_tokens": 6839.0,
    "acceptance_rate": 0.24359750667853963,
    "mean_acceptance_length": 2.217987533392698,
    "acceptance_rate_per_position": {
      "0": 0.5255565449688335,
      "1": 0.2995547640249332,
      "2": 0.17934105075690115,
      "3": 0.1219946571682992,
      "4": 0.09154051647373107
    }
  }
}
{
  "requests": {
    "attempted": 64,
    "successful": 64,
    "failed": 0,
    "success_rate": 1.0,
    "requests_per_second": 6.504038309964845
  },
  "tokens": {
    "prompt": 32336,
    "completion": 12630,
    "output_tokens_per_second": 1283.531310232125,
    "total_tokens_per_second": 4569.696666341863
  },
  "latency_ms": {
    "e2e": {
      "count": 64,
      "mean": 983.611127576296,
      "p50": 688.7298295623623,
      "p95": 2515.3477686981196,
      "p99": 3216.808168971911
    },
    "ttft": {
      "count": 64,
      "mean": 57.042530870603514,
      "p50": 46.53456847881898,
      "p95": 153.1392707489431,
      "p99": 153.85736250085756
    },
    "tpot": {
      "count": 64,
      "mean": 4.523512133632479,
      "p50": 4.554635709261406,
      "p95": 5.99393876805533,
      "p99": 6.1817433719744255
    },
    "stream_event_gap": {
      "count": 5762,
      "mean": 10.248449624711483,
      "p50": 9.152313985396177,
      "p95": 20.120060304179788,
      "p99": 33.85053079691716
    }
  },
  "wall_seconds": 9.840040441020392,
  "speculative_decoding": {
    "enabled": true,
    "drafts": 5775.0,
    "draft_tokens": 28875.0,
    "accepted_tokens": 6884.0,
    "acceptance_rate": 0.2384069264069264,
    "mean_acceptance_length": 2.1920346320346322,
    "acceptance_rate_per_position": {
      "0": 0.5170562770562771,
      "1": 0.29264069264069265,
      "2": 0.17385281385281384,
      "3": 0.11982683982683982,
      "4": 0.08865800865800866
    }
  }
}
{
  "requests": {
    "attempted": 64,
    "successful": 64,
    "failed": 0,
    "success_rate": 1.0,
    "requests_per_second": 0.4800926046727682
  },
  "tokens": {
    "prompt": 175660,
    "completion": 14102,
    "output_tokens_per_second": 105.78540486086527,
    "total_tokens_per_second": 1423.4895757486538
  },
  "latency_ms": {
    "e2e": {
      "count": 64,
      "mean": 2082.7773607852578,
      "p50": 1525.1016535330564,
      "p95": 6209.794091578784,
      "p99": 14308.250691249264
    },
    "ttft": {
      "count": 64,
      "mean": 196.0216215629771,
      "p50": 90.88064392562956,
      "p95": 120.26646648882885,
      "p99": 2588.626981478866
    },
    "tpot": {
      "count": 64,
      "mean": 7.922685979257451,
      "p50": 6.6827806457982195,
      "p95": 7.612241230158117,
      "p99": 38.88035426012702
    },
    "stream_event_gap": {
      "count": 10734,
      "mean": 11.1163602808514,
      "p50": 8.709704037755728,
      "p95": 9.011065168306231,
      "p99": 9.431180731626227
    }
  },
  "wall_seconds": 133.30761477490887,
  "speculative_decoding": {
    "enabled": true,
    "drafts": 10753.0,
    "draft_tokens": 53765.0,
    "accepted_tokens": 3362.0,
    "acceptance_rate": 0.06253138658978889,
    "mean_acceptance_length": 1.3126569329489444,
    "acceptance_rate_per_position": {
      "0": 0.24932576955268299,
      "1": 0.05291546545150191,
      "2": 0.008648749186273598,
      "3": 0.0013019622430949502,
      "4": 0.00046498651539105364
    }
  }
}
{
  "requests": {
    "attempted": 64,
    "successful": 64,
    "failed": 0,
    "success_rate": 1.0,
    "requests_per_second": 3.059443069263515
  },
  "tokens": {
    "prompt": 175660,
    "completion": 14029,
    "output_tokens_per_second": 670.6394815421539,
    "total_tokens_per_second": 9067.854630711357
  },
  "latency_ms": {
    "e2e": {
      "count": 64,
      "mean": 2383.0871910722635,
      "p50": 2365.986227989197,
      "p95": 3237.8455909143668,
      "p99": 3603.6959423520593
    },
    "ttft": {
      "count": 64,
      "mean": 173.65616054121347,
      "p50": 119.55397395649925,
      "p95": 628.6513419472612,
      "p99": 777.5415201485157
    },
    "tpot": {
      "count": 64,
      "mean": 10.16963178269597,
      "p50": 10.078960490507477,
      "p95": 11.76068471888469,
      "p99": 12.447503418257433
    },
    "stream_event_gap": {
      "count": 10643,
      "mean": 13.239628700943308,
      "p50": 10.234231012873352,
      "p95": 31.092374911531802,
      "p99": 77.3491113865748
    }
  },
  "wall_seconds": 20.918839982012287,
  "speculative_decoding": {
    "enabled": true,
    "drafts": 10664.0,
    "draft_tokens": 53320.0,
    "accepted_tokens": 3376.0,
    "acceptance_rate": 0.0633158289572393,
    "mean_acceptance_length": 1.3165791447861965,
    "acceptance_rate_per_position": {
      "0": 0.25572018004501124,
      "1": 0.05157539384846212,
      "2": 0.007876969242310577,
      "3": 0.0012190547636909228,
      "4": 0.00018754688672168043
    }
  }
}
