loadtest opb concurrency=1 requests=128
loadtest opb concurrency=8 requests=128
loadtest opb concurrency=32 requests=128
loadtest opb concurrency=64 requests=256
loadtest opb concurrency=128 requests=512
loadtest opb concurrency=256 requests=1024
{
  "workload": "opb",
  "variant": "plain",
  "levels": [
    {
      "concurrency": 1,
      "requests": 128,
      "success_rate": 1.0,
      "warmup_failed": 0,
      "output_tokens_per_second": 171.38245636195398,
      "ttft_p50_ms": 22.35315798316151,
      "ttft_p95_ms": 88.94153420987978,
      "tpot_p50_ms": 5.760335888198814,
      "tpot_p95_ms": 5.859696850234272,
      "e2e_p95_ms": 5927.333338159951,
      "kv_cache_usage_mean": 0.002293310929127672,
      "kv_cache_usage_max": 0.010250647050810469,
      "kv_cache_tokens_peak": 4816,
      "kv_cache_size_tokens": 469840,
      "running_max": 1.0,
      "waiting_max": 0.0,
      "preemptions": 0.0,
      "mean_acceptance_length": null,
      "acceptance_rate": null
    },
    {
      "concurrency": 8,
      "requests": 128,
      "success_rate": 1.0,
      "warmup_failed": 0,
      "output_tokens_per_second": 1170.822449470001,
      "ttft_p50_ms": 22.613761975662783,
      "ttft_p95_ms": 130.23145358311007,
      "tpot_p50_ms": 6.382876080669097,
      "tpot_p95_ms": 6.808039093237426,
      "e2e_p95_ms": 6505.235511256615,
      "kv_cache_usage_mean": 0.01710218904935577,
      "kv_cache_usage_max": 0.036132679471461704,
      "kv_cache_tokens_peak": 16977,
      "kv_cache_size_tokens": 469840,
      "running_max": 8.0,
      "waiting_max": 0.0,
      "preemptions": 0.0,
      "mean_acceptance_length": null,
      "acceptance_rate": null
    },
    {
      "concurrency": 32,
      "requests": 128,
      "success_rate": 1.0,
      "warmup_failed": 0,
      "output_tokens_per_second": 3039.438007799612,
      "ttft_p50_ms": 52.33072300325148,
      "ttft_p95_ms": 658.1416772620287,
      "tpot_p50_ms": 8.331921503055852,
      "tpot_p95_ms": 9.212105907783627,
      "e2e_p95_ms": 8674.342214778877,
      "kv_cache_usage_mean": 0.05470903795382749,
      "kv_cache_usage_max": 0.08377605230894969,
      "kv_cache_tokens_peak": 39361,
      "kv_cache_size_tokens": 469840,
      "running_max": 32.0,
      "waiting_max": 0.0,
      "preemptions": 0.0,
      "mean_acceptance_length": null,
      "acceptance_rate": null
    },
    {
      "concurrency": 64,
      "requests": 256,
      "success_rate": 1.0,
      "warmup_failed": 0,
      "output_tokens_per_second": 4635.394306729214,
      "ttft_p50_ms": 66.97429000632837,
      "ttft_p95_ms": 1030.7381879974855,
      "tpot_p50_ms": 11.459150240972331,
      "tpot_p95_ms": 12.756205880771013,
      "e2e_p95_ms": 11705.716770273284,
      "kv_cache_usage_mean": 0.11513089850509822,
      "kv_cache_usage_max": 0.16523634382236752,
      "kv_cache_tokens_peak": 77635,
      "kv_cache_size_tokens": 469840,
      "running_max": 64.0,
      "waiting_max": 0.0,
      "preemptions": 0.0,
      "mean_acceptance_length": null,
      "acceptance_rate": null
    },
    {
      "concurrency": 128,
      "requests": 512,
      "success_rate": 1.0,
      "warmup_failed": 0,
      "output_tokens_per_second": 6552.848757024495,
      "ttft_p50_ms": 82.60403398890048,
      "ttft_p95_ms": 1784.1160290379776,
      "tpot_p50_ms": 17.015476849096032,
      "tpot_p95_ms": 19.796780160698905,
      "e2e_p95_ms": 17160.219795713783,
      "kv_cache_usage_mean": 0.23193097168749416,
      "kv_cache_usage_max": 0.32441084320937197,
      "kv_cache_tokens_peak": 152421,
      "kv_cache_size_tokens": 469840,
      "running_max": 128.0,
      "waiting_max": 42.0,
      "preemptions": 0.0,
      "mean_acceptance_length": null,
      "acceptance_rate": null
    },
    {
      "concurrency": 256,
      "requests": 1024,
      "success_rate": 1.0,
      "warmup_failed": 0,
      "output_tokens_per_second": 7847.250703377417,
      "ttft_p50_ms": 133.22737900307402,
      "ttft_p95_ms": 3227.756380784558,
      "tpot_p50_ms": 29.930153411470222,
      "tpot_p95_ms": 34.018963383939095,
      "e2e_p95_ms": 30331.24370971636,
      "kv_cache_usage_mean": 0.4771342946659661,
      "kv_cache_usage_max": 0.6474935294918949,
      "kv_cache_tokens_peak": 304218,
      "kv_cache_size_tokens": 469840,
      "running_max": 256.0,
      "waiting_max": 166.0,
      "preemptions": 0.0,
      "mean_acceptance_length": null,
      "acceptance_rate": null
    }
  ]
}
