{
  "requests": {
    "attempted": 64,
    "successful": 64,
    "failed": 0,
    "success_rate": 1.0,
    "requests_per_second": 0.9200392844412121
  },
  "tokens": {
    "prompt": 36013,
    "completion": 11696,
    "output_tokens_per_second": 168.1371792316315,
    "total_tokens_per_second": 685.8461597094654
  },
  "latency_ms": {
    "e2e": {
      "count": 64,
      "mean": 1086.7308973993204,
      "p50": 1234.6066335448995,
      "p95": 1535.7297426322475,
      "p99": 1547.3395327606704
    },
    "ttft": {
      "count": 64,
      "mean": 29.511269071008428,
      "p50": 22.221807041205466,
      "p95": 44.69005907303653,
      "p99": 53.22875809739344
    },
    "tpot": {
      "count": 64,
      "mean": 5.8132502430778255,
      "p50": 5.809612720363476,
      "p95": 5.856280748494992,
      "p99": 5.871413219865177
    },
    "stream_event_gap": {
      "count": 11596,
      "mean": 5.802428426863767,
      "p50": 5.804659507703036,
      "p95": 5.951519007794559,
      "p99": 6.128210562746971
    }
  },
  "wall_seconds": 69.56224704999477,
  "speculative_decoding": {
    "enabled": false
  }
}
{
  "requests": {
    "attempted": 64,
    "successful": 64,
    "failed": 0,
    "success_rate": 1.0,
    "requests_per_second": 5.9115368636479415
  },
  "tokens": {
    "prompt": 36013,
    "completion": 11669,
    "output_tokens_per_second": 1077.8394322173099,
    "total_tokens_per_second": 4404.279698944705
  },
  "latency_ms": {
    "e2e": {
      "count": 64,
      "mean": 1239.2668852771749,
      "p50": 1519.2422790569253,
      "p95": 1785.2928536594845,
      "p99": 1809.6894848474767
    },
    "ttft": {
      "count": 64,
      "mean": 49.09552762728708,
      "p50": 36.77822998724878,
      "p95": 137.51894143642858,
      "p99": 140.97789049497806
    },
    "tpot": {
      "count": 64,
      "mean": 6.5667853402769545,
      "p50": 6.557259939649834,
      "p95": 6.94563271525424,
      "p99": 7.2222440202611935
    },
    "stream_event_gap": {
      "count": 11568,
      "mean": 6.547691654940062,
      "p50": 6.1190815176814795,
      "p95": 8.967329876031727,
      "p99": 25.606904714368284
    }
  },
  "wall_seconds": 10.82628789707087,
  "speculative_decoding": {
    "enabled": false
  }
}
{
  "requests": {
    "attempted": 64,
    "successful": 64,
    "failed": 0,
    "success_rate": 1.0,
    "requests_per_second": 0.8816720477548394
  },
  "tokens": {
    "prompt": 32336,
    "completion": 12228,
    "output_tokens_per_second": 168.454465624159,
    "total_tokens_per_second": 613.9192677522916
  },
  "latency_ms": {
    "e2e": {
      "count": 64,
      "mean": 1134.0266974548285,
      "p50": 837.2350005083717,
      "p95": 2988.8057040574495,
      "p99": 3002.6316983625293
    },
    "ttft": {
      "count": 64,
      "mean": 28.75288639916107,
      "p50": 25.20153351360932,
      "p95": 38.58877685852348,
      "p99": 51.59058263991024
    },
    "tpot": {
      "count": 64,
      "mean": 5.821689035429069,
      "p50": 5.822198988359172,
      "p95": 5.861674966794313,
      "p99": 5.881261038099183
    },
    "stream_event_gap": {
      "count": 12105,
      "mean": 5.793921033757939,
      "p50": 5.801763036288321,
      "p95": 5.968420417048037,
      "p99": 6.092956550419329
    }
  },
  "wall_seconds": 72.5893490249291,
  "speculative_decoding": {
    "enabled": false
  }
}
{
  "requests": {
    "attempted": 64,
    "successful": 64,
    "failed": 0,
    "success_rate": 1.0,
    "requests_per_second": 5.22476434770095
  },
  "tokens": {
    "prompt": 32336,
    "completion": 12603,
    "output_tokens_per_second": 1028.870391782423,
    "total_tokens_per_second": 3668.6825784583284
  },
  "latency_ms": {
    "e2e": {
      "count": 64,
      "mean": 1318.5121866354166,
      "p50": 950.3347065765411,
      "p95": 3383.499758306425,
      "p99": 3456.8404938769527
    },
    "ttft": {
      "count": 64,
      "mean": 49.039292622182984,
      "p50": 37.019437993876636,
      "p95": 148.20039206533693,
      "p99": 149.52068412909284
    },
    "tpot": {
      "count": 64,
      "mean": 6.480722832654892,
      "p50": 6.48504260930337,
      "p95": 6.767613067390604,
      "p99": 6.932949361066813
    },
    "stream_event_gap": {
      "count": 12482,
      "mean": 6.463838297766069,
      "p50": 6.106698012445122,
      "p95": 6.693090841872614,
      "p99": 26.026793516939513
    }
  },
  "wall_seconds": 12.249356284970418,
  "speculative_decoding": {
    "enabled": false
  }
}
{
  "requests": {
    "attempted": 64,
    "successful": 64,
    "failed": 0,
    "success_rate": 1.0,
    "requests_per_second": 0.7296132021335663
  },
  "tokens": {
    "prompt": 175660,
    "completion": 13962,
    "output_tokens_per_second": 159.1696801279508,
    "total_tokens_per_second": 2161.7299158589235
  },
  "latency_ms": {
    "e2e": {
      "count": 64,
      "mean": 1370.4246815777879,
      "p50": 1347.820678493008,
      "p95": 1946.4858511346388,
      "p99": 2616.1249924800354
    },
    "ttft": {
      "count": 64,
      "mean": 89.0603294083121,
      "p50": 87.64108701143414,
      "p95": 109.71078490838408,
      "p99": 120.44917302206159
    },
    "tpot": {
      "count": 64,
      "mean": 5.906101098788616,
      "p50": 5.901730286798644,
      "p95": 5.925676557010731,
      "p99": 6.062044555075417
    },
    "stream_event_gap": {
      "count": 13834,
      "mean": 5.883606676963123,
      "p50": 5.88220899226144,
      "p95": 6.11428840784356,
      "p99": 6.4330454368609935
    }
  },
  "wall_seconds": 87.7177109910408,
  "speculative_decoding": {
    "enabled": false
  }
}
{
  "requests": {
    "attempted": 64,
    "successful": 64,
    "failed": 0,
    "success_rate": 1.0,
    "requests_per_second": 3.496568928797084
  },
  "tokens": {
    "prompt": 175660,
    "completion": 13953,
    "output_tokens_per_second": 762.3066603672768,
    "total_tokens_per_second": 10359.295692125024
  },
  "latency_ms": {
    "e2e": {
      "count": 64,
      "mean": 2122.887876079403,
      "p50": 2057.245881995186,
      "p95": 2906.515220628352,
      "p99": 3462.551863674304
    },
    "ttft": {
      "count": 64,
      "mean": 162.3314344433311,
      "p50": 109.98840548563749,
      "p95": 612.7283339039423,
      "p99": 744.5553236536216
    },
    "tpot": {
      "count": 64,
      "mean": 9.165232714388278,
      "p50": 9.062084271079058,
      "p95": 11.248869564468677,
      "p99": 11.881270963972685
    },
    "stream_event_gap": {
      "count": 13825,
      "mean": 9.010090813045785,
      "p50": 7.023707963526249,
      "p95": 26.56698240898549,
      "p99": 68.30982635729018
    }
  },
  "wall_seconds": 18.30365747201722,
  "speculative_decoding": {
    "enabled": false
  }
}
