{
  "requests": {
    "attempted": 64,
    "successful": 64,
    "failed": 0,
    "success_rate": 1.0,
    "requests_per_second": 0.6296595149804624
  },
  "tokens": {
    "prompt": 36013,
    "completion": 11676,
    "output_tokens_per_second": 114.87350776424809,
    "total_tokens_per_second": 469.18488452973855
  },
  "latency_ms": {
    "e2e": {
      "count": 64,
      "mean": 1588.0036777070927,
      "p50": 1928.3257729839534,
      "p95": 2391.7988867964596,
      "p99": 2563.7904690101277
    },
    "ttft": {
      "count": 64,
      "mean": 45.44067028473364,
      "p50": 47.12365195155144,
      "p95": 59.738088614540175,
      "p99": 64.0845541190356
    },
    "tpot": {
      "count": 64,
      "mean": 8.495109166447351,
      "p50": 8.412979877825308,
      "p95": 9.818953912283238,
      "p99": 9.893285136502811
    },
    "stream_event_gap": {
      "count": 9812,
      "mean": 9.999681493587572,
      "p50": 10.044857452157885,
      "p95": 10.238910879706964,
      "p99": 10.442886861274015
    }
  },
  "wall_seconds": 101.64223437802866,
  "speculative_decoding": {
    "enabled": true,
    "drafts": 9845.0,
    "draft_tokens": 78760.0,
    "accepted_tokens": 1787.0,
    "acceptance_rate": 0.022689182326053835,
    "mean_acceptance_length": 1.1815134586084306,
    "acceptance_rate_per_position": {
      "0": 0.1478923311325546,
      "1": 0.025596749619095988,
      "2": 0.005891315388522092,
      "3": 0.0015236160487557136,
      "4": 0.00040629761300152364,
      "5": 0.00020314880650076182,
      "6": 0.0,
      "7": 0.0
    }
  }
}
{
  "requests": {
    "attempted": 64,
    "successful": 64,
    "failed": 0,
    "success_rate": 1.0,
    "requests_per_second": 4.0045015159623665
  },
  "tokens": {
    "prompt": 36013,
    "completion": 11736,
    "output_tokens_per_second": 734.325465489599,
    "total_tokens_per_second": 2987.67098258886
  },
  "latency_ms": {
    "e2e": {
      "count": 64,
      "mean": 1842.7648150882305,
      "p50": 2209.8945479956456,
      "p95": 2738.1609397707507,
      "p99": 2981.2945173634216
    },
    "ttft": {
      "count": 64,
      "mean": 61.7038823384064,
      "p50": 52.94247000711039,
      "p95": 151.68990217498504,
      "p99": 152.40446132142097
    },
    "tpot": {
      "count": 64,
      "mean": 9.770220746025968,
      "p50": 9.815753635459913,
      "p95": 11.342216641391062,
      "p99": 11.615114956238196
    },
    "stream_event_gap": {
      "count": 9852,
      "mean": 11.507307997511656,
      "p50": 10.971115552820265,
      "p95": 15.530510991811749,
      "p99": 32.863854177994654
    }
  },
  "wall_seconds": 15.982014177017845,
  "speculative_decoding": {
    "enabled": true,
    "drafts": 9884.0,
    "draft_tokens": 79072.0,
    "accepted_tokens": 1817.0,
    "acceptance_rate": 0.022979057061918252,
    "mean_acceptance_length": 1.183832456495346,
    "acceptance_rate_per_position": {
      "0": 0.14862403885066774,
      "1": 0.02762039660056657,
      "2": 0.005362201537838932,
      "3": 0.0017199514366653178,
      "4": 0.0004046944556859571,
      "5": 0.00010117361392148928,
      "6": 0.0,
      "7": 0.0
    }
  }
}
{
  "requests": {
    "attempted": 64,
    "successful": 64,
    "failed": 0,
    "success_rate": 1.0,
    "requests_per_second": 0.5908073657631305
  },
  "tokens": {
    "prompt": 32336,
    "completion": 12562,
    "output_tokens_per_second": 115.96440826119448,
    "total_tokens_per_second": 414.4698298130162
  },
  "latency_ms": {
    "e2e": {
      "count": 64,
      "mean": 1692.4473801227577,
      "p50": 1213.3786615449935,
      "p95": 4209.790026466362,
      "p99": 4705.456261831569
    },
    "ttft": {
      "count": 64,
      "mean": 41.08668155276973,
      "p50": 43.910746986512095,
      "p95": 54.40174154355188,
      "p99": 57.40774435689673
    },
    "tpot": {
      "count": 64,
      "mean": 8.494840869923067,
      "p50": 8.438080441765184,
      "p95": 9.20583429294965,
      "p99": 9.521959975449136
    },
    "stream_event_gap": {
      "count": 10485,
      "mean": 9.99591500405311,
      "p50": 10.041016968898475,
      "p95": 10.19347917754203,
      "p99": 10.300476574338973
    }
  },
  "wall_seconds": 108.32634071400389,
  "speculative_decoding": {
    "enabled": true,
    "drafts": 10542.0,
    "draft_tokens": 84336.0,
    "accepted_tokens": 1958.0,
    "acceptance_rate": 0.02321665718080061,
    "mean_acceptance_length": 1.1857332574464048,
    "acceptance_rate_per_position": {
      "0": 0.13507873268829443,
      "1": 0.037089736292923545,
      "2": 0.00948586605957124,
      "3": 0.0028457598178713715,
      "4": 0.0009485866059571238,
      "5": 0.00018971732119142478,
      "6": 9.485866059571239e-05,
      "7": 0.0
    }
  }
}
{
  "requests": {
    "attempted": 64,
    "successful": 64,
    "failed": 0,
    "success_rate": 1.0,
    "requests_per_second": 3.5288201046077075
  },
  "tokens": {
    "prompt": 32336,
    "completion": 12529,
    "output_tokens_per_second": 690.8216732910932,
    "total_tokens_per_second": 2473.7580311441375
  },
  "latency_ms": {
    "e2e": {
      "count": 64,
      "mean": 1930.4578257069807,
      "p50": 1403.7127299816348,
      "p95": 4902.154032682301,
      "p99": 5169.870229946682
    },
    "ttft": {
      "count": 64,
      "mean": 60.8907576843194,
      "p50": 47.10288450587541,
      "p95": 147.0309326366987,
      "p99": 148.16862405627035
    },
    "tpot": {
      "count": 64,
      "mean": 9.668711851311937,
      "p50": 9.586722928783454,
      "p95": 10.745223454451363,
      "p99": 11.118171163951047
    },
    "stream_event_gap": {
      "count": 10452,
      "mean": 11.36744600059814,
      "p50": 10.96508401678875,
      "p95": 13.270104996627179,
      "p99": 32.65433192951605
    }
  },
  "wall_seconds": 18.136373661109246,
  "speculative_decoding": {
    "enabled": true,
    "drafts": 10509.0,
    "draft_tokens": 84072.0,
    "accepted_tokens": 1957.0,
    "acceptance_rate": 0.0232776667618232,
    "mean_acceptance_length": 1.1862213340945855,
    "acceptance_rate_per_position": {
      "0": 0.13654962413169663,
      "1": 0.03673042154343896,
      "2": 0.009230183652107718,
      "3": 0.0028546959748786756,
      "4": 0.0007612522599676468,
      "5": 9.515653249595585e-05,
      "6": 0.0,
      "7": 0.0
    }
  }
}
{
  "requests": {
    "attempted": 64,
    "successful": 64,
    "failed": 0,
    "success_rate": 1.0,
    "requests_per_second": 0.4762153624538625
  },
  "tokens": {
    "prompt": 175660,
    "completion": 14259,
    "output_tokens_per_second": 106.0992945817129,
    "total_tokens_per_second": 1413.1616472167987
  },
  "latency_ms": {
    "e2e": {
      "count": 64,
      "mean": 2099.7203877814172,
      "p50": 2008.691119030118,
      "p95": 2947.471203049645,
      "p99": 4345.0894147425415
    },
    "ttft": {
      "count": 64,
      "mean": 92.23579845456698,
      "p50": 89.42093950463459,
      "p95": 116.40807575313372,
      "p99": 123.92405061749741
    },
    "tpot": {
      "count": 64,
      "mean": 8.997790114113597,
      "p50": 9.048062231052814,
      "p95": 9.808216457940446,
      "p99": 9.891598408201583
    },
    "stream_event_gap": {
      "count": 12572,
      "mean": 10.145935568859773,
      "p50": 10.147478431463242,
      "p95": 10.383738810196519,
      "p99": 10.767797193257138
    }
  },
  "wall_seconds": 134.39297646807972,
  "speculative_decoding": {
    "enabled": true,
    "drafts": 12628.0,
    "draft_tokens": 101024.0,
    "accepted_tokens": 1586.0,
    "acceptance_rate": 0.015699239784605638,
    "mean_acceptance_length": 1.125593918276845,
    "acceptance_rate_per_position": {
      "0": 0.1067469116249604,
      "1": 0.016312955337345583,
      "2": 0.0021381057966423822,
      "3": 0.0003167564143173899,
      "4": 7.918910357934748e-05,
      "5": 0.0,
      "6": 0.0,
      "7": 0.0
    }
  }
}
{
  "requests": {
    "attempted": 64,
    "successful": 64,
    "failed": 0,
    "success_rate": 1.0,
    "requests_per_second": 2.4911246392344624
  },
  "tokens": {
    "prompt": 175660,
    "completion": 14058,
    "output_tokens_per_second": 547.1910965368448,
    "total_tokens_per_second": 7384.549754785683
  },
  "latency_ms": {
    "e2e": {
      "count": 64,
      "mean": 2993.991649174859,
      "p50": 3016.598155547399,
      "p95": 4062.5510116748046,
      "p99": 4827.187048863849
    },
    "ttft": {
      "count": 64,
      "mean": 181.34011692563945,
      "p50": 126.02152500767261,
      "p95": 629.8793864785694,
      "p99": 775.144606261747
    },
    "tpot": {
      "count": 64,
      "mean": 12.947561881376451,
      "p50": 12.95647796140976,
      "p95": 14.352942895638904,
      "p99": 15.024928302073985
    },
    "stream_event_gap": {
      "count": 12405,
      "mean": 14.400644319164629,
      "p50": 12.09752808790654,
      "p95": 33.729878719896064,
      "p99": 74.00679497979573
    }
  },
  "wall_seconds": 25.69120749400463,
  "speculative_decoding": {
    "enabled": true,
    "drafts": 12461.0,
    "draft_tokens": 99688.0,
    "accepted_tokens": 1547.0,
    "acceptance_rate": 0.015518417462482947,
    "mean_acceptance_length": 1.1241473396998636,
    "acceptance_rate_per_position": {
      "0": 0.10617125431345799,
      "1": 0.015648824331915577,
      "2": 0.001845758767354145,
      "3": 0.0004012519059465532,
      "4": 8.025038118931065e-05,
      "5": 0.0,
      "6": 0.0,
      "7": 0.0
    }
  }
}
