loadtest opb concurrency=1 requests=128
loadtest opb concurrency=8 requests=128
loadtest opb concurrency=32 requests=128
loadtest opb concurrency=64 requests=256
loadtest opb concurrency=128 requests=512
loadtest opb concurrency=256 requests=1024
{
  "workload": "opb",
  "variant": "eagle-e3-k7",
  "levels": [
    {
      "concurrency": 1,
      "requests": 128,
      "success_rate": 1.0,
      "warmup_failed": 0,
      "output_tokens_per_second": 448.85568924330136,
      "ttft_p50_ms": 33.34675548831001,
      "ttft_p95_ms": 93.69106587255354,
      "tpot_p50_ms": 1.7648732061227177,
      "tpot_p95_ms": 3.3116150524504344,
      "e2e_p95_ms": 2796.0539234045427,
      "kv_cache_usage_mean": 0.0024897089875021926,
      "kv_cache_usage_max": 0.01039976397698772,
      "kv_cache_tokens_peak": 4512,
      "kv_cache_size_tokens": 433872,
      "running_max": 1.0,
      "waiting_max": 0.0,
      "preemptions": 0.0,
      "mean_acceptance_length": 4.5217519106408,
      "acceptance_rate": 0.5031074158058285
    },
    {
      "concurrency": 8,
      "requests": 128,
      "success_rate": 1.0,
      "warmup_failed": 0,
      "output_tokens_per_second": 2824.0548043305116,
      "ttft_p50_ms": 37.80499455751851,
      "ttft_p95_ms": 138.6833869793918,
      "tpot_p50_ms": 2.143686680636198,
      "tpot_p95_ms": 4.033124741809061,
      "e2e_p95_ms": 3424.5223968056953,
      "kv_cache_usage_mean": 0.01802022288082179,
      "kv_cache_usage_max": 0.03680483847175098,
      "kv_cache_tokens_peak": 15969,
      "kv_cache_size_tokens": 433872,
      "running_max": 8.0,
      "waiting_max": 0.0,
      "preemptions": 0.0,
      "mean_acceptance_length": 4.511930107921591,
      "acceptance_rate": 0.501704301131656
    },
    {
      "concurrency": 32,
      "requests": 128,
      "success_rate": 1.0,
      "warmup_failed": 0,
      "output_tokens_per_second": 5744.3630926168735,
      "ttft_p50_ms": 72.7518069325015,
      "ttft_p95_ms": 692.1433289011475,
      "tpot_p50_ms": 3.724529789455698,
      "tpot_p95_ms": 7.749699871486465,
      "e2e_p95_ms": 5592.149774276184,
      "kv_cache_usage_mean": 0.062036503104507236,
      "kv_cache_usage_max": 0.09743324974184986,
      "kv_cache_tokens_peak": 42274,
      "kv_cache_size_tokens": 433872,
      "running_max": 32.0,
      "waiting_max": 0.0,
      "preemptions": 0.0,
      "mean_acceptance_length": 4.491657559198543,
      "acceptance_rate": 0.49880822274264897
    },
    {
      "concurrency": 64,
      "requests": 256,
      "success_rate": 1.0,
      "warmup_failed": 0,
      "output_tokens_per_second": 6950.832135826237,
      "ttft_p50_ms": 127.24805402103812,
      "ttft_p95_ms": 1092.749005445512,
      "tpot_p50_ms": 6.2420225976990285,
      "tpot_p95_ms": 12.810306000472506,
      "e2e_p95_ms": 9443.419100542087,
      "kv_cache_usage_mean": 0.12946026126436216,
      "kv_cache_usage_max": 0.18118454049269805,
      "kv_cache_tokens_peak": 78611,
      "kv_cache_size_tokens": 433872,
      "running_max": 64.0,
      "waiting_max": 1.0,
      "preemptions": 0.0,
      "mean_acceptance_length": 4.534676110373322,
      "acceptance_rate": 0.5049537300533317
    },
    {
      "concurrency": 128,
      "requests": 512,
      "success_rate": 1.0,
      "warmup_failed": 0,
      "output_tokens_per_second": 7966.166612196259,
      "ttft_p50_ms": 226.30272450624034,
      "ttft_p95_ms": 2042.2684695979115,
      "tpot_p50_ms": 11.320516034521061,
      "tpot_p95_ms": 25.07212437160301,
      "e2e_p95_ms": 17564.1161519452,
      "kv_cache_usage_mean": 0.26938029683700615,
      "kv_cache_usage_max": 0.35510399763976985,
      "kv_cache_tokens_peak": 154070,
      "kv_cache_size_tokens": 433872,
      "running_max": 128.0,
      "waiting_max": 68.0,
      "preemptions": 0.0,
      "mean_acceptance_length": 4.521329101150395,
      "acceptance_rate": 0.5030470144500565
    },
    {
      "concurrency": 256,
      "requests": 1024,
      "success_rate": 1.0,
      "warmup_failed": 0,
      "output_tokens_per_second": 8558.791077212438,
      "ttft_p50_ms": 430.76960352482274,
      "ttft_p95_ms": 3702.738226065412,
      "tpot_p50_ms": 21.462807728669226,
      "tpot_p95_ms": 47.207281981787006,
      "e2e_p95_ms": 33225.03502387553,
      "kv_cache_usage_mean": 0.5445410776688658,
      "kv_cache_usage_max": 0.696931700840832,
      "kv_cache_tokens_peak": 302379,
      "kv_cache_size_tokens": 433872,
      "running_max": 256.0,
      "waiting_max": 128.0,
      "preemptions": 0.0,
      "mean_acceptance_length": 4.520853967205898,
      "acceptance_rate": 0.5029791381722712
    }
  ]
}
