loadtest opb concurrency=1 requests=128
loadtest opb concurrency=8 requests=128
loadtest opb concurrency=32 requests=128
loadtest opb concurrency=64 requests=256
loadtest opb concurrency=128 requests=512
loadtest opb concurrency=256 requests=1024
{
  "workload": "opb",
  "variant": "dspark-e10-k3",
  "levels": [
    {
      "concurrency": 1,
      "requests": 128,
      "success_rate": 1.0,
      "warmup_failed": 0,
      "output_tokens_per_second": 418.7645566993916,
      "ttft_p50_ms": 27.634925507300068,
      "ttft_p95_ms": 89.3906513971158,
      "tpot_p50_ms": 2.160055537692741,
      "tpot_p95_ms": 2.9308707153229214,
      "e2e_p95_ms": 2605.68284980327,
      "kv_cache_usage_mean": 0.003167517502905575,
      "kv_cache_usage_max": 0.012887680567547966,
      "kv_cache_tokens_peak": 4418,
      "kv_cache_size_tokens": 342789,
      "running_max": 1.0,
      "waiting_max": 0.0,
      "preemptions": 0.0,
      "mean_acceptance_length": 3.2710365041300293,
      "acceptance_rate": 0.7570121680433431
    },
    {
      "concurrency": 8,
      "requests": 128,
      "success_rate": 1.0,
      "warmup_failed": 0,
      "output_tokens_per_second": 2730.274157249372,
      "ttft_p50_ms": 29.25504499580711,
      "ttft_p95_ms": 133.12867545464542,
      "tpot_p50_ms": 2.501918195197258,
      "tpot_p95_ms": 3.4084309313556007,
      "e2e_p95_ms": 2992.3185054045443,
      "kv_cache_usage_mean": 0.02283620797241807,
      "kv_cache_usage_max": 0.04554736178852303,
      "kv_cache_tokens_peak": 15613,
      "kv_cache_size_tokens": 342789,
      "running_max": 8.0,
      "waiting_max": 0.0,
      "preemptions": 0.0,
      "mean_acceptance_length": 3.2642481542465607,
      "acceptance_rate": 0.7547493847488536
    },
    {
      "concurrency": 32,
      "requests": 128,
      "success_rate": 1.0,
      "warmup_failed": 0,
      "output_tokens_per_second": 5947.458157664928,
      "ttft_p50_ms": 52.32517400145298,
      "ttft_p95_ms": 613.4515978941621,
      "tpot_p50_ms": 4.0321803684446245,
      "tpot_p95_ms": 5.952880936952971,
      "e2e_p95_ms": 4716.715365600248,
      "kv_cache_usage_mean": 0.06974802752030822,
      "kv_cache_usage_max": 0.11066252829572243,
      "kv_cache_tokens_peak": 37934,
      "kv_cache_size_tokens": 342789,
      "running_max": 32.0,
      "waiting_max": 0.0,
      "preemptions": 0.0,
      "mean_acceptance_length": 3.2644732679531794,
      "acceptance_rate": 0.7548244226510598
    },
    {
      "concurrency": 64,
      "requests": 256,
      "success_rate": 1.0,
      "warmup_failed": 0,
      "output_tokens_per_second": 7785.291005002732,
      "ttft_p50_ms": 80.95754950045375,
      "ttft_p95_ms": 1026.334555754147,
      "tpot_p50_ms": 6.461429035076268,
      "tpot_p95_ms": 9.457138813129916,
      "e2e_p95_ms": 7457.780335993448,
      "kv_cache_usage_mean": 0.15925168024083453,
      "kv_cache_usage_max": 0.21422487223168651,
      "kv_cache_tokens_peak": 73434,
      "kv_cache_size_tokens": 342789,
      "running_max": 64.0,
      "waiting_max": 10.0,
      "preemptions": 0.0,
      "mean_acceptance_length": 3.2780234621190054,
      "acceptance_rate": 0.7593411540396685
    },
    {
      "concurrency": 128,
      "requests": 512,
      "success_rate": 1.0,
      "warmup_failed": 0,
      "output_tokens_per_second": 8834.10372384536,
      "ttft_p50_ms": 150.3858235082589,
      "ttft_p95_ms": 1836.7078767005246,
      "tpot_p50_ms": 12.085247890629773,
      "tpot_p95_ms": 18.790715263344165,
      "e2e_p95_ms": 13959.617523851917,
      "kv_cache_usage_mean": 0.32701916441356593,
      "kv_cache_usage_max": 0.44239924389162444,
      "kv_cache_tokens_peak": 151650,
      "kv_cache_size_tokens": 342789,
      "running_max": 128.0,
      "waiting_max": 51.0,
      "preemptions": 0.0,
      "mean_acceptance_length": 3.2776548082564405,
      "acceptance_rate": 0.7592182694188134
    },
    {
      "concurrency": 256,
      "requests": 1024,
      "success_rate": 1.0,
      "warmup_failed": 0,
      "output_tokens_per_second": 9427.423157312694,
      "ttft_p50_ms": 288.2203760018456,
      "ttft_p95_ms": 3824.624173495249,
      "tpot_p50_ms": 23.195148234085515,
      "tpot_p95_ms": 35.42612144275651,
      "e2e_p95_ms": 27175.215377799006,
      "kv_cache_usage_mean": 0.65855676735049,
      "kv_cache_usage_max": 0.8762922685584934,
      "kv_cache_tokens_peak": 300383,
      "kv_cache_size_tokens": 342789,
      "running_max": 255.0,
      "waiting_max": 183.0,
      "preemptions": 0.0,
      "mean_acceptance_length": 3.2720759281659997,
      "acceptance_rate": 0.7573586427219999
    }
  ]
}
