loadtest summarization concurrency=1 requests=128
loadtest summarization concurrency=8 requests=128
loadtest summarization concurrency=32 requests=128
loadtest summarization concurrency=64 requests=256
loadtest summarization concurrency=128 requests=512
loadtest summarization concurrency=256 requests=1024
{
  "workload": "summarization",
  "variant": "dspark-e10-k5-greedy-uniform-cgfull-fit",
  "levels": [
    {
      "concurrency": 1,
      "requests": 128,
      "success_rate": 1.0,
      "warmup_failed": 0,
      "output_tokens_per_second": 235.15470717052867,
      "ttft_p50_ms": 84.38848849618807,
      "ttft_p95_ms": 125.5882742581889,
      "tpot_p50_ms": 3.8058573133216287,
      "tpot_p95_ms": 5.067747481475635,
      "e2e_p95_ms": 1498.995526845101,
      "kv_cache_usage_mean": 0.007251271487096925,
      "kv_cache_usage_max": 0.011337312770960617,
      "kv_cache_tokens_peak": 3886,
      "kv_cache_size_tokens": 342743,
      "running_max": 1.0,
      "waiting_max": 0.0,
      "preemptions": 0.0,
      "mean_acceptance_length": 2.055186076128485,
      "acceptance_rate": 0.26340050511294394
    },
    {
      "concurrency": 8,
      "requests": 128,
      "success_rate": 1.0,
      "warmup_failed": 0,
      "output_tokens_per_second": 1005.4095817306629,
      "ttft_p50_ms": 112.73529555182904,
      "ttft_p95_ms": 436.6354703961379,
      "tpot_p50_ms": 7.17102298797892,
      "tpot_p95_ms": 8.570024143488467,
      "e2e_p95_ms": 2456.799328705528,
      "kv_cache_usage_mean": 0.057037077789086475,
      "kv_cache_usage_max": 0.07696302390580056,
      "kv_cache_tokens_peak": 26379,
      "kv_cache_size_tokens": 342743,
      "running_max": 8.0,
      "waiting_max": 0.0,
      "preemptions": 0.0,
      "mean_acceptance_length": 2.012816505157862,
      "acceptance_rate": 0.2870177614386322
    },
    {
      "concurrency": 32,
      "requests": 128,
      "success_rate": 1.0,
      "warmup_failed": 0,
      "output_tokens_per_second": 1554.7316510005974,
      "ttft_p50_ms": 223.02890697028488,
      "ttft_p95_ms": 2490.11495183222,
      "tpot_p50_ms": 18.24893051242133,
      "tpot_p95_ms": 24.459376972753375,
      "e2e_p95_ms": 6362.972326017914,
      "kv_cache_usage_mean": 0.21588870541204816,
      "kv_cache_usage_max": 0.2829601881188697,
      "kv_cache_tokens_peak": 96983,
      "kv_cache_size_tokens": 342743,
      "running_max": 32.0,
      "waiting_max": 18.0,
      "preemptions": 0.0,
      "mean_acceptance_length": 1.8906478324403313,
      "acceptance_rate": 0.35638643451143454
    },
    {
      "concurrency": 64,
      "requests": 256,
      "success_rate": 1.0,
      "warmup_failed": 0,
      "output_tokens_per_second": 1712.330910364115,
      "ttft_p50_ms": 288.9138909522444,
      "ttft_p95_ms": 4576.4075290062465,
      "tpot_p50_ms": 34.383958608367976,
      "tpot_p95_ms": 44.6802455482255,
      "e2e_p95_ms": 12611.864883743692,
      "kv_cache_usage_mean": 0.43037566662122473,
      "kv_cache_usage_max": 0.542317993243125,
      "kv_cache_tokens_peak": 185876,
      "kv_cache_size_tokens": 342743,
      "running_max": 64.0,
      "waiting_max": 48.0,
      "preemptions": 0.0,
      "mean_acceptance_length": 1.8042335115864527,
      "acceptance_rate": 0.42039180973234874
    },
    {
      "concurrency": 128,
      "requests": 512,
      "success_rate": 1.0,
      "warmup_failed": 0,
      "output_tokens_per_second": 1750.812096270978,
      "ttft_p50_ms": 844.1496789455414,
      "ttft_p95_ms": 8523.192288068822,
      "tpot_p50_ms": 68.31601616738195,
      "tpot_p95_ms": 81.75296730232151,
      "e2e_p95_ms": 26393.0471267784,
      "kv_cache_usage_mean": 0.8791625787267078,
      "kv_cache_usage_max": 0.9993348154112767,
      "kv_cache_tokens_peak": 342515,
      "kv_cache_size_tokens": 342743,
      "running_max": 128.0,
      "waiting_max": 102.0,
      "preemptions": 14.0,
      "mean_acceptance_length": 1.7288570723278203,
      "acceptance_rate": 0.45348569322213517
    },
    {
      "concurrency": 256,
      "requests": 1024,
      "success_rate": 1.0,
      "warmup_failed": 0,
      "output_tokens_per_second": 1769.0563280976721,
      "ttft_p50_ms": 16101.987790490966,
      "ttft_p95_ms": 22360.414038336603,
      "tpot_p50_ms": 69.41838663937835,
      "tpot_p95_ms": 81.2792388020156,
      "e2e_p95_ms": 41401.59775571663,
      "kv_cache_usage_mean": 0.9310478524457203,
      "kv_cache_usage_max": 1.0,
      "kv_cache_tokens_peak": 342743,
      "kv_cache_size_tokens": 342743,
      "running_max": 130.0,
      "waiting_max": 232.0,
      "preemptions": 30.0,
      "mean_acceptance_length": 1.6919317793089967,
      "acceptance_rate": 0.48681869364529523
    }
  ]
}
