{
  "requests": {
    "attempted": 64,
    "successful": 64,
    "failed": 0,
    "success_rate": 1.0,
    "requests_per_second": 0.7356327026810482
  },
  "tokens": {
    "prompt": 36013,
    "completion": 11655,
    "output_tokens_per_second": 133.96561171480653,
    "total_tokens_per_second": 547.9084323656282
  },
  "latency_ms": {
    "e2e": {
      "count": 64,
      "mean": 1359.1833636692172,
      "p50": 1647.805571963545,
      "p95": 2058.5763313691127,
      "p99": 2193.843626882881
    },
    "ttft": {
      "count": 64,
      "mean": 39.684661765932105,
      "p50": 40.28516850667074,
      "p95": 56.40465219039469,
      "p99": 62.96786527265793
    },
    "tpot": {
      "count": 64,
      "mean": 7.281625417637791,
      "p50": 7.212639627152353,
      "p95": 8.42235026014648,
      "p99": 8.468647916839222
    },
    "stream_event_gap": {
      "count": 9787,
      "mean": 8.570627757890813,
      "p50": 8.606599061749876,
      "p95": 8.84066236903891,
      "p99": 8.986684314440934
    }
  },
  "wall_seconds": 86.99993864702992,
  "speculative_decoding": {
    "enabled": true,
    "drafts": 9821.0,
    "draft_tokens": 49105.0,
    "accepted_tokens": 1791.0,
    "acceptance_rate": 0.03647286427044089,
    "mean_acceptance_length": 1.1823643213522044,
    "acceptance_rate_per_position": {
      "0": 0.1485592098564301,
      "1": 0.026168414621728947,
      "2": 0.005702066999287242,
      "3": 0.0015273393748090826,
      "4": 0.0004072904999490887
    }
  }
}
{
  "requests": {
    "attempted": 64,
    "successful": 64,
    "failed": 0,
    "success_rate": 1.0,
    "requests_per_second": 4.73316818246617
  },
  "tokens": {
    "prompt": 36013,
    "completion": 11654,
    "output_tokens_per_second": 861.8803437259492,
    "total_tokens_per_second": 3525.2488711502333
  },
  "latency_ms": {
    "e2e": {
      "count": 64,
      "mean": 1549.8695538462925,
      "p50": 1847.4054150283337,
      "p95": 2316.957109287614,
      "p99": 2481.242412319407
    },
    "ttft": {
      "count": 64,
      "mean": 61.3112080081919,
      "p50": 49.84595801215619,
      "p95": 154.35303944977932,
      "p99": 155.006321282126
    },
    "tpot": {
      "count": 64,
      "mean": 8.21312006632776,
      "p50": 8.215432346682203,
      "p95": 9.44852033275706,
      "p99": 9.72525370544149
    },
    "stream_event_gap": {
      "count": 9753,
      "mean": 9.723124608895851,
      "p50": 9.09084000159055,
      "p95": 13.816599221900084,
      "p99": 32.372172810137265
    }
  },
  "wall_seconds": 13.521598543040454,
  "speculative_decoding": {
    "enabled": true,
    "drafts": 9782.0,
    "draft_tokens": 48910.0,
    "accepted_tokens": 1823.0,
    "acceptance_rate": 0.03727254140257616,
    "mean_acceptance_length": 1.1863627070128808,
    "acceptance_rate_per_position": {
      "0": 0.150889388673073,
      "1": 0.02760171744019628,
      "2": 0.006031486403598446,
      "3": 0.0014312001635657329,
      "4": 0.0004089143324473523
    }
  }
}
{
  "requests": {
    "attempted": 64,
    "successful": 64,
    "failed": 0,
    "success_rate": 1.0,
    "requests_per_second": 0.686068393684743
  },
  "tokens": {
    "prompt": 32336,
    "completion": 12562,
    "output_tokens_per_second": 134.66236189793347,
    "total_tokens_per_second": 481.2984178071499
  },
  "latency_ms": {
    "e2e": {
      "count": 64,
      "mean": 1457.3958623986982,
      "p50": 1040.9932699985802,
      "p95": 3617.9356617562007,
      "p99": 4043.507942436262
    },
    "ttft": {
      "count": 64,
      "mean": 40.11327187618008,
      "p50": 41.92032845458016,
      "p95": 52.58643086999655,
      "p99": 57.27979420218617
    },
    "tpot": {
      "count": 64,
      "mean": 7.290564860067742,
      "p50": 7.247368040472302,
      "p95": 7.895082092250326,
      "p99": 8.175227778119734
    },
    "stream_event_gap": {
      "count": 10485,
      "mean": 8.577955281173185,
      "p50": 8.615270955488086,
      "p95": 8.850584528408945,
      "p99": 8.976204986684024
    }
  },
  "wall_seconds": 93.28516018099617,
  "speculative_decoding": {
    "enabled": true,
    "drafts": 10542.0,
    "draft_tokens": 52710.0,
    "accepted_tokens": 1958.0,
    "acceptance_rate": 0.03714665148928097,
    "mean_acceptance_length": 1.1857332574464048,
    "acceptance_rate_per_position": {
      "0": 0.13507873268829443,
      "1": 0.03718459495351926,
      "2": 0.009580724720166951,
      "3": 0.002940618478467084,
      "4": 0.0009485866059571238
    }
  }
}
{
  "requests": {
    "attempted": 64,
    "successful": 64,
    "failed": 0,
    "success_rate": 1.0,
    "requests_per_second": 4.1190542196709075
  },
  "tokens": {
    "prompt": 32336,
    "completion": 12707,
    "output_tokens_per_second": 817.8253432712222,
    "total_tokens_per_second": 2898.977487759948
  },
  "latency_ms": {
    "e2e": {
      "count": 64,
      "mean": 1653.263295378565,
      "p50": 1197.645643434953,
      "p95": 4125.139703851891,
      "p99": 4449.2000701255165
    },
    "ttft": {
      "count": 64,
      "mean": 55.581696489753085,
      "p50": 44.55801349831745,
      "p95": 147.73728908621706,
      "p99": 148.57767191599123
    },
    "tpot": {
      "count": 64,
      "mean": 8.173601313134311,
      "p50": 8.127360680486046,
      "p95": 9.076619861223614,
      "p99": 9.460963073768653
    },
    "stream_event_gap": {
      "count": 10574,
      "mean": 9.585915023283246,
      "p50": 9.099669987335801,
      "p95": 13.208159385249028,
      "p99": 32.250190156046315
    }
  },
  "wall_seconds": 15.537547355983406,
  "speculative_decoding": {
    "enabled": true,
    "drafts": 10631.0,
    "draft_tokens": 53155.0,
    "accepted_tokens": 2013.0,
    "acceptance_rate": 0.037870379080048915,
    "mean_acceptance_length": 1.1893518954002447,
    "acceptance_rate_per_position": {
      "0": 0.13808672749506162,
      "1": 0.03753174677828991,
      "2": 0.009594581883171856,
      "3": 0.0031041294327908944,
      "4": 0.0010347098109302981
    }
  }
}
{
  "requests": {
    "attempted": 64,
    "successful": 64,
    "failed": 0,
    "success_rate": 1.0,
    "requests_per_second": 0.5508537114772353
  },
  "tokens": {
    "prompt": 175660,
    "completion": 14272,
    "output_tokens_per_second": 122.84037765942347,
    "total_tokens_per_second": 1634.7616738795975
  },
  "latency_ms": {
    "e2e": {
      "count": 64,
      "mean": 1815.1539495975157,
      "p50": 1737.6284995116293,
      "p95": 2543.3549227891485,
      "p99": 3736.8951551930504
    },
    "ttft": {
      "count": 64,
      "mean": 90.29973260658153,
      "p50": 91.27975447336212,
      "p95": 116.71288286452179,
      "p99": 125.15760546782982
    },
    "tpot": {
      "count": 64,
      "mean": 7.7225463250447275,
      "p50": 7.76293493135633,
      "p95": 8.433136696136188,
      "p99": 8.48553959947907
    },
    "stream_event_gap": {
      "count": 12576,
      "mean": 8.717293238277152,
      "p50": 8.707202970981598,
      "p95": 8.955843019066378,
      "p99": 9.349094791105017
    }
  },
  "wall_seconds": 116.1832963390043,
  "speculative_decoding": {
    "enabled": true,
    "drafts": 12632.0,
    "draft_tokens": 63160.0,
    "accepted_tokens": 1595.0,
    "acceptance_rate": 0.02525332488917036,
    "mean_acceptance_length": 1.1262666244458517,
    "acceptance_rate_per_position": {
      "0": 0.10734642178594046,
      "1": 0.016386953768207726,
      "2": 0.002137428752374921,
      "3": 0.00031665611146295124,
      "4": 7.916402786573781e-05
    }
  }
}
{
  "requests": {
    "attempted": 64,
    "successful": 64,
    "failed": 0,
    "success_rate": 1.0,
    "requests_per_second": 2.6821392024408857
  },
  "tokens": {
    "prompt": 175660,
    "completion": 14190,
    "output_tokens_per_second": 594.6805512911901,
    "total_tokens_per_second": 7956.314493490659
  },
  "latency_ms": {
    "e2e": {
      "count": 64,
      "mean": 2720.9833624165185,
      "p50": 2599.937635997776,
      "p95": 4737.313471210651,
      "p99": 5169.554970458848
    },
    "ttft": {
      "count": 64,
      "mean": 174.18939580238657,
      "p50": 117.5503705162555,
      "p95": 632.2306873858906,
      "p99": 777.8309469111264
    },
    "tpot": {
      "count": 64,
      "mean": 11.518465398448082,
      "p50": 11.51139539011565,
      "p95": 13.614068007097195,
      "p99": 15.230817370422107
    },
    "stream_event_gap": {
      "count": 12481,
      "mean": 12.978546429832452,
      "p50": 10.14763698913157,
      "p95": 32.275747042149305,
      "p99": 75.79867632593965
    }
  },
  "wall_seconds": 23.86155048990622,
  "speculative_decoding": {
    "enabled": true,
    "drafts": 12535.0,
    "draft_tokens": 62675.0,
    "accepted_tokens": 1607.0,
    "acceptance_rate": 0.025640207419226166,
    "mean_acceptance_length": 1.1282010370961308,
    "acceptance_rate_per_position": {
      "0": 0.10873554048663742,
      "1": 0.016673314718787396,
      "2": 0.002313522138013562,
      "3": 0.00039888312724371757,
      "4": 7.977662544874351e-05
    }
  }
}
