{
  "requests": {
    "attempted": 64,
    "successful": 64,
    "failed": 0,
    "success_rate": 1.0,
    "requests_per_second": 0.8539347049614185
  },
  "tokens": {
    "prompt": 36013,
    "completion": 11456,
    "output_tokens_per_second": 152.85431218809393,
    "total_tokens_per_second": 633.3660392158372
  },
  "latency_ms": {
    "e2e": {
      "count": 64,
      "mean": 1170.884239143561,
      "p50": 1388.8090925174765,
      "p95": 1782.4118690390603,
      "p99": 1921.361045031808
    },
    "ttft": {
      "count": 64,
      "mean": 36.9976587844576,
      "p50": 32.62930252822116,
      "p95": 52.47810072032734,
      "p99": 60.95461288699879
    },
    "tpot": {
      "count": 64,
      "mean": 6.372632135402526,
      "p50": 6.327155209602971,
      "p95": 7.359438367888547,
      "p99": 7.412769539582195
    },
    "stream_event_gap": {
      "count": 9619,
      "mean": 7.490832429786455,
      "p50": 7.515243021771312,
      "p95": 7.746511837467551,
      "p99": 7.932759842369705
    }
  },
  "wall_seconds": 74.94718229409773,
  "speculative_decoding": {
    "enabled": true,
    "drafts": 9653.0,
    "draft_tokens": 28959.0,
    "accepted_tokens": 1758.0,
    "acceptance_rate": 0.060706516108981666,
    "mean_acceptance_length": 1.1821195483269449,
    "acceptance_rate_per_position": {
      "0": 0.15000517973686936,
      "1": 0.026520252771159224,
      "2": 0.005594115818916399
    }
  }
}
{
  "requests": {
    "attempted": 64,
    "successful": 64,
    "failed": 0,
    "success_rate": 1.0,
    "requests_per_second": 5.485928060428504
  },
  "tokens": {
    "prompt": 36013,
    "completion": 11571,
    "output_tokens_per_second": 991.8386498002847,
    "total_tokens_per_second": 4078.7875129285926
  },
  "latency_ms": {
    "e2e": {
      "count": 64,
      "mean": 1342.9109901535412,
      "p50": 1627.449389488902,
      "p95": 2047.0390127564312,
      "p99": 2225.7832184946164
    },
    "ttft": {
      "count": 64,
      "mean": 57.43496814829996,
      "p50": 49.721256480552256,
      "p95": 147.74061618954875,
      "p99": 148.634372780798
    },
    "tpot": {
      "count": 64,
      "mean": 7.133333223728533,
      "p50": 7.099421831972555,
      "p95": 8.36216750829176,
      "p99": 8.549358838595627
    },
    "stream_event_gap": {
      "count": 9679,
      "mean": 8.451572964571225,
      "p50": 7.881405996158719,
      "p95": 11.628507287241522,
      "p99": 32.9745049960911
    }
  },
  "wall_seconds": 11.666212041978724,
  "speculative_decoding": {
    "enabled": true,
    "drafts": 9710.0,
    "draft_tokens": 29130.0,
    "accepted_tokens": 1822.0,
    "acceptance_rate": 0.06254720219704772,
    "mean_acceptance_length": 1.1876416065911433,
    "acceptance_rate_per_position": {
      "0": 0.15458290422245108,
      "1": 0.027188465499485066,
      "2": 0.005870236869207003
    }
  }
}
{
  "requests": {
    "attempted": 64,
    "successful": 64,
    "failed": 0,
    "success_rate": 1.0,
    "requests_per_second": 0.7784295372485899
  },
  "tokens": {
    "prompt": 32336,
    "completion": 12664,
    "output_tokens_per_second": 154.03174468306474,
    "total_tokens_per_second": 547.3332683779148
  },
  "latency_ms": {
    "e2e": {
      "count": 64,
      "mean": 1284.482836133975,
      "p50": 909.6751890028827,
      "p95": 3162.1548194962083,
      "p99": 3635.7801278925035
    },
    "ttft": {
      "count": 64,
      "mean": 34.61780577163154,
      "p50": 32.884287007618695,
      "p95": 45.62401222647167,
      "p99": 50.235056276433156
    },
    "tpot": {
      "count": 64,
      "mean": 6.373213076172905,
      "p50": 6.3419818155307155,
      "p95": 6.975279080851893,
      "p99": 7.1868210296558805
    },
    "stream_event_gap": {
      "count": 10561,
      "mean": 7.50779011420175,
      "p50": 7.514249999076128,
      "p95": 7.719588000327349,
      "p99": 8.039167337119578
    }
  },
  "wall_seconds": 82.21681852696929,
  "speculative_decoding": {
    "enabled": true,
    "drafts": 10618.0,
    "draft_tokens": 31854.0,
    "accepted_tokens": 1982.0,
    "acceptance_rate": 0.06222138506937904,
    "mean_acceptance_length": 1.1866641552081372,
    "acceptance_rate_per_position": {
      "0": 0.1389150499152383,
      "1": 0.03786023733283104,
      "2": 0.009888867960067809
    }
  }
}
{
  "requests": {
    "attempted": 64,
    "successful": 64,
    "failed": 0,
    "success_rate": 1.0,
    "requests_per_second": 4.844702513987842
  },
  "tokens": {
    "prompt": 32336,
    "completion": 12366,
    "output_tokens_per_second": 936.0873638745884,
    "total_tokens_per_second": 3383.8733090669457
  },
  "latency_ms": {
    "e2e": {
      "count": 64,
      "mean": 1405.0112070544856,
      "p50": 1037.6538940472528,
      "p95": 3554.116013768362,
      "p99": 3809.682648471789
    },
    "ttft": {
      "count": 64,
      "mean": 55.08552211540518,
      "p50": 45.07393797393888,
      "p95": 147.3940537427552,
      "p99": 148.57873942353763
    },
    "tpot": {
      "count": 64,
      "mean": 7.065514030931829,
      "p50": 6.998140046151723,
      "p95": 7.9118401152322155,
      "p99": 8.331632246292427
    },
    "stream_event_gap": {
      "count": 10320,
      "mean": 8.301528829444099,
      "p50": 7.870079483836889,
      "p95": 9.75632190238679,
      "p99": 30.66981183015741
    }
  },
  "wall_seconds": 13.210305445012636,
  "speculative_decoding": {
    "enabled": true,
    "drafts": 10377.0,
    "draft_tokens": 31131.0,
    "accepted_tokens": 1926.0,
    "acceptance_rate": 0.06186759178953455,
    "mean_acceptance_length": 1.1856027753686036,
    "acceptance_rate_per_position": {
      "0": 0.1391538980437506,
      "1": 0.03690854774983136,
      "2": 0.009540329575021683
    }
  }
}
{
  "requests": {
    "attempted": 64,
    "successful": 64,
    "failed": 0,
    "success_rate": 1.0,
    "requests_per_second": 0.6327937227978707
  },
  "tokens": {
    "prompt": 175660,
    "completion": 14083,
    "output_tokens_per_second": 139.2442812212877,
    "total_tokens_per_second": 1876.0653022630686
  },
  "latency_ms": {
    "e2e": {
      "count": 64,
      "mean": 1580.1544540063333,
      "p50": 1538.0286184954457,
      "p95": 2334.4997388136103,
      "p99": 2945.715596566442
    },
    "ttft": {
      "count": 64,
      "mean": 93.2488714770443,
      "p50": 91.68823144864291,
      "p95": 113.09346769703552,
      "p99": 119.76749273017046
    },
    "tpot": {
      "count": 64,
      "mean": 6.751569791591157,
      "p50": 6.888795912747915,
      "p95": 7.332450556968709,
      "p99": 7.4410469023204175
    },
    "stream_event_gap": {
      "count": 12396,
      "mean": 7.6208339378095875,
      "p50": 7.619687938131392,
      "p95": 7.88888696115464,
      "p99": 8.21490409434773
    }
  },
  "wall_seconds": 101.13880352198612,
  "speculative_decoding": {
    "enabled": true,
    "drafts": 12451.0,
    "draft_tokens": 37353.0,
    "accepted_tokens": 1588.0,
    "acceptance_rate": 0.04251331887666319,
    "mean_acceptance_length": 1.1275399566299895,
    "acceptance_rate_per_position": {
      "0": 0.10890691510722031,
      "1": 0.016705485503172437,
      "2": 0.0019275560195968196
    }
  }
}
{
  "requests": {
    "attempted": 64,
    "successful": 64,
    "failed": 0,
    "success_rate": 1.0,
    "requests_per_second": 3.1781857046733664
  },
  "tokens": {
    "prompt": 175660,
    "completion": 13912,
    "output_tokens_per_second": 690.8581175533731,
    "total_tokens_per_second": 9413.984693849054
  },
  "latency_ms": {
    "e2e": {
      "count": 64,
      "mean": 2331.2503197666956,
      "p50": 2256.4437585533597,
      "p95": 3105.7458098628554,
      "p99": 3744.472142760639
    },
    "ttft": {
      "count": 64,
      "mean": 177.6548206798907,
      "p50": 113.61767601920292,
      "p95": 633.5784522467293,
      "p99": 777.9617743822746
    },
    "tpot": {
      "count": 64,
      "mean": 10.03456979136398,
      "p50": 10.048547192379425,
      "p95": 11.219493724844863,
      "p99": 11.852084938967668
    },
    "stream_event_gap": {
      "count": 12222,
      "mean": 11.199982415120365,
      "p50": 8.857007487677038,
      "p95": 28.818831557873626,
      "p99": 71.62670925492412
    }
  },
  "wall_seconds": 20.137275145971216,
  "speculative_decoding": {
    "enabled": true,
    "drafts": 12277.0,
    "draft_tokens": 36831.0,
    "accepted_tokens": 1589.0,
    "acceptance_rate": 0.043143004534223886,
    "mean_acceptance_length": 1.1294290136026717,
    "acceptance_rate_per_position": {
      "0": 0.11028752952675736,
      "1": 0.01694224973527735,
      "2": 0.0021992343406369635
    }
  }
}
