loadtest opb concurrency=1 requests=128
loadtest opb concurrency=8 requests=128
loadtest opb concurrency=32 requests=128
loadtest opb concurrency=64 requests=256
loadtest opb concurrency=128 requests=512
loadtest opb concurrency=256 requests=1024
{
  "workload": "opb",
  "variant": "dspark-e10-k4",
  "levels": [
    {
      "concurrency": 1,
      "requests": 128,
      "success_rate": 1.0,
      "warmup_failed": 0,
      "output_tokens_per_second": 479.6921615680607,
      "ttft_p50_ms": 27.98001450719312,
      "ttft_p95_ms": 87.52772692241687,
      "tpot_p50_ms": 1.8604781720691004,
      "tpot_p95_ms": 2.7328763729882892,
      "e2e_p95_ms": 2381.3199427910145,
      "kv_cache_usage_mean": 0.003161283147116313,
      "kv_cache_usage_max": 0.012684150646168235,
      "kv_cache_tokens_peak": 4348,
      "kv_cache_size_tokens": 342771,
      "running_max": 1.0,
      "waiting_max": 0.0,
      "preemptions": 0.0,
      "mean_acceptance_length": 3.7773545493641336,
      "acceptance_rate": 0.6943386373410334
    },
    {
      "concurrency": 8,
      "requests": 128,
      "success_rate": 1.0,
      "warmup_failed": 0,
      "output_tokens_per_second": 2988.5738317507275,
      "ttft_p50_ms": 37.58030300377868,
      "ttft_p95_ms": 135.9671507409075,
      "tpot_p50_ms": 2.1943218786107472,
      "tpot_p95_ms": 3.296846645946684,
      "e2e_p95_ms": 2829.261335716,
      "kv_cache_usage_mean": 0.022027091416513506,
      "kv_cache_usage_max": 0.04724175150967069,
      "kv_cache_tokens_peak": 16193,
      "kv_cache_size_tokens": 342771,
      "running_max": 8.0,
      "waiting_max": 0.0,
      "preemptions": 0.0,
      "mean_acceptance_length": 3.7699185013988568,
      "acceptance_rate": 0.6924796253497142
    },
    {
      "concurrency": 32,
      "requests": 128,
      "success_rate": 1.0,
      "warmup_failed": 0,
      "output_tokens_per_second": 5938.763738818832,
      "ttft_p50_ms": 63.136418524663895,
      "ttft_p95_ms": 675.5439460743219,
      "tpot_p50_ms": 3.6508562980491774,
      "tpot_p95_ms": 6.152094583304306,
      "e2e_p95_ms": 4584.671604263711,
      "kv_cache_usage_mean": 0.070165407392281,
      "kv_cache_usage_max": 0.11332886023512934,
      "kv_cache_tokens_peak": 38846,
      "kv_cache_size_tokens": 342771,
      "running_max": 32.0,
      "waiting_max": 0.0,
      "preemptions": 0.0,
      "mean_acceptance_length": 3.763045337895637,
      "acceptance_rate": 0.6907613344739093
    },
    {
      "concurrency": 64,
      "requests": 256,
      "success_rate": 1.0,
      "warmup_failed": 0,
      "output_tokens_per_second": 7707.365471025223,
      "ttft_p50_ms": 95.46250698622316,
      "ttft_p95_ms": 1060.6583735061577,
      "tpot_p50_ms": 6.192771211980672,
      "tpot_p95_ms": 10.082236590057672,
      "e2e_p95_ms": 7900.46409527713,
      "kv_cache_usage_mean": 0.16224948219026225,
      "kv_cache_usage_max": 0.22459231599521567,
      "kv_cache_tokens_peak": 76984,
      "kv_cache_size_tokens": 342771,
      "running_max": 64.0,
      "waiting_max": 0.0,
      "preemptions": 0.0,
      "mean_acceptance_length": 3.7754814610697776,
      "acceptance_rate": 0.6938703652674444
    },
    {
      "concurrency": 128,
      "requests": 512,
      "success_rate": 1.0,
      "warmup_failed": 0,
      "output_tokens_per_second": 8804.55124134936,
      "ttft_p50_ms": 168.1740904750768,
      "ttft_p95_ms": 1972.3014279064955,
      "tpot_p50_ms": 11.647023741990626,
      "tpot_p95_ms": 19.24616317119135,
      "e2e_p95_ms": 14700.492245034548,
      "kv_cache_usage_mean": 0.3321923460010919,
      "kv_cache_usage_max": 0.445392222643601,
      "kv_cache_tokens_peak": 152668,
      "kv_cache_size_tokens": 342771,
      "running_max": 128.0,
      "waiting_max": 57.0,
      "preemptions": 0.0,
      "mean_acceptance_length": 3.786215600566398,
      "acceptance_rate": 0.6965539001415995
    },
    {
      "concurrency": 256,
      "requests": 1024,
      "success_rate": 1.0,
      "warmup_failed": 0,
      "output_tokens_per_second": 9452.822609476178,
      "ttft_p50_ms": 338.8177439919673,
      "ttft_p95_ms": 3659.82656069682,
      "tpot_p50_ms": 22.08757378202835,
      "tpot_p95_ms": 36.72477014138111,
      "e2e_p95_ms": 28106.4601643622,
      "kv_cache_usage_mean": 0.6735544524905358,
      "kv_cache_usage_max": 0.875749000845999,
      "kv_cache_tokens_peak": 300181,
      "kv_cache_size_tokens": 342771,
      "running_max": 256.0,
      "waiting_max": 169.0,
      "preemptions": 0.0,
      "mean_acceptance_length": 3.7842688342219697,
      "acceptance_rate": 0.6960672085554924
    }
  ]
}
