loadtest summarization concurrency=1 requests=128
loadtest summarization concurrency=8 requests=128
loadtest summarization concurrency=32 requests=128
loadtest summarization concurrency=64 requests=256
loadtest summarization concurrency=128 requests=512
loadtest summarization concurrency=256 requests=1024
{
  "workload": "summarization",
  "variant": "eagle-e1-k7",
  "levels": [
    {
      "concurrency": 1,
      "requests": 128,
      "success_rate": 1.0,
      "warmup_failed": 0,
      "output_tokens_per_second": 191.94950808799067,
      "ttft_p50_ms": 84.01173250604188,
      "ttft_p95_ms": 120.3897930026869,
      "tpot_p50_ms": 4.772915701115892,
      "tpot_p95_ms": 6.279767777912209,
      "e2e_p95_ms": 1732.8415885931463,
      "kv_cache_usage_mean": 0.006125176197734838,
      "kv_cache_usage_max": 0.00973594925505239,
      "kv_cache_tokens_peak": 4224,
      "kv_cache_size_tokens": 433872,
      "running_max": 1.0,
      "waiting_max": 0.0,
      "preemptions": 0.0,
      "mean_acceptance_length": 2.046344357111078,
      "acceptance_rate": 0.1494777653015826
    },
    {
      "concurrency": 8,
      "requests": 128,
      "success_rate": 1.0,
      "warmup_failed": 0,
      "output_tokens_per_second": 907.7058326732412,
      "ttft_p50_ms": 107.8180960030295,
      "ttft_p95_ms": 466.14707304615695,
      "tpot_p50_ms": 8.005771264172385,
      "tpot_p95_ms": 9.583054560261331,
      "e2e_p95_ms": 2510.8628668014717,
      "kv_cache_usage_mean": 0.04803139677086258,
      "kv_cache_usage_max": 0.06652898657619122,
      "kv_cache_tokens_peak": 28865,
      "kv_cache_size_tokens": 433872,
      "running_max": 8.0,
      "waiting_max": 0.0,
      "preemptions": 0.0,
      "mean_acceptance_length": 2.0285777093866786,
      "acceptance_rate": 0.1469396727695255
    },
    {
      "concurrency": 32,
      "requests": 128,
      "success_rate": 1.0,
      "warmup_failed": 0,
      "output_tokens_per_second": 1468.3048457955772,
      "ttft_p50_ms": 245.7860750000691,
      "ttft_p95_ms": 2245.8183872469817,
      "tpot_p50_ms": 18.99399902240367,
      "tpot_p95_ms": 25.464347970255844,
      "e2e_p95_ms": 6132.9766143004235,
      "kv_cache_usage_mean": 0.17637479522674515,
      "kv_cache_usage_max": 0.22403746865319374,
      "kv_cache_tokens_peak": 97204,
      "kv_cache_size_tokens": 433872,
      "running_max": 32.0,
      "waiting_max": 15.0,
      "preemptions": 0.0,
      "mean_acceptance_length": 2.034336991990507,
      "acceptance_rate": 0.14776242742721532
    },
    {
      "concurrency": 64,
      "requests": 256,
      "success_rate": 1.0,
      "warmup_failed": 0,
      "output_tokens_per_second": 1618.2728448334765,
      "ttft_p50_ms": 352.96448699227767,
      "ttft_p95_ms": 4666.9028684955265,
      "tpot_p50_ms": 35.489052733441966,
      "tpot_p95_ms": 47.74237608178824,
      "e2e_p95_ms": 13290.42970849332,
      "kv_cache_usage_mean": 0.3606130090330866,
      "kv_cache_usage_max": 0.44733736539312585,
      "kv_cache_tokens_peak": 194087,
      "kv_cache_size_tokens": 433872,
      "running_max": 64.0,
      "waiting_max": 47.0,
      "preemptions": 0.0,
      "mean_acceptance_length": 2.024054223302759,
      "acceptance_rate": 0.14629346047182273
    },
    {
      "concurrency": 128,
      "requests": 512,
      "success_rate": 1.0,
      "warmup_failed": 0,
      "output_tokens_per_second": 1708.2284710294803,
      "ttft_p50_ms": 584.877809495083,
      "ttft_p95_ms": 8868.335749757534,
      "tpot_p50_ms": 65.57898483932885,
      "tpot_p95_ms": 95.15333799097496,
      "e2e_p95_ms": 28501.101717045818,
      "kv_cache_usage_mean": 0.7126164512578438,
      "kv_cache_usage_max": 0.8620371736244283,
      "kv_cache_tokens_peak": 374014,
      "kv_cache_size_tokens": 433872,
      "running_max": 128.0,
      "waiting_max": 102.0,
      "preemptions": 0.0,
      "mean_acceptance_length": 2.022891765962541,
      "acceptance_rate": 0.14612739513750583
    },
    {
      "concurrency": 256,
      "requests": 1024,
      "success_rate": 1.0,
      "warmup_failed": 0,
      "output_tokens_per_second": 1721.7819461133283,
      "ttft_p50_ms": 13161.99355199933,
      "ttft_p95_ms": 21231.4635832008,
      "tpot_p50_ms": 81.9627529768486,
      "tpot_p95_ms": 117.87160976218621,
      "e2e_p95_ms": 45730.84367980115,
      "kv_cache_usage_mean": 0.9132572212900133,
      "kv_cache_usage_max": 1.0,
      "kv_cache_tokens_peak": 433872,
      "kv_cache_size_tokens": 433872,
      "running_max": 158.0,
      "waiting_max": 217.0,
      "preemptions": 24.0,
      "mean_acceptance_length": 2.0240833932422717,
      "acceptance_rate": 0.14629762760603882
    }
  ]
}
