{
  "requests": {
    "attempted": 64,
    "successful": 64,
    "failed": 0,
    "success_rate": 1.0,
    "requests_per_second": 18.022320400554204
  },
  "tokens": {
    "prompt": 8953,
    "completion": 18543,
    "output_tokens_per_second": 5221.685737304322,
    "total_tokens_per_second": 7742.8394020881005
  },
  "latency_ms": {
    "e2e": {
      "count": 64,
      "mean": 421.79231210889157,
      "p50": 447.74720850546146,
      "p95": 602.3597475512361,
      "p99": 645.8560337479867
    },
    "ttft": {
      "count": 64,
      "mean": 35.76391367209908,
      "p50": 31.872033498075325,
      "p95": 58.49050759134116,
      "p99": 58.96186193145695
    },
    "tpot": {
      "count": 64,
      "mean": 1.3472430205084702,
      "p50": 1.327957864153881,
      "p95": 1.6007316219108239,
      "p99": 1.881825435119302
    },
    "stream_event_gap": {
      "count": 2781,
      "mean": 8.839384484340824,
      "p50": 8.362976994249038,
      "p95": 17.502376998891123,
      "p99": 22.32277939619962
    }
  },
  "wall_seconds": 3.5511520479922183,
  "speculative_decoding": {
    "enabled": true,
    "drafts": 2792.0,
    "draft_tokens": 19544.0,
    "accepted_tokens": 15823.0,
    "acceptance_rate": 0.8096090871878837,
    "mean_acceptance_length": 6.667263610315186,
    "acceptance_rate_per_position": {
      "0": 0.957378223495702,
      "1": 0.91189111747851,
      "2": 0.8603151862464183,
      "3": 0.8087392550143266,
      "4": 0.7611031518624641,
      "5": 0.7084527220630372,
      "6": 0.6593839541547278
    }
  },
  "warmup": {
    "requests": 8,
    "failed": 0
  }
}
