{
  "requests": {
    "attempted": 128,
    "successful": 128,
    "failed": 0,
    "success_rate": 1.0,
    "requests_per_second": 1.0422504620923396
  },
  "tokens": {
    "prompt": 80604,
    "completion": 24271,
    "output_tokens_per_second": 197.6286012925248,
    "total_tokens_per_second": 853.9532594682353
  },
  "latency_ms": {
    "e2e": {
      "count": 128,
      "mean": 959.370480437542,
      "p50": 1187.1337379998295,
      "p95": 1446.315286048775,
      "p99": 1511.984150199278
    },
    "ttft": {
      "count": 128,
      "mean": 40.01433142229871,
      "p50": 42.433721995621454,
      "p95": 55.11596289288717,
      "p99": 66.18111537944061
    },
    "tpot": {
      "count": 128,
      "mean": 4.824450138885819,
      "p50": 4.833082311058973,
      "p95": 5.756578825116865,
      "p99": 6.101028317748796
    },
    "stream_event_gap": {
      "count": 16733,
      "mean": 7.01656074708439,
      "p50": 7.032957000774331,
      "p95": 7.250537601066753,
      "p99": 7.394446168909781
    }
  },
  "wall_seconds": 122.81117126399477,
  "speculative_decoding": {
    "enabled": true,
    "drafts": 16778.0,
    "draft_tokens": 33556.0,
    "accepted_tokens": 7444.0,
    "acceptance_rate": 0.2218381213493861,
    "mean_acceptance_length": 1.4436762426987721,
    "acceptance_rate_per_position": {
      "0": 0.34056502562879964,
      "1": 0.10311121706997259
    }
  }
}
{
  "requests": {
    "attempted": 128,
    "successful": 128,
    "failed": 0,
    "success_rate": 1.0,
    "requests_per_second": 6.909682540099656
  },
  "tokens": {
    "prompt": 80604,
    "completion": 24441,
    "output_tokens_per_second": 1319.3714918951225,
    "total_tokens_per_second": 5670.528143943503
  },
  "latency_ms": {
    "e2e": {
      "count": 128,
      "mean": 1119.542940389465,
      "p50": 1381.0384890020941,
      "p95": 1652.8245653040358,
      "p99": 1812.170788312651
    },
    "ttft": {
      "count": 128,
      "mean": 47.137817077214095,
      "p50": 41.71748850058066,
      "p95": 118.60674714771402,
      "p99": 139.03495828068117
    },
    "tpot": {
      "count": 128,
      "mean": 5.64275310411792,
      "p50": 5.58807812548384,
      "p95": 7.049382328844454,
      "p99": 7.58131539738296
    },
    "stream_event_gap": {
      "count": 16714,
      "mean": 8.196569651967758,
      "p50": 7.381314499070868,
      "p95": 17.362813800718854,
      "p99": 31.1745760285703
    }
  },
  "wall_seconds": 18.524729501994443,
  "speculative_decoding": {
    "enabled": true,
    "drafts": 16763.0,
    "draft_tokens": 33526.0,
    "accepted_tokens": 7618.0,
    "acceptance_rate": 0.2272266300781483,
    "mean_acceptance_length": 1.4544532601562965,
    "acceptance_rate_per_position": {
      "0": 0.34790908548589156,
      "1": 0.10654417467040506
    }
  }
}
{
  "requests": {
    "attempted": 128,
    "successful": 128,
    "failed": 0,
    "success_rate": 1.0,
    "requests_per_second": 1.5383693257381896
  },
  "tokens": {
    "prompt": 64445,
    "completion": 25704,
    "output_tokens_per_second": 308.9237902248002,
    "total_tokens_per_second": 1083.4566902029067
  },
  "latency_ms": {
    "e2e": {
      "count": 128,
      "mean": 649.9767784372352,
      "p50": 524.2598514960264,
      "p95": 1496.7505787542905,
      "p99": 1591.9549144091434
    },
    "ttft": {
      "count": 128,
      "mean": 37.610313101367865,
      "p50": 39.711504490696825,
      "p95": 47.08867045628722,
      "p99": 56.875574955774944
    },
    "tpot": {
      "count": 128,
      "mean": 3.0133949460997007,
      "p50": 2.980901190345328,
      "p95": 3.568046085167425,
      "p99": 3.900926047646707
    },
    "stream_event_gap": {
      "count": 11158,
      "mean": 6.995648377841177,
      "p50": 7.037532996037044,
      "p95": 7.302169802278513,
      "p99": 7.394107278960291
    }
  },
  "wall_seconds": 83.20498716300062,
  "speculative_decoding": {
    "enabled": true,
    "drafts": 11194.0,
    "draft_tokens": 22388.0,
    "accepted_tokens": 14487.0,
    "acceptance_rate": 0.6470877255672682,
    "mean_acceptance_length": 2.2941754511345365,
    "acceptance_rate_per_position": {
      "0": 0.7497766660711095,
      "1": 0.5443987850634269
    }
  }
}
{
  "requests": {
    "attempted": 128,
    "successful": 128,
    "failed": 0,
    "success_rate": 1.0,
    "requests_per_second": 9.427689027207501
  },
  "tokens": {
    "prompt": 64445,
    "completion": 25706,
    "output_tokens_per_second": 1893.3451104171563,
    "total_tokens_per_second": 6639.9655741545575
  },
  "latency_ms": {
    "e2e": {
      "count": 128,
      "mean": 781.3492237111177,
      "p50": 619.2501779951272,
      "p95": 1878.048257096088,
      "p99": 2065.2463699865625
    },
    "ttft": {
      "count": 128,
      "mean": 45.77758329708104,
      "p50": 40.661941493453924,
      "p95": 119.84084454525089,
      "p99": 143.83136354226735
    },
    "tpot": {
      "count": 128,
      "mean": 3.6207440632900814,
      "p50": 3.549219512518338,
      "p95": 4.419533909700416,
      "p99": 5.2077089425101475
    },
    "stream_event_gap": {
      "count": 11164,
      "mean": 8.401600331603316,
      "p50": 7.3081809969153255,
      "p95": 18.1845061997592,
      "p99": 31.16222108350485
    }
  },
  "wall_seconds": 13.577028222993249,
  "speculative_decoding": {
    "enabled": true,
    "drafts": 11200.0,
    "draft_tokens": 22400.0,
    "accepted_tokens": 14481.0,
    "acceptance_rate": 0.6464732142857142,
    "mean_acceptance_length": 2.2929464285714287,
    "acceptance_rate_per_position": {
      "0": 0.7490178571428572,
      "1": 0.5439285714285714
    }
  }
}
{
  "requests": {
    "attempted": 128,
    "successful": 128,
    "failed": 0,
    "success_rate": 1.0,
    "requests_per_second": 0.9114990436137566
  },
  "tokens": {
    "prompt": 350987,
    "completion": 27465,
    "output_tokens_per_second": 195.58063463165487,
    "total_tokens_per_second": 2694.989344169636
  },
  "latency_ms": {
    "e2e": {
      "count": 128,
      "mean": 1096.9929006638495,
      "p50": 1036.4544314943487,
      "p95": 1677.1971335001572,
      "p99": 2454.066384945473
    },
    "ttft": {
      "count": 128,
      "mean": 91.56899878098557,
      "p50": 86.18481300072744,
      "p95": 127.66703884408342,
      "p99": 135.27825498240418
    },
    "tpot": {
      "count": 128,
      "mean": 4.691542860034728,
      "p50": 4.67544227583425,
      "p95": 5.303419575939413,
      "p99": 5.612054650825922
    },
    "stream_event_gap": {
      "count": 18001,
      "mean": 7.132074200542489,
      "p50": 7.124858995666727,
      "p95": 7.431891994201578,
      "p99": 7.772230004775338
    }
  },
  "wall_seconds": 140.42801349799265,
  "speculative_decoding": {
    "enabled": true,
    "drafts": 18032.0,
    "draft_tokens": 36064.0,
    "accepted_tokens": 9410.0,
    "acceptance_rate": 0.2609250221827862,
    "mean_acceptance_length": 1.5218500443655723,
    "acceptance_rate_per_position": {
      "0": 0.3852040816326531,
      "1": 0.13664596273291926
    }
  }
}
{
  "requests": {
    "attempted": 128,
    "successful": 128,
    "failed": 0,
    "success_rate": 1.0,
    "requests_per_second": 4.230478191385779
  },
  "tokens": {
    "prompt": 350987,
    "completion": 27729,
    "output_tokens_per_second": 916.4603888198146,
    "total_tokens_per_second": 12516.795146319195
  },
  "latency_ms": {
    "e2e": {
      "count": 128,
      "mean": 1810.7853466952974,
      "p50": 1769.2176840064349,
      "p95": 2581.6151794904727,
      "p99": 3439.287929246786
    },
    "ttft": {
      "count": 128,
      "mean": 136.51494302393985,
      "p50": 107.69025499757845,
      "p95": 311.5030083521557,
      "p99": 576.8404325960728
    },
    "tpot": {
      "count": 128,
      "mean": 7.86565697818127,
      "p50": 7.834819582274607,
      "p95": 9.827678991411403,
      "p99": 10.452201085316402
    },
    "stream_event_gap": {
      "count": 18199,
      "mean": 11.738286161986855,
      "p50": 8.261208990006708,
      "p95": 34.60161350521771,
      "p99": 74.13221832219281
    }
  },
  "wall_seconds": 30.256626842005062,
  "speculative_decoding": {
    "enabled": true,
    "drafts": 18236.0,
    "draft_tokens": 36472.0,
    "accepted_tokens": 9469.0,
    "acceptance_rate": 0.2596238210133801,
    "mean_acceptance_length": 1.5192476420267602,
    "acceptance_rate_per_position": {
      "0": 0.3855560429918842,
      "1": 0.13369159903487607
    }
  }
}
