{
  "requests": {
    "attempted": 64,
    "successful": 64,
    "failed": 0,
    "success_rate": 1.0,
    "requests_per_second": 17.915785090836497
  },
  "tokens": {
    "prompt": 8953,
    "completion": 18266,
    "output_tokens_per_second": 5113.277038581554,
    "total_tokens_per_second": 7619.527412304354
  },
  "latency_ms": {
    "e2e": {
      "count": 64,
      "mean": 423.2538932960779,
      "p50": 465.54337549605407,
      "p95": 608.5901752972858,
      "p99": 636.2934596091508
    },
    "ttft": {
      "count": 64,
      "mean": 39.97920767233154,
      "p50": 36.10839700559154,
      "p95": 69.40418440062786,
      "p99": 69.6773669164395
    },
    "tpot": {
      "count": 64,
      "mean": 1.3527070522557585,
      "p50": 1.3569571764188975,
      "p95": 1.557700257066087,
      "p99": 1.7058784146611288
    },
    "stream_event_gap": {
      "count": 2726,
      "mean": 8.958310912705217,
      "p50": 8.316338993608952,
      "p95": 19.32966199092334,
      "p99": 23.06382099777693
    }
  },
  "wall_seconds": 3.572268793999683,
  "speculative_decoding": {
    "enabled": true,
    "drafts": 2737.0,
    "draft_tokens": 19159.0,
    "accepted_tokens": 15607.0,
    "acceptance_rate": 0.8146041025105695,
    "mean_acceptance_length": 6.702228717573986,
    "acceptance_rate_per_position": {
      "0": 0.95834855681403,
      "1": 0.9093898428936792,
      "2": 0.8629886737303617,
      "3": 0.8151260504201681,
      "4": 0.7679941541834125,
      "5": 0.7175739861161856,
      "6": 0.6708074534161491
    }
  },
  "warmup": {
    "requests": 8,
    "failed": 0
  }
}
