loadtest summarization concurrency=1 requests=128
loadtest summarization concurrency=8 requests=128
loadtest summarization concurrency=32 requests=128
loadtest summarization concurrency=64 requests=256
loadtest summarization concurrency=128 requests=512
loadtest summarization concurrency=256 requests=1024
{
  "workload": "summarization",
  "variant": "dspark-e10-k7-w512",
  "levels": [
    {
      "concurrency": 1,
      "requests": 128,
      "success_rate": 1.0,
      "warmup_failed": 0,
      "output_tokens_per_second": 212.24312347335476,
      "ttft_p50_ms": 83.38086599542294,
      "ttft_p95_ms": 123.33610299538122,
      "tpot_p50_ms": 4.277089611237239,
      "tpot_p95_ms": 5.573135468598119,
      "e2e_p95_ms": 1671.3141524975063,
      "kv_cache_usage_mean": 0.006942052152927695,
      "kv_cache_usage_max": 0.01090121792515042,
      "kv_cache_tokens_peak": 3736,
      "kv_cache_size_tokens": 342695,
      "running_max": 1.0,
      "waiting_max": 0.0,
      "preemptions": 0.0,
      "mean_acceptance_length": 1.822612600713248,
      "acceptance_rate": 0.11751608581617827
    },
    {
      "concurrency": 8,
      "requests": 128,
      "success_rate": 1.0,
      "warmup_failed": 0,
      "output_tokens_per_second": 945.3963682421389,
      "ttft_p50_ms": 112.40969000209589,
      "ttft_p95_ms": 444.9319558363626,
      "tpot_p50_ms": 7.488640608767584,
      "tpot_p95_ms": 9.434466995839424,
      "e2e_p95_ms": 2580.1172731327815,
      "kv_cache_usage_mean": 0.05531867025747617,
      "kv_cache_usage_max": 0.07199005584831664,
      "kv_cache_tokens_peak": 24671,
      "kv_cache_size_tokens": 342695,
      "running_max": 8.0,
      "waiting_max": 0.0,
      "preemptions": 0.0,
      "mean_acceptance_length": 1.8198137852501843,
      "acceptance_rate": 0.11711625503574061
    },
    {
      "concurrency": 32,
      "requests": 128,
      "success_rate": 1.0,
      "warmup_failed": 0,
      "output_tokens_per_second": 1388.6743034810531,
      "ttft_p50_ms": 209.57771450048313,
      "ttft_p95_ms": 2483.714184723791,
      "tpot_p50_ms": 19.937726593620134,
      "tpot_p95_ms": 25.755937786344965,
      "e2e_p95_ms": 6453.026066260644,
      "kv_cache_usage_mean": 0.1981713615434444,
      "kv_cache_usage_max": 0.25729908903633936,
      "kv_cache_tokens_peak": 88175,
      "kv_cache_size_tokens": 342695,
      "running_max": 32.0,
      "waiting_max": 15.0,
      "preemptions": 0.0,
      "mean_acceptance_length": 1.8056465347831783,
      "acceptance_rate": 0.11509236211188262
    },
    {
      "concurrency": 64,
      "requests": 256,
      "success_rate": 1.0,
      "warmup_failed": 0,
      "output_tokens_per_second": 1497.2122850141543,
      "ttft_p50_ms": 389.5895049936371,
      "ttft_p95_ms": 4788.624513239483,
      "tpot_p50_ms": 36.6858131176194,
      "tpot_p95_ms": 50.6240582136173,
      "e2e_p95_ms": 15020.0536677512,
      "kv_cache_usage_mean": 0.404184152288986,
      "kv_cache_usage_max": 0.5094101787496279,
      "kv_cache_tokens_peak": 174572,
      "kv_cache_size_tokens": 342695,
      "running_max": 64.0,
      "waiting_max": 48.0,
      "preemptions": 0.0,
      "mean_acceptance_length": 1.8092481747023612,
      "acceptance_rate": 0.11560688210033734
    },
    {
      "concurrency": 128,
      "requests": 512,
      "success_rate": 1.0,
      "warmup_failed": 0,
      "output_tokens_per_second": 1572.0606956909717,
      "ttft_p50_ms": 573.970917990664,
      "ttft_p95_ms": 9194.601989602961,
      "tpot_p50_ms": 70.86604583741064,
      "tpot_p95_ms": 102.4410748135625,
      "e2e_p95_ms": 32236.44997539959,
      "kv_cache_usage_mean": 0.8220201934307574,
      "kv_cache_usage_max": 0.9648686660013889,
      "kv_cache_tokens_peak": 330656,
      "kv_cache_size_tokens": 342695,
      "running_max": 128.0,
      "waiting_max": 105.0,
      "preemptions": 0.0,
      "mean_acceptance_length": 1.8096201948393893,
      "acceptance_rate": 0.11566002783419845
    },
    {
      "concurrency": 256,
      "requests": 1024,
      "success_rate": 1.0,
      "warmup_failed": 0,
      "output_tokens_per_second": 1568.2380298412227,
      "ttft_p50_ms": 16836.840913500055,
      "ttft_p95_ms": 23359.60713300301,
      "tpot_p50_ms": 79.4737511729997,
      "tpot_p95_ms": 109.47988448360962,
      "e2e_p95_ms": 49191.161245717376,
      "kv_cache_usage_mean": 0.9256718013103805,
      "kv_cache_usage_max": 0.9999416423023278,
      "kv_cache_tokens_peak": 342675,
      "kv_cache_size_tokens": 342695,
      "running_max": 139.0,
      "waiting_max": 230.0,
      "preemptions": 19.0,
      "mean_acceptance_length": 1.8099252635573226,
      "acceptance_rate": 0.11570360907961752
    }
  ]
}
