loadtest summarization concurrency=1 requests=128
loadtest summarization concurrency=8 requests=128
loadtest summarization concurrency=32 requests=128
loadtest summarization concurrency=64 requests=256
loadtest summarization concurrency=128 requests=512
loadtest summarization concurrency=256 requests=1024
{
  "workload": "summarization",
  "variant": "dspark-e10-k7-greedy-cgfull",
  "levels": [
    {
      "concurrency": 1,
      "requests": 128,
      "success_rate": 1.0,
      "warmup_failed": 0,
      "output_tokens_per_second": 247.99842135641967,
      "ttft_p50_ms": 84.16596899769502,
      "ttft_p95_ms": 124.84915195600479,
      "tpot_p50_ms": 3.74971310896857,
      "tpot_p95_ms": 5.229686549366457,
      "e2e_p95_ms": 1667.5351189544008,
      "kv_cache_usage_mean": 0.007311930072077397,
      "kv_cache_usage_max": 0.011502369336352403,
      "kv_cache_tokens_peak": 3942,
      "kv_cache_size_tokens": 342693,
      "running_max": 1.0,
      "waiting_max": 0.0,
      "preemptions": 0.0,
      "mean_acceptance_length": 2.209856445167974,
      "acceptance_rate": 0.2588212945813744
    },
    {
      "concurrency": 8,
      "requests": 128,
      "success_rate": 1.0,
      "warmup_failed": 0,
      "output_tokens_per_second": 987.7159616094018,
      "ttft_p50_ms": 106.40535400307272,
      "ttft_p95_ms": 454.15288549774965,
      "tpot_p50_ms": 7.421947464308417,
      "tpot_p95_ms": 9.44213567673143,
      "e2e_p95_ms": 2419.9858359956124,
      "kv_cache_usage_mean": 0.05837950565739496,
      "kv_cache_usage_max": 0.07717266976353321,
      "kv_cache_tokens_peak": 26447,
      "kv_cache_size_tokens": 342693,
      "running_max": 8.0,
      "waiting_max": 0.0,
      "preemptions": 0.0,
      "mean_acceptance_length": 2.008378988076055,
      "acceptance_rate": 0.32515847448820534
    },
    {
      "concurrency": 32,
      "requests": 128,
      "success_rate": 1.0,
      "warmup_failed": 0,
      "output_tokens_per_second": 1530.6206397134101,
      "ttft_p50_ms": 194.45790049940115,
      "ttft_p95_ms": 2472.5119478505767,
      "tpot_p50_ms": 18.164245136544267,
      "tpot_p95_ms": 25.661672301849308,
      "e2e_p95_ms": 6446.398979350488,
      "kv_cache_usage_mean": 0.21263211952709102,
      "kv_cache_usage_max": 0.28709820490674387,
      "kv_cache_tokens_peak": 98387,
      "kv_cache_size_tokens": 342693,
      "running_max": 32.0,
      "waiting_max": 15.0,
      "preemptions": 0.0,
      "mean_acceptance_length": 1.9746607112180037,
      "acceptance_rate": 0.3946782608695652
    },
    {
      "concurrency": 64,
      "requests": 256,
      "success_rate": 1.0,
      "warmup_failed": 0,
      "output_tokens_per_second": 1703.787754323689,
      "ttft_p50_ms": 320.94379500631476,
      "ttft_p95_ms": 5067.946407256386,
      "tpot_p50_ms": 33.64759364610468,
      "tpot_p95_ms": 49.182840605263024,
      "e2e_p95_ms": 13199.796579501708,
      "kv_cache_usage_mean": 0.4418522275440037,
      "kv_cache_usage_max": 0.5548974065687808,
      "kv_cache_tokens_peak": 190159,
      "kv_cache_size_tokens": 342693,
      "running_max": 64.0,
      "waiting_max": 36.0,
      "preemptions": 0.0,
      "mean_acceptance_length": 1.9643016909725328,
      "acceptance_rate": 0.4486533738500604
    },
    {
      "concurrency": 128,
      "requests": 512,
      "success_rate": 1.0,
      "warmup_failed": 0,
      "output_tokens_per_second": 1758.3967465407095,
      "ttft_p50_ms": 835.7310490100645,
      "ttft_p95_ms": 8930.512676197395,
      "tpot_p50_ms": 63.70440786541836,
      "tpot_p95_ms": 90.49234486050486,
      "e2e_p95_ms": 27506.25655924814,
      "kv_cache_usage_mean": 0.869257152194429,
      "kv_cache_usage_max": 0.9991246294264572,
      "kv_cache_tokens_peak": 342393,
      "kv_cache_size_tokens": 342693,
      "running_max": 127.0,
      "waiting_max": 102.0,
      "preemptions": 7.0,
      "mean_acceptance_length": 1.940253743067292,
      "acceptance_rate": 0.4790729263944308
    },
    {
      "concurrency": 256,
      "requests": 1024,
      "success_rate": 1.0,
      "warmup_failed": 0,
      "output_tokens_per_second": 1745.7218417347096,
      "ttft_p50_ms": 16309.958676501992,
      "ttft_p95_ms": 22389.067601848365,
      "tpot_p50_ms": 67.92514444841945,
      "tpot_p95_ms": 92.10383325199282,
      "e2e_p95_ms": 42841.07286910293,
      "kv_cache_usage_mean": 0.9255061939475638,
      "kv_cache_usage_max": 0.9999241345502929,
      "kv_cache_tokens_peak": 342667,
      "kv_cache_size_tokens": 342693,
      "running_max": 129.0,
      "waiting_max": 233.0,
      "preemptions": 29.0,
      "mean_acceptance_length": 1.94785303120001,
      "acceptance_rate": 0.5014894538669155
    }
  ]
}
