{
  "requests": {
    "attempted": 64,
    "successful": 64,
    "failed": 0,
    "success_rate": 1.0,
    "requests_per_second": 14.330876517291944
  },
  "tokens": {
    "prompt": 8953,
    "completion": 18572,
    "output_tokens_per_second": 4158.641229361656,
    "total_tokens_per_second": 6163.396502163449
  },
  "latency_ms": {
    "e2e": {
      "count": 64,
      "mean": 528.5015081008169,
      "p50": 559.3364865053445,
      "p95": 753.9696289226413,
      "p99": 818.4381825849412
    },
    "ttft": {
      "count": 64,
      "mean": 43.16580164959305,
      "p50": 37.4107706011273,
      "p95": 67.07075097365305,
      "p99": 69.4518622639589
    },
    "tpot": {
      "count": 64,
      "mean": 1.6678836810247095,
      "p50": 1.6444123234446524,
      "p95": 1.953711801961211,
      "p99": 2.146404418141001
    },
    "stream_event_gap": {
      "count": 2943,
      "mean": 10.492505580087162,
      "p50": 10.066604008898139,
      "p95": 22.822910896502435,
      "p99": 24.202352662105113
    }
  },
  "wall_seconds": 4.4658817569725215,
  "speculative_decoding": {
    "enabled": true,
    "drafts": 2959.0,
    "draft_tokens": 20713.0,
    "accepted_tokens": 15686.0,
    "acceptance_rate": 0.7573021773765268,
    "mean_acceptance_length": 6.301115241635688,
    "acceptance_rate_per_position": {
      "0": 0.9276782696857047,
      "1": 0.8567083474146672,
      "2": 0.7921595133491044,
      "3": 0.7424805677593782,
      "4": 0.6985468063534978,
      "5": 0.6600202771206488,
      "6": 0.6235214599526867
    }
  },
  "warmup": {
    "requests": 8,
    "failed": 0
  }
}
