loadtest summarization concurrency=1 requests=128
loadtest summarization concurrency=8 requests=128
loadtest summarization concurrency=32 requests=128
loadtest summarization concurrency=128 requests=512
{
  "workload": "summarization",
  "variant": "eagle-e3-k7",
  "levels": [
    {
      "concurrency": 1,
      "requests": 128,
      "success_rate": 1.0,
      "warmup_failed": 0,
      "output_tokens_per_second": 205.18759461512704,
      "ttft_p50_ms": 84.8273835144937,
      "ttft_p95_ms": 122.13956295745447,
      "tpot_p50_ms": 4.413770503277237,
      "tpot_p95_ms": 5.936803453501607,
      "e2e_p95_ms": 1633.0382727901451,
      "kv_cache_usage_mean": 0.006395841187108337,
      "kv_cache_usage_max": 0.009551556276736983,
      "kv_cache_tokens_peak": 4144,
      "kv_cache_size_tokens": 433872,
      "running_max": 1.0,
      "waiting_max": 0.0,
      "preemptions": 0.0,
      "mean_acceptance_length": 2.1962906948977157,
      "acceptance_rate": 0.17089867069967365
    },
    {
      "concurrency": 8,
      "requests": 128,
      "success_rate": 1.0,
      "warmup_failed": 0,
      "output_tokens_per_second": 942.6332035280487,
      "ttft_p50_ms": 108.22901799110696,
      "ttft_p95_ms": 477.49205075087775,
      "tpot_p50_ms": 7.587374102885731,
      "tpot_p95_ms": 9.645432478691074,
      "e2e_p95_ms": 2478.312246955465,
      "kv_cache_usage_mean": 0.04788316860893937,
      "kv_cache_usage_max": 0.06383684909278653,
      "kv_cache_tokens_peak": 27697,
      "kv_cache_size_tokens": 433872,
      "running_max": 8.0,
      "waiting_max": 0.0,
      "preemptions": 0.0,
      "mean_acceptance_length": 2.175724353954581,
      "acceptance_rate": 0.16796062199351158
    },
    {
      "concurrency": 32,
      "requests": 128,
      "success_rate": 1.0,
      "warmup_failed": 0,
      "output_tokens_per_second": 1465.773468257344,
      "ttft_p50_ms": 272.89951645070687,
      "ttft_p95_ms": 2405.8008209918626,
      "tpot_p50_ms": 18.855441151263012,
      "tpot_p95_ms": 25.269409021805036,
      "e2e_p95_ms": 6380.565938871587,
      "kv_cache_usage_mean": 0.17743651058609794,
      "kv_cache_usage_max": 0.2326670600383537,
      "kv_cache_tokens_peak": 100948,
      "kv_cache_size_tokens": 433872,
      "running_max": 32.0,
      "waiting_max": 16.0,
      "preemptions": 0.0,
      "mean_acceptance_length": 2.1947234178224138,
      "acceptance_rate": 0.1706747739746305
    },
    {
      "concurrency": 128,
      "requests": 512,
      "success_rate": 1.0,
      "warmup_failed": 0,
      "output_tokens_per_second": 1703.1587645877191,
      "ttft_p50_ms": 645.0148065341637,
      "ttft_p95_ms": 9260.364012117498,
      "tpot_p50_ms": 64.88331172449702,
      "tpot_p95_ms": 96.6538520830957,
      "e2e_p95_ms": 28563.241465546882,
      "kv_cache_usage_mean": 0.7121931984522337,
      "kv_cache_usage_max": 0.854735211683139,
      "kv_cache_tokens_peak": 370846,
      "kv_cache_size_tokens": 433872,
      "running_max": 128.0,
      "waiting_max": 102.0,
      "preemptions": 0.0,
      "mean_acceptance_length": 2.169647621494496,
      "acceptance_rate": 0.16709251735635655
    }
  ]
}
