{
  "requests": {
    "attempted": 64,
    "successful": 64,
    "failed": 0,
    "success_rate": 1.0,
    "requests_per_second": 0.9436001729218182
  },
  "tokens": {
    "prompt": 36013,
    "completion": 11655,
    "output_tokens_per_second": 171.83843774068424,
    "total_tokens_per_second": 702.8052037943318
  },
  "latency_ms": {
    "e2e": {
      "count": 64,
      "mean": 1059.6122679089603,
      "p50": 1328.1148439273238,
      "p95": 1569.6133105899207,
      "p99": 1655.7909424102397
    },
    "ttft": {
      "count": 64,
      "mean": 35.577408076278516,
      "p50": 37.10800950648263,
      "p95": 50.17774095758794,
      "p99": 58.90792210586367
    },
    "tpot": {
      "count": 64,
      "mean": 5.600236826745725,
      "p50": 5.581489235263172,
      "p95": 6.321256576640215,
      "p99": 6.529976190731887
    },
    "stream_event_gap": {
      "count": 9271,
      "mean": 7.030656885902389,
      "p50": 7.050874992273748,
      "p95": 7.232628995552659,
      "p99": 7.409073878079644
    }
  },
  "wall_seconds": 67.8253372949548,
  "speculative_decoding": {
    "enabled": true,
    "drafts": 9287.0,
    "draft_tokens": 18574.0,
    "accepted_tokens": 2340.0,
    "acceptance_rate": 0.12598255626144073,
    "mean_acceptance_length": 1.2519651125228815,
    "acceptance_rate_per_position": {
      "0": 0.20910950791428878,
      "1": 0.042855604608592654
    }
  }
}
{
  "requests": {
    "attempted": 64,
    "successful": 64,
    "failed": 0,
    "success_rate": 1.0,
    "requests_per_second": 5.75367894243256
  },
  "tokens": {
    "prompt": 36013,
    "completion": 11722,
    "output_tokens_per_second": 1053.8222587999135,
    "total_tokens_per_second": 4291.43537995341
  },
  "latency_ms": {
    "e2e": {
      "count": 64,
      "mean": 1256.8542257940862,
      "p50": 1486.236902012024,
      "p95": 1931.7850248131435,
      "p99": 2212.2714224644
    },
    "ttft": {
      "count": 64,
      "mean": 55.27016766973247,
      "p50": 46.40191502403468,
      "p95": 144.0876131062396,
      "p99": 145.04214003682137
    },
    "tpot": {
      "count": 64,
      "mean": 6.515058722518881,
      "p50": 6.348250921424592,
      "p95": 8.041899372765329,
      "p99": 9.114130546955
    },
    "stream_event_gap": {
      "count": 9346,
      "mean": 8.19023627302885,
      "p50": 7.334177556913346,
      "p95": 17.820524954004213,
      "p99": 31.964654236799092
    }
  },
  "wall_seconds": 11.123317905003205,
  "speculative_decoding": {
    "enabled": true,
    "drafts": 9362.0,
    "draft_tokens": 18724.0,
    "accepted_tokens": 2327.0,
    "acceptance_rate": 0.12427900021362957,
    "mean_acceptance_length": 1.2485580004272592,
    "acceptance_rate_per_position": {
      "0": 0.20711386455885494,
      "1": 0.04144413586840419
    }
  }
}
{
  "requests": {
    "attempted": 64,
    "successful": 64,
    "failed": 0,
    "success_rate": 1.0,
    "requests_per_second": 1.3068062558365194
  },
  "tokens": {
    "prompt": 32336,
    "completion": 12562,
    "output_tokens_per_second": 256.5015654034118,
    "total_tokens_per_second": 916.7654261648132
  },
  "latency_ms": {
    "e2e": {
      "count": 64,
      "mean": 765.0724716313562,
      "p50": 519.2465984728187,
      "p95": 1861.565047781914,
      "p99": 2243.829181180335
    },
    "ttft": {
      "count": 64,
      "mean": 35.716364605832496,
      "p50": 31.068736978340894,
      "p95": 50.91086738975718,
      "p99": 53.38648034725338
    },
    "tpot": {
      "count": 64,
      "mean": 3.634278725590895,
      "p50": 3.6715402026842754,
      "p95": 4.24216030056893,
      "p99": 4.516462693784472
    },
    "stream_event_gap": {
      "count": 6607,
      "mean": 7.016280964740744,
      "p50": 7.0539150619879365,
      "p95": 7.264321472030133,
      "p99": 7.413560971617698
    }
  },
  "wall_seconds": 48.97435998194851,
  "speculative_decoding": {
    "enabled": true,
    "drafts": 6618.0,
    "draft_tokens": 13236.0,
    "accepted_tokens": 5914.0,
    "acceptance_rate": 0.44681172559685706,
    "mean_acceptance_length": 1.8936234511937142,
    "acceptance_rate_per_position": {
      "0": 0.5574191598670293,
      "1": 0.3362042913266848
    }
  }
}
{
  "requests": {
    "attempted": 64,
    "successful": 64,
    "failed": 0,
    "success_rate": 1.0,
    "requests_per_second": 7.047098548771716
  },
  "tokens": {
    "prompt": 32336,
    "completion": 12738,
    "output_tokens_per_second": 1402.5928330352206,
    "total_tokens_per_second": 4963.13937480213
  },
  "latency_ms": {
    "e2e": {
      "count": 64,
      "mean": 941.0985646300105,
      "p50": 659.3628580449149,
      "p95": 2423.5868064512015,
      "p99": 2875.1274828833994
    },
    "ttft": {
      "count": 64,
      "mean": 57.175224468664965,
      "p50": 46.40478454530239,
      "p95": 145.34747492871247,
      "p99": 145.7581851235591
    },
    "tpot": {
      "count": 64,
      "mean": 4.325363479127074,
      "p50": 4.250317599881162,
      "p95": 5.488533325503863,
      "p99": 6.101482433360614
    },
    "stream_event_gap": {
      "count": 6682,
      "mean": 8.423951416846032,
      "p50": 7.3474254459142685,
      "p95": 18.42032299027778,
      "p99": 31.55154808540828
    }
  },
  "wall_seconds": 9.081751809921116,
  "speculative_decoding": {
    "enabled": true,
    "drafts": 6693.0,
    "draft_tokens": 13386.0,
    "accepted_tokens": 6021.0,
    "acceptance_rate": 0.4497982967279247,
    "mean_acceptance_length": 1.8995965934558494,
    "acceptance_rate_per_position": {
      "0": 0.5613327356940087,
      "1": 0.3382638577618407
    }
  }
}
{
  "requests": {
    "attempted": 64,
    "successful": 64,
    "failed": 0,
    "success_rate": 1.0,
    "requests_per_second": 0.7594659895462604
  },
  "tokens": {
    "prompt": 175660,
    "completion": 14259,
    "output_tokens_per_second": 169.2066491396895,
    "total_tokens_per_second": 2253.703457322441
  },
  "latency_ms": {
    "e2e": {
      "count": 64,
      "mean": 1316.5503938125767,
      "p50": 1267.3766484367661,
      "p95": 1817.2378587420098,
      "p99": 2805.644795249681
    },
    "ttft": {
      "count": 64,
      "mean": 92.37105883585173,
      "p50": 89.60384654346853,
      "p95": 114.7178651357535,
      "p99": 126.50080593768507
    },
    "tpot": {
      "count": 64,
      "mean": 5.484645933598246,
      "p50": 5.527459722998133,
      "p95": 5.99191247136216,
      "p99": 6.146740272438467
    },
    "stream_event_gap": {
      "count": 10915,
      "mean": 7.139422533354469,
      "p50": 7.138586021028459,
      "p95": 7.430763856973499,
      "p99": 7.771771328989416
    }
  },
  "wall_seconds": 84.2697380540194,
  "speculative_decoding": {
    "enabled": true,
    "drafts": 10936.0,
    "draft_tokens": 21872.0,
    "accepted_tokens": 3313.0,
    "acceptance_rate": 0.15147220190197513,
    "mean_acceptance_length": 1.3029444038039504,
    "acceptance_rate_per_position": {
      "0": 0.251188734455011,
      "1": 0.051755669348939284
    }
  }
}
{
  "requests": {
    "attempted": 64,
    "successful": 64,
    "failed": 0,
    "success_rate": 1.0,
    "requests_per_second": 3.5801046549988684
  },
  "tokens": {
    "prompt": 175660,
    "completion": 13886,
    "output_tokens_per_second": 776.7708318642857,
    "total_tokens_per_second": 10603.039327131492
  },
  "latency_ms": {
    "e2e": {
      "count": 64,
      "mean": 2051.0531464406085,
      "p50": 1981.3254390028305,
      "p95": 2632.155445590615,
      "p99": 3747.5420093210387
    },
    "ttft": {
      "count": 64,
      "mean": 171.60537158088118,
      "p50": 110.93606194481254,
      "p95": 628.0658871226478,
      "p99": 770.8241509355139
    },
    "tpot": {
      "count": 64,
      "mean": 8.743220621524912,
      "p50": 8.627667631271706,
      "p95": 10.20393715155956,
      "p99": 10.664612710475911
    },
    "stream_event_gap": {
      "count": 10641,
      "mean": 11.263455733038628,
      "p50": 8.286228054203093,
      "p95": 32.21668698824942,
      "p99": 72.09071859251708
    }
  },
  "wall_seconds": 17.876572381937876,
  "speculative_decoding": {
    "enabled": true,
    "drafts": 10665.0,
    "draft_tokens": 21330.0,
    "accepted_tokens": 3211.0,
    "acceptance_rate": 0.1505391467416784,
    "mean_acceptance_length": 1.3010782934833567,
    "acceptance_rate_per_position": {
      "0": 0.2511954992967651,
      "1": 0.04988279418659165
    }
  }
}
