{
  "requests": {
    "attempted": 64,
    "successful": 64,
    "failed": 0,
    "success_rate": 1.0,
    "requests_per_second": 5.345102213685635
  },
  "tokens": {
    "prompt": 8953,
    "completion": 18614,
    "output_tokens_per_second": 1554.5895719616312,
    "total_tokens_per_second": 2302.3192613229985
  },
  "latency_ms": {
    "e2e": {
      "count": 64,
      "mean": 1417.6111681399561,
      "p50": 1582.6406695123296,
      "p95": 1941.6699933906782,
      "p99": 1987.3570748831844
    },
    "ttft": {
      "count": 64,
      "mean": 38.16763120221367,
      "p50": 31.076667495653965,
      "p95": 65.39975094201509,
      "p99": 65.80999311467167
    },
    "tpot": {
      "count": 64,
      "mean": 4.770344455258001,
      "p50": 4.80267111985542,
      "p95": 5.422929435742561,
      "p99": 5.63054809765503
    },
    "stream_event_gap": {
      "count": 11205,
      "mean": 7.860524183756243,
      "p50": 7.682242023292929,
      "p95": 8.237372612347826,
      "p99": 20.257458961568762
    }
  },
  "wall_seconds": 11.973578322998947,
  "speculative_decoding": {
    "enabled": true,
    "drafts": 11225.0,
    "draft_tokens": 33675.0,
    "accepted_tokens": 7388.0,
    "acceptance_rate": 0.21939123979213065,
    "mean_acceptance_length": 1.658173719376392,
    "acceptance_rate_per_position": {
      "0": 0.439109131403118,
      "1": 0.16267260579064588,
      "2": 0.056391982182628066
    }
  },
  "warmup": {
    "requests": 16,
    "failed": 0
  }
}
